[WebServer] 
[WebServer] > hospogo-web@1.0.0 dev:all
[WebServer] > concurrently -n "FRONTEND,API" -c "blue,green" "npm run dev" "cd api && npm start"
[WebServer] 
[WebServer] [FRONTEND] 
[WebServer] [FRONTEND] > hospogo-web@1.0.0 dev
[WebServer] [FRONTEND] > vite
[WebServer] [FRONTEND] 
[WebServer] [API] 
[WebServer] [API] > hospogo-api@1.0.0 start
[WebServer] [API] > tsx _src/server.ts
[WebServer] [API] 
[WebServer] [FRONTEND] 8:36:46 am [vite] (client) Forced re-optimization of dependencies
[WebServer] [FRONTEND] [WebServer] 
[WebServer] [FRONTEND]   VITE v6.4.1  ready in 758 ms
[WebServer] [FRONTEND] 
[WebServer] [FRONTEND] [WebServer]   Γ₧£  Local:   http://localhost:3000/
[WebServer] [FRONTEND]   Γ₧£  Network: use --host to expose
├░┼╕ΓÇ¥┬É Global Setup: Preparing E2E authenticated state...
├ó┬Å┬│ Waiting for frontend to be ready...
├ó┼ôΓÇª Frontend is ready!
[WebServer] [API] [dotenv@17.2.3] injecting env (8) from .env -- tip: ≡ƒöä add secrets lifecycle management: https://dotenvx.com/ops
[WebServer] [API] [dotenv@17.2.3] injecting env (15) from ..\.env -- tip: Γ£à audit secrets and track compliance: https://dotenvx.com/ops
[WebServer] [API] Γ£à Resend email service initialized
[WebServer] [API] [dotenv@17.2.3] injecting env (0) from .env -- tip: ΓÜÖ∩╕Å  suppress all logs with { quiet: true }
[WebServer] [API] [dotenv@17.2.3] injecting env (0) from .env -- tip: Γ£à audit secrets and track compliance: https://dotenvx.com/ops
[WebServer] [API] [STARTUP] Validating environment...
[WebServer] [API] [STARTUP] DATABASE_URL: Γ£ô configured
[WebServer] [API] [STARTUP] Test mode DB port: 5433 (5433=test DB)
[WebServer] [API] [STARTUP] FIREBASE: Γ£ô configured
[WebServer] [API] [STARTUP]   Using individual Firebase env vars
[WebServer] [API] [WebServer] [STARTUP] NODE_ENV: test
[WebServer] [API] [STARTUP] VERCEL: not set
[WebServer] [API] [STARTUP] Environment validation complete
[WebServer] [API] [PUSHER] Missing Pusher credentials. Real-time features will be disabled.
[WebServer] [API] [SERVER] Starting server...
[WebServer] [API] [SERVER] VERCEL env: undefined
[WebServer] [API] [SERVER] PORT: 5000
[WebServer] [API] [SHIFT_CRON] Starting shift completion cron job (checking every 5 minutes)
[WebServer] [API] [WebServer] [DB] Database connection pool initialized successfully
[WebServer] [API] [SHIFT_CRON] Running pro verification status sync...
[WebServer] [API] [SERVER] Γ£ô API server running on http://0.0.0.0:5000
[WebServer] [API] [SERVER] Γ£ô Health check: http://0.0.0.0:5000/health
[WebServer] [API] [SERVER] Γ£ô Pusher service initialized (real-time via Pusher Channels)
≡ƒöä Waiting for backend handshake...
ΓÜá∩╕Å  Auto-handshake not detected, making manual request...
[WebServer] [API] [2026-02-04T22:37:44.007Z] GET /api/me {
[WebServer] [API]   correlationId: '43d239d5-38c5-43c6-a3e6-343755863fc6',
[WebServer] [API]   hasBody: true,
[WebServer] [API]   bodyKeys: [],
[WebServer] [API]   hasAuth: false,
[WebServer] [API]   authHeaderPrefix: undefined,
[WebServer] [API]   contentType: 'application/json'
[WebServer] [API] }
[WebServer] [API] [AUTH DEBUG] authenticateUser GET path=/api/me hasAuth=false
[WebServer] [API] [AUTH] authenticateUser called for GET /api/me { hasAuthHeader: false, authHeaderPrefix: undefined }
[WebServer] [API] [FIREBASE] Initializing new app: hospogo-worker-v2
[WebServer] [API] [FIREBASE] Admin initialized successfully via individual env vars {
[WebServer] [API]   projectId: 'snipshift-75b04',
[WebServer] [API]   clientEmail: 'firebase-adminsdk-fb...',
[WebServer] [API]   hasPrivateKey: true,
[WebServer] [API]   privateKeyLength: 1704,
[WebServer] [API]   enforcedProjectId: 'snipshift-75b04'
[WebServer] [API] }
[WebServer] [API] [AUTH DEBUG] Backend Project ID: snipshift-75b04
[WebServer] [FRONTEND] 8:37:44 am [vite] (client) page reload src/components/calendar/professional-calendar.tsx
[WebServer] [API] [FIREBASE] Auth instance created with validated project ID: snipshift-75b04 { requiredProjectId: 'snipshift-75b04', matches: true }
[WebServer] [API] [AUTH DEBUG] Firebase Admin initialized successfully { projectId: 'snipshift-75b04', hasAuthInstance: true }
[WebServer] [API] [AUTH DEBUG] Backend Project ID: snipshift-75b04
ΓÜá∩╕Å  Could not verify user record via API (this may be expected in E2E mode)
├░┼╕ΓÇÖ┬╛ Session state saved to: C:\Users\USER\Snipshift\tests\storageState.json
├░┼╕ΓÇ£ΓÇ╣ SessionStorage items saved: 1

Running 478 tests using 8 workers

  -    1 [chromium] ΓÇ║ tests\core-marketplace.spec.ts:11:6 ΓÇ║ Venue Manager Journey: Post shift, receive application, approve, and complete payout cycle
node.exe : (node:31812) Warning: The 'NO_COLOR' env is ignored due to the 'FORCE_COLOR' env being set.
At line:1 char:1
+ & "C:\Program Files\nodejs/node.exe" "C:\Users\RescueAdmin\AppData\Ro ...
+ ~~~~~~~~~~~~~~~~~~~~~~~~~~~~~~~~~~~~~~~~~~~~~~~~~~~~~~~~~~~~~~~~~~~~~
    + CategoryInfo          : NotSpecified: ((node:31812) Wa... env being set.:String) [], RemoteException
    + FullyQualifiedErrorId : NativeCommandError
 
(Use `node --trace-warnings ...` to show where the warning was created)
(node:26600) Warning: The 'NO_COLOR' env is ignored due to the 'FORCE_COLOR' env being set.
(Use `node --trace-warnings ...` to show where the warning was created)
(node:30788) Warning: The 'NO_COLOR' env is ignored due to the 'FORCE_COLOR' env being set.
(Use `node --trace-warnings ...` to show where the warning was created)
(node:1524) Warning: The 'NO_COLOR' env is ignored due to the 'FORCE_COLOR' env being set.
(Use `node --trace-warnings ...` to show where the warning was created)
(node:27136) Warning: The 'NO_COLOR' env is ignored due to the 'FORCE_COLOR' env being set.
(Use `node --trace-warnings ...` to show where the warning was created)
(node:12624) Warning: The 'NO_COLOR' env is ignored due to the 'FORCE_COLOR' env being set.
(Use `node --trace-warnings ...` to show where the warning was created)
(node:38180) Warning: The 'NO_COLOR' env is ignored due to the 'FORCE_COLOR' env being set.
(Use `node --trace-warnings ...` to show where the warning was created)
(node:9988) Warning: The 'NO_COLOR' env is ignored due to the 'FORCE_COLOR' env being set.
(Use `node --trace-warnings ...` to show where the warning was created)
(node:26600) Warning: The 'NO_COLOR' env is ignored due to the 'FORCE_COLOR' env being set.
(Use `node --trace-warnings ...` to show where the warning was created)
(node:31812) Warning: The 'NO_COLOR' env is ignored due to the 'FORCE_COLOR' env being set.
(Use `node --trace-warnings ...` to show where the warning was created)
(node:30788) Warning: The 'NO_COLOR' env is ignored due to the 'FORCE_COLOR' env being set.
(Use `node --trace-warnings ...` to show where the warning was created)
(node:38180) Warning: The 'NO_COLOR' env is ignored due to the 'FORCE_COLOR' env being set.
(Use `node --trace-warnings ...` to show where the warning was created)
(node:12624) Warning: The 'NO_COLOR' env is ignored due to the 'FORCE_COLOR' env being set.
(Use `node --trace-warnings ...` to show where the warning was created)
(node:1524) Warning: The 'NO_COLOR' env is ignored due to the 'FORCE_COLOR' env being set.
(Use `node --trace-warnings ...` to show where the warning was created)
(node:27136) Warning: The 'NO_COLOR' env is ignored due to the 'FORCE_COLOR' env being set.
(Use `node --trace-warnings ...` to show where the warning was created)
(node:9988) Warning: The 'NO_COLOR' env is ignored due to the 'FORCE_COLOR' env being set.
(Use `node --trace-warnings ...` to show where the warning was created)
[WebServer] [API] [2026-02-04T22:37:49.659Z] POST /api/test/setup-professional {
[WebServer] [API]   correlationId: 'f18f7ba1-9c99-4c17-b1ff-782315d56d16',
[WebServer] [API]   hasBody: true,
[WebServer] [API]   bodyKeys: [ 'id', 'email', 'name', 'roles', 'currentRole', 'isOnboarded' ],
[WebServer] [API]   hasAuth: true,
[WebServer] [API]   authHeaderPrefix: 'Bearer mock-test-token...',
[WebServer] [API]   contentType: 'application/json'
[WebServer] [API] }
[WebServer] [API] [AUTH DEBUG] authenticateUser POST path=/api/test/setup-professional hasAuth=true
[WebServer] [API] [AUTH] authenticateUser called for POST /api/test/setup-professional { hasAuthHeader: true, authHeaderPrefix: 'Bearer mock-test-tok' }
[WebServer] [API] [WebServer] [2026-02-04T22:37:49.662Z] POST /api/test/setup-venue {
[WebServer] [API]   correlationId: '42c75faf-e25f-4075-8470-79e3ab0ab5d7',
[WebServer] [API]   hasBody: true,
[WebServer] [API]   bodyKeys: [],
[WebServer] [API]   hasAuth: true,
[WebServer] [API]   authHeaderPrefix: 'Bearer mock-test-token...',
[WebServer] [API]   contentType: 'application/json'
[WebServer] [API] }
[WebServer] [API] [AUTH DEBUG] authenticateUser POST path=/api/test/setup-venue hasAuth=true
[WebServer] [API] [AUTH] authenticateUser called for POST /api/test/setup-venue { hasAuthHeader: true, authHeaderPrefix: 'Bearer mock-test-tok' }
[WebServer] [API] [2026-02-04T22:37:55.975Z] GET /api/notifications {
[WebServer] [API]   correlationId: '3e626d72-9077-4d9f-9e49-43a6b5a243a5',
[WebServer] [API]   hasBody: true,
[WebServer] [API]   bodyKeys: [],
[WebServer] [API]   hasAuth: true,
[WebServer] [API]   authHeaderPrefix: 'Bearer mock-test-token...',
[WebServer] [API]   contentType: undefined
[WebServer] [API] }
[WebServer] [API] [2026-02-04T22:37:55.979Z] GET /api/conversations/unread-count {
[WebServer] [API]   correlationId: '12570c28-55ef-4655-93c9-6dfbf0c1d487',
[WebServer] [API]   hasBody: true,
[WebServer] [API]   bodyKeys: [],
[WebServer] [API]   hasAuth: true,
[WebServer] [API]   authHeaderPrefix: 'Bearer mock-test-token...',
[WebServer] [API]   contentType: undefined
[WebServer] [API] }
[WebServer] [API] [AUTH] authenticateUser called for GET /api/conversations/unread-count { hasAuthHeader: true, authHeaderPrefix: 'Bearer mock-test-tok' }
[WebServer] [API] [AUTH DEBUG] authenticateUser GET path=/api/conversations/unread-count hasAuth=true
  ok   4 [chromium] ΓÇ║ tests\e2e\auth-integrity.spec.ts:11:5 ΓÇ║ Authentication Integrity ΓÇ║ public access ΓÇ║ should allow public access to venue-guide without loop (6.4s)
[AUTH-FLOW TEST] Current URL: http://localhost:3000/venue/dashboard
[WebServer] [API] [2026-02-04T22:37:57.328Z] POST /api/shifts/smart-fill {
[WebServer] [API]   correlationId: 'e938f1ed-ba15-4644-99f5-b48e3d022f6f',
[WebServer] [API]   hasBody: true,
[WebServer] [API]   bodyKeys: [ 'venueId', 'preferences' ],
[WebServer] [API]   hasAuth: true,
[WebServer] [API]   authHeaderPrefix: 'Bearer mock-test-token...',
[WebServer] [API]   contentType: 'application/json'
[WebServer] [API] }
[WebServer] [API] [2026-02-04T22:37:57.371Z] POST /api/shifts/drafts {
[WebServer] [API]   correlationId: 'c1235460-dd49-4dbe-a60b-ec755d596252',
[WebServer] [API]   hasBody: true,
[WebServer] [API]   bodyKeys: [ 'draftData' ],
[WebServer] [API]   hasAuth: true,
[WebServer] [API]   authHeaderPrefix: 'Bearer mock-test-token...',
[WebServer] [API]   contentType: 'application/json'
[WebServer] [API] }
  ok   9 [chromium] ΓÇ║ tests\e2e\booking-flow.spec.ts:31:3 ΓÇ║ Booking Flow: Venue to Professional Application to Approval ΓÇ║ Complete booking workflow from Smart Fill to Application Approval (7.4s)
  ok   6 [chromium] ΓÇ║ tests\booking-flow.spec.ts:31:3 ΓÇ║ Full Roster Lifecycle: Business Invite to Professional Accept ΓÇ║ Complete booking workflow from business creation to professional acceptance (7.6s)
[WebServer] [API] [2026-02-04T22:37:58.135Z] GET /api/integrations/xero/status {
[WebServer] [API]   correlationId: 'a6d5a513-0fde-4d80-b860-d5b956cd0df4',
[WebServer] [API]   hasBody: true,
[WebServer] [API]   bodyKeys: [],
[WebServer] [API]   hasAuth: true,
[WebServer] [API]   authHeaderPrefix: 'Bearer mock-test-token...',
[WebServer] [API]   contentType: undefined
[WebServer] [API] }
[WebServer] [API] [2026-02-04T22:37:58.141Z] GET /api/integrations/xero/sync-history {
[WebServer] [API]   correlationId: 'f0503ff8-a933-4ef2-a994-83d98ab378bd',
[WebServer] [API]   hasBody: true,
[WebServer] [API]   bodyKeys: [],
[WebServer] [API]   hasAuth: true,
[WebServer] [API]   authHeaderPrefix: 'Bearer mock-test-token...',
[WebServer] [API]   contentType: undefined
[WebServer] [API] }
[WebServer] [API] [2026-02-04T22:37:58.152Z] GET /api/venues/me {
[WebServer] [API]   correlationId: '48bc8be9-86f6-45d9-9196-3d34f38ef5ed',
[WebServer] [API]   hasBody: true,
[WebServer] [API]   bodyKeys: [],
[WebServer] [API]   hasAuth: true,
[WebServer] [API]   authHeaderPrefix: 'Bearer mock-test-token...',
[WebServer] [API]   contentType: undefined
[WebServer] [API] }
[WebServer] [API] [2026-02-04T22:37:58.160Z] GET /api/stripe-connect/account/status {
[WebServer] [API]   correlationId: '66f64825-57ed-408c-84bf-69acb1867cc5',
[WebServer] [API]   hasBody: true,
[WebServer] [API]   bodyKeys: [],
[WebServer] [API]   hasAuth: true,
[WebServer] [API]   authHeaderPrefix: 'Bearer mock-test-token...',
[WebServer] [API]   contentType: undefined
[WebServer] [API] }
[WebServer] [API] [2026-02-04T22:37:58.176Z] GET /api/shifts/shop/venue-manager-001 {
[WebServer] [API]   correlationId: 'd2cb7a8c-4ae6-4264-84e9-8a64fdf3983c',
[WebServer] [API]   hasBody: true,
[WebServer] [API]   bodyKeys: [],
[WebServer] [API]   hasAuth: true,
[WebServer] [API]   authHeaderPrefix: 'Bearer mock-test-token...',
[WebServer] [API]   contentType: undefined
[WebServer] [API] }
[WebServer] [API] [2026-02-04T22:37:58.182Z] GET /api/analytics/dashboard {
[WebServer] [API]   correlationId: '0be4e9ad-4155-43c2-a6bc-236f144a33d5',
[WebServer] [API]   hasBody: true,
[WebServer] [API]   bodyKeys: [],
[WebServer] [API]   hasAuth: true,
[WebServer] [API]   authHeaderPrefix: 'Bearer mock-test-token...',
[WebServer] [API]   contentType: undefined
[WebServer] [API] }
[WebServer] [API] [2026-02-04T22:37:58.257Z] GET /api/subscriptions/current {
[WebServer] [API]   correlationId: '97d82443-17d2-449b-a5b4-6dd8d187af60',
[WebServer] [API]   hasBody: true,
[WebServer] [API]   bodyKeys: [],
[WebServer] [API]   hasAuth: true,
[WebServer] [API]   authHeaderPrefix: 'Bearer mock-test-token...',
[WebServer] [API]   contentType: undefined
[WebServer] [API] }
[WebServer] [API] [AUTH DEBUG] authenticateUser GET path=/api/subscriptions/current hasAuth=true
[WebServer] [API] [AUTH] authenticateUser called for GET /api/subscriptions/current { hasAuthHeader: true, authHeaderPrefix: 'Bearer mock-test-tok' }
[WebServer] [API] [WebServer] [2026-02-04T22:37:58.271Z] GET /api/shifts/messages/unread-count {
[WebServer] [API]   correlationId: '6a803634-7972-410c-8c87-7fdcc2094fb3',
[WebServer] [API]   hasBody: true,
[WebServer] [API]   bodyKeys: [],
[WebServer] [API]   hasAuth: true,
[WebServer] [API]   authHeaderPrefix: 'Bearer mock-test-token...',
[WebServer] [API]   contentType: undefined
[WebServer] [API] }
[WebServer] [API] [WebServer] [2026-02-04T22:37:58.461Z] GET /api/integrations/xero/status {
[WebServer] [API]   correlationId: 'bb63b8c4-a13b-4606-a243-7fe3a1033746',
[WebServer] [API]   hasBody: true,
[WebServer] [API]   bodyKeys: [],
[WebServer] [API]   hasAuth: true,
[WebServer] [API]   authHeaderPrefix: 'Bearer mock-test-token...',
[WebServer] [API]   contentType: undefined
[WebServer] [API] }
[WebServer] [API] [2026-02-04T22:37:58.473Z] GET /api/integrations/xero/sync-history {
[WebServer] [API]   correlationId: 'f826c38d-75f9-4ae8-b9d9-58679984a824',
[WebServer] [API]   hasBody: true,
[WebServer] [API]   bodyKeys: [],
[WebServer] [API]   hasAuth: true,
[WebServer] [API]   authHeaderPrefix: 'Bearer mock-test-token...',
[WebServer] [API]   contentType: undefined
[WebServer] [API] }
  ok   2 [chromium] ΓÇ║ tests\auth-flow.spec.ts:20:3 ΓÇ║ Auth Flow - Venue Dashboard ΓÇ║ Venue Dashboard with STL- Settlement verification (9.0s)
  ok  13 [chromium] ΓÇ║ tests\auth-flow.spec.ts:197:3 ΓÇ║ Auth Flow - Venue Dashboard ΓÇ║ STL- Settlement IDs format verification (908ms)
[WebServer] [API] [WebServer] [2026-02-04T22:38:00.602Z] GET /api/integrations/xero/status {
[WebServer] [API]   correlationId: 'bf00aa83-dc04-4dcf-87a9-284a88b86f98',
[WebServer] [API]   hasBody: true,
[WebServer] [API]   bodyKeys: [],
[WebServer] [API]   hasAuth: true,
[WebServer] [API]   authHeaderPrefix: 'Bearer mock-test-token...',
[WebServer] [API]   contentType: undefined
[WebServer] [API] }
[WebServer] [API] [2026-02-04T22:38:00.608Z] GET /api/integrations/xero/sync-history {
[WebServer] [API]   correlationId: '8b336ffe-eaff-44d9-bb87-48a420619a77',
[WebServer] [API]   hasBody: true,
[WebServer] [API]   bodyKeys: [],
[WebServer] [API]   hasAuth: true,
[WebServer] [API]   authHeaderPrefix: 'Bearer mock-test-token...',
[WebServer] [API]   contentType: undefined
[WebServer] [API] }
  ok   5 [chromium] ΓÇ║ tests\e2e\auth.spec.ts:41:5 ΓÇ║ Authentication Tests ΓÇ║ Google OAuth Redirection ΓÇ║ should redirect to Google OAuth with correct Firebase redirect_uri (11.0s)
[WebServer] [API] [2026-02-04T22:38:01.309Z] GET /api/notifications {
[WebServer] [API]   correlationId: '12b416b3-6e37-41e5-b426-8797e6eeea14',
[WebServer] [API]   hasBody: true,
[WebServer] [API]   bodyKeys: [],
[WebServer] [API]   hasAuth: true,
[WebServer] [API]   authHeaderPrefix: 'Bearer mock-test-token...',
[WebServer] [API]   contentType: undefined
[WebServer] [API] }
[WebServer] [API] [2026-02-04T22:38:01.316Z] GET /api/conversations/unread-count {
[WebServer] [API]   correlationId: '6a880371-596c-4dec-be6f-f7a58c4971ed',
[WebServer] [API]   hasBody: true,
[WebServer] [API]   bodyKeys: [],
[WebServer] [API]   hasAuth: true,
[WebServer] [API]   authHeaderPrefix: 'Bearer mock-test-token...',
[WebServer] [API]   contentType: undefined
[WebServer] [API] }
[WebServer] [API] [AUTH] authenticateUser called for GET /api/conversations/unread-count { hasAuthHeader: true, authHeaderPrefix: 'Bearer mock-test-tok' }
[WebServer] [API] [AUTH DEBUG] authenticateUser GET path=/api/conversations/unread-count hasAuth=true
  ok  10 [chromium] ΓÇ║ tests\e2e\auth-integrity.spec.ts:18:3 ΓÇ║ Authentication Integrity ΓÇ║ should persist shift drafts across sessions (5.2s)
  ok  12 [chromium] ΓÇ║ tests\e2e\enterprise.spec.ts:41:5 ΓÇ║ Enterprise Page Tests ΓÇ║ Enterprise Form Submission ΓÇ║ should successfully submit enterprise inquiry form (4.9s)
  ok  14 [chromium] ΓÇ║ tests\e2e\forgot-password.spec.ts:4:3 ΓÇ║ Forgot Password E2E ΓÇ║ should allow requesting a password reset (neutral success messaging) (3.4s)
  ok   3 [chromium] ΓÇ║ tests\dashboard.spec.ts:27:3 ΓÇ║ Venue Dashboard ΓÇ║ Venue Dashboard loads for authenticated manager (13.7s)
ΓÜá∩╕Å Invite button not found - continuing test
  ok  15 [chromium] ΓÇ║ tests\e2e\auth.spec.ts:108:5 ΓÇ║ Authentication Tests ΓÇ║ Google OAuth Redirection ΓÇ║ should display Google auth button on login page (4.2s)
[WebServer] [API] [2026-02-04T22:38:05.878Z] POST /api/investors/rsvp {
[WebServer] [API]   correlationId: 'fa3c52a2-32fc-4c09-b29a-e67f6d6c256f',
[WebServer] [API]   hasBody: true,
[WebServer] [API]   bodyKeys: [ 'email', 'name', 'timestamp' ],
[WebServer] [API]   hasAuth: true,
[WebServer] [API]   authHeaderPrefix: 'Bearer mock-test-token...',
[WebServer] [API]   contentType: 'application/json'
[WebServer] [API] }
[WebServer] [API] [INVESTOR RSVP] {
[WebServer] [API]   email: 'anonymous',
[WebServer] [API]   name: 'Anonymous Investor',
[WebServer] [API]   timestamp: '2026-02-04T22:38:05.246Z',
[WebServer] [API]   ip: '127.0.0.1',
[WebServer] [API]   userAgent: 'Mozilla/5.0 (Windows NT 10.0; Win64; x64) AppleWebKit/537.36 (KHTML, like Gecko) Chrome/145.0.7632.6 Safari/537.36'
[WebServer] [API] }
[WebServer] [API] [2026-02-04T22:38:06.241Z] GET /api/notifications {
[WebServer] [API]   correlationId: '45d2fe19-8d78-4f5d-9878-60ad6aa635fc',
[WebServer] [API]   hasBody: true,
[WebServer] [API]   bodyKeys: [],
[WebServer] [API]   hasAuth: true,
[WebServer] [API]   authHeaderPrefix: 'Bearer mock-test-token...',
[WebServer] [API]   contentType: undefined
[WebServer] [API] }
[WebServer] [API] [2026-02-04T22:38:06.249Z] GET /api/conversations/unread-count {
[WebServer] [API]   correlationId: '11b5741c-8c95-4d96-9dfa-e6c0532519d3',
[WebServer] [API]   hasBody: true,
[WebServer] [API]   bodyKeys: [],
[WebServer] [API]   hasAuth: true,
[WebServer] [API]   authHeaderPrefix: 'Bearer mock-test-token...',
[WebServer] [API]   contentType: undefined
[WebServer] [API] }
[WebServer] [API] [AUTH] authenticateUser called for GET /api/conversations/unread-count { hasAuthHeader: true, authHeaderPrefix: 'Bearer mock-test-tok' }
[WebServer] [API] [AUTH DEBUG] authenticateUser GET path=/api/conversations/unread-count hasAuth=true
  ok  17 [chromium] ΓÇ║ tests\e2e\enterprise.spec.ts:103:5 ΓÇ║ Enterprise Page Tests ΓÇ║ Enterprise Form Submission ΓÇ║ should validate required fields before submission (3.8s)
[WebServer] [API] [2026-02-04T22:38:06.666Z] GET /api/integrations/xero/status {
[WebServer] [API]   correlationId: '13f8ddb2-78ee-4b02-ba49-341afce90cdb',
[WebServer] [API]   hasBody: true,
[WebServer] [API]   bodyKeys: [],
[WebServer] [API]   hasAuth: true,
[WebServer] [API]   authHeaderPrefix: 'Bearer mock-test-token...',
[WebServer] [API]   contentType: undefined
[WebServer] [API] }
[WebServer] [API] [2026-02-04T22:38:06.673Z] GET /api/integrations/xero/sync-history {
[WebServer] [API]   correlationId: 'd5d51545-9b7d-4ec5-94f6-16f763c99405',
[WebServer] [API]   hasBody: true,
[WebServer] [API]   bodyKeys: [],
[WebServer] [API]   hasAuth: true,
[WebServer] [API]   authHeaderPrefix: 'Bearer mock-test-token...',
[WebServer] [API]   contentType: undefined
[WebServer] [API] }
[WebServer] [API] [2026-02-04T22:38:06.683Z] GET /api/venues/me {
[WebServer] [API]   correlationId: 'ffe2284c-ba66-41ff-aa66-d9140504711b',
[WebServer] [API]   hasBody: true,
[WebServer] [API]   bodyKeys: [],
[WebServer] [API]   hasAuth: true,
[WebServer] [API]   authHeaderPrefix: 'Bearer mock-test-token...',
[WebServer] [API]   contentType: undefined
[WebServer] [API] }
[WebServer] [API] [2026-02-04T22:38:06.688Z] GET /api/stripe-connect/account/status {
[WebServer] [API]   correlationId: '2d900066-f1d1-49be-a30e-6cb944a11118',
[WebServer] [API]   hasBody: true,
[WebServer] [API]   bodyKeys: [],
[WebServer] [API]   hasAuth: true,
[WebServer] [API]   authHeaderPrefix: 'Bearer mock-test-token...',
[WebServer] [API]   contentType: undefined
[WebServer] [API] }
[WebServer] [API] [2026-02-04T22:38:06.693Z] GET /api/shifts/shop/venue-manager-001 {
[WebServer] [API]   correlationId: '34cab330-74c2-4722-8d58-9368b0d37f32',
[WebServer] [API]   hasBody: true,
[WebServer] [API]   bodyKeys: [],
[WebServer] [API]   hasAuth: true,
[WebServer] [API]   authHeaderPrefix: 'Bearer mock-test-token...',
[WebServer] [API]   contentType: undefined
[WebServer] [API] }
[WebServer] [API] [2026-02-04T22:38:06.697Z] GET /api/analytics/dashboard {
[WebServer] [API]   correlationId: '6b128980-b6d4-4316-a968-049ed706d57c',
[WebServer] [API]   hasBody: true,
[WebServer] [API]   bodyKeys: [],
[WebServer] [API]   hasAuth: true,
[WebServer] [API]   authHeaderPrefix: 'Bearer mock-test-token...',
[WebServer] [API]   contentType: undefined
[WebServer] [API] }
[WebServer] [API] [2026-02-04T22:38:06.756Z] GET /api/subscriptions/current {
[WebServer] [API]   correlationId: '7dba90ba-87e6-413c-8d10-5a683b4ba5f6',
[WebServer] [API]   hasBody: true,
[WebServer] [API]   bodyKeys: [],
[WebServer] [API]   hasAuth: true,
[WebServer] [API]   authHeaderPrefix: 'Bearer mock-test-token...',
[WebServer] [API]   contentType: undefined
[WebServer] [API] }
[WebServer] [API] [AUTH DEBUG] authenticateUser GET path=/api/subscriptions/current hasAuth=true
[WebServer] [API] [AUTH] authenticateUser called for GET /api/subscriptions/current { hasAuthHeader: true, authHeaderPrefix: 'Bearer mock-test-tok' }
[WebServer] [API] [WebServer] [2026-02-04T22:38:06.766Z] GET /api/shifts/messages/unread-count {
[WebServer] [API]   correlationId: '1b8b0320-a5e7-44e7-9ded-746a7c52ee4b',
[WebServer] [API]   hasBody: true,
[WebServer] [API]   bodyKeys: [],
[WebServer] [API]   hasAuth: true,
[WebServer] [API]   authHeaderPrefix: 'Bearer mock-test-token...',
[WebServer] [API]   contentType: undefined
[WebServer] [API] }
  ok  16 [chromium] ΓÇ║ tests\e2e\investor-portal.spec.ts:20:5 ΓÇ║ Investor Portal E2E Tests ΓÇ║ Navigation and RSVP ΓÇ║ Opens /investorportal and successfully submits RSVP (5.2s)
[WebServer] [API] [2026-02-04T22:38:07.998Z] GET /api/notifications {
[WebServer] [API]   correlationId: '3e52674b-b4eb-4e17-bfc2-0cbacff116c0',
[WebServer] [API]   hasBody: true,
[WebServer] [API]   bodyKeys: [],
[WebServer] [API]   hasAuth: true,
[WebServer] [API]   authHeaderPrefix: 'Bearer mock-test-token...',
[WebServer] [API]   contentType: undefined
[WebServer] [API] }
[WebServer] [API] [2026-02-04T22:38:08.003Z] GET /api/conversations/unread-count {
[WebServer] [API]   correlationId: '2f8f1ba0-d198-4dd7-b8db-b34e19c55001',
[WebServer] [API]   hasBody: true,
[WebServer] [API]   bodyKeys: [],
[WebServer] [API]   hasAuth: true,
[WebServer] [API]   authHeaderPrefix: 'Bearer mock-test-token...',
[WebServer] [API]   contentType: undefined
[WebServer] [API] }
[WebServer] [API] [AUTH] authenticateUser called for GET /api/conversations/unread-count { hasAuthHeader: true, authHeaderPrefix: 'Bearer mock-test-tok' }
[WebServer] [API] [AUTH DEBUG] authenticateUser GET path=/api/conversations/unread-count hasAuth=true
[WebServer] [API] [2026-02-04T22:38:08.393Z] GET /api/users/verification-status {
[WebServer] [API]   correlationId: '43f40045-2405-4146-ada4-3c19660f37cf',
[WebServer] [API]   hasBody: true,
[WebServer] [API]   bodyKeys: [],
[WebServer] [API]   hasAuth: true,
[WebServer] [API]   authHeaderPrefix: 'Bearer mock-test-token...',
[WebServer] [API]   contentType: undefined
[WebServer] [API] }
[WebServer] [API] [2026-02-04T22:38:08.402Z] GET /api/jobs {
[WebServer] [API]   correlationId: '0148b2a2-f97d-47c6-823d-8f6acfaf7408',
[WebServer] [API]   hasBody: true,
[WebServer] [API]   bodyKeys: [],
[WebServer] [API]   hasAuth: true,
[WebServer] [API]   authHeaderPrefix: 'Bearer mock-test-token...',
[WebServer] [API]   contentType: undefined
[WebServer] [API] }
[WebServer] [API] [2026-02-04T22:38:08.407Z] GET /api/analytics/dashboard {
[WebServer] [API]   correlationId: 'd628b96c-9b9d-44cb-9ce2-5b112d904fe0',
[WebServer] [API]   hasBody: true,
[WebServer] [API]   bodyKeys: [],
[WebServer] [API]   hasAuth: true,
[WebServer] [API]   authHeaderPrefix: 'Bearer mock-test-token...',
[WebServer] [API]   contentType: undefined
[WebServer] [API] }
[WebServer] [API] [2026-02-04T22:38:08.429Z] GET /api/shifts/messages/unread-count {
[WebServer] [API]   correlationId: '49fd7e56-83ab-4414-88c3-c405c68b28ed',
[WebServer] [API]   hasBody: true,
[WebServer] [API]   bodyKeys: [],
[WebServer] [API]   hasAuth: true,
[WebServer] [API]   authHeaderPrefix: 'Bearer mock-test-token...',
[WebServer] [API]   contentType: undefined
[WebServer] [API] }
  ok  18 [chromium] ΓÇ║ tests\e2e\job-feed.spec.ts:31:5 ΓÇ║ Job Feed E2E Tests ΓÇ║ FilterBar Component ΓÇ║ should display FilterBar component (5.2s)
  ok  20 [chromium] ΓÇ║ tests\e2e\auth.spec.ts:122:5 ΓÇ║ Authentication Tests ΓÇ║ Google OAuth Redirection ΓÇ║ should display Google auth button on signup page (3.4s)
[WebServer] [API] [2026-02-04T22:38:08.531Z] GET /api/notifications {
[WebServer] [API]   correlationId: 'ebe4135d-c2a7-49ac-a3e9-bbb14501e2f0',
[WebServer] [API]   hasBody: true,
[WebServer] [API]   bodyKeys: [],
[WebServer] [API]   hasAuth: true,
[WebServer] [API]   authHeaderPrefix: 'Bearer mock-test-token...',
[WebServer] [API]   contentType: undefined
[WebServer] [API] }
[WebServer] [API] [2026-02-04T22:38:08.542Z] GET /api/conversations/unread-count {
[WebServer] [API]   correlationId: '08587a74-ec4c-4e05-b283-2779ac41fa7b',
[WebServer] [API]   hasBody: true,
[WebServer] [API]   bodyKeys: [],
[WebServer] [API]   hasAuth: true,
[WebServer] [API]   authHeaderPrefix: 'Bearer mock-test-token...',
[WebServer] [API]   contentType: undefined
[WebServer] [API] }
[WebServer] [API] [AUTH] authenticateUser called for GET /api/conversations/unread-count { hasAuthHeader: true, authHeaderPrefix: 'Bearer mock-test-tok' }
[WebServer] [API] [AUTH DEBUG] authenticateUser GET path=/api/conversations/unread-count hasAuth=true
[WebServer] [API] [2026-02-04T22:38:09.185Z] GET /api/me/reputation {
[WebServer] [API]   correlationId: '66afed2b-6f6c-4132-b422-a44864013f63',
[WebServer] [API]   hasBody: true,
[WebServer] [API]   bodyKeys: [],
[WebServer] [API]   hasAuth: true,
[WebServer] [API]   authHeaderPrefix: 'Bearer mock-test-token...',
[WebServer] [API]   contentType: undefined
[WebServer] [API] }
[WebServer] [API] [2026-02-04T22:38:09.191Z] GET /api/worker/priority-boost {
[WebServer] [API]   correlationId: 'c87497c3-e2ad-4317-9e9d-ac8a0055270f',
[WebServer] [API]   hasBody: true,
[WebServer] [API]   bodyKeys: [],
[WebServer] [API]   hasAuth: true,
[WebServer] [API]   authHeaderPrefix: 'Bearer mock-test-token...',
[WebServer] [API]   contentType: undefined
[WebServer] [API] }
[WebServer] [API] [2026-02-04T22:38:09.198Z] GET /api/worker/recommendations {
[WebServer] [API]   correlationId: 'a91b083d-d619-4f9a-988a-489240c86099',
[WebServer] [API]   hasBody: true,
[WebServer] [API]   bodyKeys: [],
[WebServer] [API]   hasAuth: true,
[WebServer] [API]   authHeaderPrefix: 'Bearer mock-test-token...',
[WebServer] [API]   contentType: undefined
[WebServer] [API] }
[WebServer] [API] [GET /api/worker/recommendations] No location provided, returning empty recommendations
[WebServer] [API] [2026-02-04T22:38:09.205Z] GET /api/worker/waitlisted-shifts {
[WebServer] [API]   correlationId: '5c7d045d-5b18-4227-aafd-411c20eae0e5',
[WebServer] [API]   hasBody: true,
[WebServer] [API]   bodyKeys: [],
[WebServer] [API]   hasAuth: true,
[WebServer] [API]   authHeaderPrefix: 'Bearer mock-test-token...',
[WebServer] [API]   contentType: undefined
[WebServer] [API] }
[WebServer] [API] [2026-02-04T22:38:09.221Z] GET /api/me/availability {
[WebServer] [API]   correlationId: '705cd80e-df8e-493c-8e8c-1f1eb1d83cfb',
[WebServer] [API]   hasBody: true,
[WebServer] [API]   bodyKeys: [],
[WebServer] [API]   hasAuth: true,
[WebServer] [API]   authHeaderPrefix: 'Bearer mock-test-token...',
[WebServer] [API]   contentType: undefined
[WebServer] [API] }
[WebServer] [API] [2026-02-04T22:38:09.238Z] GET /api/worker/earnings {
[WebServer] [API]   correlationId: 'a64a9f7e-f38f-4c8b-af59-34d53497bd4f',
[WebServer] [API]   hasBody: true,
[WebServer] [API]   bodyKeys: [],
[WebServer] [API]   hasAuth: true,
[WebServer] [API]   authHeaderPrefix: 'Bearer mock-test-token...',
[WebServer] [API]   contentType: undefined
[WebServer] [API] }
[WebServer] [API] [2026-02-04T22:38:09.522Z] GET /api/integrations/xero/status {
[WebServer] [API]   correlationId: 'ec9bae96-87b2-4cc3-9ca2-9897713c5c1d',
[WebServer] [API]   hasBody: true,
[WebServer] [API]   bodyKeys: [],
[WebServer] [API]   hasAuth: true,
[WebServer] [API]   authHeaderPrefix: 'Bearer mock-test-token...',
[WebServer] [API]   contentType: undefined
[WebServer] [API] }
[WebServer] [API] [2026-02-04T22:38:09.528Z] GET /api/integrations/xero/sync-history {
[WebServer] [API]   correlationId: 'bbcfffe1-65a9-4188-a8a7-12a62fe68614',
[WebServer] [API]   hasBody: true,
[WebServer] [API]   bodyKeys: [],
[WebServer] [API]   hasAuth: true,
[WebServer] [API]   authHeaderPrefix: 'Bearer mock-test-token...',
[WebServer] [API]   contentType: undefined
[WebServer] [API] }
[WebServer] [API] [2026-02-04T22:38:09.532Z] GET /api/venues/me {
[WebServer] [API]   correlationId: 'e027e597-ec86-437b-bc24-ad1305f5bb27',
[WebServer] [API]   hasBody: true,
[WebServer] [API]   bodyKeys: [],
[WebServer] [API]   hasAuth: true,
[WebServer] [API]   authHeaderPrefix: 'Bearer mock-test-token...',
[WebServer] [API]   contentType: undefined
[WebServer] [API] }
[WebServer] [API] [2026-02-04T22:38:09.536Z] GET /api/stripe-connect/account/status {
[WebServer] [API]   correlationId: 'd9f2c172-2fef-4f57-8177-91f152107728',
[WebServer] [API]   hasBody: true,
[WebServer] [API]   bodyKeys: [],
[WebServer] [API]   hasAuth: true,
[WebServer] [API]   authHeaderPrefix: 'Bearer mock-test-token...',
[WebServer] [API]   contentType: undefined
[WebServer] [API] }
[WebServer] [API] [2026-02-04T22:38:09.544Z] GET /api/shifts/shop/venue-manager-001 {
[WebServer] [API]   correlationId: '34d18515-11bd-4399-bde7-37a9fa86e83b',
[WebServer] [API]   hasBody: true,
[WebServer] [API]   bodyKeys: [],
[WebServer] [API]   hasAuth: true,
[WebServer] [API]   authHeaderPrefix: 'Bearer mock-test-token...',
[WebServer] [API]   contentType: undefined
[WebServer] [API] }
[WebServer] [API] [2026-02-04T22:38:09.546Z] GET /api/analytics/dashboard {
[WebServer] [API]   correlationId: 'f1749452-2efc-4689-ae08-0bed42c344a5',
[WebServer] [API]   hasBody: true,
[WebServer] [API]   bodyKeys: [],
[WebServer] [API]   hasAuth: true,
[WebServer] [API]   authHeaderPrefix: 'Bearer mock-test-token...',
[WebServer] [API]   contentType: undefined
[WebServer] [API] }
[WebServer] [API] [2026-02-04T22:38:09.557Z] GET /api/shifts/pending-review {
[WebServer] [API]   correlationId: '17b09c0c-3a35-4064-90f4-6152400b4658',
[WebServer] [API]   hasBody: true,
[WebServer] [API]   bodyKeys: [],
[WebServer] [API]   hasAuth: true,
[WebServer] [API]   authHeaderPrefix: 'Bearer mock-test-token...',
[WebServer] [API]   contentType: undefined
[WebServer] [API] }
[WebServer] [API] [2026-02-04T22:38:09.652Z] GET /api/subscriptions/current {
[WebServer] [API]   correlationId: '05b86ce4-1cb8-42a9-81c7-2659fda45048',
[WebServer] [API]   hasBody: true,
[WebServer] [API]   bodyKeys: [],
[WebServer] [API]   hasAuth: true,
[WebServer] [API]   authHeaderPrefix: 'Bearer mock-test-token...',
[WebServer] [API]   contentType: undefined
[WebServer] [API] }
[WebServer] [API] [AUTH] authenticateUser called for GET /api/subscriptions/current { hasAuthHeader: true, authHeaderPrefix: 'Bearer mock-test-tok' }
[WebServer] [API] [AUTH DEBUG] authenticateUser GET path=/api/subscriptions/current hasAuth=true
[WebServer] [API] [2026-02-04T22:38:09.658Z] GET /api/shifts/messages/unread-count {
[WebServer] [API]   correlationId: '4c27d071-6e78-4626-96cd-ff1621982bcd',
[WebServer] [API]   hasBody: true,
[WebServer] [API]   bodyKeys: [],
[WebServer] [API]   hasAuth: true,
[WebServer] [API]   authHeaderPrefix: 'Bearer mock-test-token...',
[WebServer] [API]   contentType: undefined
[WebServer] [API] }
  ok  21 [chromium] ΓÇ║ tests\e2e\enterprise.spec.ts:121:5 ΓÇ║ Enterprise Page Tests ΓÇ║ Enterprise Form Submission ΓÇ║ should validate email format (3.9s)
[WebServer] [API] [2026-02-04T22:38:10.384Z] GET /api/notifications {
[WebServer] [API]   correlationId: '5b50dcb9-35ad-4c2f-8430-f6158c87b937',
[WebServer] [API]   hasBody: true,
[WebServer] [API]   bodyKeys: [],
[WebServer] [API]   hasAuth: true,
[WebServer] [API]   authHeaderPrefix: 'Bearer mock-test-token...',
[WebServer] [API]   contentType: undefined
[WebServer] [API] }
[WebServer] [API] [2026-02-04T22:38:10.405Z] GET /api/conversations/unread-count {
[WebServer] [API]   correlationId: 'a4022f6c-56ab-492b-8c56-042a3c8ccc52',
[WebServer] [API]   hasBody: true,
[WebServer] [API]   bodyKeys: [],
[WebServer] [API]   hasAuth: true,
[WebServer] [API]   authHeaderPrefix: 'Bearer mock-test-token...',
[WebServer] [API]   contentType: undefined
[WebServer] [API] }
[WebServer] [API] [AUTH] authenticateUser called for GET /api/conversations/unread-count { hasAuthHeader: true, authHeaderPrefix: 'Bearer mock-test-tok' }
[WebServer] [API] [AUTH DEBUG] authenticateUser GET path=/api/conversations/unread-count hasAuth=true
[WebServer] [API] [2026-02-04T22:38:10.972Z] GET /api/settlements/export {
[WebServer] [API]   correlationId: '6ee68a38-9d65-4047-b92a-c501df80d0a2',
[WebServer] [API]   hasBody: true,
[WebServer] [API]   bodyKeys: [],
[WebServer] [API]   hasAuth: false,
[WebServer] [API]   authHeaderPrefix: undefined,
[WebServer] [API]   contentType: undefined
[WebServer] [API] }
[WebServer] [API] [AUTH] No token provided for GET /export
  ok  22 [chromium] ΓÇ║ tests\e2e\investor-portal.spec.ts:61:5 ΓÇ║ Investor Portal E2E Tests ΓÇ║ Navigation and RSVP ΓÇ║ Investor Portal displays correct key metrics (4.4s)
  ok  19 [chromium] ΓÇ║ tests\dashboard.spec.ts:94:3 ΓÇ║ Venue Dashboard ΓÇ║ STL- Settlement IDs are visible and correctly formatted (7.9s)
Γ£à Direct Invite Flow: Shift successfully confirmed
  ok  11 [chromium] ΓÇ║ tests\e2e\calendar-lifecycle.spec.ts:92:5 ΓÇ║ Calendar Lifecycle E2E Tests ΓÇ║ Test Case 1: The Direct Invite Flow ΓÇ║ Shop invites barber to draft shift, barber accepts, shift becomes confirmed (14.3s)
  ok   8 [setup-business] ΓÇ║ tests\e2e\auth-business.setup.ts:183:1 ΓÇ║ create business session state (22.7s)
  ok  24 [chromium] ΓÇ║ tests\e2e\auth.spec.ts:136:5 ΓÇ║ Authentication Tests ΓÇ║ Google OAuth Redirection ΓÇ║ should have correct Firebase auth domain configured (4.0s)
(node:42484) Warning: The 'NO_COLOR' env is ignored due to the 'FORCE_COLOR' env being set.
(Use `node --trace-warnings ...` to show where the warning was created)
[WebServer] [API] [2026-02-04T22:38:14.481Z] GET /api/notifications {
[WebServer] [API]   correlationId: '7a27ce4e-8412-4cd5-bbcc-3ad7213c0f38',
[WebServer] [API]   hasBody: true,
[WebServer] [API]   bodyKeys: [],
[WebServer] [API]   hasAuth: true,
[WebServer] [API]   authHeaderPrefix: 'Bearer mock-test-token...',
[WebServer] [API]   contentType: undefined
[WebServer] [API] }
[WebServer] [API] [WebServer] [2026-02-04T22:38:14.491Z] GET /api/conversations/unread-count {
[WebServer] [API]   correlationId: '8b640e2c-2916-4a3e-bc24-5749ade3e2bc',
[WebServer] [API]   hasBody: true,
[WebServer] [API]   bodyKeys: [],
[WebServer] [API]   hasAuth: true,
[WebServer] [API]   authHeaderPrefix: 'Bearer mock-test-token...',
[WebServer] [API]   contentType: undefined
[WebServer] [API] }
[WebServer] [API] [AUTH] authenticateUser called for GET /api/conversations/unread-count { hasAuthHeader: true, authHeaderPrefix: 'Bearer mock-test-tok' }
[WebServer] [API] [AUTH DEBUG] authenticateUser GET path=/api/conversations/unread-count hasAuth=true
  ok  25 [chromium] ΓÇ║ tests\e2e\enterprise.spec.ts:153:5 ΓÇ║ Enterprise Page Tests ΓÇ║ Enterprise Form Submission ΓÇ║ should handle API error gracefully (5.1s)
[WebServer] [API] [2026-02-04T22:38:15.813Z] GET /api/integrations/xero/status {
[WebServer] [API]   correlationId: '9a13ce9c-0843-46a6-b150-fdee34e4c5f2',
[WebServer] [API]   hasBody: true,
[WebServer] [API]   bodyKeys: [],
[WebServer] [API]   hasAuth: true,
[WebServer] [API]   authHeaderPrefix: 'Bearer mock-test-token...',
[WebServer] [API]   contentType: undefined
[WebServer] [API] }
[WebServer] [API] [2026-02-04T22:38:15.820Z] GET /api/integrations/xero/sync-history {
[WebServer] [API]   correlationId: '08135939-8b81-464b-a755-de4d38a0ea83',
[WebServer] [API]   hasBody: true,
[WebServer] [API]   bodyKeys: [],
[WebServer] [API]   hasAuth: true,
[WebServer] [API]   authHeaderPrefix: 'Bearer mock-test-token...',
[WebServer] [API]   contentType: undefined
[WebServer] [API] }
[WebServer] [API] [2026-02-04T22:38:15.828Z] GET /api/venues/me {
[WebServer] [API]   correlationId: '14ed1718-48c7-4a58-8566-b7ad78667853',
[WebServer] [API]   hasBody: true,
[WebServer] [API]   bodyKeys: [],
[WebServer] [API]   hasAuth: true,
[WebServer] [API]   authHeaderPrefix: 'Bearer mock-test-token...',
[WebServer] [API]   contentType: undefined
[WebServer] [API] }
[WebServer] [API] [2026-02-04T22:38:15.844Z] GET /api/stripe-connect/account/status {
[WebServer] [API]   correlationId: 'e0bee40d-4794-4401-bb20-be962ee4965e',
[WebServer] [API]   hasBody: true,
[WebServer] [API]   bodyKeys: [],
[WebServer] [API]   hasAuth: true,
[WebServer] [API]   authHeaderPrefix: 'Bearer mock-test-token...',
[WebServer] [API]   contentType: undefined
[WebServer] [API] }
[WebServer] [API] [2026-02-04T22:38:15.852Z] GET /api/shifts/shop/venue-manager-001 {
[WebServer] [API]   correlationId: 'b4ad4ad6-4633-44c1-bdba-fb5a11b5f5d9',
[WebServer] [API]   hasBody: true,
[WebServer] [API]   bodyKeys: [],
[WebServer] [API]   hasAuth: true,
[WebServer] [API]   authHeaderPrefix: 'Bearer mock-test-token...',
[WebServer] [API]   contentType: undefined
[WebServer] [API] }
[WebServer] [API] [2026-02-04T22:38:15.858Z] GET /api/analytics/dashboard {
[WebServer] [API]   correlationId: '50f0d048-1e62-40c4-b703-203713ce0a33',
[WebServer] [API]   hasBody: true,
[WebServer] [API]   bodyKeys: [],
[WebServer] [API]   hasAuth: true,
[WebServer] [API]   authHeaderPrefix: 'Bearer mock-test-token...',
[WebServer] [API]   contentType: undefined
[WebServer] [API] }
[WebServer] [API] [2026-02-04T22:38:15.922Z] GET /api/subscriptions/current {
[WebServer] [API]   correlationId: '8bd01540-76c7-4c70-b36e-bbddae285442',
[WebServer] [API]   hasBody: true,
[WebServer] [API]   bodyKeys: [],
[WebServer] [API]   hasAuth: true,
[WebServer] [API]   authHeaderPrefix: 'Bearer mock-test-token...',
[WebServer] [API]   contentType: undefined
[WebServer] [API] }
[WebServer] [API] [AUTH DEBUG] authenticateUser GET path=/api/subscriptions/current hasAuth=true
[WebServer] [API] [AUTH] authenticateUser called for GET /api/subscriptions/current { hasAuthHeader: true, authHeaderPrefix: 'Bearer mock-test-tok' }
[WebServer] [API] [2026-02-04T22:38:15.928Z] GET /api/shifts/messages/unread-count {
[WebServer] [API]   correlationId: 'b9b5a52c-152f-4558-b7e4-735f3141bb24',
[WebServer] [API]   hasBody: true,
[WebServer] [API]   bodyKeys: [],
[WebServer] [API]   hasAuth: true,
[WebServer] [API]   authHeaderPrefix: 'Bearer mock-test-token...',
[WebServer] [API]   contentType: undefined
[WebServer] [API] }
[WebServer] [API] [2026-02-04T22:38:16.373Z] GET /api/notifications {
[WebServer] [API]   correlationId: 'be4695ed-8b2c-4d0b-b69b-674ef72811d7',
[WebServer] [API]   hasBody: true,
[WebServer] [API]   bodyKeys: [],
[WebServer] [API]   hasAuth: true,
[WebServer] [API]   authHeaderPrefix: 'Bearer mock-test-token...',
[WebServer] [API]   contentType: undefined
[WebServer] [API] }
[WebServer] [API] [2026-02-04T22:38:16.380Z] GET /api/conversations/unread-count {
[WebServer] [API]   correlationId: 'b332bb15-6be7-4cb6-b94b-87b663c13f9a',
[WebServer] [API]   hasBody: true,
[WebServer] [API]   bodyKeys: [],
[WebServer] [API]   hasAuth: true,
[WebServer] [API]   authHeaderPrefix: 'Bearer mock-test-token...',
[WebServer] [API]   contentType: undefined
[WebServer] [API] }
[WebServer] [API] [AUTH] authenticateUser called for GET /api/conversations/unread-count { hasAuthHeader: true, authHeaderPrefix: 'Bearer mock-test-tok' }
[WebServer] [API] [AUTH DEBUG] authenticateUser GET path=/api/conversations/unread-count hasAuth=true
  ok  29 [chromium] ΓÇ║ tests\e2e\auth.spec.ts:156:5 ΓÇ║ Authentication Tests ΓÇ║ Google OAuth Redirection ΓÇ║ should navigate from landing page Login button to login page (5.1s)
  ok  23 [chromium] ΓÇ║ tests\e2e\job-feed.spec.ts:63:5 ΓÇ║ Job Feed E2E Tests ΓÇ║ Job List Rendering ΓÇ║ should render at least one JobCard (9.4s)
  ok  26 [chromium] ΓÇ║ tests\e2e\investor-portal.spec.ts:79:5 ΓÇ║ Investor Portal E2E Tests ΓÇ║ Navigation and RSVP ΓÇ║ Navigation links scroll to correct sections (6.6s)
  -   33 [chromium] ΓÇ║ tests\e2e\investor-portal.spec.ts:120:10 ΓÇ║ Investor Portal E2E Tests ΓÇ║ Data Room Access ΓÇ║ Click "View Document" on Technical White Paper displays modal with content
(node:42484) Warning: The 'NO_COLOR' env is ignored due to the 'FORCE_COLOR' env being set.
(Use `node --trace-warnings ...` to show where the warning was created)
  ok  27 [chromium] ΓÇ║ tests\dashboard.spec.ts:279:3 ΓÇ║ Venue Dashboard ΓÇ║ Dashboard handles 401 errors gracefully (8.7s)
  ok  30 [chromium] ΓÇ║ tests\e2e\enterprise.spec.ts:191:5 ΓÇ║ Enterprise Page Tests ΓÇ║ Enterprise Form Submission ΓÇ║ should send correct payload to API (5.9s)
  -   37 [chromium] ΓÇ║ tests\e2e\master-golden-path.spec.ts:86:3 ΓÇ║ Master Golden Path - Professional User Journey ΓÇ║ complete professional user journey from signup to application attempt
  ok  36 [chromium] ΓÇ║ tests\e2e\landing.spec.ts:48:5 ΓÇ║ Landing Page Tests ΓÇ║ Hero Section CTAs ΓÇ║ should navigate FIND STAFF button to /signup?role=hub (4.6s)
  ok  34 [chromium] ΓÇ║ tests\e2e\investor-portal.spec.ts:178:5 ΓÇ║ Investor Portal E2E Tests ΓÇ║ Data Room Access ΓÇ║ All three document cards are accessible in the Data Room (6.9s)
  -   40 [chromium] ΓÇ║ tests\e2e\investor-portal.spec.ts:225:10 ΓÇ║ Investor Portal E2E Tests ΓÇ║ Brand Styling ΓÇ║ Electric Lime (#BAFF39) is used for accent elements
[WebServer] [API] [2026-02-04T22:38:24.994Z] GET /api/notifications {
[WebServer] [API]   correlationId: '6e56b1bf-73af-4a74-8f30-c12b8edb3008',
[WebServer] [API]   hasBody: true,
[WebServer] [API]   bodyKeys: [],
[WebServer] [API]   hasAuth: true,
[WebServer] [API]   authHeaderPrefix: 'Bearer mock-test-token...',
[WebServer] [API]   contentType: undefined
[WebServer] [API] }
[WebServer] [API] [2026-02-04T22:38:25.004Z] GET /api/conversations/unread-count {
[WebServer] [API]   correlationId: 'd9ebebcc-0dbd-4c79-a12f-570b5a745632',
[WebServer] [API]   hasBody: true,
[WebServer] [API]   bodyKeys: [],
[WebServer] [API]   hasAuth: true,
[WebServer] [API]   authHeaderPrefix: 'Bearer mock-test-token...',
[WebServer] [API]   contentType: undefined
[WebServer] [API] }
[WebServer] [API] [AUTH DEBUG] authenticateUser GET path=/api/conversations/unread-count hasAuth=true
[WebServer] [API] [AUTH] authenticateUser called for GET /api/conversations/unread-count { hasAuthHeader: true, authHeaderPrefix: 'Bearer mock-test-tok' }
[WebServer] [API] [2026-02-04T22:38:25.270Z] GET /api/users/verification-status {
[WebServer] [API]   correlationId: 'b595104d-b1f6-4038-a2ec-d2fe69e4bf46',
[WebServer] [API]   hasBody: true,
[WebServer] [API]   bodyKeys: [],
[WebServer] [API]   hasAuth: true,
[WebServer] [API]   authHeaderPrefix: 'Bearer mock-test-token...',
[WebServer] [API]   contentType: undefined
[WebServer] [API] }
[WebServer] [API] [2026-02-04T22:38:25.277Z] GET /api/jobs {
[WebServer] [API]   correlationId: 'ca01729b-5454-469f-a158-8b656eb66a1a',
[WebServer] [API]   hasBody: true,
[WebServer] [API]   bodyKeys: [],
[WebServer] [API]   hasAuth: true,
[WebServer] [API]   authHeaderPrefix: 'Bearer mock-test-token...',
[WebServer] [API]   contentType: undefined
[WebServer] [API] }
[WebServer] [API] [2026-02-04T22:38:25.283Z] GET /api/analytics/dashboard {
[WebServer] [API]   correlationId: '5f249532-0a69-40cb-b157-0a43c80b1144',
[WebServer] [API]   hasBody: true,
[WebServer] [API]   bodyKeys: [],
[WebServer] [API]   hasAuth: true,
[WebServer] [API]   authHeaderPrefix: 'Bearer mock-test-token...',
[WebServer] [API]   contentType: undefined
[WebServer] [API] }
[WebServer] [API] [2026-02-04T22:38:25.294Z] GET /api/shifts/messages/unread-count {
[WebServer] [API]   correlationId: 'e37590dd-a7ff-454c-98f8-4a6092513fb4',
[WebServer] [API]   hasBody: true,
[WebServer] [API]   bodyKeys: [],
[WebServer] [API]   hasAuth: true,
[WebServer] [API]   authHeaderPrefix: 'Bearer mock-test-token...',
[WebServer] [API]   contentType: undefined
[WebServer] [API] }
  ok  32 [chromium] ΓÇ║ tests\e2e\job-feed.spec.ts:104:5 ΓÇ║ Job Feed E2E Tests ΓÇ║ Job Type Filtering ΓÇ║ should update URL and job count when filtering by Job Type (7.4s)
  ok  31 [chromium] ΓÇ║ tests\e2e\auth.spec.ts:190:5 ΓÇ║ Authentication Tests ΓÇ║ Google OAuth Redirection ΓÇ║ should verify Firebase redirect_uri contains correct domain when OAuth is initiated (7.8s)
  -   43 [chromium] ΓÇ║ tests\e2e\payments.spec.ts:28:3 ΓÇ║ Payment UI: Stripe Payment Method Setup ΓÇ║ Add payment method with mocked Stripe API
[WebServer] [API] [2026-02-04T22:38:25.641Z] GET /api/me/reputation {
[WebServer] [API]   correlationId: '589c7853-4841-4304-8e05-f960fa2dd9ad',
[WebServer] [API]   hasBody: true,
[WebServer] [API]   bodyKeys: [],
[WebServer] [API]   hasAuth: true,
[WebServer] [API]   authHeaderPrefix: 'Bearer mock-test-token...',
[WebServer] [API]   contentType: undefined
[WebServer] [API] }
[WebServer] [API] [2026-02-04T22:38:25.648Z] GET /api/worker/priority-boost {
[WebServer] [API]   correlationId: '9143a93e-d7e5-40fa-980b-fc7dc0b9f460',
[WebServer] [API]   hasBody: true,
[WebServer] [API]   bodyKeys: [],
[WebServer] [API]   hasAuth: true,
[WebServer] [API]   authHeaderPrefix: 'Bearer mock-test-token...',
[WebServer] [API]   contentType: undefined
[WebServer] [API] }
[WebServer] [API] [2026-02-04T22:38:25.654Z] GET /api/worker/recommendations {
[WebServer] [API]   correlationId: '35cd812e-f1fd-4ada-a41b-b90c21ac6b03',
[WebServer] [API]   hasBody: true,
[WebServer] [API]   bodyKeys: [],
[WebServer] [API]   hasAuth: true,
[WebServer] [API]   authHeaderPrefix: 'Bearer mock-test-token...',
[WebServer] [API]   contentType: undefined
[WebServer] [API] }
[WebServer] [API] [GET /api/worker/recommendations] No location provided, returning empty recommendations
[WebServer] [API] [2026-02-04T22:38:25.659Z] GET /api/worker/waitlisted-shifts {
[WebServer] [API]   correlationId: '3770c464-74b4-4608-86f0-d5882186d42c',
[WebServer] [API]   hasBody: true,
[WebServer] [API]   bodyKeys: [],
[WebServer] [API]   hasAuth: true,
[WebServer] [API]   authHeaderPrefix: 'Bearer mock-test-token...',
[WebServer] [API]   contentType: undefined
[WebServer] [API] }
[WebServer] [API] [2026-02-04T22:38:25.670Z] GET /api/me/availability {
[WebServer] [API]   correlationId: '268f9705-2f0f-412e-8242-8c1038c3d60d',
[WebServer] [API]   hasBody: true,
[WebServer] [API]   bodyKeys: [],
[WebServer] [API]   hasAuth: true,
[WebServer] [API]   authHeaderPrefix: 'Bearer mock-test-token...',
[WebServer] [API]   contentType: undefined
[WebServer] [API] }
[WebServer] [API] [2026-02-04T22:38:25.673Z] GET /api/worker/earnings {
[WebServer] [API]   correlationId: '74f9463a-fe46-446b-b8e8-58747af6fe64',
[WebServer] [API]   hasBody: true,
[WebServer] [API]   bodyKeys: [],
[WebServer] [API]   hasAuth: true,
[WebServer] [API]   authHeaderPrefix: 'Bearer mock-test-token...',
[WebServer] [API]   contentType: undefined
[WebServer] [API] }
  -   44 [chromium] ΓÇ║ tests\e2e\professional-calendar.spec.ts:288:5 ΓÇ║ Professional Calendar E2E Tests ΓÇ║ Visual Regression Tests ΓÇ║ should display calendar week view correctly on desktop
  -   45 [chromium] ΓÇ║ tests\e2e\professional-calendar.spec.ts:323:5 ΓÇ║ Professional Calendar E2E Tests ΓÇ║ Visual Regression Tests ΓÇ║ should display calendar week view correctly on mobile
  -   46 [chromium] ΓÇ║ tests\e2e\professional-calendar.spec.ts:379:5 ΓÇ║ Professional Calendar E2E Tests ΓÇ║ Functional Smoke Tests ΓÇ║ should display and interact with Create Availability/Shift button
  -   47 [chromium] ΓÇ║ tests\e2e\professional-calendar.spec.ts:435:5 ΓÇ║ Professional Calendar E2E Tests ΓÇ║ Functional Smoke Tests ΓÇ║ should create a new availability slot successfully
  -   48 [chromium] ΓÇ║ tests\e2e\professional-calendar.spec.ts:601:5 ΓÇ║ Professional Calendar E2E Tests ΓÇ║ Functional Smoke Tests ΓÇ║ should navigate to next week when clicking Next button
  -   49 [chromium] ΓÇ║ tests\e2e\professional-calendar.spec.ts:682:5 ΓÇ║ Professional Calendar E2E Tests ΓÇ║ Functional Smoke Tests ΓÇ║ Quick Navigation allows jumping to different views
  -   50 [chromium] ΓÇ║ tests\e2e\professional-calendar.spec.ts:714:5 ΓÇ║ Professional Calendar E2E Tests ΓÇ║ Current Time Indicator ΓÇ║ should display current time indicator when viewing current day/week
[WebServer] [API] [2026-02-04T22:38:25.933Z] GET /api/shifts/pending-review {
[WebServer] [API]   correlationId: '0719847b-731b-4095-9256-ecd05477fc63',
[WebServer] [API]   hasBody: true,
[WebServer] [API]   bodyKeys: [],
[WebServer] [API]   hasAuth: true,
[WebServer] [API]   authHeaderPrefix: 'Bearer mock-test-token...',
[WebServer] [API]   contentType: undefined
[WebServer] [API] }
[WebServer] [API] [2026-02-04T22:38:26.068Z] POST /api/register {
[WebServer] [API]   correlationId: 'f83e476d-8918-445a-ae03-79d7804413dd',
[WebServer] [API]   hasBody: true,
[WebServer] [API]   bodyKeys: [ 'email', 'name', 'password', 'role' ],
[WebServer] [API]   hasAuth: false,
[WebServer] [API]   authHeaderPrefix: undefined,
[WebServer] [API]   contentType: 'application/json'
[WebServer] [API] }
[WebServer] [API] [2026-02-04T22:38:26.198Z] POST /api/register {
[WebServer] [API]   correlationId: '908d79b8-e008-4799-9696-c825b9ec849c',
[WebServer] [API]   hasBody: true,
[WebServer] [API]   bodyKeys: [ 'email', 'name', 'password', 'role' ],
[WebServer] [API]   hasAuth: false,
[WebServer] [API]   authHeaderPrefix: undefined,
[WebServer] [API]   contentType: 'application/json'
[WebServer] [API] }
[WebServer] [API] [2026-02-04T22:38:26.451Z] POST /api/register {
[WebServer] [API]   correlationId: '175196b5-7992-4383-895c-7e2581ef2e1a',
[WebServer] [API]   hasBody: true,
[WebServer] [API]   bodyKeys: [ 'email', 'name', 'password', 'role' ],
[WebServer] [API]   hasAuth: false,
[WebServer] [API]   authHeaderPrefix: undefined,
[WebServer] [API]   contentType: 'application/json'
[WebServer] [API] }
  ok  51 [chromium] ΓÇ║ tests\e2e\registration-roles.spec.ts:19:3 ΓÇ║ Registration roles (hub, venue, professional) ΓÇ║ hub and venue return 200/201; hub/venue stored as business in DB (692ms)
  ok  35 [chromium] ΓÇ║ tests\e2e\landing-layout.spec.ts:59:5 ΓÇ║ Landing Page Layout Regression Tests ΓÇ║ Badge Visibility ΓÇ║ should display all step badges (1, 2, 3, 4) in viewport (8.0s)
[WebServer] [API] [2026-02-04T22:38:27.529Z] GET /api/marketplace/shifts {
[WebServer] [API]   correlationId: 'ccd4da12-5119-4059-843b-fb44cffdb014',
[WebServer] [API]   hasBody: true,
[WebServer] [API]   bodyKeys: [],
[WebServer] [API]   hasAuth: true,
[WebServer] [API]   authHeaderPrefix: 'Bearer mock-test-token...',
[WebServer] [API]   contentType: undefined
[WebServer] [API] }
  ok  41 [chromium] ΓÇ║ tests\e2e\investor-portal.spec.ts:261:5 ΓÇ║ Investor Portal E2E Tests ΓÇ║ Brand Styling ΓÇ║ Dark theme background is correctly applied (4.6s)
  ok  39 [chromium] ΓÇ║ tests\e2e\landing.spec.ts:64:5 ΓÇ║ Landing Page Tests ΓÇ║ Hero Section CTAs ΓÇ║ should navigate Find Shifts button to /signup?role=professional (5.1s)
[WebServer] [API] [2026-02-04T22:38:30.960Z] GET /api/notifications {
[WebServer] [API]   correlationId: '0d68e893-9c78-40fa-9a02-c21374d637a2',
[WebServer] [API]   hasBody: true,
[WebServer] [API]   bodyKeys: [],
[WebServer] [API]   hasAuth: true,
[WebServer] [API]   authHeaderPrefix: 'Bearer mock-test-token...',
[WebServer] [API]   contentType: undefined
[WebServer] [API] }
[WebServer] [API] [2026-02-04T22:38:30.971Z] GET /api/conversations/unread-count {
[WebServer] [API]   correlationId: '6e98b2ff-6af5-469c-a89b-5077b10d7d64',
[WebServer] [API]   hasBody: true,
[WebServer] [API]   bodyKeys: [],
[WebServer] [API]   hasAuth: true,
[WebServer] [API]   authHeaderPrefix: 'Bearer mock-test-token...',
[WebServer] [API]   contentType: undefined
[WebServer] [API] }
[WebServer] [API] [AUTH] authenticateUser called for GET /api/conversations/unread-count { hasAuthHeader: true, authHeaderPrefix: 'Bearer mock-test-tok' }
[WebServer] [API] [AUTH DEBUG] authenticateUser GET path=/api/conversations/unread-count hasAuth=true
[WebServer] [API] [2026-02-04T22:38:32.997Z] GET /api/notifications {
[WebServer] [API]   correlationId: '3e56f320-152d-4f76-b367-0d7ec6aab627',
[WebServer] [API]   hasBody: true,
[WebServer] [API]   bodyKeys: [],
[WebServer] [API]   hasAuth: true,
[WebServer] [API]   authHeaderPrefix: 'Bearer mock-test-token...',
[WebServer] [API]   contentType: undefined
[WebServer] [API] }
[WebServer] [API] [2026-02-04T22:38:33.001Z] GET /api/conversations/unread-count {
[WebServer] [API]   correlationId: '7865366d-ceca-4324-b57e-6f5a8d9211c8',
[WebServer] [API]   hasBody: true,
[WebServer] [API]   bodyKeys: [],
[WebServer] [API]   hasAuth: true,
[WebServer] [API]   authHeaderPrefix: 'Bearer mock-test-token...',
[WebServer] [API]   contentType: undefined
[WebServer] [API] }
[WebServer] [API] [AUTH DEBUG] authenticateUser GET path=/api/conversations/unread-count hasAuth=true
[WebServer] [API] [AUTH] authenticateUser called for GET /api/conversations/unread-count { hasAuthHeader: true, authHeaderPrefix: 'Bearer mock-test-tok' }
[WebServer] [API] [2026-02-04T22:38:33.321Z] GET /api/notifications {
[WebServer] [API]   correlationId: 'a49897fe-494a-4829-9758-a765078e14b9',
[WebServer] [API]   hasBody: true,
[WebServer] [API]   bodyKeys: [],
[WebServer] [API]   hasAuth: true,
[WebServer] [API]   authHeaderPrefix: 'Bearer mock-test-token...',
[WebServer] [API]   contentType: undefined
[WebServer] [API] }
[WebServer] [API] [2026-02-04T22:38:33.327Z] GET /api/conversations/unread-count {
[WebServer] [API]   correlationId: '54ce2497-36ad-4cef-bce8-c3af5eb23e16',
[WebServer] [API]   hasBody: true,
[WebServer] [API]   bodyKeys: [],
[WebServer] [API]   hasAuth: true,
[WebServer] [API]   authHeaderPrefix: 'Bearer mock-test-token...',
[WebServer] [API]   contentType: undefined
[WebServer] [API] }
[WebServer] [API] [AUTH DEBUG] authenticateUser GET path=/api/conversations/unread-count hasAuth=true
[WebServer] [API] [AUTH] authenticateUser called for GET /api/conversations/unread-count { hasAuthHeader: true, authHeaderPrefix: 'Bearer mock-test-tok' }
[WebServer] [API] [2026-02-04T22:38:33.522Z] GET /api/integrations/xero/status {
[WebServer] [API]   correlationId: 'ea6cf8bb-9a96-4c6e-875d-285d0f2f28a5',
[WebServer] [API]   hasBody: true,
[WebServer] [API]   bodyKeys: [],
[WebServer] [API]   hasAuth: true,
[WebServer] [API]   authHeaderPrefix: 'Bearer mock-test-token...',
[WebServer] [API]   contentType: undefined
[WebServer] [API] }
[WebServer] [API] [2026-02-04T22:38:33.527Z] GET /api/integrations/xero/sync-history {
[WebServer] [API]   correlationId: 'a780fa9a-497b-46d8-a4d0-a83f58c01605',
[WebServer] [API]   hasBody: true,
[WebServer] [API]   bodyKeys: [],
[WebServer] [API]   hasAuth: true,
[WebServer] [API]   authHeaderPrefix: 'Bearer mock-test-token...',
[WebServer] [API]   contentType: undefined
[WebServer] [API] }
[WebServer] [API] [2026-02-04T22:38:33.532Z] GET /api/venues/me {
[WebServer] [API]   correlationId: '47cd68f2-ed14-4b5c-9cff-8291bb6f6bc8',
[WebServer] [API]   hasBody: true,
[WebServer] [API]   bodyKeys: [],
[WebServer] [API]   hasAuth: true,
[WebServer] [API]   authHeaderPrefix: 'Bearer mock-test-token...',
[WebServer] [API]   contentType: undefined
[WebServer] [API] }
[WebServer] [API] [2026-02-04T22:38:33.543Z] GET /api/stripe-connect/account/status {
[WebServer] [API]   correlationId: '28de23c9-dafc-4e91-b393-f99e745c67e2',
[WebServer] [API]   hasBody: true,
[WebServer] [API]   bodyKeys: [],
[WebServer] [API]   hasAuth: true,
[WebServer] [API]   authHeaderPrefix: 'Bearer mock-test-token...',
[WebServer] [API]   contentType: undefined
[WebServer] [API] }
[WebServer] [API] [2026-02-04T22:38:33.548Z] GET /api/analytics/dashboard {
[WebServer] [API]   correlationId: 'c69d7e8c-330b-4789-a051-41a06b7ff7e7',
[WebServer] [API]   hasBody: true,
[WebServer] [API]   bodyKeys: [],
[WebServer] [API]   hasAuth: true,
[WebServer] [API]   authHeaderPrefix: 'Bearer mock-test-token...',
[WebServer] [API]   contentType: undefined
[WebServer] [API] }
Γ£à Open Job Flow: Test completed
[WebServer] [API] [2026-02-04T22:38:34.359Z] GET /api/notifications {
[WebServer] [API]   correlationId: '51e43ba2-3e5d-4c01-aa76-c6139fa5bd01',
[WebServer] [API]   hasBody: true,
[WebServer] [API]   bodyKeys: [],
[WebServer] [API]   hasAuth: true,
[WebServer] [API]   authHeaderPrefix: 'Bearer mock-test-token...',
[WebServer] [API]   contentType: undefined
[WebServer] [API] }
[WebServer] [API] [2026-02-04T22:38:34.363Z] GET /api/conversations/unread-count {
[WebServer] [API]   correlationId: '2f4d2be7-1fb8-4df6-a1ea-6d9e4f3270c2',
[WebServer] [API]   hasBody: true,
[WebServer] [API]   bodyKeys: [],
[WebServer] [API]   hasAuth: true,
[WebServer] [API]   authHeaderPrefix: 'Bearer mock-test-token...',
[WebServer] [API]   contentType: undefined
[WebServer] [API] }
[WebServer] [API] [AUTH DEBUG] authenticateUser GET path=/api/conversations/unread-count hasAuth=true
[WebServer] [API] [AUTH] authenticateUser called for GET /api/conversations/unread-count { hasAuthHeader: true, authHeaderPrefix: 'Bearer mock-test-tok' }
  ok  28 [chromium] ΓÇ║ tests\e2e\calendar-lifecycle.spec.ts:335:5 ΓÇ║ Calendar Lifecycle E2E Tests ΓÇ║ Test Case 2: The Open Job Flow ΓÇ║ Shop creates marketplace job, barber applies, shop accepts, job becomes confirmed shift (22.6s)
[WebServer] [API] [2026-02-04T22:38:34.791Z] GET /api/integrations/xero/status {
[WebServer] [API]   correlationId: '4dfcdab2-d33d-4e4b-9386-0173cfc68e53',
[WebServer] [API]   hasBody: true,
[WebServer] [API]   bodyKeys: [],
[WebServer] [API]   hasAuth: true,
[WebServer] [API]   authHeaderPrefix: 'Bearer mock-test-token...',
[WebServer] [API]   contentType: undefined
[WebServer] [API] }
[WebServer] [API] [WebServer] [2026-02-04T22:38:34.798Z] GET /api/integrations/xero/sync-history {
[WebServer] [API]   correlationId: 'ca1102cb-fa60-4b79-ada1-c0dcc7dd862e',
[WebServer] [API]   hasBody: true,
[WebServer] [API]   bodyKeys: [],
[WebServer] [API]   hasAuth: true,
[WebServer] [API]   authHeaderPrefix: 'Bearer mock-test-token...',
[WebServer] [API]   contentType: undefined
[WebServer] [API] }
[WebServer] [API] [2026-02-04T22:38:34.816Z] GET /api/venues/me {
[WebServer] [API]   correlationId: '0653cf44-9a36-4230-97d4-6842e6313beb',
[WebServer] [API]   hasBody: true,
[WebServer] [API]   bodyKeys: [],
[WebServer] [API]   hasAuth: true,
[WebServer] [API]   authHeaderPrefix: 'Bearer mock-test-token...',
[WebServer] [API]   contentType: undefined
[WebServer] [API] }
[WebServer] [API] [2026-02-04T22:38:34.819Z] GET /api/stripe-connect/account/status {
[WebServer] [API]   correlationId: '472292ee-4878-4b7a-8d84-e1c8197b5e0b',
[WebServer] [API]   hasBody: true,
[WebServer] [API]   bodyKeys: [],
[WebServer] [API]   hasAuth: true,
[WebServer] [API]   authHeaderPrefix: 'Bearer mock-test-token...',
[WebServer] [API]   contentType: undefined
[WebServer] [API] }
[WebServer] [API] [2026-02-04T22:38:34.824Z] GET /api/analytics/dashboard {
[WebServer] [API]   correlationId: 'c818608e-ed3b-45fc-a4fc-fa4574fc18ab',
[WebServer] [API]   hasBody: true,
[WebServer] [API]   bodyKeys: [],
[WebServer] [API]   hasAuth: true,
[WebServer] [API]   authHeaderPrefix: 'Bearer mock-test-token...',
[WebServer] [API]   contentType: undefined
[WebServer] [API] }
  ok  42 [chromium] ΓÇ║ tests\e2e\onboarding.spec.ts:186:5 ΓÇ║ Onboarding Flow E2E Tests ΓÇ║ Complete Setup Banner ΓÇ║ should display Complete Setup Banner when hub user has no active subscription (9.9s)
  ok  53 [chromium] ΓÇ║ tests\e2e\landing-layout.spec.ts:89:5 ΓÇ║ Landing Page Layout Regression Tests ΓÇ║ Badge Visibility ΓÇ║ should have correct z-index on step badges (9.0s)
[WebServer] [API] [2026-02-04T22:38:36.948Z] GET /api/venues/me {
[WebServer] [API]   correlationId: '35215019-f331-40a9-812b-fe3b91a4d0ee',
[WebServer] [API]   hasBody: true,
[WebServer] [API]   bodyKeys: [],
[WebServer] [API]   hasAuth: true,
[WebServer] [API]   authHeaderPrefix: 'Bearer mock-test-token...',
[WebServer] [API]   contentType: undefined
[WebServer] [API] }
[WebServer] [API] [2026-02-04T22:38:36.959Z] GET /api/professionals {
[WebServer] [API]   correlationId: 'aad5fc6c-6902-43a7-a847-fb05ca6f6b89',
[WebServer] [API]   hasBody: true,
[WebServer] [API]   bodyKeys: [],
[WebServer] [API]   hasAuth: true,
[WebServer] [API]   authHeaderPrefix: 'Bearer mock-test-token...',
[WebServer] [API]   contentType: undefined
[WebServer] [API] }
[WebServer] [API] [WebServer] [2026-02-04T22:38:36.967Z] GET /api/shift-templates {
[WebServer] [API]   correlationId: '685a05fe-f559-44bf-afd3-113e6bb19a65',
[WebServer] [API]   hasBody: true,
[WebServer] [API]   bodyKeys: [],
[WebServer] [API]   hasAuth: true,
[WebServer] [API]   authHeaderPrefix: 'Bearer mock-test-token...',
[WebServer] [API]   contentType: undefined
[WebServer] [API] }
[WebServer] [API] [2026-02-04T22:38:37.517Z] GET /api/venues/me {
[WebServer] [API]   correlationId: 'a82b95ac-0060-4a58-b174-f79fda479486',
[WebServer] [API]   hasBody: true,
[WebServer] [API]   bodyKeys: [],
[WebServer] [API]   hasAuth: true,
[WebServer] [API]   authHeaderPrefix: 'Bearer mock-test-token...',
[WebServer] [API]   contentType: undefined
[WebServer] [API] }
[WebServer] [API] [2026-02-04T22:38:37.799Z] GET /api/notifications {
[WebServer] [API]   correlationId: 'd94501ae-c986-49a2-9ae7-afd695da9f6d',
[WebServer] [API]   hasBody: true,
[WebServer] [API]   bodyKeys: [],
[WebServer] [API]   hasAuth: true,
[WebServer] [API]   authHeaderPrefix: 'Bearer mock-test-token...',
[WebServer] [API]   contentType: undefined
[WebServer] [API] }
[WebServer] [API] [2026-02-04T22:38:37.805Z] GET /api/conversations/unread-count {
[WebServer] [API]   correlationId: '5ba1bca7-1200-4cac-ba8a-81084f3af072',
[WebServer] [API]   hasBody: true,
[WebServer] [API]   bodyKeys: [],
[WebServer] [API]   hasAuth: true,
[WebServer] [API]   authHeaderPrefix: 'Bearer mock-test-token...',
[WebServer] [API]   contentType: undefined
[WebServer] [API] }
[WebServer] [API] [AUTH] authenticateUser called for GET /api/conversations/unread-count { hasAuthHeader: true, authHeaderPrefix: 'Bearer mock-test-tok' }
[WebServer] [API] [AUTH DEBUG] authenticateUser GET path=/api/conversations/unread-count hasAuth=true
[WebServer] [API] [2026-02-04T22:38:37.859Z] GET /api/venues/me/roster-totals {
[WebServer] [API]   correlationId: '05924219-d19c-4f1f-9627-e1731f08bf98',
[WebServer] [API]   hasBody: true,
[WebServer] [API]   bodyKeys: [],
[WebServer] [API]   hasAuth: true,
[WebServer] [API]   authHeaderPrefix: 'Bearer mock-test-token...',
[WebServer] [API]   contentType: undefined
[WebServer] [API] }
[WebServer] [API] [2026-02-04T22:38:38.715Z] GET /api/users/verification-status {
[WebServer] [API]   correlationId: '2c6eb44c-8134-47af-895a-ae2ba3a4dae8',
[WebServer] [API]   hasBody: true,
[WebServer] [API]   bodyKeys: [],
[WebServer] [API]   hasAuth: true,
[WebServer] [API]   authHeaderPrefix: 'Bearer mock-test-token...',
[WebServer] [API]   contentType: undefined
[WebServer] [API] }
[WebServer] [API] [2026-02-04T22:38:38.719Z] GET /api/shifts/messages/unread-count {
[WebServer] [API]   correlationId: 'd0a3d9d7-c256-4316-9e23-8c5b9463ca31',
[WebServer] [API]   hasBody: true,
[WebServer] [API]   bodyKeys: [],
[WebServer] [API]   hasAuth: true,
[WebServer] [API]   authHeaderPrefix: 'Bearer mock-test-token...',
[WebServer] [API]   contentType: undefined
[WebServer] [API] }
  ok  52 [chromium] ΓÇ║ tests\e2e\reputation_system.spec.ts:258:5 ΓÇ║ Reputation System - Automated Strike System E2E Tests ΓÇ║ No-Show Reporting ΓÇ║ should apply 2 strikes and suspend account on No-Show report (12.0s)
Initial shift visibility for barber: false
  ok  54 [chromium] ΓÇ║ tests\e2e\investor-portal.spec.ts:282:5 ΓÇ║ Investor Portal E2E Tests ΓÇ║ Investment Section ΓÇ║ The Ask section displays correct seed round details (10.4s)
  ok  55 [chromium] ΓÇ║ tests\e2e\landing.spec.ts:82:5 ΓÇ║ Landing Page Tests ΓÇ║ Pricing Tiers ΓÇ║ should display all pricing tiers with correct prices (11.1s)
[WebServer] [API] [2026-02-04T22:38:41.541Z] GET /api/notifications {
[WebServer] [API]   correlationId: '6adf96d3-7160-486a-b92e-f69f0f4c855a',
[WebServer] [API]   hasBody: true,
[WebServer] [API]   bodyKeys: [],
[WebServer] [API]   hasAuth: true,
[WebServer] [API]   authHeaderPrefix: 'Bearer mock-test-token...',
[WebServer] [API]   contentType: undefined
[WebServer] [API] }
[WebServer] [API] [2026-02-04T22:38:41.547Z] GET /api/conversations/unread-count {
[WebServer] [API]   correlationId: 'd82b29f6-8d21-4ab5-8a22-4f2078a916e6',
[WebServer] [API]   hasBody: true,
[WebServer] [API]   bodyKeys: [],
[WebServer] [API]   hasAuth: true,
[WebServer] [API]   authHeaderPrefix: 'Bearer mock-test-token...',
[WebServer] [API]   contentType: undefined
[WebServer] [API] }
[WebServer] [API] [AUTH DEBUG] authenticateUser GET path=/api/conversations/unread-count hasAuth=true
[WebServer] [API] [AUTH] authenticateUser called for GET /api/conversations/unread-count { hasAuthHeader: true, authHeaderPrefix: 'Bearer mock-test-tok' }
[Professional Auth Setup] Dashboard elements not found, continuing...
[Professional Auth Setup] Created storageState at: C:\Users\USER\Snipshift\playwright\.auth\professional-user.json
[WebServer] [API] [WebServer] [2026-02-04T22:38:42.643Z] GET /api/notifications {
[WebServer] [API]   correlationId: '34f22e02-be20-41d2-8227-17c519ddd7c4',
[WebServer] [API]   hasBody: true,
[WebServer] [API]   bodyKeys: [],
[WebServer] [API]   hasAuth: true,
[WebServer] [API]   authHeaderPrefix: 'Bearer mock-test-token...',
[WebServer] [API]   contentType: undefined
[WebServer] [API] }
[WebServer] [API] [2026-02-04T22:38:42.661Z] GET /api/conversations/unread-count {
[WebServer] [API]   correlationId: '0f52fa0e-235b-4886-9243-2ca859c4a845',
[WebServer] [API]   hasBody: true,
[WebServer] [API]   bodyKeys: [],
[WebServer] [API]   hasAuth: true,
[WebServer] [API]   authHeaderPrefix: 'Bearer mock-test-token...',
[WebServer] [API]   contentType: undefined
[WebServer] [API] }
[WebServer] [API] [AUTH DEBUG] authenticateUser GET path=/api/conversations/unread-count hasAuth=true
[WebServer] [API] [AUTH] authenticateUser called for GET /api/conversations/unread-count { hasAuthHeader: true, authHeaderPrefix: 'Bearer mock-test-tok' }
[WebServer] [API] [WebServer] [2026-02-04T22:38:43.463Z] GET /api/integrations/xero/status {
[WebServer] [API]   correlationId: '8d807729-1c5d-4f5b-85ec-b78d4c121400',
[WebServer] [API]   hasBody: true,
[WebServer] [API]   bodyKeys: [],
[WebServer] [API]   hasAuth: true,
[WebServer] [API]   authHeaderPrefix: 'Bearer mock-test-token...',
[WebServer] [API]   contentType: undefined
[WebServer] [API] }
[WebServer] [API] [2026-02-04T22:38:43.466Z] GET /api/integrations/xero/sync-history {
[WebServer] [API]   correlationId: 'ed2e7d59-ab3a-430b-98fb-3d8780ffd936',
[WebServer] [API]   hasBody: true,
[WebServer] [API]   bodyKeys: [],
[WebServer] [API]   hasAuth: true,
[WebServer] [API]   authHeaderPrefix: 'Bearer mock-test-token...',
[WebServer] [API]   contentType: undefined
[WebServer] [API] }
[WebServer] [API] [2026-02-04T22:38:43.473Z] GET /api/venues/me {
[WebServer] [API]   correlationId: 'abe1d4e7-73d9-400d-9568-077ee8d81cfe',
[WebServer] [API]   hasBody: true,
[WebServer] [API]   bodyKeys: [],
[WebServer] [API]   hasAuth: true,
[WebServer] [API]   authHeaderPrefix: 'Bearer mock-test-token...',
[WebServer] [API]   contentType: undefined
[WebServer] [API] }
[WebServer] [API] [2026-02-04T22:38:43.481Z] GET /api/stripe-connect/account/status {
[WebServer] [API]   correlationId: '744f7216-925a-4914-89f2-425368088f0b',
[WebServer] [API]   hasBody: true,
[WebServer] [API]   bodyKeys: [],
[WebServer] [API]   hasAuth: true,
[WebServer] [API]   authHeaderPrefix: 'Bearer mock-test-token...',
[WebServer] [API]   contentType: undefined
[WebServer] [API] }
[WebServer] [API] [2026-02-04T22:38:43.493Z] GET /api/analytics/dashboard {
[WebServer] [API]   correlationId: '9e501fc7-3aa0-4a6b-918d-e9e49fba9a61',
[WebServer] [API]   hasBody: true,
[WebServer] [API]   bodyKeys: [],
[WebServer] [API]   hasAuth: true,
[WebServer] [API]   authHeaderPrefix: 'Bearer mock-test-token...',
[WebServer] [API]   contentType: undefined
[WebServer] [API] }
  ok  58 [chromium] ΓÇ║ tests\e2e\landing-layout.spec.ts:118:5 ΓÇ║ Landing Page Layout Regression Tests ΓÇ║ Mobile Overflow Prevention ΓÇ║ should not have horizontal scroll on mobile viewport (375x667) (8.0s)
[WebServer] [API] [2026-02-04T22:38:44.075Z] GET /api/notifications {
[WebServer] [API]   correlationId: 'af13f57b-01b1-4e77-8484-704cd161b0ca',
[WebServer] [API]   hasBody: true,
[WebServer] [API]   bodyKeys: [],
[WebServer] [API]   hasAuth: true,
[WebServer] [API]   authHeaderPrefix: 'Bearer mock-test-token...',
[WebServer] [API]   contentType: undefined
[WebServer] [API] }
[WebServer] [API] [2026-02-04T22:38:44.081Z] GET /api/conversations/unread-count {
[WebServer] [API]   correlationId: '2f5ebe82-e3c5-4bc5-b4ab-4c08d8788883',
[WebServer] [API]   hasBody: true,
[WebServer] [API]   bodyKeys: [],
[WebServer] [API]   hasAuth: true,
[WebServer] [API]   authHeaderPrefix: 'Bearer mock-test-token...',
[WebServer] [API]   contentType: undefined
[WebServer] [API] }
[WebServer] [API] [AUTH DEBUG] authenticateUser GET path=/api/conversations/unread-count hasAuth=true
[WebServer] [API] [AUTH] authenticateUser called for GET /api/conversations/unread-count { hasAuthHeader: true, authHeaderPrefix: 'Bearer mock-test-tok' }
[WebServer] [API] [2026-02-04T22:38:44.726Z] GET /api/integrations/xero/status {
[WebServer] [API]   correlationId: '0a912bb3-eb38-4b7b-a80d-1df5aaa37cb3',
[WebServer] [API]   hasBody: true,
[WebServer] [API]   bodyKeys: [],
[WebServer] [API]   hasAuth: true,
[WebServer] [API]   authHeaderPrefix: 'Bearer mock-test-token...',
[WebServer] [API]   contentType: undefined
[WebServer] [API] }
[WebServer] [API] [2026-02-04T22:38:44.731Z] GET /api/integrations/xero/sync-history {
[WebServer] [API]   correlationId: '3d201b8a-beaf-46e1-9e87-cd89cc9a837f',
[WebServer] [API]   hasBody: true,
[WebServer] [API]   bodyKeys: [],
[WebServer] [API]   hasAuth: true,
[WebServer] [API]   authHeaderPrefix: 'Bearer mock-test-token...',
[WebServer] [API]   contentType: undefined
[WebServer] [API] }
[WebServer] [API] [2026-02-04T22:38:44.738Z] GET /api/venues/me {
[WebServer] [API]   correlationId: 'd6bbc4f1-6b84-4849-9ef1-dc269581ac02',
[WebServer] [API]   hasBody: true,
[WebServer] [API]   bodyKeys: [],
[WebServer] [API]   hasAuth: true,
[WebServer] [API]   authHeaderPrefix: 'Bearer mock-test-token...',
[WebServer] [API]   contentType: undefined
[WebServer] [API] }
[WebServer] [API] [2026-02-04T22:38:44.746Z] GET /api/stripe-connect/account/status {
[WebServer] [API]   correlationId: '012b5d1f-ce9e-408f-b665-bd50f3097514',
[WebServer] [API]   hasBody: true,
[WebServer] [API]   bodyKeys: [],
[WebServer] [API]   hasAuth: true,
[WebServer] [API]   authHeaderPrefix: 'Bearer mock-test-token...',
[WebServer] [API]   contentType: undefined
[WebServer] [API] }
[WebServer] [API] [2026-02-04T22:38:44.753Z] GET /api/shifts/shop/e2e-onboarding-flow-uid {
[WebServer] [API]   correlationId: '4fa719a6-fa5b-4f79-94af-5c2273c05e96',
[WebServer] [API]   hasBody: true,
[WebServer] [API]   bodyKeys: [],
[WebServer] [API]   hasAuth: true,
[WebServer] [API]   authHeaderPrefix: 'Bearer mock-test-token...',
[WebServer] [API]   contentType: undefined
[WebServer] [API] }
[WebServer] [API] [2026-02-04T22:38:44.756Z] GET /api/analytics/dashboard {
[WebServer] [API]   correlationId: '90bb3e76-ae20-4a76-a88e-977714037b5c',
[WebServer] [API]   hasBody: true,
[WebServer] [API]   bodyKeys: [],
[WebServer] [API]   hasAuth: true,
[WebServer] [API]   authHeaderPrefix: 'Bearer mock-test-token...',
[WebServer] [API]   contentType: undefined
[WebServer] [API] }
[WebServer] [API] [2026-02-04T22:38:44.849Z] GET /api/subscriptions/current {
[WebServer] [API]   correlationId: 'b1fc81b4-6011-4f6d-8594-640543ed5ee9',
[WebServer] [API]   hasBody: true,
[WebServer] [API]   bodyKeys: [],
[WebServer] [API]   hasAuth: true,
[WebServer] [API]   authHeaderPrefix: 'Bearer mock-test-token...',
[WebServer] [API]   contentType: undefined
[WebServer] [API] }
[WebServer] [API] [AUTH DEBUG] authenticateUser GET path=/api/subscriptions/current hasAuth=true
[WebServer] [API] [AUTH] authenticateUser called for GET /api/subscriptions/current { hasAuthHeader: true, authHeaderPrefix: 'Bearer mock-test-tok' }
[WebServer] [API] [2026-02-04T22:38:44.860Z] GET /api/shifts/messages/unread-count {
[WebServer] [API]   correlationId: 'e471d4db-85f9-4144-b99b-c92ba83e9e71',
[WebServer] [API]   hasBody: true,
[WebServer] [API]   bodyKeys: [],
[WebServer] [API]   hasAuth: true,
[WebServer] [API]   authHeaderPrefix: 'Bearer mock-test-token...',
[WebServer] [API]   contentType: undefined
[WebServer] [API] }
  ok  57 [chromium] ΓÇ║ tests\e2e\onboarding.spec.ts:229:5 ΓÇ║ Onboarding Flow E2E Tests ΓÇ║ Complete Setup Banner ΓÇ║ should NOT display Complete Setup Banner when hub user has active subscription (9.6s)
  -   63 [chromium] ΓÇ║ tests\e2e\onboarding.spec.ts:259:10 ΓÇ║ Onboarding Flow E2E Tests ΓÇ║ Complete Setup Banner ΓÇ║ should dismiss Complete Setup Banner when "Remind me later" is clicked
[WebServer] [API] [2026-02-04T22:38:45.691Z] GET /api/notifications {
[WebServer] [API]   correlationId: 'a02aaa8a-212e-4591-83ea-0dd23002ee88',
[WebServer] [API]   hasBody: true,
[WebServer] [API]   bodyKeys: [],
[WebServer] [API]   hasAuth: true,
[WebServer] [API]   authHeaderPrefix: 'Bearer mock-test-token...',
[WebServer] [API]   contentType: undefined
[WebServer] [API] }
[WebServer] [API] [2026-02-04T22:38:45.707Z] GET /api/conversations/unread-count {
[WebServer] [API]   correlationId: '2860a3da-108c-4f29-b9e5-2b90f48a95cb',
[WebServer] [API]   hasBody: true,
[WebServer] [API]   bodyKeys: [],
[WebServer] [API]   hasAuth: true,
[WebServer] [API]   authHeaderPrefix: 'Bearer mock-test-token...',
[WebServer] [API]   contentType: undefined
[WebServer] [API] }
[WebServer] [API] [AUTH DEBUG] authenticateUser GET path=/api/conversations/unread-count hasAuth=true
[WebServer] [API] [AUTH] authenticateUser called for GET /api/conversations/unread-count { hasAuthHeader: true, authHeaderPrefix: 'Bearer mock-test-tok' }
[WebServer] [API] [2026-02-04T22:38:46.279Z] GET /api/users/verification-status {
[WebServer] [API]   correlationId: '956bc360-f702-43c6-97ab-4ec4932c96ba',
[WebServer] [API]   hasBody: true,
[WebServer] [API]   bodyKeys: [],
[WebServer] [API]   hasAuth: true,
[WebServer] [API]   authHeaderPrefix: 'Bearer mock-test-token...',
[WebServer] [API]   contentType: undefined
[WebServer] [API] }
[WebServer] [API] [2026-02-04T22:38:46.282Z] GET /api/shifts/messages/unread-count {
[WebServer] [API]   correlationId: 'e8a5489c-c8b8-4348-a210-00d70f7779f4',
[WebServer] [API]   hasBody: true,
[WebServer] [API]   bodyKeys: [],
[WebServer] [API]   hasAuth: true,
[WebServer] [API]   authHeaderPrefix: 'Bearer mock-test-token...',
[WebServer] [API]   contentType: undefined
[WebServer] [API] }
Γ£à Cancellation Sync: Shift successfully removed from barber view
  ok  56 [chromium] ΓÇ║ tests\e2e\calendar-lifecycle.spec.ts:544:5 ΓÇ║ Calendar Lifecycle E2E Tests ΓÇ║ Test Case 3: The Cancellation Sync ΓÇ║ Shop cancels confirmed shift, barber sees it disappear from upcoming shifts (11.8s)
[WebServer] [API] [2026-02-04T22:38:46.858Z] GET /api/notifications {
[WebServer] [API]   correlationId: '72232941-9cac-42f6-9a8c-d0cd83d8f743',
[WebServer] [API]   hasBody: true,
[WebServer] [API]   bodyKeys: [],
[WebServer] [API]   hasAuth: true,
[WebServer] [API]   authHeaderPrefix: 'Bearer mock-test-token...',
[WebServer] [API]   contentType: undefined
[WebServer] [API] }
[WebServer] [API] [2026-02-04T22:38:46.862Z] GET /api/conversations/unread-count {
[WebServer] [API]   correlationId: 'f731b854-2429-4e1f-a197-4c2dc63656bd',
[WebServer] [API]   hasBody: true,
[WebServer] [API]   bodyKeys: [],
[WebServer] [API]   hasAuth: true,
[WebServer] [API]   authHeaderPrefix: 'Bearer mock-test-token...',
[WebServer] [API]   contentType: undefined
[WebServer] [API] }
[WebServer] [API] [AUTH DEBUG] authenticateUser GET path=/api/conversations/unread-count hasAuth=true
[WebServer] [API] [AUTH] authenticateUser called for GET /api/conversations/unread-count { hasAuthHeader: true, authHeaderPrefix: 'Bearer mock-test-tok' }
[WebServer] [API] [2026-02-04T22:38:47.474Z] GET /api/integrations/xero/status {
[WebServer] [API]   correlationId: '91ce1a72-d93c-42a1-923c-632f8cfab4ca',
[WebServer] [API]   hasBody: true,
[WebServer] [API]   bodyKeys: [],
[WebServer] [API]   hasAuth: true,
[WebServer] [API]   authHeaderPrefix: 'Bearer mock-test-token...',
[WebServer] [API]   contentType: undefined
[WebServer] [API] }
[WebServer] [API] [2026-02-04T22:38:47.478Z] GET /api/integrations/xero/sync-history {
[WebServer] [API]   correlationId: 'fa2ce702-d0e1-43a4-8451-bdeaedfa9b1d',
[WebServer] [API]   hasBody: true,
[WebServer] [API]   bodyKeys: [],
[WebServer] [API]   hasAuth: true,
[WebServer] [API]   authHeaderPrefix: 'Bearer mock-test-token...',
[WebServer] [API]   contentType: undefined
[WebServer] [API] }
[WebServer] [API] [2026-02-04T22:38:47.480Z] GET /api/venues/me {
[WebServer] [API]   correlationId: 'af7f3333-227b-41c3-b45f-cb7affca7717',
[WebServer] [API]   hasBody: true,
[WebServer] [API]   bodyKeys: [],
[WebServer] [API]   hasAuth: true,
[WebServer] [API]   authHeaderPrefix: 'Bearer mock-test-token...',
[WebServer] [API]   contentType: undefined
[WebServer] [API] }
[WebServer] [API] [2026-02-04T22:38:47.495Z] GET /api/stripe-connect/account/status {
[WebServer] [API]   correlationId: '01431439-3f51-409f-aab6-fb8b891c55c7',
[WebServer] [API]   hasBody: true,
[WebServer] [API]   bodyKeys: [],
[WebServer] [API]   hasAuth: true,
[WebServer] [API]   authHeaderPrefix: 'Bearer mock-test-token...',
[WebServer] [API]   contentType: undefined
[WebServer] [API] }
[WebServer] [API] [2026-02-04T22:38:47.500Z] GET /api/analytics/dashboard {
[WebServer] [API]   correlationId: 'dda2f9df-045e-4288-ad63-ed8a0eb0fff0',
[WebServer] [API]   hasBody: true,
[WebServer] [API]   bodyKeys: [],
[WebServer] [API]   hasAuth: true,
[WebServer] [API]   authHeaderPrefix: 'Bearer mock-test-token...',
[WebServer] [API]   contentType: undefined
[WebServer] [API] }
  ok   7 [setup-professional] ΓÇ║ tests\e2e\auth-professional.setup.ts:173:1 ΓÇ║ create professional session state (58.0s)
  ok  38 [chromium] ΓÇ║ tests\e2e\onboarding-flow.spec.ts:21:3 ΓÇ║ HospoGo Onboarding Flow (full user journey) ΓÇ║ full journey: mock signup ΓåÆ Venue selection ΓåÆ no loop ΓåÆ state check ΓåÆ Stripe URL ΓåÆ dashboard access (26.3s)
  -   66 [chromium] ΓÇ║ tests\e2e\staff_privacy.spec.ts:370:5 ΓÇ║ Staff Privacy & Contact Masking E2E Tests ΓÇ║ Test Case 1: Verify contact details are masked for unhired applications ΓÇ║ should mask email and phone for unhired applicants on Business Plan
  -   67 [chromium] ΓÇ║ tests\e2e\staff_privacy.spec.ts:430:5 ΓÇ║ Staff Privacy & Contact Masking E2E Tests ΓÇ║ Test Case 1: Verify contact details are masked for unhired applications ΓÇ║ should display "Hire to view contact details" badge for masked applicants
  -   68 [chromium] ΓÇ║ tests\e2e\staff_privacy.spec.ts:489:5 ΓÇ║ Staff Privacy & Contact Masking E2E Tests ΓÇ║ Test Case 1: Verify contact details are masked for unhired applications ΓÇ║ should verify masked email format matches backend maskEmail() output
  -   69 [chromium] ΓÇ║ tests\e2e\staff_privacy.spec.ts:579:5 ΓÇ║ Staff Privacy & Contact Masking E2E Tests ΓÇ║ Test Case 1: Verify contact details are masked for unhired applications ΓÇ║ should verify masked phone format matches backend maskPhone() output
  -   70 [chromium] ΓÇ║ tests\e2e\staff_privacy.spec.ts:637:5 ΓÇ║ Staff Privacy & Contact Masking E2E Tests ΓÇ║ Test Case 2: Verify contact details are revealed only after confirmed hire ΓÇ║ should reveal full contact details after Confirm Hire and verify contactRevealed flag
  -   71 [chromium] ΓÇ║ tests\e2e\staff_privacy.spec.ts:877:5 ΓÇ║ Staff Privacy & Contact Masking E2E Tests ΓÇ║ Test Case 2: Verify contact details are revealed only after confirmed hire ΓÇ║ should verify hired staff shows full contact details while unhired remains masked
  -   72 [chromium] ΓÇ║ tests\e2e\staff_privacy.spec.ts:968:5 ΓÇ║ Staff Privacy & Contact Masking E2E Tests ΓÇ║ Test Case 2: Verify contact details are revealed only after confirmed hire ΓÇ║ should verify contactRevealed flag changes from false to true after hire
  -   73 [chromium] ΓÇ║ tests\e2e\staff_privacy.spec.ts:1168:5 ΓÇ║ Staff Privacy & Contact Masking E2E Tests ΓÇ║ API Response Verification ΓÇ║ should receive masked contact details from API for unhired applicants
  -   74 [chromium] ΓÇ║ tests\e2e\staff_privacy.spec.ts:1252:5 ΓÇ║ Staff Privacy & Contact Masking E2E Tests ΓÇ║ API Response Verification ΓÇ║ should intercept Confirm Hire response and verify contactRevealed flag is true
  -   75 [chromium] ΓÇ║ tests\e2e\staff-applications.spec.ts:172:5 ΓÇ║ Staff Applications E2E Tests ΓÇ║ Status Tabs ΓÇ║ should display three status tabs (Pending, Confirmed, Rejected)
  -   76 [chromium] ΓÇ║ tests\e2e\staff-applications.spec.ts:204:5 ΓÇ║ Staff Applications E2E Tests ΓÇ║ Pending Tab Count ΓÇ║ should display Pending tab with count greater than 0
  -   77 [chromium] ΓÇ║ tests\e2e\staff-applications.spec.ts:247:5 ΓÇ║ Staff Applications E2E Tests ΓÇ║ Withdraw Application Button ΓÇ║ should display Withdraw Application button on Pending application cards
  -   78 [chromium] ΓÇ║ tests\e2e\subscription_flow.spec.ts:252:5 ΓÇ║ Subscription & Stripe Flow ΓÇ║ Business Plan Selection & Onboarding Persistence ΓÇ║ should display Business plan at $149/month with 14-Day Free Trial badge
  -   79 [chromium] ΓÇ║ tests\e2e\subscription_flow.spec.ts:305:5 ΓÇ║ Subscription & Stripe Flow ΓÇ║ Business Plan Selection & Onboarding Persistence ΓÇ║ should persist plan preference through signup flow
  -   80 [chromium] ΓÇ║ tests\e2e\subscription_flow.spec.ts:365:5 ΓÇ║ Subscription & Stripe Flow ΓÇ║ Business Plan Selection & Onboarding Persistence ΓÇ║ should navigate from pricing to signup with correct context
  -   81 [chromium] ΓÇ║ tests\e2e\subscription_flow.spec.ts:386:5 ΓÇ║ Subscription & Stripe Flow ΓÇ║ Stripe Payment Element & Trial Activation ΓÇ║ should display Stripe Payment Element on onboarding hub
  -   82 [chromium] ΓÇ║ tests\e2e\subscription_flow.spec.ts:493:5 ΓÇ║ Subscription & Stripe Flow ΓÇ║ Stripe Payment Element & Trial Activation ΓÇ║ should allow skipping payment during onboarding
  -   83 [chromium] ΓÇ║ tests\e2e\subscription_flow.spec.ts:572:5 ΓÇ║ Subscription & Stripe Flow ΓÇ║ Fee Waiver Validation ΓÇ║ should verify Business tier user has fee waiver on Post a Shift page
  -   84 [chromium] ΓÇ║ tests\e2e\subscription_flow.spec.ts:656:5 ΓÇ║ Subscription & Stripe Flow ΓÇ║ Fee Waiver Validation ΓÇ║ should verify Starter tier user context is set correctly
  -   85 [chromium] ΓÇ║ tests\e2e\subscription_flow.spec.ts:735:5 ΓÇ║ Subscription & Stripe Flow ΓÇ║ End-to-End Business Subscription Journey ΓÇ║ complete flow: landing pricing ΓåÆ signup ΓåÆ verify context
  -   86 [chromium] ΓÇ║ tests\e2e\subscription_flow.spec.ts:779:5 ΓÇ║ Subscription & Stripe Flow ΓÇ║ End-to-End Business Subscription Journey ΓÇ║ verify subscription API intercepted correctly
  ok  60 [chromium] ΓÇ║ tests\e2e\investor-portal.spec.ts:361:5 ΓÇ║ Investor Portal E2E Tests ΓÇ║ Authenticated Persistence (Neutral Zone) ΓÇ║ Authenticated Business user stays on /investorportal (no redirect to dashboard) (8.5s)
(node:20132) Warning: The 'NO_COLOR' env is ignored due to the 'FORCE_COLOR' env being set.
(Use `node --trace-warnings ...` to show where the warning was created)
  ok  59 [chromium] ΓÇ║ tests\e2e\reputation_system.spec.ts:381:5 ΓÇ║ Reputation System - Automated Strike System E2E Tests ΓÇ║ No-Show Reporting ΓÇ║ should show suspended status after No-Show is reported (10.3s)
  ok  61 [chromium] ΓÇ║ tests\e2e\landing.spec.ts:101:5 ΓÇ║ Landing Page Tests ΓÇ║ Pricing Tiers ΓÇ║ should display Most Popular badge on Business tier (9.2s)
[WebServer] [API] [2026-02-04T22:38:50.927Z] GET /api/notifications {
[WebServer] [API]   correlationId: '79fcdcad-c597-40e5-854f-11d1c3ccc9be',
[WebServer] [API]   hasBody: true,
[WebServer] [API]   bodyKeys: [],
[WebServer] [API]   hasAuth: true,
[WebServer] [API]   authHeaderPrefix: 'Bearer mock-test-token...',
[WebServer] [API]   contentType: undefined
[WebServer] [API] }
[WebServer] [API] [2026-02-04T22:38:50.931Z] GET /api/conversations/unread-count {
[WebServer] [API]   correlationId: 'ed8fb259-d1c9-45b8-a030-56b8e3b4ba04',
[WebServer] [API]   hasBody: true,
[WebServer] [API]   bodyKeys: [],
[WebServer] [API]   hasAuth: true,
[WebServer] [API]   authHeaderPrefix: 'Bearer mock-test-token...',
[WebServer] [API]   contentType: undefined
[WebServer] [API] }
[WebServer] [API] [AUTH] authenticateUser called for GET /api/conversations/unread-count { hasAuthHeader: true, authHeaderPrefix: 'Bearer mock-test-tok' }
[WebServer] [API] [AUTH DEBUG] authenticateUser GET path=/api/conversations/unread-count hasAuth=true
  ok  62 [chromium] ΓÇ║ tests\e2e\landing-layout.spec.ts:139:5 ΓÇ║ Landing Page Layout Regression Tests ΓÇ║ Mobile Overflow Prevention ΓÇ║ should not have horizontal scroll on small mobile viewport (320x568) (7.1s)
[WebServer] [API] [2026-02-04T22:38:51.909Z] GET /api/notifications {
[WebServer] [API]   correlationId: '12764752-878f-47d8-9d37-9454ec30f627',
[WebServer] [API]   hasBody: true,
[WebServer] [API]   bodyKeys: [],
[WebServer] [API]   hasAuth: true,
[WebServer] [API]   authHeaderPrefix: 'Bearer mock-test-token...',
[WebServer] [API]   contentType: undefined
[WebServer] [API] }
[WebServer] [API] [2026-02-04T22:38:51.915Z] GET /api/conversations/unread-count {
[WebServer] [API]   correlationId: 'b6de98f2-7c86-417c-8d53-ccdf07e7d9b9',
[WebServer] [API]   hasBody: true,
[WebServer] [API]   bodyKeys: [],
[WebServer] [API]   hasAuth: true,
[WebServer] [API]   authHeaderPrefix: 'Bearer mock-test-token...',
[WebServer] [API]   contentType: undefined
[WebServer] [API] }
[WebServer] [API] [AUTH DEBUG] authenticateUser GET path=/api/conversations/unread-count hasAuth=true
[WebServer] [API] [AUTH] authenticateUser called for GET /api/conversations/unread-count { hasAuthHeader: true, authHeaderPrefix: 'Bearer mock-test-tok' }
  ok  87 [chromium] ΓÇ║ tests\e2e\venue-schedule.spec.ts:54:3 ΓÇ║ Venue Schedule E2E Tests ΓÇ║ mobile: does not cause horizontal page overflow (3.2s)
[WebServer] [API] [2026-02-04T22:38:52.315Z] GET /api/notifications {
[WebServer] [API]   correlationId: '7f1bf594-8011-475b-99f1-20ce2a3bce11',
[WebServer] [API]   hasBody: true,
[WebServer] [API]   bodyKeys: [],
[WebServer] [API]   hasAuth: true,
[WebServer] [API]   authHeaderPrefix: 'Bearer mock-test-token...',
[WebServer] [API]   contentType: undefined
[WebServer] [API] }
[WebServer] [API] [2026-02-04T22:38:52.319Z] GET /api/conversations/unread-count {
[WebServer] [API]   correlationId: 'a0974933-bcfb-4ab8-91fa-56f705b395b2',
[WebServer] [API]   hasBody: true,
[WebServer] [API]   bodyKeys: [],
[WebServer] [API]   hasAuth: true,
[WebServer] [API]   authHeaderPrefix: 'Bearer mock-test-token...',
[WebServer] [API]   contentType: undefined
[WebServer] [API] }
[WebServer] [API] [AUTH] authenticateUser called for GET /api/conversations/unread-count { hasAuthHeader: true, authHeaderPrefix: 'Bearer mock-test-tok' }
[WebServer] [API] [AUTH DEBUG] authenticateUser GET path=/api/conversations/unread-count hasAuth=true
[WebServer] [API] [2026-02-04T22:38:52.721Z] GET /api/integrations/xero/status {
[WebServer] [API]   correlationId: 'd8185cdc-651e-4467-b847-5d971e406b0a',
[WebServer] [API]   hasBody: true,
[WebServer] [API]   bodyKeys: [],
[WebServer] [API]   hasAuth: true,
[WebServer] [API]   authHeaderPrefix: 'Bearer mock-test-token...',
[WebServer] [API]   contentType: undefined
[WebServer] [API] }
[WebServer] [API] [2026-02-04T22:38:52.727Z] GET /api/integrations/xero/sync-history {
[WebServer] [API]   correlationId: 'ddce3e7e-b825-47a0-9740-b13e6578e271',
[WebServer] [API]   hasBody: true,
[WebServer] [API]   bodyKeys: [],
[WebServer] [API]   hasAuth: true,
[WebServer] [API]   authHeaderPrefix: 'Bearer mock-test-token...',
[WebServer] [API]   contentType: undefined
[WebServer] [API] }
[WebServer] [API] [2026-02-04T22:38:52.730Z] GET /api/venues/me {
[WebServer] [API]   correlationId: '794600ff-7b90-49c3-84cd-5a54d50cbf44',
[WebServer] [API]   hasBody: true,
[WebServer] [API]   bodyKeys: [],
[WebServer] [API]   hasAuth: true,
[WebServer] [API]   authHeaderPrefix: 'Bearer mock-test-token...',
[WebServer] [API]   contentType: undefined
[WebServer] [API] }
[WebServer] [API] [2026-02-04T22:38:52.734Z] GET /api/stripe-connect/account/status {
[WebServer] [API]   correlationId: 'f29e19b6-afd1-48c5-bdec-cf8044b5eaf4',
[WebServer] [API]   hasBody: true,
[WebServer] [API]   bodyKeys: [],
[WebServer] [API]   hasAuth: true,
[WebServer] [API]   authHeaderPrefix: 'Bearer mock-test-token...',
[WebServer] [API]   contentType: undefined
[WebServer] [API] }
[WebServer] [API] [2026-02-04T22:38:52.749Z] GET /api/analytics/dashboard {
[WebServer] [API]   correlationId: '06879738-6487-4ee3-b670-dcf08eb28a7a',
[WebServer] [API]   hasBody: true,
[WebServer] [API]   bodyKeys: [],
[WebServer] [API]   hasAuth: true,
[WebServer] [API]   authHeaderPrefix: 'Bearer mock-test-token...',
[WebServer] [API]   contentType: undefined
[WebServer] [API] }
  ok  88 [chromium] ΓÇ║ tests\e2e\investor-portal.spec.ts:392:5 ΓÇ║ Investor Portal E2E Tests ΓÇ║ Authenticated Persistence (Neutral Zone) ΓÇ║ Authenticated user can access Data Room documents without redirect (4.7s)
(node:20132) Warning: The 'NO_COLOR' env is ignored due to the 'FORCE_COLOR' env being set.
(Use `node --trace-warnings ...` to show where the warning was created)
  -   94 [chromium] ΓÇ║ tests\e2e\roster-costing.spec.ts:192:3 ΓÇ║ Roster Costing E2E Tests ΓÇ║ Est. Wage Cost displays $120.00 for 4h shift at $30/hr
  -   95 [chromium] ΓÇ║ tests\e2e\roster-costing.spec.ts:250:5 ΓÇ║ Financial RBAC E2E Tests ΓÇ║ Business Owner Access ΓÇ║ Business Owner sees Wage Costs pill with dollar value
  -   96 [chromium] ΓÇ║ tests\e2e\roster-costing.spec.ts:295:5 ΓÇ║ Financial RBAC E2E Tests ΓÇ║ Business Owner Access ΓÇ║ Business Owner sees individual Shift Cost in bucket expansion
  -   97 [chromium] ΓÇ║ tests\e2e\roster-costing.spec.ts:352:5 ΓÇ║ Financial RBAC E2E Tests ΓÇ║ Professional Staff Access ΓÇ║ Professional Staff cannot see Wage Costs pill
  -   98 [chromium] ΓÇ║ tests\e2e\roster-costing.spec.ts:393:5 ΓÇ║ Financial RBAC E2E Tests ΓÇ║ Professional Staff Access ΓÇ║ Professional Staff cannot see individual Shift Cost labels in expanded view
  -   99 [chromium] ΓÇ║ tests\e2e\xero-integration.spec.ts:65:5 ΓÇ║ Xero Integration E2E Tests ΓÇ║ Handshake Flow ΓÇ║ Connected state shows status and Disconnect button
  -  100 [chromium] ΓÇ║ tests\e2e\xero-integration.spec.ts:81:5 ΓÇ║ Xero Integration E2E Tests ΓÇ║ Handshake Flow ΓÇ║ Disconnect flow works when connected
  -  101 [chromium] ΓÇ║ tests\e2e\xero-integration.spec.ts:96:5 ΓÇ║ Xero Integration E2E Tests ΓÇ║ Employee Mapping ΓÇ║ Xero Employee Mapper table renders when connected
  -  102 [chromium] ΓÇ║ tests\e2e\xero-integration.spec.ts:104:5 ΓÇ║ Xero Integration E2E Tests ΓÇ║ Employee Mapping ΓÇ║ Select Xero employee, Save Mappings, verify success toast and persistence
  -  103 [chromium] ΓÇ║ tests\e2e\xero-integration.spec.ts:138:5 ΓÇ║ Xero Integration E2E Tests ΓÇ║ Timesheet Sync ΓÇ║ Select calendar, Sync Now, confirm and verify success
  -  104 [chromium] ΓÇ║ tests\e2e\xero-integration.spec.ts:171:5 ΓÇ║ Xero Integration E2E Tests ΓÇ║ Partial Success ΓÇ║ Partial sync shows both success and failure details
  -  105 [chromium] ΓÇ║ tests\e2e\xero-integration.spec.ts:195:5 ΓÇ║ Xero Integration E2E Tests ΓÇ║ Failure Scenarios ΓÇ║ Sync timesheet returns 500 - error toast shown
  -  106 [chromium] ΓÇ║ tests\e2e\xero-integration.spec.ts:208:5 ΓÇ║ Xero Integration E2E Tests ΓÇ║ Failure Scenarios ΓÇ║ Sync timesheet returns locked period - error handled
  -  107 [chromium] ΓÇ║ tests\e2e\xero-integration.spec.ts:221:5 ΓÇ║ Xero Integration E2E Tests ΓÇ║ Failure Scenarios ΓÇ║ Employees API returns 500 - error toast in mapper
  -  108 [chromium] ΓÇ║ tests\e2e\xero-integration.spec.ts:232:5 ΓÇ║ Xero Integration E2E Tests ΓÇ║ Token Refresh Mutex ΓÇ║ Only one Refresh token call is sent for concurrent API calls
  -  109 [chromium] ΓÇ║ tests\e2e\xero-integration.spec.ts:312:5 ΓÇ║ Xero Integration E2E Tests ΓÇ║ Token Refresh Mutex ΓÇ║ Refresh token is reused when multiple sync operations run rapidly
[WebServer] [API] [2026-02-04T22:38:55.404Z] GET /api/notifications {
[WebServer] [API]   correlationId: '25b298c5-1dec-43c6-8e5d-08d7c93c50d0',
[WebServer] [API]   hasBody: true,
[WebServer] [API]   bodyKeys: [],
[WebServer] [API]   hasAuth: true,
[WebServer] [API]   authHeaderPrefix: 'Bearer mock-test-token...',
[WebServer] [API]   contentType: undefined
[WebServer] [API] }
[WebServer] [API] [2026-02-04T22:38:55.411Z] GET /api/conversations/unread-count {
[WebServer] [API]   correlationId: '985452e5-5695-4f6e-8c8f-56c4c52ac237',
[WebServer] [API]   hasBody: true,
[WebServer] [API]   bodyKeys: [],
[WebServer] [API]   hasAuth: true,
[WebServer] [API]   authHeaderPrefix: 'Bearer mock-test-token...',
[WebServer] [API]   contentType: undefined
[WebServer] [API] }
[WebServer] [API] [AUTH] authenticateUser called for GET /api/conversations/unread-count { hasAuthHeader: true, authHeaderPrefix: 'Bearer mock-test-tok' }
[WebServer] [API] [AUTH DEBUG] authenticateUser GET path=/api/conversations/unread-count hasAuth=true
[INTEGRATION TEST] Firebase Admin credentials not available. Skipping real token tests.
  ok  64 [chromium] ΓÇ║ tests\e2e\onboarding.spec.ts:337:5 ΓÇ║ Onboarding Flow E2E Tests ΓÇ║ Complete Setup Banner ΓÇ║ should show banner again after 24 hours when dismissed (10.9s)
  -  110 [chromium] ΓÇ║ tests\integration.spec.ts:63:3 ΓÇ║ Backend Integration - Real Token Handshake ΓÇ║ Real Firebase token handshake with /api/me
[INTEGRATION TEST] Testing malformed token...
[WebServer] [API] [2026-02-04T22:38:56.331Z] GET /api/integrations/xero/status {
[WebServer] [API]   correlationId: '27e4aa52-61ee-49dd-96da-3fe06b55441c',
[WebServer] [API]   hasBody: true,
[WebServer] [API]   bodyKeys: [],
[WebServer] [API]   hasAuth: true,
[WebServer] [API]   authHeaderPrefix: 'Bearer mock-test-token...',
[WebServer] [API]   contentType: undefined
[WebServer] [API] }
[WebServer] [API] [2026-02-04T22:38:56.336Z] GET /api/integrations/xero/sync-history {
[WebServer] [API]   correlationId: 'bbba7f88-1fa2-4771-9549-f76bfdbc3da2',
[WebServer] [API]   hasBody: true,
[WebServer] [API]   bodyKeys: [],
[WebServer] [API]   hasAuth: true,
[WebServer] [API]   authHeaderPrefix: 'Bearer mock-test-token...',
[WebServer] [API]   contentType: undefined
[WebServer] [API] }
[WebServer] [API] [2026-02-04T22:38:56.342Z] GET /api/venues/me {
[WebServer] [API]   correlationId: '850bd40c-7111-496d-af3a-36fd1c143b20',
[WebServer] [API]   hasBody: true,
[WebServer] [API]   bodyKeys: [],
[WebServer] [API]   hasAuth: true,
[WebServer] [API]   authHeaderPrefix: 'Bearer mock-test-token...',
[WebServer] [API]   contentType: undefined
[WebServer] [API] }
[WebServer] [API] [2026-02-04T22:38:56.352Z] GET /api/stripe-connect/account/status {
[WebServer] [API]   correlationId: '04b53227-15fe-40d9-aa71-9cc4ea92d107',
[WebServer] [API]   hasBody: true,
[WebServer] [API]   bodyKeys: [],
[WebServer] [API]   hasAuth: true,
[WebServer] [API]   authHeaderPrefix: 'Bearer mock-test-token...',
[WebServer] [API]   contentType: undefined
[WebServer] [API] }
[WebServer] [API] [2026-02-04T22:38:56.358Z] GET /api/analytics/dashboard {
[WebServer] [API]   correlationId: '26410eb9-7546-4738-aee2-444092c254ae',
[WebServer] [API]   hasBody: true,
[WebServer] [API]   bodyKeys: [],
[WebServer] [API]   hasAuth: true,
[WebServer] [API]   authHeaderPrefix: 'Bearer mock-test-token...',
[WebServer] [API]   contentType: undefined
[WebServer] [API] }
[WebServer] [API] [2026-02-04T22:38:56.655Z] GET /api/notifications {
[WebServer] [API]   correlationId: '4ad80af3-1a78-48de-81ec-43de26754fbf',
[WebServer] [API]   hasBody: true,
[WebServer] [API]   bodyKeys: [],
[WebServer] [API]   hasAuth: true,
[WebServer] [API]   authHeaderPrefix: 'Bearer mock-test-token...',
[WebServer] [API]   contentType: undefined
[WebServer] [API] }
[WebServer] [API] [AUTH DEBUG] authenticateUser GET path=/api/conversations/unread-count hasAuth=true
[WebServer] [API] [2026-02-04T22:38:56.662Z] GET /api/conversations/unread-count {
[WebServer] [API]   correlationId: 'eec44301-7480-47c3-a377-185e8d28a592',
[WebServer] [API]   hasBody: true,
[WebServer] [API]   bodyKeys: [],
[WebServer] [API]   hasAuth: true,
[WebServer] [API]   authHeaderPrefix: 'Bearer mock-test-token...',
[WebServer] [API]   contentType: undefined
[WebServer] [API] }
[WebServer] [API] [AUTH] authenticateUser called for GET /api/conversations/unread-count { hasAuthHeader: true, authHeaderPrefix: 'Bearer mock-test-tok' }
[WebServer] [API] [2026-02-04T22:38:56.694Z] GET /api/me {
[WebServer] [API]   correlationId: 'c70b6383-1519-40a1-a92f-c7d00c08f159',
[WebServer] [API]   hasBody: true,
[WebServer] [API]   bodyKeys: [],
[WebServer] [API]   hasAuth: true,
[WebServer] [API]   authHeaderPrefix: 'Bearer invalid.token.format...',
[WebServer] [API]   contentType: 'application/json'
[WebServer] [API] }
[WebServer] [API] [AUTH] authenticateUser called for GET /api/me { hasAuthHeader: true, authHeaderPrefix: 'Bearer invalid.token' }
[WebServer] [API] [AUTH DEBUG] Firebase Admin initialized successfully { projectId: 'snipshift-75b04', hasAuthInstance: true }
[WebServer] [API] [AUTH DEBUG] Backend Project ID: snipshift-75b04
[WebServer] [API] [AUTH] Received Token Start: invalid.to
[WebServer] [API] [AUTH DEBUG] authenticateUser GET path=/api/me hasAuth=true
[WebServer] [API] [AUTH] Verifying token for /api/me {
[WebServer] [API]   hasToken: true,
[WebServer] [API]   tokenLength: 20,
[WebServer] [API]   tokenPrefix: 'invalid.token.format...',
[WebServer] [API]   tokenStart: 'invalid.to',
[WebServer] [API]   projectId: 'snipshift-75b04',
[WebServer] [API]   firebaseAuthInitialized: true
[WebServer] [API] }
[WebServer] [API] [AUTH ERROR] Token is malformed - cannot decode header/payload: {
[WebServer] [API]   "error": "Unexpected token '∩┐╜', \"∩┐╜{┌û'\" is not valid JSON"
[WebServer] [API] }
[WebServer] [API] [AUTH ERROR] Token is malformed - cannot decode header/payload: { error: `Unexpected token '∩┐╜', "∩┐╜{┌û'" is not valid JSON` }
[WebServer] [API] [AUTH ERROR] ============================================
[WebServer] [API] [AUTH ERROR] ============================================
[WebServer] [API] [AUTH ERROR] Token Verification Failed - Detailed Analysis
[WebServer] [API] [AUTH ERROR] Token Verification Failed - Detailed Analysis
[WebServer] [API] [AUTH ERROR] ============================================
[WebServer] [API] [AUTH ERROR] ============================================
[WebServer] [API] [AUTH ERROR] Error Code: auth/argument-error
[WebServer] [API] [AUTH ERROR] Error Code: auth/argument-error
[WebServer] [API] [AUTH ERROR] Error Name: Error
[WebServer] [API] [AUTH ERROR] Error Name: Error
[WebServer] [API] [WebServer] [AUTH ERROR] Error Message: Decoding Firebase ID token failed. Make sure you passed the entire string JWT which represents an ID token. See https://firebase.google.com/docs/auth/admin/verify-id-tokens for details on how to retrieve an ID token.
[WebServer] [API] [AUTH ERROR] Error Message: Decoding Firebase ID token failed. Make sure you passed the entire string JWT which represents an ID token. See https://firebase.google.com/docs/auth/admin/verify-id-tokens for details on how to retrieve an ID token.
[WebServer] [API] [AUTH ERROR] Path: /me
[WebServer] [API] [AUTH ERROR] Path: /me
[WebServer] [API] [AUTH ERROR] Method: GET
[WebServer] [API] [AUTH ERROR] Method: GET
[WebServer] [API] [AUTH ERROR] ============================================
[WebServer] [API] [AUTH ERROR] ============================================
[WebServer] [API] [AUTH ERROR] Token Details:
[WebServer] [API] [AUTH ERROR] Token Details:
[WebServer] [API] [AUTH ERROR]   - Length: 20
[WebServer] [API] [AUTH ERROR]   - Length: 20
[WebServer] [API] [AUTH ERROR]   - Prefix: invalid.token.format...
[WebServer] [API] [AUTH ERROR]   - Prefix: invalid.token.format...
[WebServer] [API] [AUTH ERROR]   - Suffix: ...invalid.token.format
[WebServer] [API] [AUTH ERROR]   - Suffix: ...invalid.token.format
[WebServer] [API] [AUTH ERROR]   - Token Project ID (from payload): N/A (could not decode)
[WebServer] [API] [AUTH ERROR]   - Token Project ID (from payload): N/A (could not decode)
[WebServer] [API] [AUTH ERROR]   - Token Expiry: N/A
[WebServer] [API] [AUTH ERROR]   - Token Expiry: N/A
[WebServer] [API] [AUTH ERROR]   - Is Expired: null
[WebServer] [API] [AUTH ERROR]   - Is Expired: null
[WebServer] [API] [AUTH ERROR] ============================================
[WebServer] [API] [AUTH ERROR] ============================================
[WebServer] [API] [AUTH ERROR] Environment Configuration:
[WebServer] [API] [AUTH ERROR] Environment Configuration:
[WebServer] [API] [AUTH ERROR]   - FIREBASE_PROJECT_ID: snipshift-75b04
[WebServer] [API] [AUTH ERROR]   - FIREBASE_PROJECT_ID: snipshift-75b04
[WebServer] [API] [AUTH ERROR]   - Firebase Auth Initialized: true
[WebServer] [API] [AUTH ERROR]   - Firebase Auth Initialized: true
[WebServer] [API] [AUTH ERROR]   - Project ID Match: NO
[WebServer] [API] [AUTH ERROR]   - Project ID Match: NO
[WebServer] [API] [AUTH ERROR] ============================================
[WebServer] [API] [AUTH ERROR] ============================================
[WebServer] [API] [AUTH ERROR] Failure Reason Analysis:
[WebServer] [API] [AUTH ERROR] Failure Reason Analysis:
[WebServer] [API] [AUTH ERROR]   - Is Expired: null
[WebServer] [API] [AUTH ERROR]   - Is Expired: null
[WebServer] [API] [AUTH ERROR]   - Is Invalid Format: true
[WebServer] [API] [AUTH ERROR]   - Is Invalid Format: true
[WebServer] [API] [AUTH ERROR]   - Is Project Mismatch: null
[WebServer] [API] [AUTH ERROR]   - Is Project Mismatch: null
[WebServer] [API] [AUTH ERROR]   - Is Revoked: false
[WebServer] [API] [AUTH ERROR]   - Is Revoked: false
[WebServer] [API] [AUTH ERROR]   - Is Malformed Header: true
[WebServer] [API] [AUTH ERROR]   - Is Malformed Header: true
[WebServer] [API] [AUTH ERROR]   - Is Invalid Signature: false
[WebServer] [API] [AUTH ERROR]   - Is Invalid Signature: false
[WebServer] [API] [AUTH ERROR] ============================================
[WebServer] [API] [AUTH ERROR] ============================================
[WebServer] [API] [AUTH ERROR] Diagnostic: Token header is malformed or invalid JWT format
[WebServer] [API] [AUTH ERROR] Diagnostic: Token header is malformed or invalid JWT format
[WebServer] [API] [AUTH ERROR] ============================================
[WebServer] [API] [AUTH ERROR] ============================================
[INTEGRATION TEST] 401 response for malformed token: {
  message: [32m'Unauthorized: Malformed token header.'[39m,
  error: [32m'Decoding Firebase ID token failed. Make sure you passed the entire string JWT which represents an ID token. See https://firebase.google.com/docs/auth/admin/verify-id-tokens for details on how to retrieve an ID token.'[39m,
  code: [32m'auth/argument-error'[39m,
  diagnostic: [32m'Token header is malformed or invalid JWT format'[39m,
  tokenProjectId: [1mnull[22m,
  expectedProjectId: [32m'snipshift-75b04'[39m,
  failureReasons: {
    isExpired: [1mnull[22m,
    isInvalidFormat: [33mtrue[39m,
    isProjectMismatch: [1mnull[22m,
    isRevoked: [33mfalse[39m,
    isMalformedHeader: [33mtrue[39m,
    isInvalidSignature: [33mfalse[39m
  }
}
  ok 112 [chromium] ΓÇ║ tests\integration.spec.ts:197:3 ΓÇ║ Backend Integration - Real Token Handshake ΓÇ║ Invalid token format - should return 401 with detailed error (754ms)
  ok  90 [chromium] ΓÇ║ tests\e2e\landing.spec.ts:119:5 ΓÇ║ Landing Page Tests ΓÇ║ Pricing Tiers ΓÇ║ should navigate to /signup?plan=business&trial=true when clicking Start 14-Day Free Trial (6.5s)
[INTEGRATION TEST] Testing expired/invalid token...
[WebServer] [API] [2026-02-04T22:38:57.005Z] GET /api/me {
[WebServer] [API]   correlationId: '75aafa16-7a46-496e-bd1e-62ced918380e',
[WebServer] [API]   hasBody: true,
[WebServer] [API]   bodyKeys: [],
[WebServer] [API]   hasAuth: true,
[WebServer] [API]   authHeaderPrefix: 'Bearer eyJhbGciOiJSUzI1NiIsInR...',
[WebServer] [API]   contentType: 'application/json'
[WebServer] [API] }
[WebServer] [API] [AUTH] authenticateUser called for GET /api/me { hasAuthHeader: true, authHeaderPrefix: 'Bearer eyJhbGciOiJSU' }
[WebServer] [API] [AUTH DEBUG] authenticateUser GET path=/api/me hasAuth=true
[WebServer] [API] [AUTH DEBUG] Firebase Admin initialized successfully { projectId: 'snipshift-75b04', hasAuthInstance: true }
[WebServer] [API] [AUTH DEBUG] Backend Project ID: snipshift-75b04
[WebServer] [API] [AUTH] Received Token Start: eyJhbGciOi
[WebServer] [API] [AUTH] Verifying token for /api/me {
[WebServer] [API]   hasToken: true,
[WebServer] [API]   tokenLength: 229,
[WebServer] [API]   tokenPrefix: 'eyJhbGciOiJSUzI1NiIsInR5cCI6Ik...',
[WebServer] [API]   tokenStart: 'eyJhbGciOi',
[WebServer] [API]   projectId: 'snipshift-75b04',
[WebServer] [API]   firebaseAuthInitialized: true
[WebServer] [API] }
[WebServer] [API] [AUTH ERROR] ============================================
[WebServer] [API] [AUTH ERROR] ============================================
[WebServer] [API] [AUTH ERROR] Token Verification Failed - Detailed Analysis
[WebServer] [API] [AUTH ERROR] Token Verification Failed - Detailed Analysis
[WebServer] [API] [AUTH ERROR] ============================================
[WebServer] [API] [AUTH ERROR] ============================================
[WebServer] [API] [AUTH ERROR] Error Code: auth/argument-error
[WebServer] [API] [AUTH ERROR] Error Code: auth/argument-error
[WebServer] [API] [AUTH ERROR] Error Name: Error
[WebServer] [API] [AUTH ERROR] Error Name: Error
[WebServer] [API] [AUTH ERROR] Error Message: Firebase ID token has no "sub" (subject) claim. See https://firebase.google.com/docs/auth/admin/verify-id-tokens for details on how to retrieve an ID token.
[WebServer] [API] [AUTH ERROR] Error Message: Firebase ID token has no "sub" (subject) claim. See https://firebase.google.com/docs/auth/admin/verify-id-tokens for details on how to retrieve an ID token.
[WebServer] [API] [AUTH ERROR] Path: /me
[WebServer] [API] [AUTH ERROR] Path: /me
[WebServer] [API] [AUTH ERROR] Method: GET
[WebServer] [API] [AUTH ERROR] Method: GET
[WebServer] [API] [AUTH ERROR] ============================================
[WebServer] [API] [AUTH ERROR] ============================================
[WebServer] [API] [AUTH ERROR] Token Details:
[WebServer] [API] [AUTH ERROR] Token Details:
[WebServer] [API] [AUTH ERROR]   - Length: 229
[WebServer] [API] [AUTH ERROR]   - Length: 229
[WebServer] [API] [AUTH ERROR]   - Prefix: eyJhbGciOiJSUzI1NiIs...
[WebServer] [API] [AUTH ERROR]   - Prefix: eyJhbGciOiJSUzI1NiIs...
[WebServer] [API] [AUTH ERROR]   - Suffix: ...fQ.expired-signature
[WebServer] [API] [AUTH ERROR]   - Suffix: ...fQ.expired-signature
[WebServer] [API] [AUTH ERROR]   - Token Project ID (from payload): snipshift-75b04
[WebServer] [API] [AUTH ERROR]   - Token Project ID (from payload): snipshift-75b04
[WebServer] [API] [AUTH ERROR]   - Token Expiry: 2020-09-13T12:26:40.000Z
[WebServer] [API] [AUTH ERROR]   - Token Expiry: 2020-09-13T12:26:40.000Z
[WebServer] [API] [AUTH ERROR]   - Is Expired: true
[WebServer] [API] [AUTH ERROR]   - Is Expired: true
[WebServer] [API] [AUTH ERROR] ============================================
[WebServer] [API] [AUTH ERROR] ============================================
[WebServer] [API] [AUTH ERROR] Environment Configuration:
[WebServer] [API] [AUTH ERROR] Environment Configuration:
[WebServer] [API] [AUTH ERROR]   - FIREBASE_PROJECT_ID: snipshift-75b04
[WebServer] [API] [AUTH ERROR]   - FIREBASE_PROJECT_ID: snipshift-75b04
[WebServer] [API] [AUTH ERROR]   - Firebase Auth Initialized: true
[WebServer] [API] [AUTH ERROR]   - Firebase Auth Initialized: true
[WebServer] [API] [AUTH ERROR]   - Project ID Match: YES
[WebServer] [API] [AUTH ERROR]   - Project ID Match: YES
[WebServer] [API] [AUTH ERROR] ============================================
[WebServer] [API] [AUTH ERROR] ============================================
[WebServer] [API] [AUTH ERROR] Failure Reason Analysis:
[WebServer] [API] [AUTH ERROR] Failure Reason Analysis:
[WebServer] [API] [AUTH ERROR]   - Is Expired: true
[WebServer] [API] [AUTH ERROR]   - Is Expired: true
[WebServer] [API] [AUTH ERROR]   - Is Invalid Format: true
[WebServer] [API] [AUTH ERROR]   - Is Invalid Format: true
[WebServer] [API] [AUTH ERROR]   - Is Project Mismatch: false
[WebServer] [API] [AUTH ERROR]   - Is Project Mismatch: false
[WebServer] [API] [AUTH ERROR]   - Is Revoked: false
[WebServer] [API] [AUTH ERROR]   - Is Revoked: false
[WebServer] [API] [AUTH ERROR]   - Is Malformed Header: false
[WebServer] [API] [AUTH ERROR]   - Is Malformed Header: false
[WebServer] [API] [AUTH ERROR]   - Is Invalid Signature: false
[WebServer] [API] [AUTH ERROR]   - Is Invalid Signature: false
[WebServer] [API] [AUTH ERROR] ============================================
[WebServer] [API] [AUTH ERROR] ============================================
[WebServer] [API] [AUTH ERROR] Diagnostic: Token expired at 2020-09-13T12:26:40.000Z
[WebServer] [API] [AUTH ERROR] Diagnostic: Token expired at 2020-09-13T12:26:40.000Z
[WebServer] [API] [AUTH ERROR] ============================================
[WebServer] [API] [AUTH ERROR] ============================================
[INTEGRATION TEST] 401 response for expired token: {
  message: [32m'Unauthorized: Token expired. Please sign in again.'[39m,
  error: [32m'Firebase ID token has no "sub" (subject) claim. See https://firebase.google.com/docs/auth/admin/verify-id-tokens for details on how to retrieve an ID token.'[39m,
  code: [32m'auth/argument-error'[39m,
  diagnostic: [32m'Token expired at 2020-09-13T12:26:40.000Z'[39m,
  tokenProjectId: [32m'snipshift-75b04'[39m,
  expectedProjectId: [32m'snipshift-75b04'[39m,
  failureReasons: {
    isExpired: [33mtrue[39m,
    isInvalidFormat: [33mtrue[39m,
    isProjectMismatch: [33mfalse[39m,
    isRevoked: [33mfalse[39m,
    isMalformedHeader: [33mfalse[39m,
    isInvalidSignature: [33mfalse[39m
  }
}
  ok 113 [chromium] ΓÇ║ tests\integration.spec.ts:221:3 ΓÇ║ Backend Integration - Real Token Handshake ΓÇ║ Expired token - should return 401 with expiry error (68ms)
[INTEGRATION TEST] Firebase Admin credentials not available. Skipping real token tests.
  -  115 [chromium] ΓÇ║ tests\integration.spec.ts:245:3 ΓÇ║ Backend Integration - Real Token Handshake ΓÇ║ Project ID mismatch - should log detailed error
  -  116 [chromium] ΓÇ║ tests\pro-marketplace.spec.ts:8:6 ΓÇ║ Hospo Staff Onboarding: Complete profile, apply for shifts, clock in with geofence, and complete shift cycle
  -  117 [chromium] ΓÇ║ tests\visual\dashboard.spec.ts:63:5 ΓÇ║ Visual Regression Tests - Dashboard ΓÇ║ User Dashboard ΓÇ║ should match baseline screenshot for user dashboard
  -  118 [chromium] ΓÇ║ tests\visual\dashboard.spec.ts:81:5 ΓÇ║ Visual Regression Tests - Dashboard ΓÇ║ User Dashboard ΓÇ║ should match baseline screenshot for user dashboard on mobile
  -  119 [chromium] ΓÇ║ tests\visual\dashboard.spec.ts:104:5 ΓÇ║ Visual Regression Tests - Dashboard ΓÇ║ Venue Dashboard ΓÇ║ should match baseline screenshot for venue dashboard
  -  120 [chromium] ΓÇ║ tests\visual\dashboard.spec.ts:134:5 ΓÇ║ Visual Regression Tests - Dashboard ΓÇ║ Venue Dashboard ΓÇ║ should match baseline screenshot for venue dashboard on mobile
  -  121 [chromium] ΓÇ║ tests\visual\dashboard.spec.ts:164:5 ΓÇ║ Visual Regression Tests - Dashboard ΓÇ║ Onboarding Hub ΓÇ║ should match baseline screenshot for onboarding hub step 1
[WebServer] [API] [2026-02-04T22:38:57.475Z] POST /api/investors/rsvp {
[WebServer] [API]   correlationId: 'ae76b9af-89d4-4a44-b347-01785919fa48',
[WebServer] [API]   hasBody: true,
[WebServer] [API]   bodyKeys: [ 'email', 'name', 'timestamp' ],
[WebServer] [API]   hasAuth: true,
[WebServer] [API]   authHeaderPrefix: 'Bearer mock-test-token...',
[WebServer] [API]   contentType: 'application/json'
[WebServer] [API] }
[WebServer] [API] [INVESTOR RSVP] {
[WebServer] [API]   email: 'test-owner@example.com',
[WebServer] [API]   name: 'Anonymous Investor',
[WebServer] [API]   timestamp: '2026-02-04T22:38:57.132Z',
[WebServer] [API]   ip: '127.0.0.1',
[WebServer] [API]   userAgent: 'Mozilla/5.0 (Windows NT 10.0; Win64; x64) AppleWebKit/537.36 (KHTML, like Gecko) Chrome/145.0.7632.6 Safari/537.36'
[WebServer] [API] }
  -  122 [chromium] ΓÇ║ tests\visual\dashboard.spec.ts:193:5 ΓÇ║ Visual Regression Tests - Dashboard ΓÇ║ Onboarding Hub ΓÇ║ should match baseline screenshot for onboarding hub on mobile
  -  123 [chromium] ΓÇ║ tests\visual\dashboard.spec.ts:223:5 ΓÇ║ Visual Regression Tests - Dashboard ΓÇ║ Dark Theme Verification ΓÇ║ should verify dark theme is applied globally
  ok  89 [chromium] ΓÇ║ tests\e2e\reputation_system.spec.ts:418:5 ΓÇ║ Reputation System - Automated Strike System E2E Tests ΓÇ║ No-Show Reporting ΓÇ║ should prevent duplicate No-Show reports (8.5s)
  ok  93 [chromium] ΓÇ║ tests\e2e\investor-portal.spec.ts:431:5 ΓÇ║ Investor Portal E2E Tests ΓÇ║ Authenticated Persistence (Neutral Zone) ΓÇ║ Authenticated user can submit RSVP without redirect (5.8s)
  ok  91 [chromium] ΓÇ║ tests\e2e\landing-layout.spec.ts:160:5 ΓÇ║ Landing Page Layout Regression Tests ΓÇ║ Mobile Overflow Prevention ΓÇ║ should not have horizontal scroll when scrolling entire page on mobile (9.0s)
[WebServer] [API] [2026-02-04T22:39:00.240Z] GET /api/notifications {
[WebServer] [API]   correlationId: '9294daea-9946-485d-b346-238851b33357',
[WebServer] [API]   hasBody: true,
[WebServer] [API]   bodyKeys: [],
[WebServer] [API]   hasAuth: true,
[WebServer] [API]   authHeaderPrefix: 'Bearer mock-test-token...',
[WebServer] [API]   contentType: undefined
[WebServer] [API] }
[WebServer] [API] [2026-02-04T22:39:00.249Z] GET /api/conversations/unread-count {
[WebServer] [API]   correlationId: 'ebeac1dd-3edd-490d-adae-c4a9fbc1adb1',
[WebServer] [API]   hasBody: true,
[WebServer] [API]   bodyKeys: [],
[WebServer] [API]   hasAuth: true,
[WebServer] [API]   authHeaderPrefix: 'Bearer mock-test-token...',
[WebServer] [API]   contentType: undefined
[WebServer] [API] }
[WebServer] [API] [AUTH DEBUG] authenticateUser GET path=/api/conversations/unread-count hasAuth=true
[WebServer] [API] [WebServer] [AUTH] authenticateUser called for GET /api/conversations/unread-count { hasAuthHeader: true, authHeaderPrefix: 'Bearer mock-test-tok' }
[WebServer] [API] [2026-02-04T22:39:00.506Z] GET /api/users/verification-status {
[WebServer] [API]   correlationId: 'f73cbb6e-3012-474a-821b-e389d74bbb93',
[WebServer] [API]   hasBody: true,
[WebServer] [API]   bodyKeys: [],
[WebServer] [API]   hasAuth: true,
[WebServer] [API]   authHeaderPrefix: 'Bearer mock-test-token...',
[WebServer] [API]   contentType: undefined
[WebServer] [API] }
[WebServer] [API] [2026-02-04T22:39:00.510Z] GET /api/jobs {
[WebServer] [API]   correlationId: 'f4ceb77a-6c1a-4e15-a01f-4d907d5e5e32',
[WebServer] [API]   hasBody: true,
[WebServer] [API]   bodyKeys: [],
[WebServer] [API]   hasAuth: true,
[WebServer] [API]   authHeaderPrefix: 'Bearer mock-test-token...',
[WebServer] [API]   contentType: undefined
[WebServer] [API] }
[WebServer] [API] [2026-02-04T22:39:00.516Z] GET /api/analytics/dashboard {
[WebServer] [API]   correlationId: 'b945d206-bf4f-4695-939f-8da616421d5e',
[WebServer] [API]   hasBody: true,
[WebServer] [API]   bodyKeys: [],
[WebServer] [API]   hasAuth: true,
[WebServer] [API]   authHeaderPrefix: 'Bearer mock-test-token...',
[WebServer] [API]   contentType: undefined
[WebServer] [API] }
[WebServer] [API] [2026-02-04T22:39:00.538Z] GET /api/shifts/messages/unread-count {
[WebServer] [API]   correlationId: '7716018c-3471-4b4b-b58e-675aa5577aad',
[WebServer] [API]   hasBody: true,
[WebServer] [API]   bodyKeys: [],
[WebServer] [API]   hasAuth: true,
[WebServer] [API]   authHeaderPrefix: 'Bearer mock-test-token...',
[WebServer] [API]   contentType: undefined
[WebServer] [API] }
[WebServer] [API] [WebServer] [2026-02-04T22:39:01.112Z] GET /api/me/reputation {
[WebServer] [API]   correlationId: '0aa8584c-4e03-433c-91ca-565ec0a242f3',
[WebServer] [API]   hasBody: true,
[WebServer] [API]   bodyKeys: [],
[WebServer] [API]   hasAuth: true,
[WebServer] [API]   authHeaderPrefix: 'Bearer mock-test-token...',
[WebServer] [API]   contentType: undefined
[WebServer] [API] }
[WebServer] [API] [2026-02-04T22:39:01.116Z] GET /api/worker/priority-boost {
[WebServer] [API]   correlationId: '8abbf8b9-f474-4191-8d90-638f9abdfa7b',
[WebServer] [API]   hasBody: true,
[WebServer] [API]   bodyKeys: [],
[WebServer] [API]   hasAuth: true,
[WebServer] [API]   authHeaderPrefix: 'Bearer mock-test-token...',
[WebServer] [API]   contentType: undefined
[WebServer] [API] }
[WebServer] [API] [2026-02-04T22:39:01.124Z] GET /api/worker/recommendations {
[WebServer] [API]   correlationId: '5fc4681d-c5b4-488a-b008-378292516bb4',
[WebServer] [API]   hasBody: true,
[WebServer] [API]   bodyKeys: [],
[WebServer] [API]   hasAuth: true,
[WebServer] [API]   authHeaderPrefix: 'Bearer mock-test-token...',
[WebServer] [API]   contentType: undefined
[WebServer] [API] }
[WebServer] [API] [GET /api/worker/recommendations] No location provided, returning empty recommendations
[WebServer] [API] [2026-02-04T22:39:01.130Z] GET /api/worker/waitlisted-shifts {
[WebServer] [API]   correlationId: 'def0d98e-7b2f-4989-b37c-539fa585543c',
[WebServer] [API]   hasBody: true,
[WebServer] [API]   bodyKeys: [],
[WebServer] [API]   hasAuth: true,
[WebServer] [API]   authHeaderPrefix: 'Bearer mock-test-token...',
[WebServer] [API]   contentType: undefined
[WebServer] [API] }
[WebServer] [API] [2026-02-04T22:39:01.141Z] GET /api/me/availability {
[WebServer] [API]   correlationId: '5fa11776-6549-4b1d-94a6-7c3c42842c84',
[WebServer] [API]   hasBody: true,
[WebServer] [API]   bodyKeys: [],
[WebServer] [API]   hasAuth: true,
[WebServer] [API]   authHeaderPrefix: 'Bearer mock-test-token...',
[WebServer] [API]   contentType: undefined
[WebServer] [API] }
[WebServer] [API] [2026-02-04T22:39:01.148Z] GET /api/worker/earnings {
[WebServer] [API]   correlationId: 'c3ee3873-ba7c-478f-ba67-151436477370',
[WebServer] [API]   hasBody: true,
[WebServer] [API]   bodyKeys: [],
[WebServer] [API]   hasAuth: true,
[WebServer] [API]   authHeaderPrefix: 'Bearer mock-test-token...',
[WebServer] [API]   contentType: undefined
[WebServer] [API] }
Γ£à First barber accepted the shift
[WebServer] [API] [2026-02-04T22:39:01.709Z] GET /api/shifts/pending-review {
[WebServer] [API]   correlationId: '1bccf5e0-5b1a-49d3-b0fc-2a62db1239d8',
[WebServer] [API]   hasBody: true,
[WebServer] [API]   bodyKeys: [],
[WebServer] [API]   hasAuth: true,
[WebServer] [API]   authHeaderPrefix: 'Bearer mock-test-token...',
[WebServer] [API]   contentType: undefined
[WebServer] [API] }
  ok 114 [chromium] ΓÇ║ tests\e2e\landing.spec.ts:144:5 ΓÇ║ Landing Page Tests ΓÇ║ FAQ Interaction ΓÇ║ should expand FAQ item and display answer when clicked (6.9s)
  ok  92 [chromium] ΓÇ║ tests\e2e\venue-schedule.spec.ts:107:3 ΓÇ║ Venue Schedule E2E Tests ΓÇ║ quick create + bulk actions + confirmed shift safety (12.3s)
[WebServer] [API] [2026-02-04T22:39:04.511Z] GET /api/notifications {
[WebServer] [API]   correlationId: 'c5b43dc6-16a9-4839-84a3-c0f48959b4d8',
[WebServer] [API]   hasBody: true,
[WebServer] [API]   bodyKeys: [],
[WebServer] [API]   hasAuth: true,
[WebServer] [API]   authHeaderPrefix: 'Bearer mock-test-token...',
[WebServer] [API]   contentType: undefined
[WebServer] [API] }
[WebServer] [API] [2026-02-04T22:39:04.515Z] GET /api/conversations/unread-count {
[WebServer] [API]   correlationId: 'fb2e1b5f-c081-4c5b-8b6d-edb992256741',
[WebServer] [API]   hasBody: true,
[WebServer] [API]   bodyKeys: [],
[WebServer] [API]   hasAuth: true,
[WebServer] [API]   authHeaderPrefix: 'Bearer mock-test-token...',
[WebServer] [API]   contentType: undefined
[WebServer] [API] }
[WebServer] [API] [AUTH DEBUG] authenticateUser GET path=/api/conversations/unread-count hasAuth=true
[WebServer] [API] [AUTH] authenticateUser called for GET /api/conversations/unread-count { hasAuthHeader: true, authHeaderPrefix: 'Bearer mock-test-tok' }
[WebServer] [API] [2026-02-04T22:39:05.298Z] GET /api/users/verification-status {
[WebServer] [API]   correlationId: '379f534a-4820-4ce6-8da6-f70192b4e18d',
[WebServer] [API]   hasBody: true,
[WebServer] [API]   bodyKeys: [],
[WebServer] [API]   hasAuth: true,
[WebServer] [API]   authHeaderPrefix: 'Bearer mock-test-token...',
[WebServer] [API]   contentType: undefined
[WebServer] [API] }
[WebServer] [API] [2026-02-04T22:39:05.310Z] GET /api/jobs {
[WebServer] [API]   correlationId: 'a947fe84-3d2d-4191-a709-6c687a96b6be',
[WebServer] [API]   hasBody: true,
[WebServer] [API]   bodyKeys: [],
[WebServer] [API]   hasAuth: true,
[WebServer] [API]   authHeaderPrefix: 'Bearer mock-test-token...',
[WebServer] [API]   contentType: undefined
[WebServer] [API] }
[WebServer] [API] [2026-02-04T22:39:05.313Z] GET /api/applications {
[WebServer] [API]   correlationId: '02d3c22c-6327-4777-aad1-94294d4ad310',
[WebServer] [API]   hasBody: true,
[WebServer] [API]   bodyKeys: [],
[WebServer] [API]   hasAuth: true,
[WebServer] [API]   authHeaderPrefix: 'Bearer mock-test-token...',
[WebServer] [API]   contentType: undefined
[WebServer] [API] }
[WebServer] [API] [2026-02-04T22:39:05.332Z] GET /api/analytics/dashboard {
[WebServer] [API]   correlationId: '3d6c7f0d-41ad-41a3-9849-89a3c2d4d328',
[WebServer] [API]   hasBody: true,
[WebServer] [API]   bodyKeys: [],
[WebServer] [API]   hasAuth: true,
[WebServer] [API]   authHeaderPrefix: 'Bearer mock-test-token...',
[WebServer] [API]   contentType: undefined
[WebServer] [API] }
  ok 124 [chromium] ΓÇ║ tests\waitlist-ui.spec.ts:4:3 ΓÇ║ Waitlist UI Smoke Test ΓÇ║ Waitlist page renders and toggle works correctly (7.6s)
[WebServer] [API] [2026-02-04T22:39:05.842Z] GET /api/worker/priority-boost {
[WebServer] [API]   correlationId: 'c7e45851-e37e-4d5e-a4a7-0d76ed134283',
[WebServer] [API]   hasBody: true,
[WebServer] [API]   bodyKeys: [],
[WebServer] [API]   hasAuth: true,
[WebServer] [API]   authHeaderPrefix: 'Bearer mock-test-token...',
[WebServer] [API]   contentType: undefined
[WebServer] [API] }
[WebServer] [API] [2026-02-04T22:39:05.847Z] GET /api/worker/recommendations {
[WebServer] [API]   correlationId: '56102b7f-f544-4cec-9b67-01f392ef1f0e',
[WebServer] [API]   hasBody: true,
[WebServer] [API]   bodyKeys: [],
[WebServer] [API]   hasAuth: true,
[WebServer] [API]   authHeaderPrefix: 'Bearer mock-test-token...',
[WebServer] [API]   contentType: undefined
[WebServer] [API] }
[WebServer] [API] [GET /api/worker/recommendations] No location provided, returning empty recommendations
[WebServer] [API] [2026-02-04T22:39:05.856Z] GET /api/worker/waitlisted-shifts {
[WebServer] [API]   correlationId: '3f8c6a8c-cb59-4f65-90fb-61ea361a6304',
[WebServer] [API]   hasBody: true,
[WebServer] [API]   bodyKeys: [],
[WebServer] [API]   hasAuth: true,
[WebServer] [API]   authHeaderPrefix: 'Bearer mock-test-token...',
[WebServer] [API]   contentType: undefined
[WebServer] [API] }
[WebServer] [API] [2026-02-04T22:39:05.860Z] GET /api/me/availability {
[WebServer] [API]   correlationId: '1d4577d8-c355-4a27-953c-f20ecc72e71d',
[WebServer] [API]   hasBody: true,
[WebServer] [API]   bodyKeys: [],
[WebServer] [API]   hasAuth: true,
[WebServer] [API]   authHeaderPrefix: 'Bearer mock-test-token...',
[WebServer] [API]   contentType: undefined
[WebServer] [API] }
[WebServer] [API] [2026-02-04T22:39:05.861Z] GET /api/worker/earnings {
[WebServer] [API]   correlationId: '5e225502-1688-46b9-a52d-abe05c756c33',
[WebServer] [API]   hasBody: true,
[WebServer] [API]   bodyKeys: [],
[WebServer] [API]   hasAuth: true,
[WebServer] [API]   authHeaderPrefix: 'Bearer mock-test-token...',
[WebServer] [API]   contentType: undefined
[WebServer] [API] }
[WebServer] [API] [2026-02-04T22:39:06.081Z] GET /api/notifications {
[WebServer] [API]   correlationId: '794d58cc-88d2-472b-8e57-e4b0dac24a3d',
[WebServer] [API]   hasBody: true,
[WebServer] [API]   bodyKeys: [],
[WebServer] [API]   hasAuth: true,
[WebServer] [API]   authHeaderPrefix: 'Bearer mock-test-token...',
[WebServer] [API]   contentType: undefined
[WebServer] [API] }
[WebServer] [API] [2026-02-04T22:39:06.087Z] GET /api/conversations/unread-count {
[WebServer] [API]   correlationId: '71116dbb-cf95-41a6-9c0c-d5c9d995eca4',
[WebServer] [API]   hasBody: true,
[WebServer] [API]   bodyKeys: [],
[WebServer] [API]   hasAuth: true,
[WebServer] [API]   authHeaderPrefix: 'Bearer mock-test-token...',
[WebServer] [API]   contentType: undefined
[WebServer] [API] }
[WebServer] [API] [AUTH] authenticateUser called for GET /api/conversations/unread-count { hasAuthHeader: true, authHeaderPrefix: 'Bearer mock-test-tok' }
[WebServer] [API] [AUTH DEBUG] authenticateUser GET path=/api/conversations/unread-count hasAuth=true
[WebServer] [API] [2026-02-04T22:39:06.308Z] GET /api/users/verification-status {
[WebServer] [API]   correlationId: '7b10de5a-050f-494d-be51-5c11a15172fa',
[WebServer] [API]   hasBody: true,
[WebServer] [API]   bodyKeys: [],
[WebServer] [API]   hasAuth: true,
[WebServer] [API]   authHeaderPrefix: 'Bearer mock-test-token...',
[WebServer] [API]   contentType: undefined
[WebServer] [API] }
[WebServer] [API] [2026-02-04T22:39:06.310Z] GET /api/jobs {
[WebServer] [API]   correlationId: '6bf6a684-13d1-4b85-a30b-fe568330d155',
[WebServer] [API]   hasBody: true,
[WebServer] [API]   bodyKeys: [],
[WebServer] [API]   hasAuth: true,
[WebServer] [API]   authHeaderPrefix: 'Bearer mock-test-token...',
[WebServer] [API]   contentType: undefined
[WebServer] [API] }
[WebServer] [API] [2026-02-04T22:39:06.326Z] GET /api/analytics/dashboard {
[WebServer] [API]   correlationId: '16db674b-da58-46d2-b66d-ae5eba02a1ce',
[WebServer] [API]   hasBody: true,
[WebServer] [API]   bodyKeys: [],
[WebServer] [API]   hasAuth: true,
[WebServer] [API]   authHeaderPrefix: 'Bearer mock-test-token...',
[WebServer] [API]   contentType: undefined
[WebServer] [API] }
[WebServer] [API] [2026-02-04T22:39:06.332Z] GET /api/shifts/messages/unread-count {
[WebServer] [API]   correlationId: 'afafbf36-c75d-4abf-ac2d-ce1278203998',
[WebServer] [API]   hasBody: true,
[WebServer] [API]   bodyKeys: [],
[WebServer] [API]   hasAuth: true,
[WebServer] [API]   authHeaderPrefix: 'Bearer mock-test-token...',
[WebServer] [API]   contentType: undefined
[WebServer] [API] }
[WebServer] [API] [2026-02-04T22:39:06.763Z] GET /api/worker/priority-boost {
[WebServer] [API]   correlationId: 'a2364a69-5373-4b48-947b-ded01d21c27c',
[WebServer] [API]   hasBody: true,
[WebServer] [API]   bodyKeys: [],
[WebServer] [API]   hasAuth: true,
[WebServer] [API]   authHeaderPrefix: 'Bearer mock-test-token...',
[WebServer] [API]   contentType: undefined
[WebServer] [API] }
[WebServer] [API] [2026-02-04T22:39:06.769Z] GET /api/worker/recommendations {
[WebServer] [API]   correlationId: '664362f2-46e9-43e4-bb2b-65399bc96d4d',
[WebServer] [API]   hasBody: true,
[WebServer] [API]   bodyKeys: [],
[WebServer] [API]   hasAuth: true,
[WebServer] [API]   authHeaderPrefix: 'Bearer mock-test-token...',
[WebServer] [API]   contentType: undefined
[WebServer] [API] }
[WebServer] [API] [GET /api/worker/recommendations] No location provided, returning empty recommendations
[WebServer] [API] [2026-02-04T22:39:06.774Z] GET /api/worker/waitlisted-shifts {
[WebServer] [API]   correlationId: '3a705a8c-0f1f-4cef-9fc5-d87ba72a15e3',
[WebServer] [API]   hasBody: true,
[WebServer] [API]   bodyKeys: [],
[WebServer] [API]   hasAuth: true,
[WebServer] [API]   authHeaderPrefix: 'Bearer mock-test-token...',
[WebServer] [API]   contentType: undefined
[WebServer] [API] }
[WebServer] [API] [2026-02-04T22:39:06.778Z] GET /api/me/availability {
[WebServer] [API]   correlationId: '8eb0bc29-4df2-4c68-9abe-5eb39f425839',
[WebServer] [API]   hasBody: true,
[WebServer] [API]   bodyKeys: [],
[WebServer] [API]   hasAuth: true,
[WebServer] [API]   authHeaderPrefix: 'Bearer mock-test-token...',
[WebServer] [API]   contentType: undefined
[WebServer] [API] }
[WebServer] [API] [2026-02-04T22:39:06.779Z] GET /api/worker/earnings {
[WebServer] [API]   correlationId: 'b7a0aade-53df-4455-b9c1-0777a6209130',
[WebServer] [API]   hasBody: true,
[WebServer] [API]   bodyKeys: [],
[WebServer] [API]   hasAuth: true,
[WebServer] [API]   authHeaderPrefix: 'Bearer mock-test-token...',
[WebServer] [API]   contentType: undefined
[WebServer] [API] }
[WebServer] [API] [2026-02-04T22:39:07.055Z] GET /api/me/reputation {
[WebServer] [API]   correlationId: '90442219-efb5-4430-961e-e9c0114baf68',
[WebServer] [API]   hasBody: true,
[WebServer] [API]   bodyKeys: [],
[WebServer] [API]   hasAuth: true,
[WebServer] [API]   authHeaderPrefix: 'Bearer mock-test-token...',
[WebServer] [API]   contentType: undefined
[WebServer] [API] }
[WebServer] [API] [2026-02-04T22:39:07.059Z] GET /api/shifts/pending-review {
[WebServer] [API]   correlationId: 'a04f206a-6918-4a26-9a81-73bd1f386d33',
[WebServer] [API]   hasBody: true,
[WebServer] [API]   bodyKeys: [],
[WebServer] [API]   hasAuth: true,
[WebServer] [API]   authHeaderPrefix: 'Bearer mock-test-token...',
[WebServer] [API]   contentType: undefined
[WebServer] [API] }
Γ£à Multi-Invite Flow: Test completed
  ok  65 [chromium] ΓÇ║ tests\e2e\calendar-lifecycle.spec.ts:653:5 ΓÇ║ Calendar Lifecycle E2E Tests ΓÇ║ Bonus: Multi-Invite First-to-Accept Flow ΓÇ║ Shop invites multiple barbers, first to accept gets the shift (20.7s)
  ok 126 [chromium] ΓÇ║ tests\e2e\investor-portal.spec.ts:457:5 ΓÇ║ Investor Portal E2E Tests ΓÇ║ Authenticated Persistence (Neutral Zone) ΓÇ║ Authenticated user can navigate all portal sections without redirect (8.7s)
(node:43276) Warning: The 'NO_COLOR' env is ignored due to the 'FORCE_COLOR' env being set.
(Use `node --trace-warnings ...` to show where the warning was created)
  -  127 [chromium] ΓÇ║ tests\e2e\landing-layout.spec.ts:182:5 ΓÇ║ Landing Page Layout Regression Tests ΓÇ║ Feedback Widget Non-Obstruction ΓÇ║ should not cover Next button on onboarding page on mobile
Suspension UI not visible, but user data confirms suspended status
  ok 125 [chromium] ΓÇ║ tests\e2e\reputation_system.spec.ts:479:5 ΓÇ║ Reputation System - Automated Strike System E2E Tests ΓÇ║ Pro Side Account Suspension ΓÇ║ should show Account Suspended status and 2 strikes on Pro side after Venue reports No-Show (12.2s)
  ok 129 [chromium] ΓÇ║ tests\waitlist-ui.spec.ts:64:3 ΓÇ║ Waitlist UI Smoke Test ΓÇ║ Waitlist Venue form submission works (4.6s)
  ok 128 [chromium] ΓÇ║ tests\e2e\landing.spec.ts:167:5 ΓÇ║ Landing Page Tests ΓÇ║ FAQ Interaction ΓÇ║ should display first FAQ answer by default (7.3s)
[WebServer] [API] [2026-02-04T22:39:12.127Z] GET /api/notifications {
[WebServer] [API]   correlationId: '55be9b6e-e970-4754-af00-ba8e642b5428',
[WebServer] [API]   hasBody: true,
[WebServer] [API]   bodyKeys: [],
[WebServer] [API]   hasAuth: true,
[WebServer] [API]   authHeaderPrefix: 'Bearer mock-test-token...',
[WebServer] [API]   contentType: undefined
[WebServer] [API] }
[WebServer] [API] [2026-02-04T22:39:12.131Z] GET /api/conversations/unread-count {
[WebServer] [API]   correlationId: 'a9762561-d02d-4906-b8f6-f0bd55f3b344',
[WebServer] [API]   hasBody: true,
[WebServer] [API]   bodyKeys: [],
[WebServer] [API]   hasAuth: true,
[WebServer] [API]   authHeaderPrefix: 'Bearer mock-test-token...',
[WebServer] [API]   contentType: undefined
[WebServer] [API] }
[WebServer] [API] [AUTH DEBUG] authenticateUser GET path=/api/conversations/unread-count hasAuth=true
[WebServer] [API] [AUTH] authenticateUser called for GET /api/conversations/unread-count { hasAuthHeader: true, authHeaderPrefix: 'Bearer mock-test-tok' }
Γ£à Setup Verification: Both contexts loaded successfully
  ok 130 [chromium] ΓÇ║ tests\e2e\calendar-lifecycle.spec.ts:792:3 ΓÇ║ Calendar Lifecycle - Setup Verification ΓÇ║ Both contexts can load their respective dashboards (5.2s)
  -  135 [Mobile Chrome] ΓÇ║ tests\core-marketplace.spec.ts:11:6 ΓÇ║ Venue Manager Journey: Post shift, receive application, approve, and complete payout cycle
[WebServer] [API] [2026-02-04T22:39:12.723Z] GET /api/notifications {
[WebServer] [API]   correlationId: 'e2dd0a07-7dcb-4649-8ea4-0f6792808c4e',
[WebServer] [API]   hasBody: true,
[WebServer] [API]   bodyKeys: [],
[WebServer] [API]   hasAuth: true,
[WebServer] [API]   authHeaderPrefix: 'Bearer mock-test-token...',
[WebServer] [API]   contentType: undefined
[WebServer] [API] }
[WebServer] [API] [2026-02-04T22:39:12.736Z] GET /api/conversations/unread-count {
[WebServer] [API]   correlationId: '7385f289-e46b-4bb8-b88a-c3b664b8ac12',
[WebServer] [API]   hasBody: true,
[WebServer] [API]   bodyKeys: [],
[WebServer] [API]   hasAuth: true,
[WebServer] [API]   authHeaderPrefix: 'Bearer mock-test-token...',
[WebServer] [API]   contentType: undefined
[WebServer] [API] }
[WebServer] [API] [AUTH DEBUG] authenticateUser GET path=/api/conversations/unread-count hasAuth=true
[WebServer] [API] [AUTH] authenticateUser called for GET /api/conversations/unread-count { hasAuthHeader: true, authHeaderPrefix: 'Bearer mock-test-tok' }
(node:43276) Warning: The 'NO_COLOR' env is ignored due to the 'FORCE_COLOR' env being set.
(Use `node --trace-warnings ...` to show where the warning was created)
[WebServer] [API] [2026-02-04T22:39:12.873Z] GET /api/integrations/xero/status {
[WebServer] [API]   correlationId: '67b78bb9-0f50-4901-af9a-a95514085ce9',
[WebServer] [API]   hasBody: true,
[WebServer] [API]   bodyKeys: [],
[WebServer] [API]   hasAuth: true,
[WebServer] [API]   authHeaderPrefix: 'Bearer mock-test-token...',
[WebServer] [API]   contentType: undefined
[WebServer] [API] }
[WebServer] [API] [2026-02-04T22:39:12.876Z] GET /api/integrations/xero/sync-history {
[WebServer] [API]   correlationId: '4d4e254a-4a51-4b67-8d3a-61d43058fd0b',
[WebServer] [API]   hasBody: true,
[WebServer] [API]   bodyKeys: [],
[WebServer] [API]   hasAuth: true,
[WebServer] [API]   authHeaderPrefix: 'Bearer mock-test-token...',
[WebServer] [API]   contentType: undefined
[WebServer] [API] }
[WebServer] [API] [WebServer] [2026-02-04T22:39:12.878Z] GET /api/venues/me {
[WebServer] [API]   correlationId: '38db696f-c9f7-4d5d-be04-e2ae9e32cac2',
[WebServer] [API]   hasBody: true,
[WebServer] [API]   bodyKeys: [],
[WebServer] [API]   hasAuth: true,
[WebServer] [API]   authHeaderPrefix: 'Bearer mock-test-token...',
[WebServer] [API]   contentType: undefined
[WebServer] [API] }
[WebServer] [API] [2026-02-04T22:39:12.888Z] GET /api/stripe-connect/account/status {
[WebServer] [API]   correlationId: 'f63f65c6-25cf-482c-bbb1-db90022e488f',
[WebServer] [API]   hasBody: true,
[WebServer] [API]   bodyKeys: [],
[WebServer] [API]   hasAuth: true,
[WebServer] [API]   authHeaderPrefix: 'Bearer mock-test-token...',
[WebServer] [API]   contentType: undefined
[WebServer] [API] }
[WebServer] [API] [2026-02-04T22:39:12.895Z] GET /api/analytics/dashboard {
[WebServer] [API]   correlationId: '8650e727-1184-462e-a187-f9b57a143512',
[WebServer] [API]   hasBody: true,
[WebServer] [API]   bodyKeys: [],
[WebServer] [API]   hasAuth: true,
[WebServer] [API]   authHeaderPrefix: 'Bearer mock-test-token...',
[WebServer] [API]   contentType: undefined
[WebServer] [API] }
[WebServer] [API] [2026-02-04T22:39:13.005Z] GET /api/integrations/xero/status {
[WebServer] [API]   correlationId: '18b5f407-cc98-4031-8383-650bbe68724a',
[WebServer] [API]   hasBody: true,
[WebServer] [API]   bodyKeys: [],
[WebServer] [API]   hasAuth: true,
[WebServer] [API]   authHeaderPrefix: 'Bearer mock-test-token...',
[WebServer] [API]   contentType: undefined
[WebServer] [API] }
[WebServer] [API] [2026-02-04T22:39:13.010Z] GET /api/integrations/xero/sync-history {
[WebServer] [API]   correlationId: '31bbbb1c-334b-4683-b804-b1539bb61f84',
[WebServer] [API]   hasBody: true,
[WebServer] [API]   bodyKeys: [],
[WebServer] [API]   hasAuth: true,
[WebServer] [API]   authHeaderPrefix: 'Bearer mock-test-token...',
[WebServer] [API]   contentType: undefined
[WebServer] [API] }
[WebServer] [API] [2026-02-04T22:39:13.014Z] GET /api/venues/me {
[WebServer] [API]   correlationId: '4f87cd50-cd53-45ec-ac4d-02acdf7dded2',
[WebServer] [API]   hasBody: true,
[WebServer] [API]   bodyKeys: [],
[WebServer] [API]   hasAuth: true,
[WebServer] [API]   authHeaderPrefix: 'Bearer mock-test-token...',
[WebServer] [API]   contentType: undefined
[WebServer] [API] }
[WebServer] [API] [2026-02-04T22:39:13.023Z] GET /api/stripe-connect/account/status {
[WebServer] [API]   correlationId: '4cff80f6-03b9-4a10-8b3e-5a089eae5a85',
[WebServer] [API]   hasBody: true,
[WebServer] [API]   bodyKeys: [],
[WebServer] [API]   hasAuth: true,
[WebServer] [API]   authHeaderPrefix: 'Bearer mock-test-token...',
[WebServer] [API]   contentType: undefined
[WebServer] [API] }
[WebServer] [API] [WebServer] [2026-02-04T22:39:13.027Z] GET /api/shifts/shop/8eaee523-79a2-4077-8f5b-4b7fd4058ede {
[WebServer] [API]   correlationId: '65cdce4f-a874-45d0-baa4-7a94958b9e57',
[WebServer] [API]   hasBody: true,
[WebServer] [API]   bodyKeys: [],
[WebServer] [API]   hasAuth: true,
[WebServer] [API]   authHeaderPrefix: 'Bearer mock-test-token...',
[WebServer] [API]   contentType: undefined
[WebServer] [API] }
[WebServer] [API] [2026-02-04T22:39:13.037Z] GET /api/analytics/dashboard {
[WebServer] [API]   correlationId: 'aaabd766-5e7e-4521-a77d-bce82d6e5670',
[WebServer] [API]   hasBody: true,
[WebServer] [API]   bodyKeys: [],
[WebServer] [API]   hasAuth: true,
[WebServer] [API]   authHeaderPrefix: 'Bearer mock-test-token...',
[WebServer] [API]   contentType: undefined
[WebServer] [API] }
[WebServer] [API] [GET /shop/:userId] Batch fetched application counts for 0 shifts and 0 jobs {
[WebServer] [API]   correlationId: '65cdce4f-a874-45d0-baa4-7a94958b9e57',
[WebServer] [API]   userId: '8eaee523-79a2-4077-8f5b-4b7fd4058ede',
[WebServer] [API]   totalCounts: 0
[WebServer] [API] }
[WebServer] [API] [2026-02-04T22:39:13.137Z] GET /api/subscriptions/current {
[WebServer] [API]   correlationId: '9f9129ba-29ef-4811-bc36-bb80e96de1fe',
[WebServer] [API]   hasBody: true,
[WebServer] [API]   bodyKeys: [],
[WebServer] [API]   hasAuth: true,
[WebServer] [API]   authHeaderPrefix: 'Bearer mock-test-token...',
[WebServer] [API]   contentType: undefined
[WebServer] [API] }
[WebServer] [API] [AUTH] authenticateUser called for GET /api/subscriptions/current { hasAuthHeader: true, authHeaderPrefix: 'Bearer mock-test-tok' }
[WebServer] [API] [AUTH DEBUG] authenticateUser GET path=/api/subscriptions/current hasAuth=true
[WebServer] [API] [2026-02-04T22:39:13.141Z] GET /api/shifts/messages/unread-count {
[WebServer] [API]   correlationId: '1efd5d0c-d3f6-4dd4-8e0e-dc5b1ecf50ea',
[WebServer] [API]   hasBody: true,
[WebServer] [API]   bodyKeys: [],
[WebServer] [API]   hasAuth: true,
[WebServer] [API]   authHeaderPrefix: 'Bearer mock-test-token...',
[WebServer] [API]   contentType: undefined
[WebServer] [API] }
(node:19036) Warning: The 'NO_COLOR' env is ignored due to the 'FORCE_COLOR' env being set.
(Use `node --trace-warnings ...` to show where the warning was created)
(node:43156) Warning: The 'NO_COLOR' env is ignored due to the 'FORCE_COLOR' env being set.
(Use `node --trace-warnings ...` to show where the warning was created)
  ok 111 [chromium] ΓÇ║ tests\e2e\onboarding.spec.ts:371:5 ΓÇ║ Onboarding Flow E2E Tests ΓÇ║ Complete Setup Banner ΓÇ║ should navigate to wallet when "Complete Setup" is clicked (18.9s)
  ok 132 [chromium] ΓÇ║ tests\e2e\landing-layout.spec.ts:240:5 ΓÇ║ Landing Page Layout Regression Tests ΓÇ║ Feedback Widget Non-Obstruction ΓÇ║ should not cover Submit button on post-job page on mobile (7.6s)
[WebServer] [API] [2026-02-04T22:39:17.093Z] GET /api/integrations/xero/status {
[WebServer] [API]   correlationId: '216e0f1b-26d1-420e-a68b-5cad4fbd264c',
[WebServer] [API]   hasBody: true,
[WebServer] [API]   bodyKeys: [],
[WebServer] [API]   hasAuth: true,
[WebServer] [API]   authHeaderPrefix: 'Bearer mock-test-token...',
[WebServer] [API]   contentType: undefined
[WebServer] [API] }
[WebServer] [API] [2026-02-04T22:39:17.097Z] GET /api/integrations/xero/sync-history {
[WebServer] [API]   correlationId: '5257932b-5978-43ec-8a70-7051b7dd0183',
[WebServer] [API]   hasBody: true,
[WebServer] [API]   bodyKeys: [],
[WebServer] [API]   hasAuth: true,
[WebServer] [API]   authHeaderPrefix: 'Bearer mock-test-token...',
[WebServer] [API]   contentType: undefined
[WebServer] [API] }
  ok 134 [chromium] ΓÇ║ tests\e2e\landing.spec.ts:183:5 ΓÇ║ Landing Page Tests ΓÇ║ FAQ Interaction ΓÇ║ should collapse FAQ item when clicking on another (6.0s)
[AUTH-FLOW TEST] Current URL: http://localhost:3000/venue/dashboard
(node:43156) Warning: The 'NO_COLOR' env is ignored due to the 'FORCE_COLOR' env being set.
(Use `node --trace-warnings ...` to show where the warning was created)
(node:19036) Warning: The 'NO_COLOR' env is ignored due to the 'FORCE_COLOR' env being set.
(Use `node --trace-warnings ...` to show where the warning was created)
  ok 131 [chromium] ΓÇ║ tests\e2e\investor-portal.spec.ts:493:5 ΓÇ║ Investor Portal E2E Tests ΓÇ║ Authenticated Persistence (Neutral Zone) ΓÇ║ Direct navigation from dashboard to investor portal works (10.4s)
(node:12672) Warning: The 'NO_COLOR' env is ignored due to the 'FORCE_COLOR' env being set.
(Use `node --trace-warnings ...` to show where the warning was created)
  ok 133 [chromium] ΓÇ║ tests\e2e\reputation_system.spec.ts:605:5 ΓÇ║ Reputation System - Automated Strike System E2E Tests ΓÇ║ Strike System Verification ΓÇ║ should verify No-Show adds exactly 2 strikes (8.4s)
  ok 136 [Mobile Chrome] ΓÇ║ tests\auth-flow.spec.ts:20:3 ΓÇ║ Auth Flow - Venue Dashboard ΓÇ║ Venue Dashboard with STL- Settlement verification (5.1s)
  ok 140 [Mobile Chrome] ΓÇ║ tests\auth-flow.spec.ts:197:3 ΓÇ║ Auth Flow - Venue Dashboard ΓÇ║ STL- Settlement IDs format verification (1.7s)
(node:25204) Warning: The 'NO_COLOR' env is ignored due to the 'FORCE_COLOR' env being set.
(Use `node --trace-warnings ...` to show where the warning was created)
  -  138 [chromium] ΓÇ║ tests\e2e\landing-layout.spec.ts:294:5 ΓÇ║ Landing Page Layout Regression Tests ΓÇ║ Feedback Widget Non-Obstruction ΓÇ║ should have proper spacing between feedback widget and form buttons on mobile
[WebServer] [API] [2026-02-04T22:39:22.499Z] GET /api/notifications {
[WebServer] [API]   correlationId: '15027a4d-214d-43b4-953a-9961c0851f7e',
[WebServer] [API]   hasBody: true,
[WebServer] [API]   bodyKeys: [],
[WebServer] [API]   hasAuth: true,
[WebServer] [API]   authHeaderPrefix: 'Bearer mock-test-token...',
[WebServer] [API]   contentType: undefined
[WebServer] [API] }
[WebServer] [API] [2026-02-04T22:39:22.504Z] GET /api/conversations/unread-count {
[WebServer] [API]   correlationId: 'd2cfba87-173a-4ab9-a912-2d238241fec1',
[WebServer] [API]   hasBody: true,
[WebServer] [API]   bodyKeys: [],
[WebServer] [API]   hasAuth: true,
[WebServer] [API]   authHeaderPrefix: 'Bearer mock-test-token...',
[WebServer] [API]   contentType: undefined
[WebServer] [API] }
[WebServer] [API] [AUTH] authenticateUser called for GET /api/conversations/unread-count { hasAuthHeader: true, authHeaderPrefix: 'Bearer mock-test-tok' }
[WebServer] [API] [AUTH DEBUG] authenticateUser GET path=/api/conversations/unread-count hasAuth=true
[WebServer] [API] [2026-02-04T22:39:22.659Z] GET /api/integrations/xero/status {
[WebServer] [API]   correlationId: '4fb4f872-814a-46cf-82d9-1a164ada3fc6',
[WebServer] [API]   hasBody: true,
[WebServer] [API]   bodyKeys: [],
[WebServer] [API]   hasAuth: true,
[WebServer] [API]   authHeaderPrefix: 'Bearer mock-test-token...',
[WebServer] [API]   contentType: undefined
[WebServer] [API] }
[WebServer] [API] [2026-02-04T22:39:22.665Z] GET /api/integrations/xero/sync-history {
[WebServer] [API]   correlationId: 'dcc46412-5aeb-472e-8db5-e5f402f964e3',
[WebServer] [API]   hasBody: true,
[WebServer] [API]   bodyKeys: [],
[WebServer] [API]   hasAuth: true,
[WebServer] [API]   authHeaderPrefix: 'Bearer mock-test-token...',
[WebServer] [API]   contentType: undefined
[WebServer] [API] }
(node:12672) Warning: The 'NO_COLOR' env is ignored due to the 'FORCE_COLOR' env being set.
(Use `node --trace-warnings ...` to show where the warning was created)
[WebServer] [API] [2026-02-04T22:39:22.681Z] GET /api/venues/me {
[WebServer] [API]   correlationId: '3fe63573-e729-40bc-b3b9-819fd88ff994',
[WebServer] [API]   hasBody: true,
[WebServer] [API]   bodyKeys: [],
[WebServer] [API]   hasAuth: true,
[WebServer] [API]   authHeaderPrefix: 'Bearer mock-test-token...',
[WebServer] [API]   contentType: undefined
[WebServer] [API] }
[WebServer] [API] [2026-02-04T22:39:22.686Z] GET /api/stripe-connect/account/status {
[WebServer] [API]   correlationId: '040cb532-5466-45e9-b493-9895257d3d4b',
[WebServer] [API]   hasBody: true,
[WebServer] [API]   bodyKeys: [],
[WebServer] [API]   hasAuth: true,
[WebServer] [API]   authHeaderPrefix: 'Bearer mock-test-token...',
[WebServer] [API]   contentType: undefined
[WebServer] [API] }
[WebServer] [API] [2026-02-04T22:39:22.702Z] GET /api/shifts/shop/venue-manager-001 {
[WebServer] [API]   correlationId: 'a167311c-9e9f-461d-af59-743668b72381',
[WebServer] [API]   hasBody: true,
[WebServer] [API]   bodyKeys: [],
[WebServer] [API]   hasAuth: true,
[WebServer] [API]   authHeaderPrefix: 'Bearer mock-test-token...',
[WebServer] [API]   contentType: undefined
[WebServer] [API] }
[WebServer] [API] [2026-02-04T22:39:22.709Z] GET /api/analytics/dashboard {
[WebServer] [API]   correlationId: 'da757e2b-3528-4fe1-95c0-2f88f39920ad',
[WebServer] [API]   hasBody: true,
[WebServer] [API]   bodyKeys: [],
[WebServer] [API]   hasAuth: true,
[WebServer] [API]   authHeaderPrefix: 'Bearer mock-test-token...',
[WebServer] [API]   contentType: undefined
[WebServer] [API] }
[WebServer] [API] [WebServer] [2026-02-04T22:39:22.826Z] GET /api/subscriptions/current {
[WebServer] [API]   correlationId: 'bb18136c-9cf0-41c5-bafe-860fe3b272b4',
[WebServer] [API]   hasBody: true,
[WebServer] [API]   bodyKeys: [],
[WebServer] [API]   hasAuth: true,
[WebServer] [API]   authHeaderPrefix: 'Bearer mock-test-token...',
[WebServer] [API]   contentType: undefined
[WebServer] [API] }
[WebServer] [API] [AUTH DEBUG] authenticateUser GET path=/api/subscriptions/current hasAuth=true
[WebServer] [API] [AUTH] authenticateUser called for GET /api/subscriptions/current { hasAuthHeader: true, authHeaderPrefix: 'Bearer mock-test-tok' }
[WebServer] [API] [2026-02-04T22:39:22.831Z] GET /api/shifts/messages/unread-count {
[WebServer] [API]   correlationId: '49ae1c06-8f37-4a1d-aa3e-d70ce9139c5c',
[WebServer] [API]   hasBody: true,
[WebServer] [API]   bodyKeys: [],
[WebServer] [API]   hasAuth: true,
[WebServer] [API]   authHeaderPrefix: 'Bearer mock-test-token...',
[WebServer] [API]   contentType: undefined
[WebServer] [API] }
[WebServer] [API] [2026-02-04T22:39:24.143Z] GET /api/integrations/xero/status {
[WebServer] [API]   correlationId: '6f9b429f-ae40-4db8-a42c-2ca1946951de',
[WebServer] [API]   hasBody: true,
[WebServer] [API]   bodyKeys: [],
[WebServer] [API]   hasAuth: true,
[WebServer] [API]   authHeaderPrefix: 'Bearer mock-test-token...',
[WebServer] [API]   contentType: undefined
[WebServer] [API] }
[WebServer] [API] [2026-02-04T22:39:24.148Z] GET /api/integrations/xero/sync-history {
[WebServer] [API]   correlationId: '1e803d00-58ce-41e2-9ead-e1d3693786bd',
[WebServer] [API]   hasBody: true,
[WebServer] [API]   bodyKeys: [],
[WebServer] [API]   hasAuth: true,
[WebServer] [API]   authHeaderPrefix: 'Bearer mock-test-token...',
[WebServer] [API]   contentType: undefined
[WebServer] [API] }
(node:25204) Warning: The 'NO_COLOR' env is ignored due to the 'FORCE_COLOR' env being set.
(Use `node --trace-warnings ...` to show where the warning was created)
  ok 142 [Mobile Chrome] ΓÇ║ tests\booking-flow.spec.ts:31:3 ΓÇ║ Full Roster Lifecycle: Business Invite to Professional Accept ΓÇ║ Complete booking workflow from business creation to professional acceptance (6.2s)
[WebServer] [API] [2026-02-04T22:39:26.292Z] GET /api/integrations/xero/status {
[WebServer] [API]   correlationId: 'baffad63-cb5f-4d03-946e-14b531d9bfb6',
[WebServer] [API]   hasBody: true,
[WebServer] [API]   bodyKeys: [],
[WebServer] [API]   hasAuth: true,
[WebServer] [API]   authHeaderPrefix: 'Bearer mock-test-token...',
[WebServer] [API]   contentType: undefined
[WebServer] [API] }
[WebServer] [API] [2026-02-04T22:39:26.298Z] GET /api/integrations/xero/sync-history {
[WebServer] [API]   correlationId: '48cf03f6-24f8-40b9-8830-6b6cbeebf415',
[WebServer] [API]   hasBody: true,
[WebServer] [API]   bodyKeys: [],
[WebServer] [API]   hasAuth: true,
[WebServer] [API]   authHeaderPrefix: 'Bearer mock-test-token...',
[WebServer] [API]   contentType: undefined
[WebServer] [API] }
[WebServer] [API] [2026-02-04T22:39:26.301Z] GET /api/shifts/shop/8eaee523-79a2-4077-8f5b-4b7fd4058ede {
[WebServer] [API]   correlationId: '05714261-04ff-4c85-9f5b-98b8543957ad',
[WebServer] [API]   hasBody: true,
[WebServer] [API]   bodyKeys: [],
[WebServer] [API]   hasAuth: true,
[WebServer] [API]   authHeaderPrefix: 'Bearer mock-test-token...',
[WebServer] [API]   contentType: undefined
[WebServer] [API] }
[WebServer] [API] [GET /shop/:userId] Batch fetched application counts for 0 shifts and 0 jobs {
[WebServer] [API]   correlationId: '05714261-04ff-4c85-9f5b-98b8543957ad',
[WebServer] [API]   userId: '8eaee523-79a2-4077-8f5b-4b7fd4058ede',
[WebServer] [API]   totalCounts: 0
[WebServer] [API] }
[WebServer] [API] [2026-02-04T22:39:26.319Z] GET /api/shifts/messages/unread-count {
[WebServer] [API]   correlationId: 'd82ebd61-529c-49d7-941a-50180460167a',
[WebServer] [API]   hasBody: true,
[WebServer] [API]   bodyKeys: [],
[WebServer] [API]   hasAuth: true,
[WebServer] [API]   authHeaderPrefix: 'Bearer mock-test-token...',
[WebServer] [API]   contentType: undefined
[WebServer] [API] }
  ok 139 [chromium] ΓÇ║ tests\e2e\reputation_system.spec.ts:667:5 ΓÇ║ Reputation System - Automated Strike System E2E Tests ΓÇ║ Strike System Verification ΓÇ║ should verify 48-hour suspension period (8.0s)
[WebServer] [API] [2026-02-04T22:39:27.271Z] POST /api/shifts/smart-fill {
[WebServer] [API]   correlationId: 'f0daf6d9-8626-4cac-b476-15a66e7dd461',
[WebServer] [API]   hasBody: true,
[WebServer] [API]   bodyKeys: [ 'venueId', 'preferences' ],
[WebServer] [API]   hasAuth: true,
[WebServer] [API]   authHeaderPrefix: 'Bearer mock-test-token...',
[WebServer] [API]   contentType: 'application/json'
[WebServer] [API] }
  ok 145 [Mobile Chrome] ΓÇ║ tests\e2e\auth-integrity.spec.ts:11:5 ΓÇ║ Authentication Integrity ΓÇ║ public access ΓÇ║ should allow public access to venue-guide without loop (3.7s)
  ok 143 [Mobile Chrome] ΓÇ║ tests\e2e\booking-flow.spec.ts:31:3 ΓÇ║ Booking Flow: Venue to Professional Application to Approval ΓÇ║ Complete booking workflow from Smart Fill to Application Approval (7.2s)
[WebServer] [API] [2026-02-04T22:39:28.310Z] POST /api/shifts/drafts {
[WebServer] [API]   correlationId: '74272bdf-8e31-499f-a494-50f6360ee182',
[WebServer] [API]   hasBody: true,
[WebServer] [API]   bodyKeys: [ 'draftData' ],
[WebServer] [API]   hasAuth: true,
[WebServer] [API]   authHeaderPrefix: 'Bearer mock-test-token...',
[WebServer] [API]   contentType: 'application/json'
[WebServer] [API] }
  ok 141 [Mobile Chrome] ΓÇ║ tests\dashboard.spec.ts:27:3 ΓÇ║ Venue Dashboard ΓÇ║ Venue Dashboard loads for authenticated manager (10.4s)
  ok 144 [chromium] ΓÇ║ tests\e2e\landing-layout.spec.ts:341:5 ΓÇ║ Landing Page Layout Regression Tests ΓÇ║ Theme (Dark Mode Lock) ΓÇ║ should force dark mode on landing page (8.8s)
[WebServer] [API] [2026-02-04T22:39:32.386Z] GET /api/notifications {
[WebServer] [API]   correlationId: '815dd81f-a05c-421e-891d-092da6a53ecc',
[WebServer] [API]   hasBody: true,
[WebServer] [API]   bodyKeys: [],
[WebServer] [API]   hasAuth: true,
[WebServer] [API]   authHeaderPrefix: 'Bearer mock-test-token...',
[WebServer] [API]   contentType: undefined
[WebServer] [API] }
[WebServer] [API] [2026-02-04T22:39:32.402Z] GET /api/conversations/unread-count {
[WebServer] [API]   correlationId: '61b31bd9-90ac-42f0-b25e-e759616a492a',
[WebServer] [API]   hasBody: true,
[WebServer] [API]   bodyKeys: [],
[WebServer] [API]   hasAuth: true,
[WebServer] [API]   authHeaderPrefix: 'Bearer mock-test-token...',
[WebServer] [API]   contentType: undefined
[WebServer] [API] }
[WebServer] [API] [AUTH DEBUG] authenticateUser GET path=/api/conversations/unread-count hasAuth=true
[WebServer] [API] [AUTH] authenticateUser called for GET /api/conversations/unread-count { hasAuthHeader: true, authHeaderPrefix: 'Bearer mock-test-tok' }
[WebServer] [API] [2026-02-04T22:39:32.888Z] GET /api/notifications {
[WebServer] [API]   correlationId: 'f204f83f-5a27-43f9-9e0e-162574f2e04a',
[WebServer] [API]   hasBody: true,
[WebServer] [API]   bodyKeys: [],
[WebServer] [API]   hasAuth: true,
[WebServer] [API]   authHeaderPrefix: 'Bearer mock-test-token...',
[WebServer] [API]   contentType: undefined
[WebServer] [API] }
[WebServer] [API] [2026-02-04T22:39:32.892Z] GET /api/conversations/unread-count {
[WebServer] [API]   correlationId: '88067eea-4ece-46fe-95af-7c2356e31a3d',
[WebServer] [API]   hasBody: true,
[WebServer] [API]   bodyKeys: [],
[WebServer] [API]   hasAuth: true,
[WebServer] [API]   authHeaderPrefix: 'Bearer mock-test-token...',
[WebServer] [API]   contentType: undefined
[WebServer] [API] }
[WebServer] [API] [AUTH] authenticateUser called for GET /api/conversations/unread-count { hasAuthHeader: true, authHeaderPrefix: 'Bearer mock-test-tok' }
[WebServer] [API] [AUTH DEBUG] authenticateUser GET path=/api/conversations/unread-count hasAuth=true
[WebServer] [API] [2026-02-04T22:39:34.184Z] GET /api/integrations/xero/status {
[WebServer] [API]   correlationId: '0643f2f3-7988-4190-9375-dbeac7a61006',
[WebServer] [API]   hasBody: true,
[WebServer] [API]   bodyKeys: [],
[WebServer] [API]   hasAuth: true,
[WebServer] [API]   authHeaderPrefix: 'Bearer mock-test-token...',
[WebServer] [API]   contentType: undefined
[WebServer] [API] }
[WebServer] [API] [2026-02-04T22:39:34.187Z] GET /api/integrations/xero/sync-history {
[WebServer] [API]   correlationId: '075e2d08-42c4-4cef-aeb9-38d4e59b06d3',
[WebServer] [API]   hasBody: true,
[WebServer] [API]   bodyKeys: [],
[WebServer] [API]   hasAuth: true,
[WebServer] [API]   authHeaderPrefix: 'Bearer mock-test-token...',
[WebServer] [API]   contentType: undefined
[WebServer] [API] }
[WebServer] [API] [2026-02-04T22:39:34.191Z] GET /api/venues/me {
[WebServer] [API]   correlationId: 'd7e11848-8ed8-4f18-bcbd-0d7ffbd3bf38',
[WebServer] [API]   hasBody: true,
[WebServer] [API]   bodyKeys: [],
[WebServer] [API]   hasAuth: true,
[WebServer] [API]   authHeaderPrefix: 'Bearer mock-test-token...',
[WebServer] [API]   contentType: undefined
[WebServer] [API] }
[WebServer] [API] [2026-02-04T22:39:34.204Z] GET /api/stripe-connect/account/status {
[WebServer] [API]   correlationId: 'ffb18891-79a2-492e-8d62-1ff32b2fba00',
[WebServer] [API]   hasBody: true,
[WebServer] [API]   bodyKeys: [],
[WebServer] [API]   hasAuth: true,
[WebServer] [API]   authHeaderPrefix: 'Bearer mock-test-token...',
[WebServer] [API]   contentType: undefined
[WebServer] [API] }
[WebServer] [API] [2026-02-04T22:39:34.210Z] GET /api/analytics/dashboard {
[WebServer] [API]   correlationId: 'abf3f559-15e4-4163-95bb-8566bf7dbf58',
[WebServer] [API]   hasBody: true,
[WebServer] [API]   bodyKeys: [],
[WebServer] [API]   hasAuth: true,
[WebServer] [API]   authHeaderPrefix: 'Bearer mock-test-token...',
[WebServer] [API]   contentType: undefined
[WebServer] [API] }
[WebServer] [API] [2026-02-04T22:39:34.522Z] GET /api/integrations/xero/status {
[WebServer] [API]   correlationId: '6e45c3bb-950e-4ec1-99a5-fd0b45378d8a',
[WebServer] [API]   hasBody: true,
[WebServer] [API]   bodyKeys: [],
[WebServer] [API]   hasAuth: true,
[WebServer] [API]   authHeaderPrefix: 'Bearer mock-test-token...',
[WebServer] [API]   contentType: undefined
[WebServer] [API] }
[WebServer] [API] [2026-02-04T22:39:34.530Z] GET /api/integrations/xero/sync-history {
[WebServer] [API]   correlationId: '81e06b40-02de-47c1-8535-654a524eae2b',
[WebServer] [API]   hasBody: true,
[WebServer] [API]   bodyKeys: [],
[WebServer] [API]   hasAuth: true,
[WebServer] [API]   authHeaderPrefix: 'Bearer mock-test-token...',
[WebServer] [API]   contentType: undefined
[WebServer] [API] }
  ok 149 [Mobile Chrome] ΓÇ║ tests\e2e\auth-integrity.spec.ts:18:3 ΓÇ║ Authentication Integrity ΓÇ║ should persist shift drafts across sessions (7.0s)
  ok 147 [Mobile Chrome] ΓÇ║ tests\e2e\auth.spec.ts:41:5 ΓÇ║ Authentication Tests ΓÇ║ Google OAuth Redirection ΓÇ║ should redirect to Google OAuth with correct Firebase redirect_uri (7.8s)
  ok 150 [Mobile Chrome] ΓÇ║ tests\e2e\enterprise.spec.ts:41:5 ΓÇ║ Enterprise Page Tests ΓÇ║ Enterprise Form Submission ΓÇ║ should successfully submit enterprise inquiry form (7.6s)
[WebServer] [API] [2026-02-04T22:39:35.552Z] GET /api/notifications {
[WebServer] [API]   correlationId: '7d7b266c-c25c-42a3-b48e-331fbdbebc5b',
[WebServer] [API]   hasBody: true,
[WebServer] [API]   bodyKeys: [],
[WebServer] [API]   hasAuth: true,
[WebServer] [API]   authHeaderPrefix: 'Bearer mock-test-token...',
[WebServer] [API]   contentType: undefined
[WebServer] [API] }
[WebServer] [API] [2026-02-04T22:39:35.569Z] GET /api/conversations/unread-count {
[WebServer] [API]   correlationId: 'cb107ad3-3714-4a18-8b67-690f92fe9ad3',
[WebServer] [API]   hasBody: true,
[WebServer] [API]   bodyKeys: [],
[WebServer] [API]   hasAuth: true,
[WebServer] [API]   authHeaderPrefix: 'Bearer mock-test-token...',
[WebServer] [API]   contentType: undefined
[WebServer] [API] }
[WebServer] [API] [AUTH DEBUG] authenticateUser GET path=/api/conversations/unread-count hasAuth=true
[WebServer] [API] [AUTH] authenticateUser called for GET /api/conversations/unread-count { hasAuthHeader: true, authHeaderPrefix: 'Bearer mock-test-tok' }
[WebServer] [API] [2026-02-04T22:39:35.572Z] GET /api/integrations/xero/status {
[WebServer] [API]   correlationId: '402fd58d-c9ee-447d-aafd-17f1b58e95ee',
[WebServer] [API]   hasBody: true,
[WebServer] [API]   bodyKeys: [],
[WebServer] [API]   hasAuth: true,
[WebServer] [API]   authHeaderPrefix: 'Bearer mock-test-token...',
[WebServer] [API]   contentType: undefined
[WebServer] [API] }
[WebServer] [API] [2026-02-04T22:39:35.583Z] GET /api/integrations/xero/sync-history {
[WebServer] [API]   correlationId: 'fc74395d-2a1b-4236-b9c0-708a8f0eb973',
[WebServer] [API]   hasBody: true,
[WebServer] [API]   bodyKeys: [],
[WebServer] [API]   hasAuth: true,
[WebServer] [API]   authHeaderPrefix: 'Bearer mock-test-token...',
[WebServer] [API]   contentType: undefined
[WebServer] [API] }
[WebServer] [API] [2026-02-04T22:39:35.588Z] GET /api/venues/me {
[WebServer] [API]   correlationId: '02e5172f-ddbb-4529-81ee-b2fcd9283b0b',
[WebServer] [API]   hasBody: true,
[WebServer] [API]   bodyKeys: [],
[WebServer] [API]   hasAuth: true,
[WebServer] [API]   authHeaderPrefix: 'Bearer mock-test-token...',
[WebServer] [API]   contentType: undefined
[WebServer] [API] }
[WebServer] [API] [2026-02-04T22:39:35.594Z] GET /api/stripe-connect/account/status {
[WebServer] [API]   correlationId: '002d5c25-d4fc-4b69-9735-f94c8c6a35f8',
[WebServer] [API]   hasBody: true,
[WebServer] [API]   bodyKeys: [],
[WebServer] [API]   hasAuth: true,
[WebServer] [API]   authHeaderPrefix: 'Bearer mock-test-token...',
[WebServer] [API]   contentType: undefined
[WebServer] [API] }
[WebServer] [API] [2026-02-04T22:39:35.604Z] GET /api/shifts/shop/venue-manager-001 {
[WebServer] [API]   correlationId: 'fbe9e850-8441-4fdb-8a28-68edc5521127',
[WebServer] [API]   hasBody: true,
[WebServer] [API]   bodyKeys: [],
[WebServer] [API]   hasAuth: true,
[WebServer] [API]   authHeaderPrefix: 'Bearer mock-test-token...',
[WebServer] [API]   contentType: undefined
[WebServer] [API] }
[WebServer] [API] [2026-02-04T22:39:35.609Z] GET /api/analytics/dashboard {
[WebServer] [API]   correlationId: '6e139951-7f6b-49f7-8c41-e648aebb8c45',
[WebServer] [API]   hasBody: true,
[WebServer] [API]   bodyKeys: [],
[WebServer] [API]   hasAuth: true,
[WebServer] [API]   authHeaderPrefix: 'Bearer mock-test-token...',
[WebServer] [API]   contentType: undefined
[WebServer] [API] }
[WebServer] [API] [2026-02-04T22:39:35.689Z] GET /api/subscriptions/current {
[WebServer] [API]   correlationId: 'fdddc70f-8531-4443-b1cc-07a6badc8f40',
[WebServer] [API]   hasBody: true,
[WebServer] [API]   bodyKeys: [],
[WebServer] [API]   hasAuth: true,
[WebServer] [API]   authHeaderPrefix: 'Bearer mock-test-token...',
[WebServer] [API]   contentType: undefined
[WebServer] [API] }
[WebServer] [API] [AUTH DEBUG] authenticateUser GET path=/api/subscriptions/current hasAuth=true
[WebServer] [API] [AUTH] authenticateUser called for GET /api/subscriptions/current { hasAuthHeader: true, authHeaderPrefix: 'Bearer mock-test-tok' }
[WebServer] [API] [2026-02-04T22:39:35.695Z] GET /api/shifts/messages/unread-count {
[WebServer] [API]   correlationId: '8d27540d-cc90-40fb-b261-30c908095d9d',
[WebServer] [API]   hasBody: true,
[WebServer] [API]   bodyKeys: [],
[WebServer] [API]   hasAuth: true,
[WebServer] [API]   authHeaderPrefix: 'Bearer mock-test-token...',
[WebServer] [API]   contentType: undefined
[WebServer] [API] }
  ok 148 [chromium] ΓÇ║ tests\e2e\reputation_system.spec.ts:726:5 ΓÇ║ Reputation System - Automated Strike System E2E Tests ΓÇ║ No-Show Button Visibility ΓÇ║ should only show No-Show button after shift start time (9.9s)
(node:34980) Warning: The 'NO_COLOR' env is ignored due to the 'FORCE_COLOR' env being set.
(Use `node --trace-warnings ...` to show where the warning was created)
[WebServer] [API] [2026-02-04T22:39:38.005Z] GET /api/notifications {
[WebServer] [API]   correlationId: '165dcdd9-9b72-4a21-bd0d-6098d625dc2b',
[WebServer] [API]   hasBody: true,
[WebServer] [API]   bodyKeys: [],
[WebServer] [API]   hasAuth: true,
[WebServer] [API]   authHeaderPrefix: 'Bearer mock-test-token...',
[WebServer] [API]   contentType: undefined
[WebServer] [API] }
[WebServer] [API] [2026-02-04T22:39:38.010Z] GET /api/conversations/unread-count {
[WebServer] [API]   correlationId: 'cdfa6845-02d4-4190-b379-98ff736ad72e',
[WebServer] [API]   hasBody: true,
[WebServer] [API]   bodyKeys: [],
[WebServer] [API]   hasAuth: true,
[WebServer] [API]   authHeaderPrefix: 'Bearer mock-test-token...',
[WebServer] [API]   contentType: undefined
[WebServer] [API] }
[WebServer] [API] [AUTH DEBUG] authenticateUser GET path=/api/conversations/unread-count hasAuth=true
[WebServer] [API] [AUTH] authenticateUser called for GET /api/conversations/unread-count { hasAuthHeader: true, authHeaderPrefix: 'Bearer mock-test-tok' }
[WebServer] [API] [2026-02-04T22:39:38.466Z] GET /api/users/verification-status {
[WebServer] [API]   correlationId: 'aa9135c1-324b-4c12-b6f2-67262139b261',
[WebServer] [API]   hasBody: true,
[WebServer] [API]   bodyKeys: [],
[WebServer] [API]   hasAuth: true,
[WebServer] [API]   authHeaderPrefix: 'Bearer mock-test-token...',
[WebServer] [API]   contentType: undefined
[WebServer] [API] }
[WebServer] [API] [2026-02-04T22:39:38.471Z] GET /api/jobs {
[WebServer] [API]   correlationId: '68eabd94-05ef-47e3-9f43-96fee9c3d33d',
[WebServer] [API]   hasBody: true,
[WebServer] [API]   bodyKeys: [],
[WebServer] [API]   hasAuth: true,
[WebServer] [API]   authHeaderPrefix: 'Bearer mock-test-token...',
[WebServer] [API]   contentType: undefined
[WebServer] [API] }
[WebServer] [API] [2026-02-04T22:39:38.488Z] GET /api/analytics/dashboard {
[WebServer] [API]   correlationId: '0882ec05-8993-43a5-a61e-05510e93b6fb',
[WebServer] [API]   hasBody: true,
[WebServer] [API]   bodyKeys: [],
[WebServer] [API]   hasAuth: true,
[WebServer] [API]   authHeaderPrefix: 'Bearer mock-test-token...',
[WebServer] [API]   contentType: undefined
[WebServer] [API] }
[WebServer] [API] [2026-02-04T22:39:38.535Z] GET /api/shifts/messages/unread-count {
[WebServer] [API]   correlationId: '5b357069-b727-49dd-92ea-883981f7538f',
[WebServer] [API]   hasBody: true,
[WebServer] [API]   bodyKeys: [],
[WebServer] [API]   hasAuth: true,
[WebServer] [API]   authHeaderPrefix: 'Bearer mock-test-token...',
[WebServer] [API]   contentType: undefined
[WebServer] [API] }
  ok 137 [chromium] ΓÇ║ tests\e2e\onboarding.spec.ts:408:5 ΓÇ║ Onboarding Flow E2E Tests ΓÇ║ Role Selector Flow ΓÇ║ should select Venue role and trigger $149 Business Plan logic (23.8s)
  -  155 [chromium] ΓÇ║ tests\e2e\onboarding.spec.ts:516:10 ΓÇ║ Onboarding Flow E2E Tests ΓÇ║ Onboarding Crash Fix ΓÇ║ should not crash when clicking Next on first onboarding screen
[WebServer] [API] [2026-02-04T22:39:39.131Z] GET /api/me/reputation {
[WebServer] [API]   correlationId: '9d3df36c-0c7c-4d67-b5d2-73c4a2b880fa',
[WebServer] [API]   hasBody: true,
[WebServer] [API]   bodyKeys: [],
[WebServer] [API]   hasAuth: true,
[WebServer] [API]   authHeaderPrefix: 'Bearer mock-test-token...',
[WebServer] [API]   contentType: undefined
[WebServer] [API] }
[WebServer] [API] [2026-02-04T22:39:39.136Z] GET /api/worker/priority-boost {
[WebServer] [API]   correlationId: 'ee8ebe67-2abf-496f-88e1-bb05c1ffbd9c',
[WebServer] [API]   hasBody: true,
[WebServer] [API]   bodyKeys: [],
[WebServer] [API]   hasAuth: true,
[WebServer] [API]   authHeaderPrefix: 'Bearer mock-test-token...',
[WebServer] [API]   contentType: undefined
[WebServer] [API] }
[WebServer] [API] [2026-02-04T22:39:39.141Z] GET /api/worker/recommendations {
[WebServer] [API]   correlationId: 'b82acf67-271f-4c51-bac5-1610697f040a',
[WebServer] [API]   hasBody: true,
[WebServer] [API]   bodyKeys: [],
[WebServer] [API]   hasAuth: true,
[WebServer] [API]   authHeaderPrefix: 'Bearer mock-test-token...',
[WebServer] [API]   contentType: undefined
[WebServer] [API] }
[WebServer] [API] [GET /api/worker/recommendations] No location provided, returning empty recommendations
[WebServer] [API] [2026-02-04T22:39:39.147Z] GET /api/worker/waitlisted-shifts {
[WebServer] [API]   correlationId: '28e20966-e01b-4204-8a59-d8c2bbcf1a8f',
[WebServer] [API]   hasBody: true,
[WebServer] [API]   bodyKeys: [],
[WebServer] [API]   hasAuth: true,
[WebServer] [API]   authHeaderPrefix: 'Bearer mock-test-token...',
[WebServer] [API]   contentType: undefined
[WebServer] [API] }
[WebServer] [API] [2026-02-04T22:39:39.154Z] GET /api/me/availability {
[WebServer] [API]   correlationId: '182d0551-398c-417b-8992-b73beb84fcd8',
[WebServer] [API]   hasBody: true,
[WebServer] [API]   bodyKeys: [],
[WebServer] [API]   hasAuth: true,
[WebServer] [API]   authHeaderPrefix: 'Bearer mock-test-token...',
[WebServer] [API]   contentType: undefined
[WebServer] [API] }
[WebServer] [API] [2026-02-04T22:39:39.158Z] GET /api/worker/earnings {
[WebServer] [API]   correlationId: 'dbae6f0e-77c9-4b6b-941f-6d3e2306376b',
[WebServer] [API]   hasBody: true,
[WebServer] [API]   bodyKeys: [],
[WebServer] [API]   hasAuth: true,
[WebServer] [API]   authHeaderPrefix: 'Bearer mock-test-token...',
[WebServer] [API]   contentType: undefined
[WebServer] [API] }
[WebServer] [API] [2026-02-04T22:39:39.417Z] GET /api/notifications {
[WebServer] [API]   correlationId: 'ced687c6-45e8-4d7b-acd5-849909993dbb',
[WebServer] [API]   hasBody: true,
[WebServer] [API]   bodyKeys: [],
[WebServer] [API]   hasAuth: true,
[WebServer] [API]   authHeaderPrefix: 'Bearer mock-test-token...',
[WebServer] [API]   contentType: undefined
[WebServer] [API] }
[WebServer] [API] [2026-02-04T22:39:39.422Z] GET /api/conversations/unread-count {
[WebServer] [API]   correlationId: '0f6d24ec-da8c-4e6f-8846-317c58eab105',
[WebServer] [API]   hasBody: true,
[WebServer] [API]   bodyKeys: [],
[WebServer] [API]   hasAuth: true,
[WebServer] [API]   authHeaderPrefix: 'Bearer mock-test-token...',
[WebServer] [API]   contentType: undefined
[WebServer] [API] }
[WebServer] [API] [AUTH DEBUG] authenticateUser GET path=/api/conversations/unread-count hasAuth=true
[WebServer] [API] [AUTH] authenticateUser called for GET /api/conversations/unread-count { hasAuthHeader: true, authHeaderPrefix: 'Bearer mock-test-tok' }
[WebServer] [API] [2026-02-04T22:39:39.548Z] GET /api/shifts/pending-review {
[WebServer] [API]   correlationId: '0a69dd23-8f48-403a-a184-e9cfe1cca10c',
[WebServer] [API]   hasBody: true,
[WebServer] [API]   bodyKeys: [],
[WebServer] [API]   hasAuth: true,
[WebServer] [API]   authHeaderPrefix: 'Bearer mock-test-token...',
[WebServer] [API]   contentType: undefined
[WebServer] [API] }
  ok 153 [Mobile Chrome] ΓÇ║ tests\e2e\auth.spec.ts:108:5 ΓÇ║ Authentication Tests ΓÇ║ Google OAuth Redirection ΓÇ║ should display Google auth button on login page (4.6s)
[WebServer] [API] [2026-02-04T22:39:39.948Z] GET /api/integrations/xero/status {
[WebServer] [API]   correlationId: 'c51ed1f9-4c46-4cf8-b4b2-99d6f65aa601',
[WebServer] [API]   hasBody: true,
[WebServer] [API]   bodyKeys: [],
[WebServer] [API]   hasAuth: true,
[WebServer] [API]   authHeaderPrefix: 'Bearer mock-test-token...',
[WebServer] [API]   contentType: undefined
[WebServer] [API] }
[WebServer] [API] [2026-02-04T22:39:39.952Z] GET /api/integrations/xero/sync-history {
[WebServer] [API]   correlationId: '726d591c-7ba2-4bed-8f68-3496870698a2',
[WebServer] [API]   hasBody: true,
[WebServer] [API]   bodyKeys: [],
[WebServer] [API]   hasAuth: true,
[WebServer] [API]   authHeaderPrefix: 'Bearer mock-test-token...',
[WebServer] [API]   contentType: undefined
[WebServer] [API] }
[WebServer] [API] [2026-02-04T22:39:39.955Z] GET /api/venues/me {
[WebServer] [API]   correlationId: 'b2523982-e96a-42a7-b6a3-c5e41c0b8407',
[WebServer] [API]   hasBody: true,
[WebServer] [API]   bodyKeys: [],
[WebServer] [API]   hasAuth: true,
[WebServer] [API]   authHeaderPrefix: 'Bearer mock-test-token...',
[WebServer] [API]   contentType: undefined
[WebServer] [API] }
[WebServer] [API] [2026-02-04T22:39:39.961Z] GET /api/stripe-connect/account/status {
[WebServer] [API]   correlationId: '6715927c-d0fb-4b96-ac17-cbeb01b37fb6',
[WebServer] [API]   hasBody: true,
[WebServer] [API]   bodyKeys: [],
[WebServer] [API]   hasAuth: true,
[WebServer] [API]   authHeaderPrefix: 'Bearer mock-test-token...',
[WebServer] [API]   contentType: undefined
[WebServer] [API] }
[WebServer] [API] [2026-02-04T22:39:39.965Z] GET /api/shifts/shop/venue-manager-001 {
[WebServer] [API]   correlationId: '88c377db-11bf-4ab0-b7a3-34b3946d49d1',
[WebServer] [API]   hasBody: true,
[WebServer] [API]   bodyKeys: [],
[WebServer] [API]   hasAuth: true,
[WebServer] [API]   authHeaderPrefix: 'Bearer mock-test-token...',
[WebServer] [API]   contentType: undefined
[WebServer] [API] }
[WebServer] [API] [2026-02-04T22:39:39.967Z] GET /api/analytics/dashboard {
[WebServer] [API]   correlationId: 'c601a3a7-c853-4eb1-aba4-8133dc889049',
[WebServer] [API]   hasBody: true,
[WebServer] [API]   bodyKeys: [],
[WebServer] [API]   hasAuth: true,
[WebServer] [API]   authHeaderPrefix: 'Bearer mock-test-token...',
[WebServer] [API]   contentType: undefined
[WebServer] [API] }
[WebServer] [API] [2026-02-04T22:39:40.086Z] GET /api/subscriptions/current {
[WebServer] [API]   correlationId: '70a788a9-34f7-40da-925a-3bddcbb4a3ba',
[WebServer] [API]   hasBody: true,
[WebServer] [API]   bodyKeys: [],
[WebServer] [API]   hasAuth: true,
[WebServer] [API]   authHeaderPrefix: 'Bearer mock-test-token...',
[WebServer] [API]   contentType: undefined
[WebServer] [API] }
[WebServer] [API] [AUTH] authenticateUser called for GET /api/subscriptions/current { hasAuthHeader: true, authHeaderPrefix: 'Bearer mock-test-tok' }
[WebServer] [API] [AUTH DEBUG] authenticateUser GET path=/api/subscriptions/current hasAuth=true
[WebServer] [API] [2026-02-04T22:39:40.090Z] GET /api/shifts/messages/unread-count {
[WebServer] [API]   correlationId: '1dd2b99b-f580-4194-9b77-3847ed6bdec5',
[WebServer] [API]   hasBody: true,
[WebServer] [API]   bodyKeys: [],
[WebServer] [API]   hasAuth: true,
[WebServer] [API]   authHeaderPrefix: 'Bearer mock-test-token...',
[WebServer] [API]   contentType: undefined
[WebServer] [API] }
[WebServer] [API] [2026-02-04T22:39:40.754Z] GET /api/notifications {
[WebServer] [API]   correlationId: '415ab6c6-99cc-43c6-bb11-2b13fa85c002',
[WebServer] [API]   hasBody: true,
[WebServer] [API]   bodyKeys: [],
[WebServer] [API]   hasAuth: true,
[WebServer] [API]   authHeaderPrefix: 'Bearer mock-test-token...',
[WebServer] [API]   contentType: undefined
[WebServer] [API] }
[WebServer] [API] [2026-02-04T22:39:40.769Z] GET /api/conversations/unread-count {
[WebServer] [API]   correlationId: '73dd60ae-7e2e-487d-a619-d8a2d31a862b',
[WebServer] [API]   hasBody: true,
[WebServer] [API]   bodyKeys: [],
[WebServer] [API]   hasAuth: true,
[WebServer] [API]   authHeaderPrefix: 'Bearer mock-test-token...',
[WebServer] [API]   contentType: undefined
[WebServer] [API] }
[WebServer] [API] [AUTH] authenticateUser called for GET /api/conversations/unread-count { hasAuthHeader: true, authHeaderPrefix: 'Bearer mock-test-tok' }
[WebServer] [API] [AUTH DEBUG] authenticateUser GET path=/api/conversations/unread-count hasAuth=true
  ok 154 [Mobile Chrome] ΓÇ║ tests\e2e\enterprise.spec.ts:103:5 ΓÇ║ Enterprise Page Tests ΓÇ║ Enterprise Form Submission ΓÇ║ should validate required fields before submission (5.6s)
[WebServer] [API] [2026-02-04T22:39:41.309Z] GET /api/settlements/export {
[WebServer] [API]   correlationId: 'dc97333d-294f-449a-bc65-647f21ba807f',
[WebServer] [API]   hasBody: true,
[WebServer] [API]   bodyKeys: [],
[WebServer] [API]   hasAuth: false,
[WebServer] [API]   authHeaderPrefix: undefined,
[WebServer] [API]   contentType: undefined
[WebServer] [API] }
[WebServer] [API] [AUTH] No token provided for GET /export
(node:1164) Warning: The 'NO_COLOR' env is ignored due to the 'FORCE_COLOR' env being set.
(Use `node --trace-warnings ...` to show where the warning was created)
  ok 151 [Mobile Chrome] ΓÇ║ tests\dashboard.spec.ts:94:3 ΓÇ║ Venue Dashboard ΓÇ║ STL- Settlement IDs are visible and correctly formatted (11.6s)
ΓÜá∩╕Å  Direct Invite Flow: Could not verify confirmed status via UI
(node:34980) Warning: The 'NO_COLOR' env is ignored due to the 'FORCE_COLOR' env being set.
(Use `node --trace-warnings ...` to show where the warning was created)
  ok 146 [Mobile Chrome] ΓÇ║ tests\e2e\calendar-lifecycle.spec.ts:92:5 ΓÇ║ Calendar Lifecycle E2E Tests ΓÇ║ Test Case 1: The Direct Invite Flow ΓÇ║ Shop invites barber to draft shift, barber accepts, shift becomes confirmed (16.1s)
[WebServer] [API] [2026-02-04T22:39:43.267Z] POST /api/investors/rsvp {
[WebServer] [API]   correlationId: 'a2a2ca62-2b4d-4ddc-b077-8676f89f6848',
[WebServer] [API]   hasBody: true,
[WebServer] [API]   bodyKeys: [ 'email', 'name', 'timestamp' ],
[WebServer] [API]   hasAuth: true,
[WebServer] [API]   authHeaderPrefix: 'Bearer mock-test-token...',
[WebServer] [API]   contentType: 'application/json'
[WebServer] [API] }
[WebServer] [API] [INVESTOR RSVP] {
[WebServer] [API]   email: 'anonymous',
[WebServer] [API]   name: 'Anonymous Investor',
[WebServer] [API]   timestamp: '2026-02-04T22:39:42.396Z',
[WebServer] [API]   ip: '127.0.0.1',
[WebServer] [API]   userAgent: 'Mozilla/5.0 (Linux; Android 11; Pixel 5) AppleWebKit/537.36 (KHTML, like Gecko) Chrome/145.0.7632.6 Mobile Safari/537.36'
[WebServer] [API] }
  ok 157 [Mobile Chrome] ΓÇ║ tests\e2e\auth.spec.ts:122:5 ΓÇ║ Authentication Tests ΓÇ║ Google OAuth Redirection ΓÇ║ should display Google auth button on signup page (5.1s)
(node:1164) Warning: The 'NO_COLOR' env is ignored due to the 'FORCE_COLOR' env being set.
(Use `node --trace-warnings ...` to show where the warning was created)
[WebServer] [API] [2026-02-04T22:39:45.884Z] GET /api/notifications {
[WebServer] [API]   correlationId: '9d0dd5fb-a59a-4174-9b8d-50348439d4f5',
[WebServer] [API]   hasBody: true,
[WebServer] [API]   bodyKeys: [],
[WebServer] [API]   hasAuth: true,
[WebServer] [API]   authHeaderPrefix: 'Bearer mock-test-token...',
[WebServer] [API]   contentType: undefined
[WebServer] [API] }
[WebServer] [API] [2026-02-04T22:39:45.888Z] GET /api/conversations/unread-count {
[WebServer] [API]   correlationId: '434678ef-502c-4260-9515-ccd45ae3bf4f',
[WebServer] [API]   hasBody: true,
[WebServer] [API]   bodyKeys: [],
[WebServer] [API]   hasAuth: true,
[WebServer] [API]   authHeaderPrefix: 'Bearer mock-test-token...',
[WebServer] [API]   contentType: undefined
[WebServer] [API] }
[WebServer] [API] [AUTH] authenticateUser called for GET /api/conversations/unread-count { hasAuthHeader: true, authHeaderPrefix: 'Bearer mock-test-tok' }
[WebServer] [API] [AUTH DEBUG] authenticateUser GET path=/api/conversations/unread-count hasAuth=true
  ok 152 [Mobile Chrome] ΓÇ║ tests\e2e\investor-portal.spec.ts:20:5 ΓÇ║ Investor Portal E2E Tests ΓÇ║ Navigation and RSVP ΓÇ║ Opens /investorportal and successfully submits RSVP (11.6s)
[WebServer] [API] [2026-02-04T22:39:46.432Z] GET /api/integrations/xero/status {
[WebServer] [API]   correlationId: '0648e541-b7ac-4386-afad-76974c43f616',
[WebServer] [API]   hasBody: true,
[WebServer] [API]   bodyKeys: [],
[WebServer] [API]   hasAuth: true,
[WebServer] [API]   authHeaderPrefix: 'Bearer mock-test-token...',
[WebServer] [API]   contentType: undefined
[WebServer] [API] }
[WebServer] [API] [2026-02-04T22:39:46.436Z] GET /api/integrations/xero/sync-history {
[WebServer] [API]   correlationId: 'c597103e-65f5-43f9-9e6f-3bbd249095ab',
[WebServer] [API]   hasBody: true,
[WebServer] [API]   bodyKeys: [],
[WebServer] [API]   hasAuth: true,
[WebServer] [API]   authHeaderPrefix: 'Bearer mock-test-token...',
[WebServer] [API]   contentType: undefined
[WebServer] [API] }
[WebServer] [API] [2026-02-04T22:39:46.443Z] GET /api/venues/me {
[WebServer] [API]   correlationId: 'd3b811c2-8d57-4ca3-b5b6-7c1568b78e76',
[WebServer] [API]   hasBody: true,
[WebServer] [API]   bodyKeys: [],
[WebServer] [API]   hasAuth: true,
[WebServer] [API]   authHeaderPrefix: 'Bearer mock-test-token...',
[WebServer] [API]   contentType: undefined
[WebServer] [API] }
[WebServer] [API] [2026-02-04T22:39:46.457Z] GET /api/stripe-connect/account/status {
[WebServer] [API]   correlationId: '9cc638c3-8db0-47bc-a1df-466218ca28bc',
[WebServer] [API]   hasBody: true,
[WebServer] [API]   bodyKeys: [],
[WebServer] [API]   hasAuth: true,
[WebServer] [API]   authHeaderPrefix: 'Bearer mock-test-token...',
[WebServer] [API]   contentType: undefined
[WebServer] [API] }
[WebServer] [API] [2026-02-04T22:39:46.463Z] GET /api/analytics/dashboard {
[WebServer] [API]   correlationId: 'd9697790-bbc5-40c7-bdfe-2540585ecb6d',
[WebServer] [API]   hasBody: true,
[WebServer] [API]   bodyKeys: [],
[WebServer] [API]   hasAuth: true,
[WebServer] [API]   authHeaderPrefix: 'Bearer mock-test-token...',
[WebServer] [API]   contentType: undefined
[WebServer] [API] }
  ok 158 [Mobile Chrome] ΓÇ║ tests\e2e\enterprise.spec.ts:121:5 ΓÇ║ Enterprise Page Tests ΓÇ║ Enterprise Form Submission ΓÇ║ should validate email format (5.8s)
  ok 156 [chromium] ΓÇ║ tests\e2e\onboarding.spec.ts:653:5 ΓÇ║ Onboarding Flow E2E Tests ΓÇ║ Onboarding Skip Flow ΓÇ║ should show Complete Setup Banner after user skips Stripe step during onboarding (9.5s)
[WebServer] [API] [2026-02-04T22:39:48.697Z] GET /api/notifications {
[WebServer] [API]   correlationId: 'b83dcbeb-3a03-46fe-bb00-13cf5009b273',
[WebServer] [API]   hasBody: true,
[WebServer] [API]   bodyKeys: [],
[WebServer] [API]   hasAuth: true,
[WebServer] [API]   authHeaderPrefix: 'Bearer mock-test-token...',
[WebServer] [API]   contentType: undefined
[WebServer] [API] }
[WebServer] [API] [2026-02-04T22:39:48.700Z] GET /api/conversations/unread-count {
[WebServer] [API]   correlationId: '9bdb8ee5-5c0c-4389-9a17-d3b14bafb265',
[WebServer] [API]   hasBody: true,
[WebServer] [API]   bodyKeys: [],
[WebServer] [API]   hasAuth: true,
[WebServer] [API]   authHeaderPrefix: 'Bearer mock-test-token...',
[WebServer] [API]   contentType: undefined
[WebServer] [API] }
[WebServer] [API] [WebServer] [AUTH DEBUG] authenticateUser GET path=/api/conversations/unread-count hasAuth=true
[WebServer] [API] [AUTH] authenticateUser called for GET /api/conversations/unread-count { hasAuthHeader: true, authHeaderPrefix: 'Bearer mock-test-tok' }
[WebServer] [API] [2026-02-04T22:39:49.166Z] GET /api/integrations/xero/status {
[WebServer] [API]   correlationId: 'e1d2b7fc-33b3-41a7-b8c7-6eafae952273',
[WebServer] [API]   hasBody: true,
[WebServer] [API]   bodyKeys: [],
[WebServer] [API]   hasAuth: true,
[WebServer] [API]   authHeaderPrefix: 'Bearer mock-test-token...',
[WebServer] [API]   contentType: undefined
[WebServer] [API] }
[WebServer] [API] [2026-02-04T22:39:49.170Z] GET /api/integrations/xero/sync-history {
[WebServer] [API]   correlationId: '8ccfde83-d731-4599-9bbb-740923d4f36b',
[WebServer] [API]   hasBody: true,
[WebServer] [API]   bodyKeys: [],
[WebServer] [API]   hasAuth: true,
[WebServer] [API]   authHeaderPrefix: 'Bearer mock-test-token...',
[WebServer] [API]   contentType: undefined
[WebServer] [API] }
[WebServer] [API] [2026-02-04T22:39:49.180Z] GET /api/venues/me {
[WebServer] [API]   correlationId: '93472516-34b1-4724-a93c-2d1ed5b7e3b8',
[WebServer] [API]   hasBody: true,
[WebServer] [API]   bodyKeys: [],
[WebServer] [API]   hasAuth: true,
[WebServer] [API]   authHeaderPrefix: 'Bearer mock-test-token...',
[WebServer] [API]   contentType: undefined
[WebServer] [API] }
[WebServer] [API] [2026-02-04T22:39:49.185Z] GET /api/stripe-connect/account/status {
[WebServer] [API]   correlationId: '76b2d767-7904-4b29-99f9-a7ff73c34916',
[WebServer] [API]   hasBody: true,
[WebServer] [API]   bodyKeys: [],
[WebServer] [API]   hasAuth: true,
[WebServer] [API]   authHeaderPrefix: 'Bearer mock-test-token...',
[WebServer] [API]   contentType: undefined
[WebServer] [API] }
[WebServer] [API] [2026-02-04T22:39:49.198Z] GET /api/shifts/shop/venue-manager-001 {
[WebServer] [API]   correlationId: '0682bb73-6ed9-42c2-856c-a3bcdb1608a4',
[WebServer] [API]   hasBody: true,
[WebServer] [API]   bodyKeys: [],
[WebServer] [API]   hasAuth: true,
[WebServer] [API]   authHeaderPrefix: 'Bearer mock-test-token...',
[WebServer] [API]   contentType: undefined
[WebServer] [API] }
[WebServer] [API] [2026-02-04T22:39:49.199Z] GET /api/analytics/dashboard {
[WebServer] [API]   correlationId: '09c62ac6-03b8-467d-a427-7e8559a0419f',
[WebServer] [API]   hasBody: true,
[WebServer] [API]   bodyKeys: [],
[WebServer] [API]   hasAuth: true,
[WebServer] [API]   authHeaderPrefix: 'Bearer mock-test-token...',
[WebServer] [API]   contentType: undefined
[WebServer] [API] }
[WebServer] [API] [2026-02-04T22:39:49.282Z] GET /api/subscriptions/current {
[WebServer] [API]   correlationId: '3c4852e1-8808-40d2-b401-238e0604bda8',
[WebServer] [API]   hasBody: true,
[WebServer] [API]   bodyKeys: [],
[WebServer] [API]   hasAuth: true,
[WebServer] [API]   authHeaderPrefix: 'Bearer mock-test-token...',
[WebServer] [API]   contentType: undefined
[WebServer] [API] }
[WebServer] [API] [AUTH DEBUG] authenticateUser GET path=/api/subscriptions/current hasAuth=true
[WebServer] [API] [AUTH] authenticateUser called for GET /api/subscriptions/current { hasAuthHeader: true, authHeaderPrefix: 'Bearer mock-test-tok' }
[WebServer] [API] [2026-02-04T22:39:49.286Z] GET /api/shifts/messages/unread-count {
[WebServer] [API]   correlationId: '79a4d78d-04b8-40be-b7ba-d720963f3cbb',
[WebServer] [API]   hasBody: true,
[WebServer] [API]   bodyKeys: [],
[WebServer] [API]   hasAuth: true,
[WebServer] [API]   authHeaderPrefix: 'Bearer mock-test-token...',
[WebServer] [API]   contentType: undefined
[WebServer] [API] }
  ok 162 [Mobile Chrome] ΓÇ║ tests\e2e\auth.spec.ts:136:5 ΓÇ║ Authentication Tests ΓÇ║ Google OAuth Redirection ΓÇ║ should have correct Firebase auth domain configured (5.1s)
  ok 161 [Mobile Chrome] ΓÇ║ tests\e2e\forgot-password.spec.ts:4:3 ΓÇ║ Forgot Password E2E ΓÇ║ should allow requesting a password reset (neutral success messaging) (6.5s)
(node:44108) Warning: The 'NO_COLOR' env is ignored due to the 'FORCE_COLOR' env being set.
(Use `node --trace-warnings ...` to show where the warning was created)
[WebServer] [API] [2026-02-04T22:39:51.177Z] GET /api/notifications {
[WebServer] [API]   correlationId: '54cf7a47-2fac-4c96-95c3-4c75e90649da',
[WebServer] [API]   hasBody: true,
[WebServer] [API]   bodyKeys: [],
[WebServer] [API]   hasAuth: true,
[WebServer] [API]   authHeaderPrefix: 'Bearer mock-test-token...',
[WebServer] [API]   contentType: undefined
[WebServer] [API] }
[WebServer] [API] [2026-02-04T22:39:51.181Z] GET /api/conversations/unread-count {
[WebServer] [API]   correlationId: '12e65dbe-6f70-41f8-8cc5-4817187da4cd',
[WebServer] [API]   hasBody: true,
[WebServer] [API]   bodyKeys: [],
[WebServer] [API]   hasAuth: true,
[WebServer] [API]   authHeaderPrefix: 'Bearer mock-test-token...',
[WebServer] [API]   contentType: undefined
[WebServer] [API] }
[WebServer] [API] [AUTH DEBUG] authenticateUser GET path=/api/conversations/unread-count hasAuth=true
[WebServer] [API] [AUTH] authenticateUser called for GET /api/conversations/unread-count { hasAuthHeader: true, authHeaderPrefix: 'Bearer mock-test-tok' }
  ok 165 [Mobile Chrome] ΓÇ║ tests\e2e\enterprise.spec.ts:153:5 ΓÇ║ Enterprise Page Tests ΓÇ║ Enterprise Form Submission ΓÇ║ should handle API error gracefully (6.6s)
(node:44108) Warning: The 'NO_COLOR' env is ignored due to the 'FORCE_COLOR' env being set.
(Use `node --trace-warnings ...` to show where the warning was created)
  ok 163 [Mobile Chrome] ΓÇ║ tests\e2e\job-feed.spec.ts:31:5 ΓÇ║ Job Feed E2E Tests ΓÇ║ FilterBar Component ΓÇ║ should display FilterBar component (6.7s)
  ok 159 [Mobile Chrome] ΓÇ║ tests\dashboard.spec.ts:279:3 ΓÇ║ Venue Dashboard ΓÇ║ Dashboard handles 401 errors gracefully (13.0s)
  -  171 [Mobile Chrome] ΓÇ║ tests\e2e\master-golden-path.spec.ts:86:3 ΓÇ║ Master Golden Path - Professional User Journey ΓÇ║ complete professional user journey from signup to application attempt
  ok 164 [Mobile Chrome] ΓÇ║ tests\e2e\investor-portal.spec.ts:61:5 ΓÇ║ Investor Portal E2E Tests ΓÇ║ Navigation and RSVP ΓÇ║ Investor Portal displays correct key metrics (9.2s)
  ok 166 [Mobile Chrome] ΓÇ║ tests\e2e\auth.spec.ts:156:5 ΓÇ║ Authentication Tests ΓÇ║ Google OAuth Redirection ΓÇ║ should navigate from landing page Login button to login page (6.4s)
  ok 167 [Mobile Chrome] ΓÇ║ tests\e2e\landing.spec.ts:48:5 ΓÇ║ Landing Page Tests ΓÇ║ Hero Section CTAs ΓÇ║ should navigate FIND STAFF button to /signup?role=hub (5.9s)
[WebServer] [API] [2026-02-04T22:39:59.161Z] GET /api/notifications {
[WebServer] [API]   correlationId: '73e28327-61c5-42a2-8901-26bb7bb60b6c',
[WebServer] [API]   hasBody: true,
[WebServer] [API]   bodyKeys: [],
[WebServer] [API]   hasAuth: true,
[WebServer] [API]   authHeaderPrefix: 'Bearer mock-test-token...',
[WebServer] [API]   contentType: undefined
[WebServer] [API] }
[WebServer] [API] [2026-02-04T22:39:59.165Z] GET /api/conversations/unread-count {
[WebServer] [API]   correlationId: '82436be0-6563-4edc-9d13-41fc8144c5bc',
[WebServer] [API]   hasBody: true,
[WebServer] [API]   bodyKeys: [],
[WebServer] [API]   hasAuth: true,
[WebServer] [API]   authHeaderPrefix: 'Bearer mock-test-token...',
[WebServer] [API]   contentType: undefined
[WebServer] [API] }
[WebServer] [API] [AUTH] authenticateUser called for GET /api/conversations/unread-count { hasAuthHeader: true, authHeaderPrefix: 'Bearer mock-test-tok' }
[WebServer] [API] [AUTH DEBUG] authenticateUser GET path=/api/conversations/unread-count hasAuth=true
[WebServer] [API] [2026-02-04T22:39:59.415Z] GET /api/users/verification-status {
[WebServer] [API]   correlationId: '191518ea-5815-4966-851e-0e768f828bc4',
[WebServer] [API]   hasBody: true,
[WebServer] [API]   bodyKeys: [],
[WebServer] [API]   hasAuth: true,
[WebServer] [API]   authHeaderPrefix: 'Bearer mock-test-token...',
[WebServer] [API]   contentType: undefined
[WebServer] [API] }
[WebServer] [API] [2026-02-04T22:39:59.426Z] GET /api/jobs {
[WebServer] [API]   correlationId: '82d71d02-d0f9-4f89-b873-a780e2410ef0',
[WebServer] [API]   hasBody: true,
[WebServer] [API]   bodyKeys: [],
[WebServer] [API]   hasAuth: true,
[WebServer] [API]   authHeaderPrefix: 'Bearer mock-test-token...',
[WebServer] [API]   contentType: undefined
[WebServer] [API] }
[WebServer] [API] [2026-02-04T22:39:59.432Z] GET /api/analytics/dashboard {
[WebServer] [API]   correlationId: 'fccfeded-a682-448c-8753-dda381f6b6b6',
[WebServer] [API]   hasBody: true,
[WebServer] [API]   bodyKeys: [],
[WebServer] [API]   hasAuth: true,
[WebServer] [API]   authHeaderPrefix: 'Bearer mock-test-token...',
[WebServer] [API]   contentType: undefined
[WebServer] [API] }
[WebServer] [API] [2026-02-04T22:39:59.460Z] GET /api/shifts/messages/unread-count {
[WebServer] [API]   correlationId: '33ca6667-98ae-432d-9a29-006ffb7f74cb',
[WebServer] [API]   hasBody: true,
[WebServer] [API]   bodyKeys: [],
[WebServer] [API]   hasAuth: true,
[WebServer] [API]   authHeaderPrefix: 'Bearer mock-test-token...',
[WebServer] [API]   contentType: undefined
[WebServer] [API] }
  ok 168 [Mobile Chrome] ΓÇ║ tests\e2e\enterprise.spec.ts:191:5 ΓÇ║ Enterprise Page Tests ΓÇ║ Enterprise Form Submission ΓÇ║ should send correct payload to API (6.1s)
[WebServer] [API] [2026-02-04T22:40:00.011Z] GET /api/worker/priority-boost {
[WebServer] [API]   correlationId: '1e937b46-2a37-4a4d-857a-356b46763907',
[WebServer] [API]   hasBody: true,
[WebServer] [API]   bodyKeys: [],
[WebServer] [API]   hasAuth: true,
[WebServer] [API]   authHeaderPrefix: 'Bearer mock-test-token...',
[WebServer] [API]   contentType: undefined
[WebServer] [API] }
[WebServer] [API] [2026-02-04T22:40:00.014Z] GET /api/worker/recommendations {
[WebServer] [API]   correlationId: 'c2f448a3-808d-4fd2-a190-445edee9c89b',
[WebServer] [API]   hasBody: true,
[WebServer] [API]   bodyKeys: [],
[WebServer] [API]   hasAuth: true,
[WebServer] [API]   authHeaderPrefix: 'Bearer mock-test-token...',
[WebServer] [API]   contentType: undefined
[WebServer] [API] }
[WebServer] [API] [GET /api/worker/recommendations] No location provided, returning empty recommendations
[WebServer] [API] [2026-02-04T22:40:00.016Z] GET /api/worker/waitlisted-shifts {
[WebServer] [API]   correlationId: '792df87d-5bfc-48df-ad96-f375cd7d4f4f',
[WebServer] [API]   hasBody: true,
[WebServer] [API]   bodyKeys: [],
[WebServer] [API]   hasAuth: true,
[WebServer] [API]   authHeaderPrefix: 'Bearer mock-test-token...',
[WebServer] [API]   contentType: undefined
[WebServer] [API] }
[WebServer] [API] [2026-02-04T22:40:00.023Z] GET /api/me/availability {
[WebServer] [API]   correlationId: '023191f0-a433-4fe3-8625-d15a1a1a1d72',
[WebServer] [API]   hasBody: true,
[WebServer] [API]   bodyKeys: [],
[WebServer] [API]   hasAuth: true,
[WebServer] [API]   authHeaderPrefix: 'Bearer mock-test-token...',
[WebServer] [API]   contentType: undefined
[WebServer] [API] }
[WebServer] [API] [2026-02-04T22:40:00.027Z] GET /api/worker/earnings {
[WebServer] [API]   correlationId: '70f41b2c-087c-4407-9178-bd79142b8ae9',
[WebServer] [API]   hasBody: true,
[WebServer] [API]   bodyKeys: [],
[WebServer] [API]   hasAuth: true,
[WebServer] [API]   authHeaderPrefix: 'Bearer mock-test-token...',
[WebServer] [API]   contentType: undefined
[WebServer] [API] }
[WebServer] [API] [2026-02-04T22:40:00.464Z] GET /api/me/reputation {
[WebServer] [API]   correlationId: 'c2311063-7e06-4896-9657-2e2bb842bb06',
[WebServer] [API]   hasBody: true,
[WebServer] [API]   bodyKeys: [],
[WebServer] [API]   hasAuth: true,
[WebServer] [API]   authHeaderPrefix: 'Bearer mock-test-token...',
[WebServer] [API]   contentType: undefined
[WebServer] [API] }
[WebServer] [API] [2026-02-04T22:40:00.475Z] GET /api/shifts/pending-review {
[WebServer] [API]   correlationId: '9b752051-961c-4564-8150-1939b46488c2',
[WebServer] [API]   hasBody: true,
[WebServer] [API]   bodyKeys: [],
[WebServer] [API]   hasAuth: true,
[WebServer] [API]   authHeaderPrefix: 'Bearer mock-test-token...',
[WebServer] [API]   contentType: undefined
[WebServer] [API] }
[WebServer] [API] [2026-02-04T22:40:02.577Z] POST /api/shifts/open-shift-001/apply {
[WebServer] [API]   correlationId: '2356e372-e217-4171-8be6-18e018a4d671',
[WebServer] [API]   hasBody: true,
[WebServer] [API]   bodyKeys: [],
[WebServer] [API]   hasAuth: true,
[WebServer] [API]   authHeaderPrefix: 'Bearer mock-test-token...',
[WebServer] [API]   contentType: undefined
[WebServer] [API] }
[WebServer] [API] [WebServer] ≡ƒöÑ CRITICAL SERVER CRASH [errorHandler]: {
[WebServer] [API]   message: 'Failed query: select "shifts"."id", "shifts"."employer_id", "shifts"."assignee_id", "shifts"."role", "shifts"."title", "shifts"."description", "shifts"."start_time", "shifts"."end_time", "shifts"."hourly_rate", "shifts"."cancellation_window_hours", "shifts"."kill_fee_amount", "shifts"."staff_cancellation_reason", "shifts"."is_emergency_fill", "shifts"."uniform_requirements", "shifts"."rsa_required", "shifts"."expected_pax", "shifts"."capacity", "shifts"."status", "shifts"."attendance_status", "shifts"."payment_status", "shifts"."payment_intent_id", "shifts"."stripe_charge_id", "shifts"."application_fee_amount", "shifts"."transfer_amount", "shifts"."location", "shifts"."lat", "shifts"."lng", "shifts"."is_recurring", "shifts"."auto_accept", "shifts"."parent_shift_id", "shifts"."clock_in_time", "shifts"."actual_start_time", "shifts"."substitution_requested_by", "shifts"."proof_image_url", "shifts"."late_arrival_eta_minutes", "shifts"."late_arrival_eta_set_at", "shifts"."late_arrival_signal_sent", "shifts"."backup_requested_at", "shifts"."backup_worker_id", "shifts"."original_worker_id", "shifts"."deleted_at", "shifts"."created_at", "shifts"."updated_at", "users"."name", "users"."avatar_url" from "shifts" left join "users" on "shifts"."employer_id" = "users"."id" where ("shifts"."id" = $1 and "shifts"."deleted_at" is null) limit $2\n' +
[WebServer] [API]     'params: open-shift-001,1',
[WebServer] [API]   stack: 'Error: Failed query: select "shifts"."id", "shifts"."employer_id", "shifts"."assignee_id", "shifts"."role", "shifts"."title", "shifts"."description", "shifts"."start_time", "shifts"."end_time", "shifts"."hourly_rate", "shifts"."cancellation_window_hours", "shifts"."kill_fee_amount", "shifts"."staff_cancellation_reason", "shifts"."is_emergency_fill", "shifts"."uniform_requirements", "shifts"."rsa_required", "shifts"."expected_pax", "shifts"."capacity", "shifts"."status", "shifts"."attendance_status", "shifts"."payment_status", "shifts"."payment_intent_id", "shifts"."stripe_charge_id", "shifts"."application_fee_amount", "shifts"."transfer_amount", "shifts"."location", "shifts"."lat", "shifts"."lng", "shifts"."is_recurring", "shifts"."auto_accept", "shifts"."parent_shift_id", "shifts"."clock_in_time", "shifts"."actual_start_time", "shifts"."substitution_requested_by", "shifts"."proof_image_url", "shifts"."late_arrival_eta_minutes", "shifts"."late_arrival_eta_set_at", "shifts"."late_arrival_signal_sent", "shifts"."backup_requested_at", "shifts"."backup_worker_id", "shifts"."original_worker_id", "shifts"."deleted_at", "shifts"."created_at", "shifts"."updated_at", "users"."name", "users"."avatar_url" from "shifts" left join "users" on "shifts"."employer_id" = "users"."id" where ("shifts"."id" = $1 and "shifts"."deleted_at" is null) limit $2\n' +
[WebServer] [API]     'params: open-shift-001,1\n' +
[WebServer] [API]     '    at NodePgPreparedQuery.queryWithCache (C:\\Users\\USER\\Snipshift\\api\\node_modules\\src\\pg-core\\session.ts:73:11)\n' +
[WebServer] [API]     '    at process.processTicksAndRejections (node:internal/process/task_queues:105:5)\n' +
[WebServer] [API]     '    at async <anonymous> (C:\\Users\\USER\\Snipshift\\api\\node_modules\\src\\node-postgres\\session.ts:154:19)\n' +
[WebServer] [API]     '    at async Module.getShiftById (C:\\Users\\USER\\Snipshift\\api\\_src\\repositories\\shifts.repository.ts:237:19)\n' +
[WebServer] [API]     '    at async <anonymous> (C:\\Users\\USER\\Snipshift\\api\\_src\\routes\\shifts.ts:3360:17)',
[WebServer] [API]   path: '/api/shifts/open-shift-001/apply',
[WebServer] [API]   method: 'POST',
[WebServer] [API]   timestamp: '2026-02-04T22:40:02.613Z',
[WebServer] [API]   body: {},
[WebServer] [API]   query: {},
[WebServer] [API]   databaseError: {
[WebServer] [API]     message: 'Failed query: select "shifts"."id", "shifts"."employer_id", "shifts"."assignee_id", "shifts"."role", "shifts"."title", "shifts"."description", "shifts"."start_time", "shifts"."end_time", "shifts"."hourly_rate", "shifts"."cancellation_window_hours", "shifts"."kill_fee_amount", "shifts"."staff_cancellation_reason", "shifts"."is_emergency_fill", "shifts"."uniform_requirements", "shifts"."rsa_required", "shifts"."expected_pax", "shifts"."capacity", "shifts"."status", "shifts"."attendance_status", "shifts"."payment_status", "shifts"."payment_intent_id", "shifts"."stripe_charge_id", "shifts"."application_fee_amount", "shifts"."transfer_amount", "shifts"."location", "shifts"."lat", "shifts"."lng", "shifts"."is_recurring", "shifts"."auto_accept", "shifts"."parent_shift_id", "shifts"."clock_in_time", "shifts"."actual_start_time", "shifts"."substitution_requested_by", "shifts"."proof_image_url", "shifts"."late_arrival_eta_minutes", "shifts"."late_arrival_eta_set_at", "shifts"."late_arrival_signal_sent", "shifts"."backup_requested_at", "shifts"."backup_worker_id", "shifts"."original_worker_id", "shifts"."deleted_at", "shifts"."created_at", "shifts"."updated_at", "users"."name", "users"."avatar_url" from "shifts" left join "users" on "shifts"."employer_id" = "users"."id" where ("shifts"."id" = $1 and "shifts"."deleted_at" is null) limit $2\n' +
[WebServer] [API]       'params: open-shift-001,1',
[WebServer] [API]     code: '22P02',
[WebServer] [API]     nestedMessage: 'invalid input syntax for type uuid: "open-shift-001"'
[WebServer] [API]   },
[WebServer] [API]   rawError: {
[WebServer] [API]     code: undefined,
[WebServer] [API]     detail: undefined,
[WebServer] [API]     hint: undefined,
[WebServer] [API]     constraint: undefined,
[WebServer] [API]     table: undefined,
[WebServer] [API]     column: undefined,
[WebServer] [API]     position: undefined,
[WebServer] [API]     internalQuery: undefined,
[WebServer] [API]     internalPosition: undefined,
[WebServer] [API]     where: undefined,
[WebServer] [API]     schema: undefined,
[WebServer] [API]     dataType: undefined,
[WebServer] [API]     cause: error: invalid input syntax for type uuid: "open-shift-001"
[WebServer] [API]         at C:\Users\USER\Snipshift\api\node_modules\pg-pool\index.js:45:11
[WebServer] [API]         at process.processTicksAndRejections (node:internal/process/task_queues:105:5)
[WebServer] [API]         at async <anonymous> (C:\Users\USER\Snipshift\api\node_modules\src\node-postgres\session.ts:161:13)
[WebServer] [API]         at async NodePgPreparedQuery.queryWithCache (C:\Users\USER\Snipshift\api\node_modules\src\pg-core\session.ts:71:12)
[WebServer] [API]         at async <anonymous> (C:\Users\USER\Snipshift\api\node_modules\src\node-postgres\session.ts:154:19)
[WebServer] [API]         at async Module.getShiftById (C:\Users\USER\Snipshift\api\_src\repositories\shifts.repository.ts:237:19)
[WebServer] [API]         at async <anonymous> (C:\Users\USER\Snipshift\api\_src\routes\shifts.ts:3360:17) {
[WebServer] [API]       length: 146,
[WebServer] [API]       severity: 'ERROR',
[WebServer] [API]       code: '22P02',
[WebServer] [API]       detail: undefined,
[WebServer] [API]       hint: undefined,
[WebServer] [API]       position: undefined,
[WebServer] [API]       internalPosition: undefined,
[WebServer] [API]       internalQuery: undefined,
[WebServer] [API]       where: "unnamed portal parameter $1 = '...'",
[WebServer] [API]       schema: undefined,
[WebServer] [API]       table: undefined,
[WebServer] [API]       column: undefined,
[WebServer] [API]       dataType: undefined,
[WebServer] [API]       constraint: undefined,
[WebServer] [API]       file: 'uuid.c',
[WebServer] [API]       line: '133',
[WebServer] [API]       routine: 'string_to_uuid'
[WebServer] [API]     },
[WebServer] [API]     originalError: undefined,
[WebServer] [API]     error: undefined,
[WebServer] [API]     availableKeys: [ 'query', 'params', 'cause' ],
[WebServer] [API]     causeDetails: {
[WebServer] [API]       message: 'invalid input syntax for type uuid: "open-shift-001"',
[WebServer] [API]       code: '22P02',
[WebServer] [API]       detail: undefined,
[WebServer] [API]       hint: undefined,
[WebServer] [API]       constraint: undefined,
[WebServer] [API]       table: undefined,
[WebServer] [API]       column: undefined,
[WebServer] [API]       availableKeys: [Array],
[WebServer] [API]       nestedCause: undefined
[WebServer] [API]     }
[WebServer] [API]   },
[WebServer] [API]   correlationId: '2356e372-e217-4171-8be6-18e018a4d671'
[WebServer] [API] }
[WebServer] [API] [ERROR_REPORTING] ERROR: {
[WebServer] [API]   severity: 'error',
[WebServer] [API]   message: 'Failed query: select "shifts"."id", "shifts"."employer_id", "shifts"."assignee_id", "shifts"."role", "shifts"."title", "shifts"."description", "shifts"."start_time", "shifts"."end_time", "shifts"."hourly_rate", "shifts"."cancellation_window_hours", "shifts"."kill_fee_amount", "shifts"."staff_cancellation_reason", "shifts"."is_emergency_fill", "shifts"."uniform_requirements", "shifts"."rsa_required", "shifts"."expected_pax", "shifts"."capacity", "shifts"."status", "shifts"."attendance_status", "shifts"."payment_status", "shifts"."payment_intent_id", "shifts"."stripe_charge_id", "shifts"."application_fee_amount", "shifts"."transfer_amount", "shifts"."location", "shifts"."lat", "shifts"."lng", "shifts"."is_recurring", "shifts"."auto_accept", "shifts"."parent_shift_id", "shifts"."clock_in_time", "shifts"."actual_start_time", "shifts"."substitution_requested_by", "shifts"."proof_image_url", "shifts"."late_arrival_eta_minutes", "shifts"."late_arrival_eta_set_at", "shifts"."late_arrival_signal_sent", "shifts"."backup_requested_at", "shifts"."backup_worker_id", "shifts"."original_worker_id", "shifts"."deleted_at", "shifts"."created_at", "shifts"."updated_at", "users"."name", "users"."avatar_url" from "shifts" left join "users" on "shifts"."employer_id" = "users"."id" where ("shifts"."id" = $1 and "shifts"."deleted_at" is null) limit $2\n' +
[WebServer] [API]     'params: open-shift-001,1',
[WebServer] [API]   timestamp: '2026-02-04T22:40:02.625Z',
[WebServer] [API]   correlationId: '2356e372-e217-4171-8be6-18e018a4d671',
[WebServer] [API]   path: '/api/shifts/open-shift-001/apply',
[WebServer] [API]   method: 'POST',
[WebServer] [API]   error: {
[WebServer] [API]     message: 'Failed query: select "shifts"."id", "shifts"."employer_id", "shifts"."assignee_id", "shifts"."role", "shifts"."title", "shifts"."description", "shifts"."start_time", "shifts"."end_time", "shifts"."hourly_rate", "shifts"."cancellation_window_hours", "shifts"."kill_fee_amount", "shifts"."staff_cancellation_reason", "shifts"."is_emergency_fill", "shifts"."uniform_requirements", "shifts"."rsa_required", "shifts"."expected_pax", "shifts"."capacity", "shifts"."status", "shifts"."attendance_status", "shifts"."payment_status", "shifts"."payment_intent_id", "shifts"."stripe_charge_id", "shifts"."application_fee_amount", "shifts"."transfer_amount", "shifts"."location", "shifts"."lat", "shifts"."lng", "shifts"."is_recurring", "shifts"."auto_accept", "shifts"."parent_shift_id", "shifts"."clock_in_time", "shifts"."actual_start_time", "shifts"."substitution_requested_by", "shifts"."proof_image_url", "shifts"."late_arrival_eta_minutes", "shifts"."late_arrival_eta_set_at", "shifts"."late_arrival_signal_sent", "shifts"."backup_requested_at", "shifts"."backup_worker_id", "shifts"."original_worker_id", "shifts"."deleted_at", "shifts"."created_at", "shifts"."updated_at", "users"."name", "users"."avatar_url" from "shifts" left join "users" on "shifts"."employer_id" = "users"."id" where ("shifts"."id" = $1 and "shifts"."deleted_at" is null) limit $2\n' +
[WebServer] [API]       'params: open-shift-001,1',
[WebServer] [API]     stack: 'Error: Failed query: select "shifts"."id", "shifts"."employer_id", "shifts"."assignee_id", "shifts"."role", "shifts"."title", "shifts"."description", "shifts"."start_time", "shifts"."end_time", "shifts"."hourly_rate", "shifts"."cancellation_window_hours", "shifts"."kill_fee_amount", "shifts"."staff_cancellation_reason", "shifts"."is_emergency_fill", "shifts"."uniform_requirements", "shifts"."rsa_required", "shifts"."expected_pax", "shifts"."capacity", "shifts"."status", "shifts"."attendance_status", "shifts"."payment_status", "shifts"."payment_intent_id", "shifts"."stripe_charge_id", "shifts"."application_fee_amount", "shifts"."transfer_amount", "shifts"."location", "shifts"."lat", "shifts"."lng", "shifts"."is_recurring", "shifts"."auto_accept", "shifts"."parent_shift_id", "shifts"."clock_in_time", "shifts"."actual_start_time", "shifts"."substitution_requested_by", "shifts"."proof_image_url", "shifts"."late_arrival_eta_minutes", "shifts"."late_arrival_eta_set_at", "shifts"."late_arrival_signal_sent", "shifts"."backup_requested_at", "shifts"."backup_worker_id", "shifts"."original_worker_id", "shifts"."deleted_at", "shifts"."created_at", "shifts"."updated_at", "users"."name", "users"."avatar_url" from "shifts" left join "users" on "shifts"."employer_id" = "users"."id" where ("shifts"."id" = $1 and "shifts"."deleted_at" is null) limit $2\n' +
[WebServer] [API]       'params: open-shift-001,1\n' +
[WebServer] [API]       '    at NodePgPreparedQuery.queryWithCache (C:\\Users\\USER\\Snipshift\\api\\node_modules\\src\\pg-core\\session.ts:73:11)\n' +
[WebServer] [API]       '    at process.processTicksAndRejections (node:internal/process/task_queues:105:5)\n' +
[WebServer] [API]       '    at async <anonymous> (C:\\Users\\USER\\Snipshift\\api\\node_modules\\src\\node-postgres\\session.ts:154:19)\n' +
[WebServer] [API]       '    at async Module.getShiftById (C:\\Users\\USER\\Snipshift\\api\\_src\\repositories\\shifts.repository.ts:237:19)\n' +
[WebServer] [API]       '    at async <anonymous> (C:\\Users\\USER\\Snipshift\\api\\_src\\routes\\shifts.ts:3360:17)',
[WebServer] [API]     name: 'Error'
[WebServer] [API]   },
[WebServer] [API]   metadata: {
[WebServer] [API]     statusCode: 200,
[WebServer] [API]     databaseError: {
[WebServer] [API]       message: 'Failed query: select "shifts"."id", "shifts"."employer_id", "shifts"."assignee_id", "shifts"."role", "shifts"."title", "shifts"."description", "shifts"."start_time", "shifts"."end_time", "shifts"."hourly_rate", "shifts"."cancellation_window_hours", "shifts"."kill_fee_amount", "shifts"."staff_cancellation_reason", "shifts"."is_emergency_fill", "shifts"."uniform_requirements", "shifts"."rsa_required", "shifts"."expected_pax", "shifts"."capacity", "shifts"."status", "shifts"."attendance_status", "shifts"."payment_status", "shifts"."payment_intent_id", "shifts"."stripe_charge_id", "shifts"."application_fee_amount", "shifts"."transfer_amount", "shifts"."location", "shifts"."lat", "shifts"."lng", "shifts"."is_recurring", "shifts"."auto_accept", "shifts"."parent_shift_id", "shifts"."clock_in_time", "shifts"."actual_start_time", "shifts"."substitution_requested_by", "shifts"."proof_image_url", "shifts"."late_arrival_eta_minutes", "shifts"."late_arrival_eta_set_at", "shifts"."late_arrival_signal_sent", "shifts"."backup_requested_at", "shifts"."backup_worker_id", "shifts"."original_worker_id", "shifts"."deleted_at", "shifts"."created_at", "shifts"."updated_at", "users"."name", "users"."avatar_url" from "shifts" left join "users" on "shifts"."employer_id" = "users"."id" where ("shifts"."id" = $1 and "shifts"."deleted_at" is null) limit $2\n' +
[WebServer] [API]         'params: open-shift-001,1',
[WebServer] [API]       code: '22P02',
[WebServer] [API]       nestedMessage: 'invalid input syntax for type uuid: "open-shift-001"'
[WebServer] [API]     }
[WebServer] [API]   },
[WebServer] [API]   tags: { errorType: 'runtime', statusCode: '200' }
[WebServer] [API] }
[Barber Page Error]: Failed to load resource: the server responded with a status of 500 (Internal Server Error)
  ok 169 [Mobile Chrome] ΓÇ║ tests\e2e\job-feed.spec.ts:63:5 ΓÇ║ Job Feed E2E Tests ΓÇ║ Job List Rendering ΓÇ║ should render at least one JobCard (9.2s)
  ok 173 [Mobile Chrome] ΓÇ║ tests\e2e\investor-portal.spec.ts:79:5 ΓÇ║ Investor Portal E2E Tests ΓÇ║ Navigation and RSVP ΓÇ║ Navigation links scroll to correct sections (7.6s)
  -  178 [Mobile Chrome] ΓÇ║ tests\e2e\investor-portal.spec.ts:120:10 ΓÇ║ Investor Portal E2E Tests ΓÇ║ Data Room Access ΓÇ║ Click "View Document" on Technical White Paper displays modal with content
  ok 170 [Mobile Chrome] ΓÇ║ tests\e2e\landing-layout.spec.ts:59:5 ΓÇ║ Landing Page Layout Regression Tests ΓÇ║ Badge Visibility ΓÇ║ should display all step badges (1, 2, 3, 4) in viewport (8.3s)
  ok 175 [Mobile Chrome] ΓÇ║ tests\e2e\landing.spec.ts:64:5 ΓÇ║ Landing Page Tests ΓÇ║ Hero Section CTAs ΓÇ║ should navigate Find Shifts button to /signup?role=professional (7.8s)
  ok 174 [Mobile Chrome] ΓÇ║ tests\e2e\auth.spec.ts:190:5 ΓÇ║ Authentication Tests ΓÇ║ Google OAuth Redirection ΓÇ║ should verify Firebase redirect_uri contains correct domain when OAuth is initiated (8.9s)
  -  182 [Mobile Chrome] ΓÇ║ tests\e2e\payments.spec.ts:28:3 ΓÇ║ Payment UI: Stripe Payment Method Setup ΓÇ║ Add payment method with mocked Stripe API
  -  183 [Mobile Chrome] ΓÇ║ tests\e2e\professional-calendar.spec.ts:288:5 ΓÇ║ Professional Calendar E2E Tests ΓÇ║ Visual Regression Tests ΓÇ║ should display calendar week view correctly on desktop
  -  184 [Mobile Chrome] ΓÇ║ tests\e2e\professional-calendar.spec.ts:323:5 ΓÇ║ Professional Calendar E2E Tests ΓÇ║ Visual Regression Tests ΓÇ║ should display calendar week view correctly on mobile
  -  185 [Mobile Chrome] ΓÇ║ tests\e2e\professional-calendar.spec.ts:379:5 ΓÇ║ Professional Calendar E2E Tests ΓÇ║ Functional Smoke Tests ΓÇ║ should display and interact with Create Availability/Shift button
  -  186 [Mobile Chrome] ΓÇ║ tests\e2e\professional-calendar.spec.ts:435:5 ΓÇ║ Professional Calendar E2E Tests ΓÇ║ Functional Smoke Tests ΓÇ║ should create a new availability slot successfully
  -  187 [Mobile Chrome] ΓÇ║ tests\e2e\professional-calendar.spec.ts:601:5 ΓÇ║ Professional Calendar E2E Tests ΓÇ║ Functional Smoke Tests ΓÇ║ should navigate to next week when clicking Next button
  -  188 [Mobile Chrome] ΓÇ║ tests\e2e\professional-calendar.spec.ts:682:5 ΓÇ║ Professional Calendar E2E Tests ΓÇ║ Functional Smoke Tests ΓÇ║ Quick Navigation allows jumping to different views
  -  189 [Mobile Chrome] ΓÇ║ tests\e2e\professional-calendar.spec.ts:714:5 ΓÇ║ Professional Calendar E2E Tests ΓÇ║ Current Time Indicator ΓÇ║ should display current time indicator when viewing current day/week
[WebServer] [API] [2026-02-04T22:40:05.813Z] POST /api/register {
[WebServer] [API]   correlationId: '22a49f31-a8e5-4a0c-87c0-dbf280417b1f',
[WebServer] [API]   hasBody: true,
[WebServer] [API]   bodyKeys: [ 'email', 'name', 'password', 'role' ],
[WebServer] [API]   hasAuth: false,
[WebServer] [API]   authHeaderPrefix: undefined,
[WebServer] [API]   contentType: 'application/json'
[WebServer] [API] }
[WebServer] [API] [2026-02-04T22:40:05.889Z] POST /api/register {
[WebServer] [API]   correlationId: '3a2c074b-1b92-40c0-819f-1e5fa8764f4a',
[WebServer] [API]   hasBody: true,
[WebServer] [API]   bodyKeys: [ 'email', 'name', 'password', 'role' ],
[WebServer] [API]   hasAuth: false,
[WebServer] [API]   authHeaderPrefix: undefined,
[WebServer] [API]   contentType: 'application/json'
[WebServer] [API] }
[WebServer] [API] [2026-02-04T22:40:05.957Z] POST /api/register {
[WebServer] [API]   correlationId: '9db045aa-2adb-446d-8c47-2ff2ae175d27',
[WebServer] [API]   hasBody: true,
[WebServer] [API]   bodyKeys: [ 'email', 'name', 'password', 'role' ],
[WebServer] [API]   hasAuth: false,
[WebServer] [API]   authHeaderPrefix: undefined,
[WebServer] [API]   contentType: 'application/json'
[WebServer] [API] }
  ok 190 [Mobile Chrome] ΓÇ║ tests\e2e\registration-roles.spec.ts:19:3 ΓÇ║ Registration roles (hub, venue, professional) ΓÇ║ hub and venue return 200/201; hub/venue stored as business in DB (619ms)
[WebServer] [API] [2026-02-04T22:40:07.019Z] GET /api/notifications {
[WebServer] [API]   correlationId: '1f91d623-c535-4d45-9b14-7572d20c4331',
[WebServer] [API]   hasBody: true,
[WebServer] [API]   bodyKeys: [],
[WebServer] [API]   hasAuth: true,
[WebServer] [API]   authHeaderPrefix: 'Bearer mock-test-token...',
[WebServer] [API]   contentType: undefined
[WebServer] [API] }
[WebServer] [API] [2026-02-04T22:40:07.031Z] GET /api/conversations/unread-count {
[WebServer] [API]   correlationId: '2713e901-c2a8-463d-bc88-815fbd89e7e7',
[WebServer] [API]   hasBody: true,
[WebServer] [API]   bodyKeys: [],
[WebServer] [API]   hasAuth: true,
[WebServer] [API]   authHeaderPrefix: 'Bearer mock-test-token...',
[WebServer] [API]   contentType: undefined
[WebServer] [API] }
[WebServer] [API] [AUTH DEBUG] authenticateUser GET path=/api/conversations/unread-count hasAuth=true
[WebServer] [API] [AUTH] authenticateUser called for GET /api/conversations/unread-count { hasAuthHeader: true, authHeaderPrefix: 'Bearer mock-test-tok' }
[WebServer] [API] [2026-02-04T22:40:07.367Z] GET /api/notifications {
[WebServer] [API]   correlationId: '2b341f49-d51f-4de2-b4bf-cd9109d98368',
[WebServer] [API]   hasBody: true,
[WebServer] [API]   bodyKeys: [],
[WebServer] [API]   hasAuth: true,
[WebServer] [API]   authHeaderPrefix: 'Bearer mock-test-token...',
[WebServer] [API]   contentType: undefined
[WebServer] [API] }
[WebServer] [API] [2026-02-04T22:40:07.376Z] GET /api/conversations/unread-count {
[WebServer] [API]   correlationId: 'e5cad043-53e9-4ddc-b7be-1f7b74514344',
[WebServer] [API]   hasBody: true,
[WebServer] [API]   bodyKeys: [],
[WebServer] [API]   hasAuth: true,
[WebServer] [API]   authHeaderPrefix: 'Bearer mock-test-token...',
[WebServer] [API]   contentType: undefined
[WebServer] [API] }
[WebServer] [API] [AUTH] authenticateUser called for GET /api/conversations/unread-count { hasAuthHeader: true, authHeaderPrefix: 'Bearer mock-test-tok' }
[WebServer] [API] [AUTH DEBUG] authenticateUser GET path=/api/conversations/unread-count hasAuth=true
[WebServer] [API] [2026-02-04T22:40:07.700Z] GET /api/integrations/xero/status {
[WebServer] [API]   correlationId: '597163d6-cfe4-4b68-ab99-9f5160e1fb9c',
[WebServer] [API]   hasBody: true,
[WebServer] [API]   bodyKeys: [],
[WebServer] [API]   hasAuth: true,
[WebServer] [API]   authHeaderPrefix: 'Bearer mock-test-token...',
[WebServer] [API]   contentType: undefined
[WebServer] [API] }
[WebServer] [API] [2026-02-04T22:40:07.706Z] GET /api/integrations/xero/sync-history {
[WebServer] [API]   correlationId: 'a39104ec-e323-4bb8-b150-6f123b0085b3',
[WebServer] [API]   hasBody: true,
[WebServer] [API]   bodyKeys: [],
[WebServer] [API]   hasAuth: true,
[WebServer] [API]   authHeaderPrefix: 'Bearer mock-test-token...',
[WebServer] [API]   contentType: undefined
[WebServer] [API] }
[WebServer] [API] [2026-02-04T22:40:07.710Z] GET /api/venues/me {
[WebServer] [API]   correlationId: '6b77c6da-28c0-492c-afe1-9dcc4f890d14',
[WebServer] [API]   hasBody: true,
[WebServer] [API]   bodyKeys: [],
[WebServer] [API]   hasAuth: true,
[WebServer] [API]   authHeaderPrefix: 'Bearer mock-test-token...',
[WebServer] [API]   contentType: undefined
[WebServer] [API] }
[WebServer] [API] [2026-02-04T22:40:07.713Z] GET /api/integrations/xero/status {
[WebServer] [API]   correlationId: '2312dfaf-9ed6-49d0-89f3-cdd8d004c087',
[WebServer] [API]   hasBody: true,
[WebServer] [API]   bodyKeys: [],
[WebServer] [API]   hasAuth: true,
[WebServer] [API]   authHeaderPrefix: 'Bearer mock-test-token...',
[WebServer] [API]   contentType: undefined
[WebServer] [API] }
[WebServer] [API] [2026-02-04T22:40:07.716Z] GET /api/integrations/xero/sync-history {
[WebServer] [API]   correlationId: '56ae4bed-e663-4fff-b555-150c459eef22',
[WebServer] [API]   hasBody: true,
[WebServer] [API]   bodyKeys: [],
[WebServer] [API]   hasAuth: true,
[WebServer] [API]   authHeaderPrefix: 'Bearer mock-test-token...',
[WebServer] [API]   contentType: undefined
[WebServer] [API] }
[WebServer] [API] [2026-02-04T22:40:07.722Z] GET /api/stripe-connect/account/status {
[WebServer] [API]   correlationId: '71fca763-e340-4c5e-9fb2-531851f9afb5',
[WebServer] [API]   hasBody: true,
[WebServer] [API]   bodyKeys: [],
[WebServer] [API]   hasAuth: true,
[WebServer] [API]   authHeaderPrefix: 'Bearer mock-test-token...',
[WebServer] [API]   contentType: undefined
[WebServer] [API] }
[WebServer] [API] [2026-02-04T22:40:07.727Z] GET /api/analytics/dashboard {
[WebServer] [API]   correlationId: '4bbd7de8-7b1f-4272-85bc-ceb336b0fcab',
[WebServer] [API]   hasBody: true,
[WebServer] [API]   bodyKeys: [],
[WebServer] [API]   hasAuth: true,
[WebServer] [API]   authHeaderPrefix: 'Bearer mock-test-token...',
[WebServer] [API]   contentType: undefined
[WebServer] [API] }
[WebServer] [API] [2026-02-04T22:40:07.731Z] GET /api/venues/me {
[WebServer] [API]   correlationId: '997f5f44-e26c-4689-9d9b-a4532ab257f5',
[WebServer] [API]   hasBody: true,
[WebServer] [API]   bodyKeys: [],
[WebServer] [API]   hasAuth: true,
[WebServer] [API]   authHeaderPrefix: 'Bearer mock-test-token...',
[WebServer] [API]   contentType: undefined
[WebServer] [API] }
[WebServer] [API] [2026-02-04T22:40:07.749Z] GET /api/stripe-connect/account/status {
[WebServer] [API]   correlationId: '0f5f07f4-1f6b-4c1e-85ac-92e36a51b97e',
[WebServer] [API]   hasBody: true,
[WebServer] [API]   bodyKeys: [],
[WebServer] [API]   hasAuth: true,
[WebServer] [API]   authHeaderPrefix: 'Bearer mock-test-token...',
[WebServer] [API]   contentType: undefined
[WebServer] [API] }
[WebServer] [API] [2026-02-04T22:40:07.760Z] GET /api/shifts/shop/00000000-0000-4000-a000-000000000001 {
[WebServer] [API]   correlationId: '7d39346a-47b1-4031-bda7-6d30e96ce34b',
[WebServer] [API]   hasBody: true,
[WebServer] [API]   bodyKeys: [],
[WebServer] [API]   hasAuth: true,
[WebServer] [API]   authHeaderPrefix: 'Bearer mock-test-token...',
[WebServer] [API]   contentType: undefined
[WebServer] [API] }
[WebServer] [API] [2026-02-04T22:40:07.762Z] GET /api/analytics/dashboard {
[WebServer] [API]   correlationId: '10ebbcad-2534-48c1-b44e-0cf7b4e5d20e',
[WebServer] [API]   hasBody: true,
[WebServer] [API]   bodyKeys: [],
[WebServer] [API]   hasAuth: true,
[WebServer] [API]   authHeaderPrefix: 'Bearer mock-test-token...',
[WebServer] [API]   contentType: undefined
[WebServer] [API] }
[WebServer] [API] [2026-02-04T22:40:07.812Z] GET /api/subscriptions/current {
[WebServer] [API]   correlationId: '67103a60-6578-44d5-80cc-83cd18a3a3b6',
[WebServer] [API]   hasBody: true,
[WebServer] [API]   bodyKeys: [],
[WebServer] [API]   hasAuth: true,
[WebServer] [API]   authHeaderPrefix: 'Bearer mock-test-token...',
[WebServer] [API]   contentType: undefined
[WebServer] [API] }
[WebServer] [API] [AUTH DEBUG] authenticateUser GET path=/api/subscriptions/current hasAuth=true
[WebServer] [API] [AUTH] authenticateUser called for GET /api/subscriptions/current { hasAuthHeader: true, authHeaderPrefix: 'Bearer mock-test-tok' }
[WebServer] [API] [2026-02-04T22:40:07.813Z] GET /api/shifts/messages/unread-count {
[WebServer] [API]   correlationId: '6c2a3c73-c5b6-429f-8a16-797066e0fdea',
[WebServer] [API]   hasBody: true,
[WebServer] [API]   bodyKeys: [],
[WebServer] [API]   hasAuth: true,
[WebServer] [API]   authHeaderPrefix: 'Bearer mock-test-token...',
[WebServer] [API]   contentType: undefined
[WebServer] [API] }
[Shop Page Error]: Failed to load resource: the server responded with a status of 403 (Forbidden)
[WebServer] [API] [2026-02-04T22:40:08.718Z] GET /api/notifications {
[WebServer] [API]   correlationId: '1280713e-b2e9-4b87-810e-16cf29683af0',
[WebServer] [API]   hasBody: true,
[WebServer] [API]   bodyKeys: [],
[WebServer] [API]   hasAuth: true,
[WebServer] [API]   authHeaderPrefix: 'Bearer mock-test-token...',
[WebServer] [API]   contentType: undefined
[WebServer] [API] }
[WebServer] [API] [2026-02-04T22:40:08.723Z] GET /api/conversations/unread-count {
[WebServer] [API]   correlationId: '6eeac71e-3bab-4ed8-b0be-badc4cf21094',
[WebServer] [API]   hasBody: true,
[WebServer] [API]   bodyKeys: [],
[WebServer] [API]   hasAuth: true,
[WebServer] [API]   authHeaderPrefix: 'Bearer mock-test-token...',
[WebServer] [API]   contentType: undefined
[WebServer] [API] }
[WebServer] [API] [AUTH DEBUG] authenticateUser GET path=/api/conversations/unread-count hasAuth=true
[WebServer] [API] [AUTH] authenticateUser called for GET /api/conversations/unread-count { hasAuthHeader: true, authHeaderPrefix: 'Bearer mock-test-tok' }
  ok 181 [Mobile Chrome] ΓÇ║ tests\e2e\landing.spec.ts:82:5 ΓÇ║ Landing Page Tests ΓÇ║ Pricing Tiers ΓÇ║ should display all pricing tiers with correct prices (4.9s)
Γ£à Open Job Flow: Test completed
  ok 160 [Mobile Chrome] ΓÇ║ tests\e2e\calendar-lifecycle.spec.ts:335:5 ΓÇ║ Calendar Lifecycle E2E Tests ΓÇ║ Test Case 2: The Open Job Flow ΓÇ║ Shop creates marketplace job, barber applies, shop accepts, job becomes confirmed shift (27.3s)
  ok 177 [Mobile Chrome] ΓÇ║ tests\e2e\job-feed.spec.ts:104:5 ΓÇ║ Job Feed E2E Tests ΓÇ║ Job Type Filtering ΓÇ║ should update URL and job count when filtering by Job Type (6.9s)
  ok 176 [Mobile Chrome] ΓÇ║ tests\e2e\onboarding.spec.ts:186:5 ΓÇ║ Onboarding Flow E2E Tests ΓÇ║ Complete Setup Banner ΓÇ║ should display Complete Setup Banner when hub user has no active subscription (10.1s)
  -  194 [Mobile Chrome] ΓÇ║ tests\e2e\roster-costing.spec.ts:192:3 ΓÇ║ Roster Costing E2E Tests ΓÇ║ Est. Wage Cost displays $120.00 for 4h shift at $30/hr
  -  196 [Mobile Chrome] ΓÇ║ tests\e2e\roster-costing.spec.ts:250:5 ΓÇ║ Financial RBAC E2E Tests ΓÇ║ Business Owner Access ΓÇ║ Business Owner sees Wage Costs pill with dollar value
  ok 180 [Mobile Chrome] ΓÇ║ tests\e2e\landing-layout.spec.ts:89:5 ΓÇ║ Landing Page Layout Regression Tests ΓÇ║ Badge Visibility ΓÇ║ should have correct z-index on step badges (7.0s)
  -  197 [Mobile Chrome] ΓÇ║ tests\e2e\roster-costing.spec.ts:295:5 ΓÇ║ Financial RBAC E2E Tests ΓÇ║ Business Owner Access ΓÇ║ Business Owner sees individual Shift Cost in bucket expansion
  -  198 [Mobile Chrome] ΓÇ║ tests\e2e\roster-costing.spec.ts:352:5 ΓÇ║ Financial RBAC E2E Tests ΓÇ║ Professional Staff Access ΓÇ║ Professional Staff cannot see Wage Costs pill
  -  200 [Mobile Chrome] ΓÇ║ tests\e2e\roster-costing.spec.ts:393:5 ΓÇ║ Financial RBAC E2E Tests ΓÇ║ Professional Staff Access ΓÇ║ Professional Staff cannot see individual Shift Cost labels in expanded view
  -  201 [Mobile Chrome] ΓÇ║ tests\e2e\staff_privacy.spec.ts:370:5 ΓÇ║ Staff Privacy & Contact Masking E2E Tests ΓÇ║ Test Case 1: Verify contact details are masked for unhired applications ΓÇ║ should mask email and phone for unhired applicants on Business Plan
  -  202 [Mobile Chrome] ΓÇ║ tests\e2e\staff_privacy.spec.ts:430:5 ΓÇ║ Staff Privacy & Contact Masking E2E Tests ΓÇ║ Test Case 1: Verify contact details are masked for unhired applications ΓÇ║ should display "Hire to view contact details" badge for masked applicants
  -  203 [Mobile Chrome] ΓÇ║ tests\e2e\staff_privacy.spec.ts:489:5 ΓÇ║ Staff Privacy & Contact Masking E2E Tests ΓÇ║ Test Case 1: Verify contact details are masked for unhired applications ΓÇ║ should verify masked email format matches backend maskEmail() output
  -  204 [Mobile Chrome] ΓÇ║ tests\e2e\staff_privacy.spec.ts:579:5 ΓÇ║ Staff Privacy & Contact Masking E2E Tests ΓÇ║ Test Case 1: Verify contact details are masked for unhired applications ΓÇ║ should verify masked phone format matches backend maskPhone() output
  -  205 [Mobile Chrome] ΓÇ║ tests\e2e\staff_privacy.spec.ts:637:5 ΓÇ║ Staff Privacy & Contact Masking E2E Tests ΓÇ║ Test Case 2: Verify contact details are revealed only after confirmed hire ΓÇ║ should reveal full contact details after Confirm Hire and verify contactRevealed flag
  -  206 [Mobile Chrome] ΓÇ║ tests\e2e\staff_privacy.spec.ts:877:5 ΓÇ║ Staff Privacy & Contact Masking E2E Tests ΓÇ║ Test Case 2: Verify contact details are revealed only after confirmed hire ΓÇ║ should verify hired staff shows full contact details while unhired remains masked
  -  207 [Mobile Chrome] ΓÇ║ tests\e2e\staff_privacy.spec.ts:968:5 ΓÇ║ Staff Privacy & Contact Masking E2E Tests ΓÇ║ Test Case 2: Verify contact details are revealed only after confirmed hire ΓÇ║ should verify contactRevealed flag changes from false to true after hire
  -  208 [Mobile Chrome] ΓÇ║ tests\e2e\staff_privacy.spec.ts:1168:5 ΓÇ║ Staff Privacy & Contact Masking E2E Tests ΓÇ║ API Response Verification ΓÇ║ should receive masked contact details from API for unhired applicants
  -  209 [Mobile Chrome] ΓÇ║ tests\e2e\staff_privacy.spec.ts:1252:5 ΓÇ║ Staff Privacy & Contact Masking E2E Tests ΓÇ║ API Response Verification ΓÇ║ should intercept Confirm Hire response and verify contactRevealed flag is true
  -  210 [Mobile Chrome] ΓÇ║ tests\e2e\staff-applications.spec.ts:172:5 ΓÇ║ Staff Applications E2E Tests ΓÇ║ Status Tabs ΓÇ║ should display three status tabs (Pending, Confirmed, Rejected)
  -  211 [Mobile Chrome] ΓÇ║ tests\e2e\staff-applications.spec.ts:204:5 ΓÇ║ Staff Applications E2E Tests ΓÇ║ Pending Tab Count ΓÇ║ should display Pending tab with count greater than 0
  -  212 [Mobile Chrome] ΓÇ║ tests\e2e\staff-applications.spec.ts:247:5 ΓÇ║ Staff Applications E2E Tests ΓÇ║ Withdraw Application Button ΓÇ║ should display Withdraw Application button on Pending application cards
  -  213 [Mobile Chrome] ΓÇ║ tests\e2e\subscription_flow.spec.ts:252:5 ΓÇ║ Subscription & Stripe Flow ΓÇ║ Business Plan Selection & Onboarding Persistence ΓÇ║ should display Business plan at $149/month with 14-Day Free Trial badge
  -  214 [Mobile Chrome] ΓÇ║ tests\e2e\subscription_flow.spec.ts:305:5 ΓÇ║ Subscription & Stripe Flow ΓÇ║ Business Plan Selection & Onboarding Persistence ΓÇ║ should persist plan preference through signup flow
  -  215 [Mobile Chrome] ΓÇ║ tests\e2e\subscription_flow.spec.ts:365:5 ΓÇ║ Subscription & Stripe Flow ΓÇ║ Business Plan Selection & Onboarding Persistence ΓÇ║ should navigate from pricing to signup with correct context
  -  216 [Mobile Chrome] ΓÇ║ tests\e2e\subscription_flow.spec.ts:386:5 ΓÇ║ Subscription & Stripe Flow ΓÇ║ Stripe Payment Element & Trial Activation ΓÇ║ should display Stripe Payment Element on onboarding hub
  -  217 [Mobile Chrome] ΓÇ║ tests\e2e\subscription_flow.spec.ts:493:5 ΓÇ║ Subscription & Stripe Flow ΓÇ║ Stripe Payment Element & Trial Activation ΓÇ║ should allow skipping payment during onboarding
  -  218 [Mobile Chrome] ΓÇ║ tests\e2e\subscription_flow.spec.ts:572:5 ΓÇ║ Subscription & Stripe Flow ΓÇ║ Fee Waiver Validation ΓÇ║ should verify Business tier user has fee waiver on Post a Shift page
  -  219 [Mobile Chrome] ΓÇ║ tests\e2e\subscription_flow.spec.ts:656:5 ΓÇ║ Subscription & Stripe Flow ΓÇ║ Fee Waiver Validation ΓÇ║ should verify Starter tier user context is set correctly
  -  220 [Mobile Chrome] ΓÇ║ tests\e2e\subscription_flow.spec.ts:735:5 ΓÇ║ Subscription & Stripe Flow ΓÇ║ End-to-End Business Subscription Journey ΓÇ║ complete flow: landing pricing ΓåÆ signup ΓåÆ verify context
  -  221 [Mobile Chrome] ΓÇ║ tests\e2e\subscription_flow.spec.ts:779:5 ΓÇ║ Subscription & Stripe Flow ΓÇ║ End-to-End Business Subscription Journey ΓÇ║ verify subscription API intercepted correctly
  ok 179 [Mobile Chrome] ΓÇ║ tests\e2e\investor-portal.spec.ts:178:5 ΓÇ║ Investor Portal E2E Tests ΓÇ║ Data Room Access ΓÇ║ All three document cards are accessible in the Data Room (7.9s)
  -  223 [Mobile Chrome] ΓÇ║ tests\e2e\investor-portal.spec.ts:225:10 ΓÇ║ Investor Portal E2E Tests ΓÇ║ Brand Styling ΓÇ║ Electric Lime (#BAFF39) is used for accent elements
[WebServer] [API] [WebServer] [2026-02-04T22:40:11.824Z] GET /api/notifications {
[WebServer] [API]   correlationId: 'ebf013ae-b484-4c5f-a885-55c62c321c7a',
[WebServer] [API]   hasBody: true,
[WebServer] [API]   bodyKeys: [],
[WebServer] [API]   hasAuth: true,
[WebServer] [API]   authHeaderPrefix: 'Bearer mock-test-token...',
[WebServer] [API]   contentType: undefined
[WebServer] [API] }
[WebServer] [API] [2026-02-04T22:40:11.826Z] GET /api/conversations/unread-count {
[WebServer] [API]   correlationId: 'a22e8089-7cc4-450e-8393-2679224be0a9',
[WebServer] [API]   hasBody: true,
[WebServer] [API]   bodyKeys: [],
[WebServer] [API]   hasAuth: true,
[WebServer] [API]   authHeaderPrefix: 'Bearer mock-test-token...',
[WebServer] [API]   contentType: undefined
[WebServer] [API] }
[WebServer] [API] [AUTH DEBUG] authenticateUser GET path=/api/conversations/unread-count hasAuth=true
[WebServer] [API] [AUTH] authenticateUser called for GET /api/conversations/unread-count { hasAuthHeader: true, authHeaderPrefix: 'Bearer mock-test-tok' }
[WebServer] [API] [2026-02-04T22:40:12.226Z] GET /api/users/verification-status {
[WebServer] [API]   correlationId: 'a3d1d009-7e22-49d3-b025-c85432047406',
[WebServer] [API]   hasBody: true,
[WebServer] [API]   bodyKeys: [],
[WebServer] [API]   hasAuth: true,
[WebServer] [API]   authHeaderPrefix: 'Bearer mock-test-token...',
[WebServer] [API]   contentType: undefined
[WebServer] [API] }
[WebServer] [API] [2026-02-04T22:40:12.229Z] GET /api/shifts/messages/unread-count {
[WebServer] [API]   correlationId: '23d0ffc0-6174-4367-b615-16d3d8f50b27',
[WebServer] [API]   hasBody: true,
[WebServer] [API]   bodyKeys: [],
[WebServer] [API]   hasAuth: true,
[WebServer] [API]   authHeaderPrefix: 'Bearer mock-test-token...',
[WebServer] [API]   contentType: undefined
[WebServer] [API] }
[WebServer] [API] [2026-02-04T22:40:12.589Z] GET /api/notifications {
[WebServer] [API]   correlationId: '62f1b075-37d4-445d-8ef5-f8664b4f345c',
[WebServer] [API]   hasBody: true,
[WebServer] [API]   bodyKeys: [],
[WebServer] [API]   hasAuth: true,
[WebServer] [API]   authHeaderPrefix: 'Bearer mock-test-token...',
[WebServer] [API]   contentType: undefined
[WebServer] [API] }
[WebServer] [API] [2026-02-04T22:40:12.593Z] GET /api/conversations/unread-count {
[WebServer] [API]   correlationId: '1021d9b2-c3d5-4b5d-930b-635ca2933255',
[WebServer] [API]   hasBody: true,
[WebServer] [API]   bodyKeys: [],
[WebServer] [API]   hasAuth: true,
[WebServer] [API]   authHeaderPrefix: 'Bearer mock-test-token...',
[WebServer] [API]   contentType: undefined
[WebServer] [API] }
[WebServer] [API] [AUTH DEBUG] authenticateUser GET path=/api/conversations/unread-count hasAuth=true
[WebServer] [API] [AUTH] authenticateUser called for GET /api/conversations/unread-count { hasAuthHeader: true, authHeaderPrefix: 'Bearer mock-test-tok' }
[WebServer] [API] [2026-02-04T22:40:12.918Z] GET /api/integrations/xero/status {
[WebServer] [API]   correlationId: 'c09e8c6e-a657-4d5c-b15f-3c6f2a021da7',
[WebServer] [API]   hasBody: true,
[WebServer] [API]   bodyKeys: [],
[WebServer] [API]   hasAuth: true,
[WebServer] [API]   authHeaderPrefix: 'Bearer mock-test-token...',
[WebServer] [API]   contentType: undefined
[WebServer] [API] }
[WebServer] [API] [2026-02-04T22:40:12.925Z] GET /api/integrations/xero/sync-history {
[WebServer] [API]   correlationId: 'f13e23fc-96f5-4e94-89c2-8852144abb3b',
[WebServer] [API]   hasBody: true,
[WebServer] [API]   bodyKeys: [],
[WebServer] [API]   hasAuth: true,
[WebServer] [API]   authHeaderPrefix: 'Bearer mock-test-token...',
[WebServer] [API]   contentType: undefined
[WebServer] [API] }
[WebServer] [API] [2026-02-04T22:40:12.927Z] GET /api/venues/me {
[WebServer] [API]   correlationId: 'a14ee376-46c2-4ddf-9eaf-ca2daef88561',
[WebServer] [API]   hasBody: true,
[WebServer] [API]   bodyKeys: [],
[WebServer] [API]   hasAuth: true,
[WebServer] [API]   authHeaderPrefix: 'Bearer mock-test-token...',
[WebServer] [API]   contentType: undefined
[WebServer] [API] }
[WebServer] [API] [2026-02-04T22:40:12.933Z] GET /api/stripe-connect/account/status {
[WebServer] [API]   correlationId: '7dec9be0-073f-47bd-9de0-4e834369a6ee',
[WebServer] [API]   hasBody: true,
[WebServer] [API]   bodyKeys: [],
[WebServer] [API]   hasAuth: true,
[WebServer] [API]   authHeaderPrefix: 'Bearer mock-test-token...',
[WebServer] [API]   contentType: undefined
[WebServer] [API] }
[WebServer] [API] [2026-02-04T22:40:12.942Z] GET /api/analytics/dashboard {
[WebServer] [API]   correlationId: '6ef9075a-ddf0-4e71-ab8e-5e1a464ff49d',
[WebServer] [API]   hasBody: true,
[WebServer] [API]   bodyKeys: [],
[WebServer] [API]   hasAuth: true,
[WebServer] [API]   authHeaderPrefix: 'Bearer mock-test-token...',
[WebServer] [API]   contentType: undefined
[WebServer] [API] }
Initial shift visibility for barber: false
[WebServer] [API] [2026-02-04T22:40:13.429Z] GET /api/notifications {
[WebServer] [API]   correlationId: '4d85c8f3-7ca2-4f51-bdcf-0617355b6912',
[WebServer] [API]   hasBody: true,
[WebServer] [API]   bodyKeys: [],
[WebServer] [API]   hasAuth: true,
[WebServer] [API]   authHeaderPrefix: 'Bearer mock-test-token...',
[WebServer] [API]   contentType: undefined
[WebServer] [API] }
[WebServer] [API] [2026-02-04T22:40:13.445Z] GET /api/conversations/unread-count {
[WebServer] [API]   correlationId: '1689be24-980b-491a-ad18-d93794811c09',
[WebServer] [API]   hasBody: true,
[WebServer] [API]   bodyKeys: [],
[WebServer] [API]   hasAuth: true,
[WebServer] [API]   authHeaderPrefix: 'Bearer mock-test-token...',
[WebServer] [API]   contentType: undefined
[WebServer] [API] }
[WebServer] [API] [AUTH DEBUG] authenticateUser GET path=/api/conversations/unread-count hasAuth=true
[WebServer] [API] [AUTH] authenticateUser called for GET /api/conversations/unread-count { hasAuthHeader: true, authHeaderPrefix: 'Bearer mock-test-tok' }
  ok 192 [Mobile Chrome] ΓÇ║ tests\e2e\landing.spec.ts:101:5 ΓÇ║ Landing Page Tests ΓÇ║ Pricing Tiers ΓÇ║ should display Most Popular badge on Business tier (4.6s)
  ok 222 [Mobile Chrome] ΓÇ║ tests\e2e\venue-schedule.spec.ts:54:3 ΓÇ║ Venue Schedule E2E Tests ΓÇ║ mobile: does not cause horizontal page overflow (3.8s)
[WebServer] [API] [WebServer] [2026-02-04T22:40:14.957Z] GET /api/notifications {
[WebServer] [API]   correlationId: '33d655c1-69f3-4e73-88ee-5f1abe29ac33',
[WebServer] [API]   hasBody: true,
[WebServer] [API]   bodyKeys: [],
[WebServer] [API]   hasAuth: true,
[WebServer] [API]   authHeaderPrefix: 'Bearer mock-test-token...',
[WebServer] [API]   contentType: undefined
[WebServer] [API] }
[WebServer] [API] [2026-02-04T22:40:14.959Z] GET /api/conversations/unread-count {
[WebServer] [API]   correlationId: '7eb63596-154d-4f82-b575-319266c23e94',
[WebServer] [API]   hasBody: true,
[WebServer] [API]   bodyKeys: [],
[WebServer] [API]   hasAuth: true,
[WebServer] [API]   authHeaderPrefix: 'Bearer mock-test-token...',
[WebServer] [API]   contentType: undefined
[WebServer] [API] }
[WebServer] [API] [AUTH DEBUG] authenticateUser GET path=/api/conversations/unread-count hasAuth=true
[WebServer] [API] [AUTH] authenticateUser called for GET /api/conversations/unread-count { hasAuthHeader: true, authHeaderPrefix: 'Bearer mock-test-tok' }
  ok 191 [Mobile Chrome] ΓÇ║ tests\e2e\reputation_system.spec.ts:258:5 ΓÇ║ Reputation System - Automated Strike System E2E Tests ΓÇ║ No-Show Reporting ΓÇ║ should apply 2 strikes and suspend account on No-Show report (9.0s)
ΓÜá∩╕Å  Could not find confirmed shift on shop calendar
[WebServer] [API] [2026-02-04T22:40:16.256Z] GET /api/notifications {
[WebServer] [API]   correlationId: '6fc4f069-63f4-4c75-b4c7-f78d1975fa8e',
[WebServer] [API]   hasBody: true,
[WebServer] [API]   bodyKeys: [],
[WebServer] [API]   hasAuth: true,
[WebServer] [API]   authHeaderPrefix: 'Bearer mock-test-token...',
[WebServer] [API]   contentType: undefined
[WebServer] [API] }
[WebServer] [API] [2026-02-04T22:40:16.260Z] GET /api/conversations/unread-count {
[WebServer] [API]   correlationId: 'f7ee4c79-db75-4263-bf50-1bc129410313',
[WebServer] [API]   hasBody: true,
[WebServer] [API]   bodyKeys: [],
[WebServer] [API]   hasAuth: true,
[WebServer] [API]   authHeaderPrefix: 'Bearer mock-test-token...',
[WebServer] [API]   contentType: undefined
[WebServer] [API] }
[WebServer] [API] [AUTH DEBUG] authenticateUser GET path=/api/conversations/unread-count hasAuth=true
[WebServer] [API] [AUTH] authenticateUser called for GET /api/conversations/unread-count { hasAuthHeader: true, authHeaderPrefix: 'Bearer mock-test-tok' }
[WebServer] [API] [2026-02-04T22:40:16.948Z] GET /api/notifications {
[WebServer] [API]   correlationId: '91a02496-4c8c-4e27-a637-ed0928a09395',
[WebServer] [API]   hasBody: true,
[WebServer] [API]   bodyKeys: [],
[WebServer] [API]   hasAuth: true,
[WebServer] [API]   authHeaderPrefix: 'Bearer mock-test-token...',
[WebServer] [API]   contentType: undefined
[WebServer] [API] }
[WebServer] [API] [2026-02-04T22:40:16.951Z] GET /api/conversations/unread-count {
[WebServer] [API]   correlationId: '046784d3-5dc4-4606-ada5-e4ba4c864eb0',
[WebServer] [API]   hasBody: true,
[WebServer] [API]   bodyKeys: [],
[WebServer] [API]   hasAuth: true,
[WebServer] [API]   authHeaderPrefix: 'Bearer mock-test-token...',
[WebServer] [API]   contentType: undefined
[WebServer] [API] }
[WebServer] [API] [AUTH] authenticateUser called for GET /api/conversations/unread-count { hasAuthHeader: true, authHeaderPrefix: 'Bearer mock-test-tok' }
[WebServer] [API] [AUTH DEBUG] authenticateUser GET path=/api/conversations/unread-count hasAuth=true
[WebServer] [API] [2026-02-04T22:40:17.145Z] GET /api/integrations/xero/status {
[WebServer] [API]   correlationId: '5d338122-a160-4daa-95b5-59df3d42c5f4',
[WebServer] [API]   hasBody: true,
[WebServer] [API]   bodyKeys: [],
[WebServer] [API]   hasAuth: true,
[WebServer] [API]   authHeaderPrefix: 'Bearer mock-test-token...',
[WebServer] [API]   contentType: undefined
[WebServer] [API] }
[WebServer] [API] [2026-02-04T22:40:17.155Z] GET /api/integrations/xero/sync-history {
[WebServer] [API]   correlationId: 'f85aa2e1-9482-4897-855d-7c1ed2cae8b1',
[WebServer] [API]   hasBody: true,
[WebServer] [API]   bodyKeys: [],
[WebServer] [API]   hasAuth: true,
[WebServer] [API]   authHeaderPrefix: 'Bearer mock-test-token...',
[WebServer] [API]   contentType: undefined
[WebServer] [API] }
[WebServer] [API] [2026-02-04T22:40:17.161Z] GET /api/venues/me {
[WebServer] [API]   correlationId: '50d8c7c9-d086-4f4f-8c83-42c0d274f944',
[WebServer] [API]   hasBody: true,
[WebServer] [API]   bodyKeys: [],
[WebServer] [API]   hasAuth: true,
[WebServer] [API]   authHeaderPrefix: 'Bearer mock-test-token...',
[WebServer] [API]   contentType: undefined
[WebServer] [API] }
[WebServer] [API] [2026-02-04T22:40:17.163Z] GET /api/stripe-connect/account/status {
[WebServer] [API]   correlationId: '04cbeca7-c950-4a38-b0b2-08ce249a2474',
[WebServer] [API]   hasBody: true,
[WebServer] [API]   bodyKeys: [],
[WebServer] [API]   hasAuth: true,
[WebServer] [API]   authHeaderPrefix: 'Bearer mock-test-token...',
[WebServer] [API]   contentType: undefined
[WebServer] [API] }
  ok 199 [Mobile Chrome] ΓÇ║ tests\e2e\landing-layout.spec.ts:118:5 ΓÇ║ Landing Page Layout Regression Tests ΓÇ║ Mobile Overflow Prevention ΓÇ║ should not have horizontal scroll on mobile viewport (375x667) (6.9s)
[WebServer] [API] [2026-02-04T22:40:17.171Z] GET /api/analytics/dashboard {
[WebServer] [API]   correlationId: '6f38058b-ec1e-40e5-b2ac-d6de9923f089',
[WebServer] [API]   hasBody: true,
[WebServer] [API]   bodyKeys: [],
[WebServer] [API]   hasAuth: true,
[WebServer] [API]   authHeaderPrefix: 'Bearer mock-test-token...',
[WebServer] [API]   contentType: undefined
[WebServer] [API] }
[WebServer] [API] [2026-02-04T22:40:17.399Z] GET /api/notifications {
[WebServer] [API]   correlationId: '2b8c6246-ec58-48b4-ad47-3744011269ca',
[WebServer] [API]   hasBody: true,
[WebServer] [API]   bodyKeys: [],
[WebServer] [API]   hasAuth: true,
[WebServer] [API]   authHeaderPrefix: 'Bearer mock-test-token...',
[WebServer] [API]   contentType: undefined
[WebServer] [API] }
[WebServer] [API] [2026-02-04T22:40:17.561Z] GET /api/conversations/unread-count {
[WebServer] [API]   correlationId: '90041b4e-c524-4ae0-ad9f-56d042002b7f',
[WebServer] [API]   hasBody: true,
[WebServer] [API]   bodyKeys: [],
[WebServer] [API]   hasAuth: true,
[WebServer] [API]   authHeaderPrefix: 'Bearer mock-test-token...',
[WebServer] [API]   contentType: undefined
[WebServer] [API] }
[WebServer] [API] [AUTH DEBUG] authenticateUser GET path=/api/conversations/unread-count hasAuth=true
[WebServer] [API] [AUTH] authenticateUser called for GET /api/conversations/unread-count { hasAuthHeader: true, authHeaderPrefix: 'Bearer mock-test-tok' }
[WebServer] [API] [2026-02-04T22:40:17.947Z] GET /api/users/verification-status {
[WebServer] [API]   correlationId: 'e72db764-d6e6-4138-be5a-49b08ace4d8b',
[WebServer] [API]   hasBody: true,
[WebServer] [API]   bodyKeys: [],
[WebServer] [API]   hasAuth: true,
[WebServer] [API]   authHeaderPrefix: 'Bearer mock-test-token...',
[WebServer] [API]   contentType: undefined
[WebServer] [API] }
[WebServer] [API] [2026-02-04T22:40:17.950Z] GET /api/shifts/messages/unread-count {
[WebServer] [API]   correlationId: 'b0b6ccbd-fae3-4e1a-a9d0-d30b6f71b7e3',
[WebServer] [API]   hasBody: true,
[WebServer] [API]   bodyKeys: [],
[WebServer] [API]   hasAuth: true,
[WebServer] [API]   authHeaderPrefix: 'Bearer mock-test-token...',
[WebServer] [API]   contentType: undefined
[WebServer] [API] }
Γ£à Cancellation Sync: Shift successfully removed from barber view
  ok 224 [Mobile Chrome] ΓÇ║ tests\e2e\investor-portal.spec.ts:261:5 ΓÇ║ Investor Portal E2E Tests ΓÇ║ Brand Styling ΓÇ║ Dark theme background is correctly applied (7.6s)
  ok 193 [Mobile Chrome] ΓÇ║ tests\e2e\calendar-lifecycle.spec.ts:544:5 ΓÇ║ Calendar Lifecycle E2E Tests ΓÇ║ Test Case 3: The Cancellation Sync ΓÇ║ Shop cancels confirmed shift, barber sees it disappear from upcoming shifts (9.2s)
  ok 225 [Mobile Chrome] ΓÇ║ tests\e2e\landing.spec.ts:119:5 ΓÇ║ Landing Page Tests ΓÇ║ Pricing Tiers ΓÇ║ should navigate to /signup?plan=business&trial=true when clicking Start 14-Day Free Trial (5.5s)
  ok 195 [Mobile Chrome] ΓÇ║ tests\e2e\onboarding.spec.ts:229:5 ΓÇ║ Onboarding Flow E2E Tests ΓÇ║ Complete Setup Banner ΓÇ║ should NOT display Complete Setup Banner when hub user has active subscription (9.8s)
  -  232 [Mobile Chrome] ΓÇ║ tests\e2e\onboarding.spec.ts:259:10 ΓÇ║ Onboarding Flow E2E Tests ΓÇ║ Complete Setup Banner ΓÇ║ should dismiss Complete Setup Banner when "Remind me later" is clicked
  ok 226 [Mobile Chrome] ΓÇ║ tests\e2e\venue-schedule.spec.ts:107:3 ΓÇ║ Venue Schedule E2E Tests ΓÇ║ quick create + bulk actions + confirmed shift safety (6.7s)
  -  234 [Mobile Chrome] ΓÇ║ tests\e2e\xero-integration.spec.ts:65:5 ΓÇ║ Xero Integration E2E Tests ΓÇ║ Handshake Flow ΓÇ║ Connected state shows status and Disconnect button
  -  235 [Mobile Chrome] ΓÇ║ tests\e2e\xero-integration.spec.ts:81:5 ΓÇ║ Xero Integration E2E Tests ΓÇ║ Handshake Flow ΓÇ║ Disconnect flow works when connected
  -  236 [Mobile Chrome] ΓÇ║ tests\e2e\xero-integration.spec.ts:96:5 ΓÇ║ Xero Integration E2E Tests ΓÇ║ Employee Mapping ΓÇ║ Xero Employee Mapper table renders when connected
  -  237 [Mobile Chrome] ΓÇ║ tests\e2e\xero-integration.spec.ts:104:5 ΓÇ║ Xero Integration E2E Tests ΓÇ║ Employee Mapping ΓÇ║ Select Xero employee, Save Mappings, verify success toast and persistence
  -  238 [Mobile Chrome] ΓÇ║ tests\e2e\xero-integration.spec.ts:138:5 ΓÇ║ Xero Integration E2E Tests ΓÇ║ Timesheet Sync ΓÇ║ Select calendar, Sync Now, confirm and verify success
  -  239 [Mobile Chrome] ΓÇ║ tests\e2e\xero-integration.spec.ts:171:5 ΓÇ║ Xero Integration E2E Tests ΓÇ║ Partial Success ΓÇ║ Partial sync shows both success and failure details
  -  240 [Mobile Chrome] ΓÇ║ tests\e2e\xero-integration.spec.ts:195:5 ΓÇ║ Xero Integration E2E Tests ΓÇ║ Failure Scenarios ΓÇ║ Sync timesheet returns 500 - error toast shown
  -  241 [Mobile Chrome] ΓÇ║ tests\e2e\xero-integration.spec.ts:208:5 ΓÇ║ Xero Integration E2E Tests ΓÇ║ Failure Scenarios ΓÇ║ Sync timesheet returns locked period - error handled
  -  242 [Mobile Chrome] ΓÇ║ tests\e2e\xero-integration.spec.ts:221:5 ΓÇ║ Xero Integration E2E Tests ΓÇ║ Failure Scenarios ΓÇ║ Employees API returns 500 - error toast in mapper
  -  243 [Mobile Chrome] ΓÇ║ tests\e2e\xero-integration.spec.ts:232:5 ΓÇ║ Xero Integration E2E Tests ΓÇ║ Token Refresh Mutex ΓÇ║ Only one Refresh token call is sent for concurrent API calls
  -  244 [Mobile Chrome] ΓÇ║ tests\e2e\xero-integration.spec.ts:312:5 ΓÇ║ Xero Integration E2E Tests ΓÇ║ Token Refresh Mutex ΓÇ║ Refresh token is reused when multiple sync operations run rapidly
[INTEGRATION TEST] Firebase Admin credentials not available. Skipping real token tests.
  -  245 [Mobile Chrome] ΓÇ║ tests\integration.spec.ts:63:3 ΓÇ║ Backend Integration - Real Token Handshake ΓÇ║ Real Firebase token handshake with /api/me
[INTEGRATION TEST] Testing malformed token...
[WebServer] [API] [2026-02-04T22:40:22.206Z] GET /api/notifications {
[WebServer] [API]   correlationId: 'a567ab62-9eee-4710-9591-341c9c994203',
[WebServer] [API]   hasBody: true,
[WebServer] [API]   bodyKeys: [],
[WebServer] [API]   hasAuth: true,
[WebServer] [API]   authHeaderPrefix: 'Bearer mock-test-token...',
[WebServer] [API]   contentType: undefined
[WebServer] [API] }
[WebServer] [API] [2026-02-04T22:40:22.208Z] GET /api/conversations/unread-count {
[WebServer] [API]   correlationId: 'ca39cc2a-5b32-49fa-b891-48fa8b02b2bd',
[WebServer] [API]   hasBody: true,
[WebServer] [API]   bodyKeys: [],
[WebServer] [API]   hasAuth: true,
[WebServer] [API]   authHeaderPrefix: 'Bearer mock-test-token...',
[WebServer] [API]   contentType: undefined
[WebServer] [API] }
[WebServer] [API] [AUTH DEBUG] authenticateUser GET path=/api/conversations/unread-count hasAuth=true
[WebServer] [API] [AUTH] authenticateUser called for GET /api/conversations/unread-count { hasAuthHeader: true, authHeaderPrefix: 'Bearer mock-test-tok' }
[WebServer] [API] [2026-02-04T22:40:22.433Z] GET /api/me {
[WebServer] [API]   correlationId: '399948f7-a2bf-4c32-986e-e46708ad1916',
[WebServer] [API]   hasBody: true,
[WebServer] [API]   bodyKeys: [],
[WebServer] [API]   hasAuth: true,
[WebServer] [API]   authHeaderPrefix: 'Bearer invalid.token.format...',
[WebServer] [API]   contentType: 'application/json'
[WebServer] [API] }
[WebServer] [API] [AUTH DEBUG] authenticateUser GET path=/api/me hasAuth=true
[WebServer] [API] [AUTH] authenticateUser called for GET /api/me { hasAuthHeader: true, authHeaderPrefix: 'Bearer invalid.token' }
[WebServer] [API] [AUTH DEBUG] Firebase Admin initialized successfully { projectId: 'snipshift-75b04', hasAuthInstance: true }
[WebServer] [API] [AUTH DEBUG] Backend Project ID: snipshift-75b04
[WebServer] [API] [AUTH] Received Token Start: invalid.to
[WebServer] [API] [AUTH] Verifying token for /api/me {
[WebServer] [API]   hasToken: true,
[WebServer] [API]   tokenLength: 20,
[WebServer] [API]   tokenPrefix: 'invalid.token.format...',
[WebServer] [API]   tokenStart: 'invalid.to',
[WebServer] [API]   projectId: 'snipshift-75b04',
[WebServer] [API]   firebaseAuthInitialized: true
[WebServer] [API] }
[WebServer] [API] [WebServer] [AUTH ERROR] Token is malformed - cannot decode header/payload: {
[WebServer] [API]   "error": "Unexpected token '∩┐╜', \"∩┐╜{┌û'\" is not valid JSON"
[WebServer] [API] }
[WebServer] [API] [AUTH ERROR] Token is malformed - cannot decode header/payload: { error: `Unexpected token '∩┐╜', "∩┐╜{┌û'" is not valid JSON` }
[WebServer] [API] [AUTH ERROR] ============================================
[WebServer] [API] [AUTH ERROR] ============================================
[WebServer] [API] [AUTH ERROR] Token Verification Failed - Detailed Analysis
[WebServer] [API] [AUTH ERROR] Token Verification Failed - Detailed Analysis
[WebServer] [API] [AUTH ERROR] ============================================
[WebServer] [API] [AUTH ERROR] ============================================
[WebServer] [API] [AUTH ERROR] Error Code: auth/argument-error
[WebServer] [API] [AUTH ERROR] Error Code: auth/argument-error
[WebServer] [API] [AUTH ERROR] Error Name: Error
[WebServer] [API] [AUTH ERROR] Error Name: Error
[WebServer] [API] [AUTH ERROR] Error Message: Decoding Firebase ID token failed. Make sure you passed the entire string JWT which represents an ID token. See https://firebase.google.com/docs/auth/admin/verify-id-tokens for details on how to retrieve an ID token.
[WebServer] [API] [AUTH ERROR] Error Message: Decoding Firebase ID token failed. Make sure you passed the entire string JWT which represents an ID token. See https://firebase.google.com/docs/auth/admin/verify-id-tokens for details on how to retrieve an ID token.
[WebServer] [API] [AUTH ERROR] Path: /me
[WebServer] [API] [AUTH ERROR] Path: /me
[WebServer] [API] [AUTH ERROR] Method: GET
[WebServer] [API] [AUTH ERROR] Method: GET
[WebServer] [API] [AUTH ERROR] ============================================
[WebServer] [API] [AUTH ERROR] ============================================
[WebServer] [API] [AUTH ERROR] Token Details:
[WebServer] [API] [AUTH ERROR] Token Details:
[WebServer] [API] [AUTH ERROR]   - Length: 20
[WebServer] [API] [AUTH ERROR]   - Length: 20
[WebServer] [API] [AUTH ERROR]   - Prefix: invalid.token.format...
[WebServer] [API] [AUTH ERROR]   - Prefix: invalid.token.format...
[WebServer] [API] [AUTH ERROR]   - Suffix: ...invalid.token.format
[WebServer] [API] [AUTH ERROR]   - Suffix: ...invalid.token.format
[WebServer] [API] [AUTH ERROR]   - Token Project ID (from payload): N/A (could not decode)
[WebServer] [API] [AUTH ERROR]   - Token Project ID (from payload): N/A (could not decode)
[WebServer] [API] [AUTH ERROR]   - Token Expiry: N/A
[WebServer] [API] [AUTH ERROR]   - Token Expiry: N/A
[WebServer] [API] [AUTH ERROR]   - Is Expired: null
[WebServer] [API] [AUTH ERROR]   - Is Expired: null
[WebServer] [API] [AUTH ERROR] ============================================
[WebServer] [API] [AUTH ERROR] ============================================
[WebServer] [API] [AUTH ERROR] Environment Configuration:
[WebServer] [API] [AUTH ERROR] Environment Configuration:
[WebServer] [API] [AUTH ERROR]   - FIREBASE_PROJECT_ID: snipshift-75b04
[WebServer] [API] [AUTH ERROR]   - FIREBASE_PROJECT_ID: snipshift-75b04
[WebServer] [API] [AUTH ERROR]   - Firebase Auth Initialized: true
[WebServer] [API] [AUTH ERROR]   - Firebase Auth Initialized: true
[WebServer] [API] [AUTH ERROR]   - Project ID Match: NO
[WebServer] [API] [AUTH ERROR]   - Project ID Match: NO
[WebServer] [API] [AUTH ERROR] ============================================
[WebServer] [API] [AUTH ERROR] ============================================
[WebServer] [API] [AUTH ERROR] Failure Reason Analysis:
[WebServer] [API] [AUTH ERROR] Failure Reason Analysis:
[WebServer] [API] [AUTH ERROR]   - Is Expired: null
[WebServer] [API] [AUTH ERROR]   - Is Expired: null
[WebServer] [API] [AUTH ERROR]   - Is Invalid Format: true
[WebServer] [API] [AUTH ERROR]   - Is Invalid Format: true
[WebServer] [API] [AUTH ERROR]   - Is Project Mismatch: null
[WebServer] [API] [AUTH ERROR]   - Is Project Mismatch: null
[WebServer] [API] [AUTH ERROR]   - Is Revoked: false
[WebServer] [API] [AUTH ERROR]   - Is Revoked: false
[WebServer] [API] [AUTH ERROR]   - Is Malformed Header: true
[WebServer] [API] [AUTH ERROR]   - Is Malformed Header: true
[WebServer] [API] [AUTH ERROR]   - Is Invalid Signature: false
[WebServer] [API] [AUTH ERROR]   - Is Invalid Signature: false
[WebServer] [API] [AUTH ERROR] ============================================
[WebServer] [API] [AUTH ERROR] ============================================
[WebServer] [API] [AUTH ERROR] Diagnostic: Token header is malformed or invalid JWT format
[WebServer] [API] [AUTH ERROR] Diagnostic: Token header is malformed or invalid JWT format
[WebServer] [API] [AUTH ERROR] ============================================
[WebServer] [API] [AUTH ERROR] ============================================
[INTEGRATION TEST] 401 response for malformed token: {
  message: [32m'Unauthorized: Malformed token header.'[39m,
  error: [32m'Decoding Firebase ID token failed. Make sure you passed the entire string JWT which represents an ID token. See https://firebase.google.com/docs/auth/admin/verify-id-tokens for details on how to retrieve an ID token.'[39m,
  code: [32m'auth/argument-error'[39m,
  diagnostic: [32m'Token header is malformed or invalid JWT format'[39m,
  tokenProjectId: [1mnull[22m,
  expectedProjectId: [32m'snipshift-75b04'[39m,
  failureReasons: {
    isExpired: [1mnull[22m,
    isInvalidFormat: [33mtrue[39m,
    isProjectMismatch: [1mnull[22m,
    isRevoked: [33mfalse[39m,
    isMalformedHeader: [33mtrue[39m,
    isInvalidSignature: [33mfalse[39m
  }
}
  ok 246 [Mobile Chrome] ΓÇ║ tests\integration.spec.ts:197:3 ΓÇ║ Backend Integration - Real Token Handshake ΓÇ║ Invalid token format - should return 401 with detailed error (417ms)
[INTEGRATION TEST] Testing expired/invalid token...
[WebServer] [API] [2026-02-04T22:40:22.502Z] GET /api/me {
[WebServer] [API]   correlationId: 'b1470841-77c5-478a-bce9-a963779357b2',
[WebServer] [API]   hasBody: true,
[WebServer] [API]   bodyKeys: [],
[WebServer] [API]   hasAuth: true,
[WebServer] [API]   authHeaderPrefix: 'Bearer eyJhbGciOiJSUzI1NiIsInR...',
[WebServer] [API]   contentType: 'application/json'
[WebServer] [API] }
[WebServer] [API] [AUTH] authenticateUser called for GET /api/me { hasAuthHeader: true, authHeaderPrefix: 'Bearer eyJhbGciOiJSU' }
[WebServer] [API] [AUTH DEBUG] Firebase Admin initialized successfully { projectId: 'snipshift-75b04', hasAuthInstance: true }
[WebServer] [API] [AUTH DEBUG] Backend Project ID: snipshift-75b04
[WebServer] [API] [AUTH] Received Token Start: eyJhbGciOi
[WebServer] [API] [AUTH] Verifying token for /api/me {
[WebServer] [API]   hasToken: true,
[WebServer] [API]   tokenLength: 229,
[WebServer] [API]   tokenPrefix: 'eyJhbGciOiJSUzI1NiIsInR5cCI6Ik...',
[WebServer] [API]   tokenStart: 'eyJhbGciOi',
[WebServer] [API]   projectId: 'snipshift-75b04',
[WebServer] [API]   firebaseAuthInitialized: true
[WebServer] [API] }
[WebServer] [API] [AUTH DEBUG] authenticateUser GET path=/api/me hasAuth=true
[WebServer] [API] [AUTH ERROR] ============================================
[WebServer] [API] [AUTH ERROR] ============================================
[WebServer] [API] [AUTH ERROR] Token Verification Failed - Detailed Analysis
[WebServer] [API] [AUTH ERROR] Token Verification Failed - Detailed Analysis
[WebServer] [API] [AUTH ERROR] ============================================
[WebServer] [API] [AUTH ERROR] ============================================
[WebServer] [API] [AUTH ERROR] Error Code: auth/argument-error
[WebServer] [API] [AUTH ERROR] Error Code: auth/argument-error
[WebServer] [API] [AUTH ERROR] Error Name: Error
[WebServer] [API] [AUTH ERROR] Error Name: Error
[WebServer] [API] [AUTH ERROR] Error Message: Firebase ID token has no "sub" (subject) claim. See https://firebase.google.com/docs/auth/admin/verify-id-tokens for details on how to retrieve an ID token.
[WebServer] [API] [AUTH ERROR] Error Message: Firebase ID token has no "sub" (subject) claim. See https://firebase.google.com/docs/auth/admin/verify-id-tokens for details on how to retrieve an ID token.
[WebServer] [API] [AUTH ERROR] Path: /me
[WebServer] [API] [AUTH ERROR] Path: /me
[WebServer] [API] [AUTH ERROR] Method: GET
[WebServer] [API] [AUTH ERROR] Method: GET
[WebServer] [API] [AUTH ERROR] ============================================
[WebServer] [API] [AUTH ERROR] ============================================
[WebServer] [API] [AUTH ERROR] Token Details:
[WebServer] [API] [AUTH ERROR] Token Details:
[WebServer] [API] [AUTH ERROR]   - Length: 229
[WebServer] [API] [AUTH ERROR]   - Length: 229
[WebServer] [API] [AUTH ERROR]   - Prefix: eyJhbGciOiJSUzI1NiIs...
[WebServer] [API] [AUTH ERROR]   - Prefix: eyJhbGciOiJSUzI1NiIs...
[WebServer] [API] [AUTH ERROR]   - Suffix: ...fQ.expired-signature
[WebServer] [API] [AUTH ERROR]   - Suffix: ...fQ.expired-signature
[WebServer] [API] [AUTH ERROR]   - Token Project ID (from payload): snipshift-75b04
[WebServer] [API] [AUTH ERROR]   - Token Project ID (from payload): snipshift-75b04
[WebServer] [API] [AUTH ERROR]   - Token Expiry: 2020-09-13T12:26:40.000Z
[WebServer] [API] [AUTH ERROR]   - Token Expiry: 2020-09-13T12:26:40.000Z
[WebServer] [API] [AUTH ERROR]   - Is Expired: true
[WebServer] [API] [AUTH ERROR]   - Is Expired: true
[WebServer] [API] [AUTH ERROR] ============================================
[WebServer] [API] [AUTH ERROR] ============================================
[WebServer] [API] [AUTH ERROR] Environment Configuration:
[WebServer] [API] [AUTH ERROR] Environment Configuration:
[WebServer] [API] [AUTH ERROR]   - FIREBASE_PROJECT_ID: snipshift-75b04
[WebServer] [API] [AUTH ERROR]   - FIREBASE_PROJECT_ID: snipshift-75b04
[WebServer] [API] [AUTH ERROR]   - Firebase Auth Initialized: true
[WebServer] [API] [AUTH ERROR]   - Firebase Auth Initialized: true
[WebServer] [API] [AUTH ERROR]   - Project ID Match: YES
[WebServer] [API] [AUTH ERROR]   - Project ID Match: YES
[WebServer] [API] [AUTH ERROR] ============================================
[WebServer] [API] [AUTH ERROR] ============================================
[WebServer] [API] [AUTH ERROR] Failure Reason Analysis:
[WebServer] [API] [AUTH ERROR] Failure Reason Analysis:
[WebServer] [API] [AUTH ERROR]   - Is Expired: true
[WebServer] [API] [AUTH ERROR]   - Is Expired: true
[WebServer] [API] [AUTH ERROR]   - Is Invalid Format: true
[WebServer] [API] [AUTH ERROR]   - Is Invalid Format: true
[WebServer] [API] [AUTH ERROR]   - Is Project Mismatch: false
[WebServer] [API] [AUTH ERROR]   - Is Project Mismatch: false
[WebServer] [API] [AUTH ERROR]   - Is Revoked: false
[WebServer] [API] [AUTH ERROR]   - Is Revoked: false
[WebServer] [API] [AUTH ERROR]   - Is Malformed Header: false
[WebServer] [API] [AUTH ERROR]   - Is Malformed Header: false
[WebServer] [API] [AUTH ERROR]   - Is Invalid Signature: false
[WebServer] [API] [AUTH ERROR]   - Is Invalid Signature: false
[WebServer] [API] [AUTH ERROR] ============================================
[WebServer] [API] [AUTH ERROR] ============================================
[WebServer] [API] [AUTH ERROR] Diagnostic: Token expired at 2020-09-13T12:26:40.000Z
[WebServer] [API] [AUTH ERROR] Diagnostic: Token expired at 2020-09-13T12:26:40.000Z
[WebServer] [API] [AUTH ERROR] ============================================
[WebServer] [API] [AUTH ERROR] ============================================
[INTEGRATION TEST] 401 response for expired token: {
  message: [32m'Unauthorized: Token expired. Please sign in again.'[39m,
  error: [32m'Firebase ID token has no "sub" (subject) claim. See https://firebase.google.com/docs/auth/admin/verify-id-tokens for details on how to retrieve an ID token.'[39m,
  code: [32m'auth/argument-error'[39m,
  diagnostic: [32m'Token expired at 2020-09-13T12:26:40.000Z'[39m,
  tokenProjectId: [32m'snipshift-75b04'[39m,
  expectedProjectId: [32m'snipshift-75b04'[39m,
  failureReasons: {
    isExpired: [33mtrue[39m,
    isInvalidFormat: [33mtrue[39m,
    isProjectMismatch: [33mfalse[39m,
    isRevoked: [33mfalse[39m,
    isMalformedHeader: [33mfalse[39m,
    isInvalidSignature: [33mfalse[39m
  }
}
  ok 247 [Mobile Chrome] ΓÇ║ tests\integration.spec.ts:221:3 ΓÇ║ Backend Integration - Real Token Handshake ΓÇ║ Expired token - should return 401 with expiry error (38ms)
[WebServer] [API] [2026-02-04T22:40:22.564Z] GET /api/integrations/xero/status {
[WebServer] [API]   correlationId: 'b85a51b0-9ecd-488b-9374-dc2c08f2a185',
[WebServer] [API]   hasBody: true,
[WebServer] [API]   bodyKeys: [],
[WebServer] [API]   hasAuth: true,
[WebServer] [API]   authHeaderPrefix: 'Bearer mock-test-token...',
[WebServer] [API]   contentType: undefined
[WebServer] [API] }
[WebServer] [API] [2026-02-04T22:40:22.571Z] GET /api/integrations/xero/sync-history {
[WebServer] [API]   correlationId: '30332752-6c93-4d09-9b4b-e587ff969402',
[WebServer] [API]   hasBody: true,
[WebServer] [API]   bodyKeys: [],
[WebServer] [API]   hasAuth: true,
[WebServer] [API]   authHeaderPrefix: 'Bearer mock-test-token...',
[WebServer] [API]   contentType: undefined
[WebServer] [API] }
[WebServer] [API] [2026-02-04T22:40:22.575Z] GET /api/venues/me {
[WebServer] [API]   correlationId: 'a3f2637a-bfa2-4881-9b2e-9568e8b10259',
[WebServer] [API]   hasBody: true,
[WebServer] [API]   bodyKeys: [],
[WebServer] [API]   hasAuth: true,
[WebServer] [API]   authHeaderPrefix: 'Bearer mock-test-token...',
[WebServer] [API]   contentType: undefined
[WebServer] [API] }
[WebServer] [API] [WebServer] [2026-02-04T22:40:22.582Z] GET /api/stripe-connect/account/status {
[WebServer] [API]   correlationId: '81187fd9-0511-451f-a075-f16052fe1607',
[WebServer] [API]   hasBody: true,
[WebServer] [API]   bodyKeys: [],
[WebServer] [API]   hasAuth: true,
[WebServer] [API]   authHeaderPrefix: 'Bearer mock-test-token...',
[WebServer] [API]   contentType: undefined
[WebServer] [API] }
[INTEGRATION TEST] Firebase Admin credentials not available. Skipping real token tests.
[WebServer] [API] [2026-02-04T22:40:22.590Z] GET /api/analytics/dashboard {
[WebServer] [API]   correlationId: '7e1a5f89-c5fb-4c15-895b-9ff76fc17e1a',
[WebServer] [API]   hasBody: true,
[WebServer] [API]   bodyKeys: [],
[WebServer] [API]   hasAuth: true,
[WebServer] [API]   authHeaderPrefix: 'Bearer mock-test-token...',
[WebServer] [API]   contentType: undefined
[WebServer] [API] }
  -  248 [Mobile Chrome] ΓÇ║ tests\integration.spec.ts:245:3 ΓÇ║ Backend Integration - Real Token Handshake ΓÇ║ Project ID mismatch - should log detailed error
  -  249 [Mobile Chrome] ΓÇ║ tests\pro-marketplace.spec.ts:8:6 ΓÇ║ Hospo Staff Onboarding: Complete profile, apply for shifts, clock in with geofence, and complete shift cycle
  -  250 [Mobile Chrome] ΓÇ║ tests\visual\dashboard.spec.ts:63:5 ΓÇ║ Visual Regression Tests - Dashboard ΓÇ║ User Dashboard ΓÇ║ should match baseline screenshot for user dashboard
  -  251 [Mobile Chrome] ΓÇ║ tests\visual\dashboard.spec.ts:81:5 ΓÇ║ Visual Regression Tests - Dashboard ΓÇ║ User Dashboard ΓÇ║ should match baseline screenshot for user dashboard on mobile
  -  252 [Mobile Chrome] ΓÇ║ tests\visual\dashboard.spec.ts:104:5 ΓÇ║ Visual Regression Tests - Dashboard ΓÇ║ Venue Dashboard ΓÇ║ should match baseline screenshot for venue dashboard
  -  253 [Mobile Chrome] ΓÇ║ tests\visual\dashboard.spec.ts:134:5 ΓÇ║ Visual Regression Tests - Dashboard ΓÇ║ Venue Dashboard ΓÇ║ should match baseline screenshot for venue dashboard on mobile
  -  254 [Mobile Chrome] ΓÇ║ tests\visual\dashboard.spec.ts:164:5 ΓÇ║ Visual Regression Tests - Dashboard ΓÇ║ Onboarding Hub ΓÇ║ should match baseline screenshot for onboarding hub step 1
[WebServer] [API] [2026-02-04T22:40:22.860Z] GET /api/notifications {
[WebServer] [API]   correlationId: '88afa6a7-574e-43e8-85f6-c2940aca4c55',
[WebServer] [API]   hasBody: true,
[WebServer] [API]   bodyKeys: [],
[WebServer] [API]   hasAuth: true,
[WebServer] [API]   authHeaderPrefix: 'Bearer mock-test-token...',
[WebServer] [API]   contentType: undefined
[WebServer] [API] }
  -  255 [Mobile Chrome] ΓÇ║ tests\visual\dashboard.spec.ts:193:5 ΓÇ║ Visual Regression Tests - Dashboard ΓÇ║ Onboarding Hub ΓÇ║ should match baseline screenshot for onboarding hub on mobile
[WebServer] [API] [2026-02-04T22:40:22.863Z] GET /api/conversations/unread-count {
[WebServer] [API]   correlationId: 'fe37659a-206c-4c1b-888f-87b9f3456d05',
[WebServer] [API]   hasBody: true,
[WebServer] [API]   bodyKeys: [],
[WebServer] [API]   hasAuth: true,
[WebServer] [API]   authHeaderPrefix: 'Bearer mock-test-token...',
[WebServer] [API]   contentType: undefined
[WebServer] [API] }
[WebServer] [API] [AUTH] authenticateUser called for GET /api/conversations/unread-count { hasAuthHeader: true, authHeaderPrefix: 'Bearer mock-test-tok' }
[WebServer] [API] [AUTH DEBUG] authenticateUser GET path=/api/conversations/unread-count hasAuth=true
  -  256 [Mobile Chrome] ΓÇ║ tests\visual\dashboard.spec.ts:223:5 ΓÇ║ Visual Regression Tests - Dashboard ΓÇ║ Dark Theme Verification ΓÇ║ should verify dark theme is applied globally
  ok 228 [Mobile Chrome] ΓÇ║ tests\e2e\landing-layout.spec.ts:139:5 ΓÇ║ Landing Page Layout Regression Tests ΓÇ║ Mobile Overflow Prevention ΓÇ║ should not have horizontal scroll on small mobile viewport (320x568) (7.0s)
  ok 229 [Mobile Chrome] ΓÇ║ tests\e2e\investor-portal.spec.ts:282:5 ΓÇ║ Investor Portal E2E Tests ΓÇ║ Investment Section ΓÇ║ The Ask section displays correct seed round details (5.5s)
  ok 231 [Mobile Chrome] ΓÇ║ tests\e2e\landing.spec.ts:144:5 ΓÇ║ Landing Page Tests ΓÇ║ FAQ Interaction ΓÇ║ should expand FAQ item and display answer when clicked (5.4s)
  ok 227 [Mobile Chrome] ΓÇ║ tests\e2e\reputation_system.spec.ts:381:5 ΓÇ║ Reputation System - Automated Strike System E2E Tests ΓÇ║ No-Show Reporting ΓÇ║ should show suspended status after No-Show is reported (10.2s)
  ok 257 [Mobile Chrome] ΓÇ║ tests\waitlist-ui.spec.ts:4:3 ΓÇ║ Waitlist UI Smoke Test ΓÇ║ Waitlist page renders and toggle works correctly (3.0s)
[WebServer] [API] [2026-02-04T22:40:26.405Z] GET /api/notifications {
[WebServer] [API]   correlationId: 'beacf66b-0e64-4f14-b4db-657a6bbf9211',
[WebServer] [API]   hasBody: true,
[WebServer] [API]   bodyKeys: [],
[WebServer] [API]   hasAuth: true,
[WebServer] [API]   authHeaderPrefix: 'Bearer mock-test-token...',
[WebServer] [API]   contentType: undefined
[WebServer] [API] }
[WebServer] [API] [WebServer] [2026-02-04T22:40:26.408Z] GET /api/conversations/unread-count {
[WebServer] [API]   correlationId: '4ccb8978-1452-4a05-be4e-081d0a7dfaf7',
[WebServer] [API]   hasBody: true,
[WebServer] [API]   bodyKeys: [],
[WebServer] [API]   hasAuth: true,
[WebServer] [API]   authHeaderPrefix: 'Bearer mock-test-token...',
[WebServer] [API]   contentType: undefined
[WebServer] [API] }
[WebServer] [API] [AUTH DEBUG] authenticateUser GET path=/api/conversations/unread-count hasAuth=true
[WebServer] [API] [AUTH] authenticateUser called for GET /api/conversations/unread-count { hasAuthHeader: true, authHeaderPrefix: 'Bearer mock-test-tok' }
[WebServer] [API] [2026-02-04T22:40:26.745Z] GET /api/integrations/xero/status {
[WebServer] [API]   correlationId: '9520dbe9-ddf0-42c7-bf9f-f93162e36c10',
[WebServer] [API]   hasBody: true,
[WebServer] [API]   bodyKeys: [],
[WebServer] [API]   hasAuth: true,
[WebServer] [API]   authHeaderPrefix: 'Bearer mock-test-token...',
[WebServer] [API]   contentType: undefined
[WebServer] [API] }
[WebServer] [API] [2026-02-04T22:40:26.749Z] GET /api/integrations/xero/sync-history {
[WebServer] [API]   correlationId: '3f994c4e-d4aa-476d-9773-92bea460617f',
[WebServer] [API]   hasBody: true,
[WebServer] [API]   bodyKeys: [],
[WebServer] [API]   hasAuth: true,
[WebServer] [API]   authHeaderPrefix: 'Bearer mock-test-token...',
[WebServer] [API]   contentType: undefined
[WebServer] [API] }
[WebServer] [API] [2026-02-04T22:40:26.753Z] GET /api/venues/me {
[WebServer] [API]   correlationId: '0138b214-be5d-4e84-9403-a811f22bd9e4',
[WebServer] [API]   hasBody: true,
[WebServer] [API]   bodyKeys: [],
[WebServer] [API]   hasAuth: true,
[WebServer] [API]   authHeaderPrefix: 'Bearer mock-test-token...',
[WebServer] [API]   contentType: undefined
[WebServer] [API] }
[WebServer] [API] [2026-02-04T22:40:26.760Z] GET /api/stripe-connect/account/status {
[WebServer] [API]   correlationId: '189a1fc5-ab14-447f-a293-7010fd004bb1',
[WebServer] [API]   hasBody: true,
[WebServer] [API]   bodyKeys: [],
[WebServer] [API]   hasAuth: true,
[WebServer] [API]   authHeaderPrefix: 'Bearer mock-test-token...',
[WebServer] [API]   contentType: undefined
[WebServer] [API] }
[WebServer] [API] [2026-02-04T22:40:26.764Z] GET /api/analytics/dashboard {
[WebServer] [API]   correlationId: '82e5a2db-cbc9-4a02-b23b-01e3ffa7fcca',
[WebServer] [API]   hasBody: true,
[WebServer] [API]   bodyKeys: [],
[WebServer] [API]   hasAuth: true,
[WebServer] [API]   authHeaderPrefix: 'Bearer mock-test-token...',
[WebServer] [API]   contentType: undefined
[WebServer] [API] }
[WebServer] [API] [2026-02-04T22:40:27.825Z] GET /api/notifications {
[WebServer] [API]   correlationId: 'b7af6f39-2bf9-468c-8bfe-1c3ad9bf0987',
[WebServer] [API]   hasBody: true,
[WebServer] [API]   bodyKeys: [],
[WebServer] [API]   hasAuth: true,
[WebServer] [API]   authHeaderPrefix: 'Bearer mock-test-token...',
[WebServer] [API]   contentType: undefined
[WebServer] [API] }
[WebServer] [API] [2026-02-04T22:40:27.830Z] GET /api/conversations/unread-count {
[WebServer] [API]   correlationId: '1cd58374-a806-4858-bd37-0d0a6bae2290',
[WebServer] [API]   hasBody: true,
[WebServer] [API]   bodyKeys: [],
[WebServer] [API]   hasAuth: true,
[WebServer] [API]   authHeaderPrefix: 'Bearer mock-test-token...',
[WebServer] [API]   contentType: undefined
[WebServer] [API] }
[WebServer] [API] [AUTH] authenticateUser called for GET /api/conversations/unread-count { hasAuthHeader: true, authHeaderPrefix: 'Bearer mock-test-tok' }
[WebServer] [API] [AUTH DEBUG] authenticateUser GET path=/api/conversations/unread-count hasAuth=true
[WebServer] [API] [2026-02-04T22:40:28.015Z] GET /api/users/verification-status {
[WebServer] [API]   correlationId: '786848be-69be-4888-9004-a79a7af92e8d',
[WebServer] [API]   hasBody: true,
[WebServer] [API]   bodyKeys: [],
[WebServer] [API]   hasAuth: true,
[WebServer] [API]   authHeaderPrefix: 'Bearer mock-test-token...',
[WebServer] [API]   contentType: undefined
[WebServer] [API] }
[WebServer] [API] [2026-02-04T22:40:28.021Z] GET /api/jobs {
[WebServer] [API]   correlationId: '2cc400bf-6447-4c92-a884-339ec39637ce',
[WebServer] [API]   hasBody: true,
[WebServer] [API]   bodyKeys: [],
[WebServer] [API]   hasAuth: true,
[WebServer] [API]   authHeaderPrefix: 'Bearer mock-test-token...',
[WebServer] [API]   contentType: undefined
[WebServer] [API] }
[WebServer] [API] [2026-02-04T22:40:28.029Z] GET /api/analytics/dashboard {
[WebServer] [API]   correlationId: '1564c583-beaf-4cb0-a893-25c7eed85886',
[WebServer] [API]   hasBody: true,
[WebServer] [API]   bodyKeys: [],
[WebServer] [API]   hasAuth: true,
[WebServer] [API]   authHeaderPrefix: 'Bearer mock-test-token...',
[WebServer] [API]   contentType: undefined
[WebServer] [API] }
[WebServer] [API] [2026-02-04T22:40:28.033Z] GET /api/shifts/messages/unread-count {
[WebServer] [API]   correlationId: '18dcd821-d185-4d4f-8d02-add9781e9020',
[WebServer] [API]   hasBody: true,
[WebServer] [API]   bodyKeys: [],
[WebServer] [API]   hasAuth: true,
[WebServer] [API]   authHeaderPrefix: 'Bearer mock-test-token...',
[WebServer] [API]   contentType: undefined
[WebServer] [API] }
[WebServer] [API] [2026-02-04T22:40:28.184Z] GET /api/me/reputation {
[WebServer] [API]   correlationId: '4a5aae0c-264e-4ef6-8e76-de965ceefa04',
[WebServer] [API]   hasBody: true,
[WebServer] [API]   bodyKeys: [],
[WebServer] [API]   hasAuth: true,
[WebServer] [API]   authHeaderPrefix: 'Bearer mock-test-token...',
[WebServer] [API]   contentType: undefined
[WebServer] [API] }
[WebServer] [API] [2026-02-04T22:40:28.191Z] GET /api/worker/priority-boost {
[WebServer] [API]   correlationId: '14be5733-733e-4d07-a0cf-cf98c1a27022',
[WebServer] [API]   hasBody: true,
[WebServer] [API]   bodyKeys: [],
[WebServer] [API]   hasAuth: true,
[WebServer] [API]   authHeaderPrefix: 'Bearer mock-test-token...',
[WebServer] [API]   contentType: undefined
[WebServer] [API] }
[WebServer] [API] [2026-02-04T22:40:28.521Z] GET /api/worker/recommendations {
[WebServer] [API]   correlationId: 'fed71319-d9e5-4ccd-b7f0-cddbbedd1aa7',
[WebServer] [API]   hasBody: true,
[WebServer] [API]   bodyKeys: [],
[WebServer] [API]   hasAuth: true,
[WebServer] [API]   authHeaderPrefix: 'Bearer mock-test-token...',
[WebServer] [API]   contentType: undefined
[WebServer] [API] }
[WebServer] [API] [GET /api/worker/recommendations] No location provided, returning empty recommendations
[WebServer] [API] [2026-02-04T22:40:28.523Z] GET /api/worker/waitlisted-shifts {
[WebServer] [API]   correlationId: '4d4544e2-2b9c-4848-ba61-8d7406cc11c2',
[WebServer] [API]   hasBody: true,
[WebServer] [API]   bodyKeys: [],
[WebServer] [API]   hasAuth: true,
[WebServer] [API]   authHeaderPrefix: 'Bearer mock-test-token...',
[WebServer] [API]   contentType: undefined
[WebServer] [API] }
[WebServer] [API] [2026-02-04T22:40:28.526Z] GET /api/me/availability {
[WebServer] [API]   correlationId: 'f10baad6-bfa9-4628-9ff7-8904212be15f',
[WebServer] [API]   hasBody: true,
[WebServer] [API]   bodyKeys: [],
[WebServer] [API]   hasAuth: true,
[WebServer] [API]   authHeaderPrefix: 'Bearer mock-test-token...',
[WebServer] [API]   contentType: undefined
[WebServer] [API] }
[WebServer] [API] [2026-02-04T22:40:28.527Z] GET /api/worker/earnings {
[WebServer] [API]   correlationId: 'c2935229-b0cf-43b0-b19b-d5d7e4c26c05',
[WebServer] [API]   hasBody: true,
[WebServer] [API]   bodyKeys: [],
[WebServer] [API]   hasAuth: true,
[WebServer] [API]   authHeaderPrefix: 'Bearer mock-test-token...',
[WebServer] [API]   contentType: undefined
[WebServer] [API] }
[WebServer] [API] [2026-02-04T22:40:28.531Z] GET /api/shifts/pending-review {
[WebServer] [API]   correlationId: '50d6cf45-9ab5-44e8-8e67-d79be29cb5a2',
[WebServer] [API]   hasBody: true,
[WebServer] [API]   bodyKeys: [],
[WebServer] [API]   hasAuth: true,
[WebServer] [API]   authHeaderPrefix: 'Bearer mock-test-token...',
[WebServer] [API]   contentType: undefined
[WebServer] [API] }
  ok 258 [Mobile Chrome] ΓÇ║ tests\e2e\landing-layout.spec.ts:160:5 ΓÇ║ Landing Page Layout Regression Tests ΓÇ║ Mobile Overflow Prevention ΓÇ║ should not have horizontal scroll when scrolling entire page on mobile (5.1s)
Γ£à First barber accepted the shift
  ok 262 [Mobile Chrome] ΓÇ║ tests\waitlist-ui.spec.ts:64:3 ΓÇ║ Waitlist UI Smoke Test ΓÇ║ Waitlist Venue form submission works (4.0s)
  ok 233 [Mobile Chrome] ΓÇ║ tests\e2e\onboarding.spec.ts:337:5 ΓÇ║ Onboarding Flow E2E Tests ΓÇ║ Complete Setup Banner ΓÇ║ should show banner again after 24 hours when dismissed (10.4s)
  ok 259 [Mobile Chrome] ΓÇ║ tests\e2e\investor-portal.spec.ts:361:5 ΓÇ║ Investor Portal E2E Tests ΓÇ║ Authenticated Persistence (Neutral Zone) ΓÇ║ Authenticated Business user stays on /investorportal (no redirect to dashboard) (6.2s)
  ok 260 [Mobile Chrome] ΓÇ║ tests\e2e\landing.spec.ts:167:5 ΓÇ║ Landing Page Tests ΓÇ║ FAQ Interaction ΓÇ║ should display first FAQ answer by default (6.0s)
(node:30920) Warning: The 'NO_COLOR' env is ignored due to the 'FORCE_COLOR' env being set.
(Use `node --trace-warnings ...` to show where the warning was created)
[WebServer] [API] [2026-02-04T22:40:31.910Z] GET /api/notifications {
[WebServer] [API]   correlationId: '51097ae2-3575-4cb3-8f83-447e103b170b',
[WebServer] [API]   hasBody: true,
[WebServer] [API]   bodyKeys: [],
[WebServer] [API]   hasAuth: true,
[WebServer] [API]   authHeaderPrefix: 'Bearer mock-test-token...',
[WebServer] [API]   contentType: undefined
[WebServer] [API] }
[WebServer] [API] [2026-02-04T22:40:31.915Z] GET /api/conversations/unread-count {
[WebServer] [API]   correlationId: '1a7fcd32-abb5-45fc-b78f-9de23ec2eabc',
[WebServer] [API]   hasBody: true,
[WebServer] [API]   bodyKeys: [],
[WebServer] [API]   hasAuth: true,
[WebServer] [API]   authHeaderPrefix: 'Bearer mock-test-token...',
[WebServer] [API]   contentType: undefined
[WebServer] [API] }
[WebServer] [API] [AUTH] authenticateUser called for GET /api/conversations/unread-count { hasAuthHeader: true, authHeaderPrefix: 'Bearer mock-test-tok' }
[WebServer] [API] [AUTH DEBUG] authenticateUser GET path=/api/conversations/unread-count hasAuth=true
[WebServer] [API] [2026-02-04T22:40:32.222Z] GET /api/integrations/xero/status {
[WebServer] [API]   correlationId: '280286ef-d387-4f60-9a4f-d1eb49fc8eac',
[WebServer] [API]   hasBody: true,
[WebServer] [API]   bodyKeys: [],
[WebServer] [API]   hasAuth: true,
[WebServer] [API]   authHeaderPrefix: 'Bearer mock-test-token...',
[WebServer] [API]   contentType: undefined
[WebServer] [API] }
[WebServer] [API] [2026-02-04T22:40:32.226Z] GET /api/integrations/xero/sync-history {
[WebServer] [API]   correlationId: 'ed3c775a-7035-43c9-a6ad-e4be4ccd891d',
[WebServer] [API]   hasBody: true,
[WebServer] [API]   bodyKeys: [],
[WebServer] [API]   hasAuth: true,
[WebServer] [API]   authHeaderPrefix: 'Bearer mock-test-token...',
[WebServer] [API]   contentType: undefined
[WebServer] [API] }
[WebServer] [API] [2026-02-04T22:40:32.230Z] GET /api/venues/me {
[WebServer] [API]   correlationId: 'dcefe4e8-c50c-433c-8723-e9858699ca15',
[WebServer] [API]   hasBody: true,
[WebServer] [API]   bodyKeys: [],
[WebServer] [API]   hasAuth: true,
[WebServer] [API]   authHeaderPrefix: 'Bearer mock-test-token...',
[WebServer] [API]   contentType: undefined
[WebServer] [API] }
[WebServer] [API] [2026-02-04T22:40:32.239Z] GET /api/stripe-connect/account/status {
[WebServer] [API]   correlationId: '5c387f4c-e4e9-489b-8cb7-b4f59f9b4da5',
[WebServer] [API]   hasBody: true,
[WebServer] [API]   bodyKeys: [],
[WebServer] [API]   hasAuth: true,
[WebServer] [API]   authHeaderPrefix: 'Bearer mock-test-token...',
[WebServer] [API]   contentType: undefined
[WebServer] [API] }
[WebServer] [API] [2026-02-04T22:40:32.245Z] GET /api/analytics/dashboard {
[WebServer] [API]   correlationId: '77100925-744e-41d8-a553-e374d44dd042',
[WebServer] [API]   hasBody: true,
[WebServer] [API]   bodyKeys: [],
[WebServer] [API]   hasAuth: true,
[WebServer] [API]   authHeaderPrefix: 'Bearer mock-test-token...',
[WebServer] [API]   contentType: undefined
[WebServer] [API] }
[WebServer] [API] [2026-02-04T22:40:33.287Z] GET /api/notifications {
[WebServer] [API]   correlationId: 'c7aa41aa-43cf-48e5-a53f-b0c5197e6539',
[WebServer] [API]   hasBody: true,
[WebServer] [API]   bodyKeys: [],
[WebServer] [API]   hasAuth: true,
[WebServer] [API]   authHeaderPrefix: 'Bearer mock-test-token...',
[WebServer] [API]   contentType: undefined
[WebServer] [API] }
[WebServer] [API] [2026-02-04T22:40:33.290Z] GET /api/conversations/unread-count {
[WebServer] [API]   correlationId: '450ec6c7-ca28-44e9-92b5-0aca4c4ba0ea',
[WebServer] [API]   hasBody: true,
[WebServer] [API]   bodyKeys: [],
[WebServer] [API]   hasAuth: true,
[WebServer] [API]   authHeaderPrefix: 'Bearer mock-test-token...',
[WebServer] [API]   contentType: undefined
[WebServer] [API] }
[WebServer] [API] [AUTH DEBUG] authenticateUser GET path=/api/conversations/unread-count hasAuth=true
[WebServer] [API] [AUTH] authenticateUser called for GET /api/conversations/unread-count { hasAuthHeader: true, authHeaderPrefix: 'Bearer mock-test-tok' }
[WebServer] [API] [2026-02-04T22:40:33.571Z] GET /api/users/verification-status {
[WebServer] [API]   correlationId: '9a7b8d91-6295-4875-a6f8-4662af74ea39',
[WebServer] [API]   hasBody: true,
[WebServer] [API]   bodyKeys: [],
[WebServer] [API]   hasAuth: true,
[WebServer] [API]   authHeaderPrefix: 'Bearer mock-test-token...',
[WebServer] [API]   contentType: undefined
[WebServer] [API] }
[WebServer] [API] [2026-02-04T22:40:33.576Z] GET /api/jobs {
[WebServer] [API]   correlationId: 'b34300be-3000-46ef-82ba-200372f52139',
[WebServer] [API]   hasBody: true,
[WebServer] [API]   bodyKeys: [],
[WebServer] [API]   hasAuth: true,
[WebServer] [API]   authHeaderPrefix: 'Bearer mock-test-token...',
[WebServer] [API]   contentType: undefined
[WebServer] [API] }
[WebServer] [API] [2026-02-04T22:40:33.579Z] GET /api/analytics/dashboard {
[WebServer] [API]   correlationId: 'ec0b1809-cb8a-47c4-817a-5524e39c6ae2',
[WebServer] [API]   hasBody: true,
[WebServer] [API]   bodyKeys: [],
[WebServer] [API]   hasAuth: true,
[WebServer] [API]   authHeaderPrefix: 'Bearer mock-test-token...',
[WebServer] [API]   contentType: undefined
[WebServer] [API] }
[WebServer] [API] [2026-02-04T22:40:33.588Z] GET /api/shifts/messages/unread-count {
[WebServer] [API]   correlationId: 'ef78b939-ea9b-40c7-ab68-62cd3f56b159',
[WebServer] [API]   hasBody: true,
[WebServer] [API]   bodyKeys: [],
[WebServer] [API]   hasAuth: true,
[WebServer] [API]   authHeaderPrefix: 'Bearer mock-test-token...',
[WebServer] [API]   contentType: undefined
[WebServer] [API] }
[WebServer] [API] [2026-02-04T22:40:33.947Z] GET /api/me/reputation {
[WebServer] [API]   correlationId: 'a12b657e-a68b-46c6-b3dd-898756ad97fa',
[WebServer] [API]   hasBody: true,
[WebServer] [API]   bodyKeys: [],
[WebServer] [API]   hasAuth: true,
[WebServer] [API]   authHeaderPrefix: 'Bearer mock-test-token...',
[WebServer] [API]   contentType: undefined
[WebServer] [API] }
[WebServer] [API] [2026-02-04T22:40:33.951Z] GET /api/worker/priority-boost {
[WebServer] [API]   correlationId: '8f489771-f146-4056-a410-b79aa5fb36eb',
[WebServer] [API]   hasBody: true,
[WebServer] [API]   bodyKeys: [],
[WebServer] [API]   hasAuth: true,
[WebServer] [API]   authHeaderPrefix: 'Bearer mock-test-token...',
[WebServer] [API]   contentType: undefined
[WebServer] [API] }
[WebServer] [API] [2026-02-04T22:40:33.957Z] GET /api/worker/recommendations {
[WebServer] [API]   correlationId: '8139cc9b-74ff-4004-8a3d-f16079a3e91a',
[WebServer] [API]   hasBody: true,
[WebServer] [API]   bodyKeys: [],
[WebServer] [API]   hasAuth: true,
[WebServer] [API]   authHeaderPrefix: 'Bearer mock-test-token...',
[WebServer] [API]   contentType: undefined
[WebServer] [API] }
[WebServer] [API] [GET /api/worker/recommendations] No location provided, returning empty recommendations
[WebServer] [API] [2026-02-04T22:40:33.960Z] GET /api/worker/waitlisted-shifts {
[WebServer] [API]   correlationId: 'bf584ca6-b934-4af2-8f21-ee0c0ec0e752',
[WebServer] [API]   hasBody: true,
[WebServer] [API]   bodyKeys: [],
[WebServer] [API]   hasAuth: true,
[WebServer] [API]   authHeaderPrefix: 'Bearer mock-test-token...',
[WebServer] [API]   contentType: undefined
[WebServer] [API] }
[WebServer] [API] [2026-02-04T22:40:33.966Z] GET /api/me/availability {
[WebServer] [API]   correlationId: '4ad97d58-3d66-4e4a-ac49-9862fea559b6',
[WebServer] [API]   hasBody: true,
[WebServer] [API]   bodyKeys: [],
[WebServer] [API]   hasAuth: true,
[WebServer] [API]   authHeaderPrefix: 'Bearer mock-test-token...',
[WebServer] [API]   contentType: undefined
[WebServer] [API] }
[WebServer] [API] [2026-02-04T22:40:33.968Z] GET /api/worker/earnings {
[WebServer] [API]   correlationId: '123a5801-fcf4-4f01-8f03-faf3fe75b17c',
[WebServer] [API]   hasBody: true,
[WebServer] [API]   bodyKeys: [],
[WebServer] [API]   hasAuth: true,
[WebServer] [API]   authHeaderPrefix: 'Bearer mock-test-token...',
[WebServer] [API]   contentType: undefined
[WebServer] [API] }
[WebServer] [API] [2026-02-04T22:40:34.231Z] GET /api/shifts/pending-review {
[WebServer] [API]   correlationId: '6532788b-926c-42e9-93c2-30421abcc955',
[WebServer] [API]   hasBody: true,
[WebServer] [API]   bodyKeys: [],
[WebServer] [API]   hasAuth: true,
[WebServer] [API]   authHeaderPrefix: 'Bearer mock-test-token...',
[WebServer] [API]   contentType: undefined
[WebServer] [API] }
(node:30920) Warning: The 'NO_COLOR' env is ignored due to the 'FORCE_COLOR' env being set.
(Use `node --trace-warnings ...` to show where the warning was created)
Γ£à Multi-Invite Flow: Test completed
  -  263 [Mobile Chrome] ΓÇ║ tests\e2e\landing-layout.spec.ts:182:5 ΓÇ║ Landing Page Layout Regression Tests ΓÇ║ Feedback Widget Non-Obstruction ΓÇ║ should not cover Next button on onboarding page on mobile
  ok 230 [Mobile Chrome] ΓÇ║ tests\e2e\calendar-lifecycle.spec.ts:653:5 ΓÇ║ Calendar Lifecycle E2E Tests ΓÇ║ Bonus: Multi-Invite First-to-Accept Flow ΓÇ║ Shop invites multiple barbers, first to accept gets the shift (16.1s)
  ok 261 [Mobile Chrome] ΓÇ║ tests\e2e\reputation_system.spec.ts:418:5 ΓÇ║ Reputation System - Automated Strike System E2E Tests ΓÇ║ No-Show Reporting ΓÇ║ should prevent duplicate No-Show reports (9.6s)
[WebServer] [API] [2026-02-04T22:40:36.382Z] GET /api/notifications {
[WebServer] [API]   correlationId: '129f8468-b140-4612-ba70-4eaf43f16261',
[WebServer] [API]   hasBody: true,
[WebServer] [API]   bodyKeys: [],
[WebServer] [API]   hasAuth: true,
[WebServer] [API]   authHeaderPrefix: 'Bearer mock-test-token...',
[WebServer] [API]   contentType: undefined
[WebServer] [API] }
[WebServer] [API] [2026-02-04T22:40:36.387Z] GET /api/conversations/unread-count {
[WebServer] [API]   correlationId: 'd32e7bb6-4a48-47bd-b404-5bfb9193a5e8',
[WebServer] [API]   hasBody: true,
[WebServer] [API]   bodyKeys: [],
[WebServer] [API]   hasAuth: true,
[WebServer] [API]   authHeaderPrefix: 'Bearer mock-test-token...',
[WebServer] [API]   contentType: undefined
[WebServer] [API] }
[WebServer] [API] [AUTH DEBUG] authenticateUser GET path=/api/conversations/unread-count hasAuth=true
[WebServer] [API] [AUTH] authenticateUser called for GET /api/conversations/unread-count { hasAuthHeader: true, authHeaderPrefix: 'Bearer mock-test-tok' }
  ok 265 [Mobile Chrome] ΓÇ║ tests\e2e\investor-portal.spec.ts:392:5 ΓÇ║ Investor Portal E2E Tests ΓÇ║ Authenticated Persistence (Neutral Zone) ΓÇ║ Authenticated user can access Data Room documents without redirect (6.0s)
  ok 266 [Mobile Chrome] ΓÇ║ tests\e2e\landing.spec.ts:183:5 ΓÇ║ Landing Page Tests ΓÇ║ FAQ Interaction ΓÇ║ should collapse FAQ item when clicking on another (5.7s)
[WebServer] [API] [2026-02-04T22:40:37.371Z] GET /api/integrations/xero/status {
[WebServer] [API]   correlationId: '7d803de1-751f-4ff5-b699-c43f5134ed7b',
[WebServer] [API]   hasBody: true,
[WebServer] [API]   bodyKeys: [],
[WebServer] [API]   hasAuth: true,
[WebServer] [API]   authHeaderPrefix: 'Bearer mock-test-token...',
[WebServer] [API]   contentType: undefined
[WebServer] [API] }
[WebServer] [API] [2026-02-04T22:40:37.374Z] GET /api/integrations/xero/sync-history {
[WebServer] [API]   correlationId: '831d7558-15e4-4680-87ec-29703b6f8318',
[WebServer] [API]   hasBody: true,
[WebServer] [API]   bodyKeys: [],
[WebServer] [API]   hasAuth: true,
[WebServer] [API]   authHeaderPrefix: 'Bearer mock-test-token...',
[WebServer] [API]   contentType: undefined
[WebServer] [API] }
[WebServer] [API] [2026-02-04T22:40:37.377Z] GET /api/venues/me {
[WebServer] [API]   correlationId: 'ab590895-237f-4b32-b15c-949a8bd24395',
[WebServer] [API]   hasBody: true,
[WebServer] [API]   bodyKeys: [],
[WebServer] [API]   hasAuth: true,
[WebServer] [API]   authHeaderPrefix: 'Bearer mock-test-token...',
[WebServer] [API]   contentType: undefined
[WebServer] [API] }
[WebServer] [API] [2026-02-04T22:40:37.384Z] GET /api/stripe-connect/account/status {
[WebServer] [API]   correlationId: '841d4d05-1cd3-4a4d-8d46-72f38f14273c',
[WebServer] [API]   hasBody: true,
[WebServer] [API]   bodyKeys: [],
[WebServer] [API]   hasAuth: true,
[WebServer] [API]   authHeaderPrefix: 'Bearer mock-test-token...',
[WebServer] [API]   contentType: undefined
[WebServer] [API] }
[WebServer] [API] [2026-02-04T22:40:37.389Z] GET /api/analytics/dashboard {
[WebServer] [API]   correlationId: '4a714728-be36-4e40-9528-69f900d70565',
[WebServer] [API]   hasBody: true,
[WebServer] [API]   bodyKeys: [],
[WebServer] [API]   hasAuth: true,
[WebServer] [API]   authHeaderPrefix: 'Bearer mock-test-token...',
[WebServer] [API]   contentType: undefined
[WebServer] [API] }
Γ£à Setup Verification: Both contexts loaded successfully
  ok 269 [Mobile Chrome] ΓÇ║ tests\e2e\calendar-lifecycle.spec.ts:792:3 ΓÇ║ Calendar Lifecycle - Setup Verification ΓÇ║ Both contexts can load their respective dashboards (4.7s)
  -  272 [Mobile Safari] ΓÇ║ tests\core-marketplace.spec.ts:11:6 ΓÇ║ Venue Manager Journey: Post shift, receive application, approve, and complete payout cycle
(node:25336) Warning: The 'NO_COLOR' env is ignored due to the 'FORCE_COLOR' env being set.
(Use `node --trace-warnings ...` to show where the warning was created)
  ok 264 [Mobile Chrome] ΓÇ║ tests\e2e\onboarding.spec.ts:371:5 ΓÇ║ Onboarding Flow E2E Tests ΓÇ║ Complete Setup Banner ΓÇ║ should navigate to wallet when "Complete Setup" is clicked (9.3s)
[AUTH-FLOW TEST] Current URL: http://localhost:3000/venue/dashboard
(node:28968) Warning: The 'NO_COLOR' env is ignored due to the 'FORCE_COLOR' env being set.
(Use `node --trace-warnings ...` to show where the warning was created)
[WebServer] [API] [2026-02-04T22:40:41.539Z] GET /api/integrations/xero/status {
[WebServer] [API]   correlationId: '22f476e5-fd44-4384-9d31-a2a5ef3a8a57',
[WebServer] [API]   hasBody: true,
[WebServer] [API]   bodyKeys: [],
[WebServer] [API]   hasAuth: true,
[WebServer] [API]   authHeaderPrefix: 'Bearer mock-test-token...',
[WebServer] [API]   contentType: undefined
[WebServer] [API] }
[WebServer] [API] [2026-02-04T22:40:41.542Z] GET /api/integrations/xero/sync-history {
[WebServer] [API]   correlationId: '7bbdaa0c-0726-4350-8a95-4a6d110d4021',
[WebServer] [API]   hasBody: true,
[WebServer] [API]   bodyKeys: [],
[WebServer] [API]   hasAuth: true,
[WebServer] [API]   authHeaderPrefix: 'Bearer mock-test-token...',
[WebServer] [API]   contentType: undefined
[WebServer] [API] }
  ok 268 [Mobile Chrome] ΓÇ║ tests\e2e\landing-layout.spec.ts:240:5 ΓÇ║ Landing Page Layout Regression Tests ΓÇ║ Feedback Widget Non-Obstruction ΓÇ║ should not cover Submit button on post-job page on mobile (6.9s)
[WebServer] [API] [2026-02-04T22:40:41.720Z] GET /api/notifications {
[WebServer] [API]   correlationId: '5d0d7f13-e700-473b-9a86-81d40a81a8bb',
[WebServer] [API]   hasBody: true,
[WebServer] [API]   bodyKeys: [],
[WebServer] [API]   hasAuth: true,
[WebServer] [API]   authHeaderPrefix: 'Bearer mock-test-token...',
[WebServer] [API]   contentType: undefined
[WebServer] [API] }
[WebServer] [API] [2026-02-04T22:40:41.722Z] GET /api/conversations/unread-count {
[WebServer] [API]   correlationId: '4b96909b-affd-43ad-ac8e-78d2b0ae05f3',
[WebServer] [API]   hasBody: true,
[WebServer] [API]   bodyKeys: [],
[WebServer] [API]   hasAuth: true,
[WebServer] [API]   authHeaderPrefix: 'Bearer mock-test-token...',
[WebServer] [API]   contentType: undefined
[WebServer] [API] }
[WebServer] [API] [AUTH] authenticateUser called for GET /api/conversations/unread-count { hasAuthHeader: true, authHeaderPrefix: 'Bearer mock-test-tok' }
[WebServer] [API] [AUTH DEBUG] authenticateUser GET path=/api/conversations/unread-count hasAuth=true
[WebServer] [API] [2026-02-04T22:40:41.804Z] GET /api/users/verification-status {
[WebServer] [API]   correlationId: '0618aa4b-25ba-4594-9812-053a00b24de9',
[WebServer] [API]   hasBody: true,
[WebServer] [API]   bodyKeys: [],
[WebServer] [API]   hasAuth: true,
[WebServer] [API]   authHeaderPrefix: 'Bearer mock-test-token...',
[WebServer] [API]   contentType: undefined
[WebServer] [API] }
[WebServer] [API] [2026-02-04T22:40:41.808Z] GET /api/jobs {
[WebServer] [API]   correlationId: 'c4eaa275-f8ec-47d0-a7d2-1f38daedfaa8',
[WebServer] [API]   hasBody: true,
[WebServer] [API]   bodyKeys: [],
[WebServer] [API]   hasAuth: true,
[WebServer] [API]   authHeaderPrefix: 'Bearer mock-test-token...',
[WebServer] [API]   contentType: undefined
[WebServer] [API] }
[WebServer] [API] [2026-02-04T22:40:41.817Z] GET /api/applications {
[WebServer] [API]   correlationId: 'aa43eba6-6a65-4b0c-9c79-3e76c142674f',
[WebServer] [API]   hasBody: true,
[WebServer] [API]   bodyKeys: [],
[WebServer] [API]   hasAuth: true,
[WebServer] [API]   authHeaderPrefix: 'Bearer mock-test-token...',
[WebServer] [API]   contentType: undefined
[WebServer] [API] }
[WebServer] [API] [2026-02-04T22:40:41.822Z] GET /api/analytics/dashboard {
[WebServer] [API]   correlationId: 'cd0a2f91-34c6-421a-8a7d-257427569ba7',
[WebServer] [API]   hasBody: true,
[WebServer] [API]   bodyKeys: [],
[WebServer] [API]   hasAuth: true,
[WebServer] [API]   authHeaderPrefix: 'Bearer mock-test-token...',
[WebServer] [API]   contentType: undefined
[WebServer] [API] }
[WebServer] [API] [2026-02-04T22:40:42.092Z] GET /api/worker/priority-boost {
[WebServer] [API]   correlationId: '8800b18d-efe7-4e02-bd08-72e34dab20b0',
[WebServer] [API]   hasBody: true,
[WebServer] [API]   bodyKeys: [],
[WebServer] [API]   hasAuth: true,
[WebServer] [API]   authHeaderPrefix: 'Bearer mock-test-token...',
[WebServer] [API]   contentType: undefined
[WebServer] [API] }
[WebServer] [API] [2026-02-04T22:40:42.097Z] GET /api/worker/recommendations {
[WebServer] [API]   correlationId: 'eb73e13f-485e-4db1-9ae9-8da12215dfca',
[WebServer] [API]   hasBody: true,
[WebServer] [API]   bodyKeys: [],
[WebServer] [API]   hasAuth: true,
[WebServer] [API]   authHeaderPrefix: 'Bearer mock-test-token...',
[WebServer] [API]   contentType: undefined
[WebServer] [API] }
[WebServer] [API] [GET /api/worker/recommendations] No location provided, returning empty recommendations
[WebServer] [API] [2026-02-04T22:40:42.102Z] GET /api/worker/waitlisted-shifts {
[WebServer] [API]   correlationId: '60178bd4-19b0-46b1-8132-95e670ce378f',
[WebServer] [API]   hasBody: true,
[WebServer] [API]   bodyKeys: [],
[WebServer] [API]   hasAuth: true,
[WebServer] [API]   authHeaderPrefix: 'Bearer mock-test-token...',
[WebServer] [API]   contentType: undefined
[WebServer] [API] }
[WebServer] [API] [2026-02-04T22:40:42.108Z] GET /api/me/availability {
[WebServer] [API]   correlationId: '3c651880-78d9-4638-8965-46f2d63ef624',
[WebServer] [API]   hasBody: true,
[WebServer] [API]   bodyKeys: [],
[WebServer] [API]   hasAuth: true,
[WebServer] [API]   authHeaderPrefix: 'Bearer mock-test-token...',
[WebServer] [API]   contentType: undefined
[WebServer] [API] }
[WebServer] [API] [2026-02-04T22:40:42.115Z] GET /api/worker/earnings {
[WebServer] [API]   correlationId: '98dba0d2-ba98-4e64-8abd-0667c874d69e',
[WebServer] [API]   hasBody: true,
[WebServer] [API]   bodyKeys: [],
[WebServer] [API]   hasAuth: true,
[WebServer] [API]   authHeaderPrefix: 'Bearer mock-test-token...',
[WebServer] [API]   contentType: undefined
[WebServer] [API] }
(node:25336) Warning: The 'NO_COLOR' env is ignored due to the 'FORCE_COLOR' env being set.
(Use `node --trace-warnings ...` to show where the warning was created)
  ok 267 [Mobile Safari] ΓÇ║ tests\auth-flow.spec.ts:20:3 ΓÇ║ Auth Flow - Venue Dashboard ΓÇ║ Venue Dashboard with STL- Settlement verification (7.5s)
[WebServer] [API] [2026-02-04T22:40:42.897Z] POST /api/investors/rsvp {
[WebServer] [API]   correlationId: '0bb4801b-ad94-4f37-b819-ebc4dfb2ccbd',
[WebServer] [API]   hasBody: true,
[WebServer] [API]   bodyKeys: [ 'email', 'name', 'timestamp' ],
[WebServer] [API]   hasAuth: true,
[WebServer] [API]   authHeaderPrefix: 'Bearer mock-test-token...',
[WebServer] [API]   contentType: 'application/json'
[WebServer] [API] }
[WebServer] [API] [INVESTOR RSVP] {
[WebServer] [API]   email: 'test-owner@example.com',
[WebServer] [API]   name: 'Anonymous Investor',
[WebServer] [API]   timestamp: '2026-02-04T22:40:42.564Z',
[WebServer] [API]   ip: '127.0.0.1',
[WebServer] [API]   userAgent: 'Mozilla/5.0 (Linux; Android 11; Pixel 5) AppleWebKit/537.36 (KHTML, like Gecko) Chrome/145.0.7632.6 Mobile Safari/537.36'
[WebServer] [API] }
  ok 275 [Mobile Safari] ΓÇ║ tests\auth-flow.spec.ts:197:3 ΓÇ║ Auth Flow - Venue Dashboard ΓÇ║ STL- Settlement IDs format verification (1.2s)
(node:28968) Warning: The 'NO_COLOR' env is ignored due to the 'FORCE_COLOR' env being set.
(Use `node --trace-warnings ...` to show where the warning was created)
  ok 271 [Mobile Chrome] ΓÇ║ tests\e2e\investor-portal.spec.ts:431:5 ΓÇ║ Investor Portal E2E Tests ΓÇ║ Authenticated Persistence (Neutral Zone) ΓÇ║ Authenticated user can submit RSVP without redirect (8.1s)
Suspension UI not visible, but user data confirms suspended status
  ok 270 [Mobile Chrome] ΓÇ║ tests\e2e\reputation_system.spec.ts:479:5 ΓÇ║ Reputation System - Automated Strike System E2E Tests ΓÇ║ Pro Side Account Suspension ΓÇ║ should show Account Suspended status and 2 strikes on Pro side after Venue reports No-Show (11.9s)
  -  274 [Mobile Chrome] ΓÇ║ tests\e2e\landing-layout.spec.ts:294:5 ΓÇ║ Landing Page Layout Regression Tests ΓÇ║ Feedback Widget Non-Obstruction ΓÇ║ should have proper spacing between feedback widget and form buttons on mobile
[WebServer] [API] [2026-02-04T22:40:48.522Z] GET /api/notifications {
[WebServer] [API]   correlationId: '3a774070-b7e3-4fa7-b2d2-ac43669360ee',
[WebServer] [API]   hasBody: true,
[WebServer] [API]   bodyKeys: [],
[WebServer] [API]   hasAuth: true,
[WebServer] [API]   authHeaderPrefix: 'Bearer mock-test-token...',
[WebServer] [API]   contentType: undefined
[WebServer] [API] }
[WebServer] [API] [2026-02-04T22:40:48.525Z] GET /api/conversations/unread-count {
[WebServer] [API]   correlationId: '3ba4661b-1088-4bd6-a134-654de26cc9e4',
[WebServer] [API]   hasBody: true,
[WebServer] [API]   bodyKeys: [],
[WebServer] [API]   hasAuth: true,
[WebServer] [API]   authHeaderPrefix: 'Bearer mock-test-token...',
[WebServer] [API]   contentType: undefined
[WebServer] [API] }
[WebServer] [API] [AUTH DEBUG] authenticateUser GET path=/api/conversations/unread-count hasAuth=true
[WebServer] [API] [AUTH] authenticateUser called for GET /api/conversations/unread-count { hasAuthHeader: true, authHeaderPrefix: 'Bearer mock-test-tok' }
  ok 276 [Mobile Safari] ΓÇ║ tests\booking-flow.spec.ts:31:3 ΓÇ║ Full Roster Lifecycle: Business Invite to Professional Accept ΓÇ║ Complete booking workflow from business creation to professional acceptance (6.0s)
  ok 277 [Mobile Safari] ΓÇ║ tests\e2e\auth-integrity.spec.ts:11:5 ΓÇ║ Authentication Integrity ΓÇ║ public access ΓÇ║ should allow public access to venue-guide without loop (5.5s)
[WebServer] [API] [2026-02-04T22:40:50.224Z] GET /api/integrations/xero/status {
[WebServer] [API]   correlationId: '7c886603-d2df-4608-84ba-b574f89be100',
[WebServer] [API]   hasBody: true,
[WebServer] [API]   bodyKeys: [],
[WebServer] [API]   hasAuth: true,
[WebServer] [API]   authHeaderPrefix: 'Bearer mock-test-token...',
[WebServer] [API]   contentType: undefined
[WebServer] [API] }
[WebServer] [API] [WebServer] [2026-02-04T22:40:50.228Z] GET /api/integrations/xero/sync-history {
[WebServer] [API]   correlationId: '8bc4853c-bd9d-4d88-8d82-99c46f0cf393',
[WebServer] [API]   hasBody: true,
[WebServer] [API]   bodyKeys: [],
[WebServer] [API]   hasAuth: true,
[WebServer] [API]   authHeaderPrefix: 'Bearer mock-test-token...',
[WebServer] [API]   contentType: undefined
[WebServer] [API] }
[WebServer] [API] [2026-02-04T22:40:50.231Z] GET /api/venues/me {
[WebServer] [API]   correlationId: '9b92e79b-19fe-4b0b-898a-8548605aa1f9',
[WebServer] [API]   hasBody: true,
[WebServer] [API]   bodyKeys: [],
[WebServer] [API]   hasAuth: true,
[WebServer] [API]   authHeaderPrefix: 'Bearer mock-test-token...',
[WebServer] [API]   contentType: undefined
[WebServer] [API] }
[WebServer] [API] [2026-02-04T22:40:50.235Z] GET /api/stripe-connect/account/status {
[WebServer] [API]   correlationId: '615b3569-3e62-474d-998a-ef9487031936',
[WebServer] [API]   hasBody: true,
[WebServer] [API]   bodyKeys: [],
[WebServer] [API]   hasAuth: true,
[WebServer] [API]   authHeaderPrefix: 'Bearer mock-test-token...',
[WebServer] [API]   contentType: undefined
[WebServer] [API] }
[WebServer] [API] [2026-02-04T22:40:50.239Z] GET /api/shifts/shop/venue-manager-001 {
[WebServer] [API]   correlationId: 'f219e086-47d9-47ab-b976-4a29af8113bb',
[WebServer] [API]   hasBody: true,
[WebServer] [API]   bodyKeys: [],
[WebServer] [API]   hasAuth: true,
[WebServer] [API]   authHeaderPrefix: 'Bearer mock-test-token...',
[WebServer] [API]   contentType: undefined
[WebServer] [API] }
[WebServer] [API] [2026-02-04T22:40:50.241Z] GET /api/analytics/dashboard {
[WebServer] [API]   correlationId: '2e7fdb95-27a0-400f-bdf9-9a3f21cc9be1',
[WebServer] [API]   hasBody: true,
[WebServer] [API]   bodyKeys: [],
[WebServer] [API]   hasAuth: true,
[WebServer] [API]   authHeaderPrefix: 'Bearer mock-test-token...',
[WebServer] [API]   contentType: undefined
[WebServer] [API] }
[WebServer] [API] [2026-02-04T22:40:50.413Z] GET /api/subscriptions/current {
[WebServer] [API]   correlationId: 'a61cfc4d-ef66-41e7-8aa8-b4bc06ea3550',
[WebServer] [API]   hasBody: true,
[WebServer] [API]   bodyKeys: [],
[WebServer] [API]   hasAuth: true,
[WebServer] [API]   authHeaderPrefix: 'Bearer mock-test-token...',
[WebServer] [API]   contentType: undefined
[WebServer] [API] }
[WebServer] [API] [AUTH DEBUG] authenticateUser GET path=/api/subscriptions/current hasAuth=true
[WebServer] [API] [AUTH] authenticateUser called for GET /api/subscriptions/current { hasAuthHeader: true, authHeaderPrefix: 'Bearer mock-test-tok' }
[WebServer] [API] [2026-02-04T22:40:50.416Z] GET /api/shifts/messages/unread-count {
[WebServer] [API]   correlationId: '6b90c65f-f9f7-4666-ae8f-efba4b0571ae',
[WebServer] [API]   hasBody: true,
[WebServer] [API]   bodyKeys: [],
[WebServer] [API]   hasAuth: true,
[WebServer] [API]   authHeaderPrefix: 'Bearer mock-test-token...',
[WebServer] [API]   contentType: undefined
[WebServer] [API] }
  ok 279 [Mobile Chrome] ΓÇ║ tests\e2e\investor-portal.spec.ts:457:5 ΓÇ║ Investor Portal E2E Tests ΓÇ║ Authenticated Persistence (Neutral Zone) ΓÇ║ Authenticated user can navigate all portal sections without redirect (6.5s)
[WebServer] [API] [2026-02-04T22:40:51.666Z] POST /api/shifts/drafts {
[WebServer] [API]   correlationId: 'd5743e76-d9b9-4300-a401-900a96d438a1',
[WebServer] [API]   hasBody: true,
[WebServer] [API]   bodyKeys: [ 'draftData' ],
[WebServer] [API]   hasAuth: true,
[WebServer] [API]   authHeaderPrefix: 'Bearer mock-test-token...',
[WebServer] [API]   contentType: 'application/json'
[WebServer] [API] }
[WebServer] [API] [2026-02-04T22:40:53.098Z] GET /api/notifications {
[WebServer] [API]   correlationId: '527e404e-8357-42b2-a225-fa6b386fbe3a',
[WebServer] [API]   hasBody: true,
[WebServer] [API]   bodyKeys: [],
[WebServer] [API]   hasAuth: true,
[WebServer] [API]   authHeaderPrefix: 'Bearer mock-test-token...',
[WebServer] [API]   contentType: undefined
[WebServer] [API] }
[WebServer] [API] [2026-02-04T22:40:53.107Z] GET /api/conversations/unread-count {
[WebServer] [API]   correlationId: '05370b08-2acb-42df-8728-e695d3ff391e',
[WebServer] [API]   hasBody: true,
[WebServer] [API]   bodyKeys: [],
[WebServer] [API]   hasAuth: true,
[WebServer] [API]   authHeaderPrefix: 'Bearer mock-test-token...',
[WebServer] [API]   contentType: undefined
[WebServer] [API] }
[WebServer] [API] [AUTH DEBUG] authenticateUser GET path=/api/conversations/unread-count hasAuth=true
[WebServer] [API] [AUTH] authenticateUser called for GET /api/conversations/unread-count { hasAuthHeader: true, authHeaderPrefix: 'Bearer mock-test-tok' }
[WebServer] [API] [2026-02-04T22:40:53.438Z] GET /api/integrations/xero/status {
[WebServer] [API]   correlationId: '94a06823-2362-466f-b64c-519748bbfa5b',
[WebServer] [API]   hasBody: true,
[WebServer] [API]   bodyKeys: [],
[WebServer] [API]   hasAuth: true,
[WebServer] [API]   authHeaderPrefix: 'Bearer mock-test-token...',
[WebServer] [API]   contentType: undefined
[WebServer] [API] }
[WebServer] [API] [2026-02-04T22:40:53.450Z] GET /api/integrations/xero/sync-history {
[WebServer] [API]   correlationId: '8331f6d2-0f38-4a5d-acfa-0a38ff18d526',
[WebServer] [API]   hasBody: true,
[WebServer] [API]   bodyKeys: [],
[WebServer] [API]   hasAuth: true,
[WebServer] [API]   authHeaderPrefix: 'Bearer mock-test-token...',
[WebServer] [API]   contentType: undefined
[WebServer] [API] }
[WebServer] [API] [2026-02-04T22:40:53.454Z] GET /api/venues/me {
[WebServer] [API]   correlationId: '26f8bd92-6d25-4af9-81db-e195478f2048',
[WebServer] [API]   hasBody: true,
[WebServer] [API]   bodyKeys: [],
[WebServer] [API]   hasAuth: true,
[WebServer] [API]   authHeaderPrefix: 'Bearer mock-test-token...',
[WebServer] [API]   contentType: undefined
[WebServer] [API] }
[WebServer] [API] [2026-02-04T22:40:53.458Z] GET /api/stripe-connect/account/status {
[WebServer] [API]   correlationId: '6efa9099-e958-45b7-a416-4b13fb166143',
[WebServer] [API]   hasBody: true,
[WebServer] [API]   bodyKeys: [],
[WebServer] [API]   hasAuth: true,
[WebServer] [API]   authHeaderPrefix: 'Bearer mock-test-token...',
[WebServer] [API]   contentType: undefined
[WebServer] [API] }
[WebServer] [API] [2026-02-04T22:40:53.465Z] GET /api/shifts/shop/8eaee523-79a2-4077-8f5b-4b7fd4058ede {
[WebServer] [API]   correlationId: 'a24bb5b3-ae4d-418c-bd05-f08df40477e0',
[WebServer] [API]   hasBody: true,
[WebServer] [API]   bodyKeys: [],
[WebServer] [API]   hasAuth: true,
[WebServer] [API]   authHeaderPrefix: 'Bearer mock-test-token...',
[WebServer] [API]   contentType: undefined
[WebServer] [API] }
[WebServer] [API] [2026-02-04T22:40:53.474Z] GET /api/analytics/dashboard {
[WebServer] [API]   correlationId: '770f91eb-03ec-4441-bf3e-a20636c3c9d0',
[WebServer] [API]   hasBody: true,
[WebServer] [API]   bodyKeys: [],
[WebServer] [API]   hasAuth: true,
[WebServer] [API]   authHeaderPrefix: 'Bearer mock-test-token...',
[WebServer] [API]   contentType: undefined
[WebServer] [API] }
[WebServer] [API] [GET /shop/:userId] Batch fetched application counts for 0 shifts and 0 jobs {
[WebServer] [API]   correlationId: 'a24bb5b3-ae4d-418c-bd05-f08df40477e0',
[WebServer] [API]   userId: '8eaee523-79a2-4077-8f5b-4b7fd4058ede',
[WebServer] [API]   totalCounts: 0
[WebServer] [API] }
[WebServer] [API] [2026-02-04T22:40:53.564Z] GET /api/subscriptions/current {
[WebServer] [API]   correlationId: '2278d34b-1f6c-4d03-af5a-37c66348a4b7',
[WebServer] [API]   hasBody: true,
[WebServer] [API]   bodyKeys: [],
[WebServer] [API]   hasAuth: true,
[WebServer] [API]   authHeaderPrefix: 'Bearer mock-test-token...',
[WebServer] [API]   contentType: undefined
[WebServer] [API] }
[WebServer] [API] [AUTH DEBUG] authenticateUser GET path=/api/subscriptions/current hasAuth=true
[WebServer] [API] [AUTH] authenticateUser called for GET /api/subscriptions/current { hasAuthHeader: true, authHeaderPrefix: 'Bearer mock-test-tok' }
[WebServer] [API] [2026-02-04T22:40:53.567Z] GET /api/shifts/messages/unread-count {
[WebServer] [API]   correlationId: 'b1e9ef01-d086-48ca-8caa-4066b635a463',
[WebServer] [API]   hasBody: true,
[WebServer] [API]   bodyKeys: [],
[WebServer] [API]   hasAuth: true,
[WebServer] [API]   authHeaderPrefix: 'Bearer mock-test-token...',
[WebServer] [API]   contentType: undefined
[WebServer] [API] }
  ok 281 [Mobile Chrome] ΓÇ║ tests\e2e\landing-layout.spec.ts:341:5 ΓÇ║ Landing Page Layout Regression Tests ΓÇ║ Theme (Dark Mode Lock) ΓÇ║ should force dark mode on landing page (6.4s)
[WebServer] [API] [2026-02-04T22:40:55.122Z] GET /api/notifications {
[WebServer] [API]   correlationId: '62e7cd37-3b84-4e2e-9fc7-edf20efca735',
[WebServer] [API]   hasBody: true,
[WebServer] [API]   bodyKeys: [],
[WebServer] [API]   hasAuth: true,
[WebServer] [API]   authHeaderPrefix: 'Bearer mock-test-token...',
[WebServer] [API]   contentType: undefined
[WebServer] [API] }
[WebServer] [API] [2026-02-04T22:40:55.128Z] GET /api/conversations/unread-count {
[WebServer] [API]   correlationId: 'f9b29125-46bc-436f-8988-743d6d25d319',
[WebServer] [API]   hasBody: true,
[WebServer] [API]   bodyKeys: [],
[WebServer] [API]   hasAuth: true,
[WebServer] [API]   authHeaderPrefix: 'Bearer mock-test-token...',
[WebServer] [API]   contentType: undefined
[WebServer] [API] }
[WebServer] [API] [AUTH DEBUG] authenticateUser GET path=/api/conversations/unread-count hasAuth=true
[WebServer] [API] [AUTH] authenticateUser called for GET /api/conversations/unread-count { hasAuthHeader: true, authHeaderPrefix: 'Bearer mock-test-tok' }
(node:20804) Warning: The 'NO_COLOR' env is ignored due to the 'FORCE_COLOR' env being set.
(Use `node --trace-warnings ...` to show where the warning was created)
  ok 280 [Mobile Chrome] ΓÇ║ tests\e2e\reputation_system.spec.ts:605:5 ΓÇ║ Reputation System - Automated Strike System E2E Tests ΓÇ║ Strike System Verification ΓÇ║ should verify No-Show adds exactly 2 strikes (8.0s)
[WebServer] [API] [2026-02-04T22:40:55.574Z] GET /api/integrations/xero/status {
[WebServer] [API]   correlationId: '0a9bba53-d3bc-4825-9195-ff643d87d5ca',
[WebServer] [API]   hasBody: true,
[WebServer] [API]   bodyKeys: [],
[WebServer] [API]   hasAuth: true,
[WebServer] [API]   authHeaderPrefix: 'Bearer mock-test-token...',
[WebServer] [API]   contentType: undefined
[WebServer] [API] }
[WebServer] [API] [2026-02-04T22:40:55.580Z] GET /api/integrations/xero/sync-history {
[WebServer] [API]   correlationId: '820e03e9-a293-4610-9eaa-0525749fefd9',
[WebServer] [API]   hasBody: true,
[WebServer] [API]   bodyKeys: [],
[WebServer] [API]   hasAuth: true,
[WebServer] [API]   authHeaderPrefix: 'Bearer mock-test-token...',
[WebServer] [API]   contentType: undefined
[WebServer] [API] }
[WebServer] [API] [2026-02-04T22:40:55.584Z] GET /api/venues/me {
[WebServer] [API]   correlationId: '7c395148-e97a-4ea0-978e-feb91f9c5fac',
[WebServer] [API]   hasBody: true,
[WebServer] [API]   bodyKeys: [],
[WebServer] [API]   hasAuth: true,
[WebServer] [API]   authHeaderPrefix: 'Bearer mock-test-token...',
[WebServer] [API]   contentType: undefined
[WebServer] [API] }
[WebServer] [API] [WebServer] [2026-02-04T22:40:55.593Z] GET /api/stripe-connect/account/status {
[WebServer] [API]   correlationId: 'edb40db5-9447-41fd-932f-ee3adbf5790c',
[WebServer] [API]   hasBody: true,
[WebServer] [API]   bodyKeys: [],
[WebServer] [API]   hasAuth: true,
[WebServer] [API]   authHeaderPrefix: 'Bearer mock-test-token...',
[WebServer] [API]   contentType: undefined
[WebServer] [API] }
[WebServer] [API] [2026-02-04T22:40:55.601Z] GET /api/shifts/shop/e2e-onboarding-flow-uid {
[WebServer] [API]   correlationId: 'a7014159-c38b-485e-9f07-81e0da4d6679',
[WebServer] [API]   hasBody: true,
[WebServer] [API]   bodyKeys: [],
[WebServer] [API]   hasAuth: true,
[WebServer] [API]   authHeaderPrefix: 'Bearer mock-test-token...',
[WebServer] [API]   contentType: undefined
[WebServer] [API] }
[WebServer] [API] [2026-02-04T22:40:55.603Z] GET /api/analytics/dashboard {
[WebServer] [API]   correlationId: '09f37199-47e4-48c9-a838-6bff2b73a051',
[WebServer] [API]   hasBody: true,
[WebServer] [API]   bodyKeys: [],
[WebServer] [API]   hasAuth: true,
[WebServer] [API]   authHeaderPrefix: 'Bearer mock-test-token...',
[WebServer] [API]   contentType: undefined
[WebServer] [API] }
[WebServer] [API] [2026-02-04T22:40:55.679Z] GET /api/subscriptions/current {
[WebServer] [API]   correlationId: '455725a8-e295-46dc-9a85-b0e36bfc0402',
[WebServer] [API]   hasBody: true,
[WebServer] [API]   bodyKeys: [],
[WebServer] [API]   hasAuth: true,
[WebServer] [API]   authHeaderPrefix: 'Bearer mock-test-token...',
[WebServer] [API]   contentType: undefined
[WebServer] [API] }
[WebServer] [API] [AUTH DEBUG] authenticateUser GET path=/api/subscriptions/current hasAuth=true
[WebServer] [API] [AUTH] authenticateUser called for GET /api/subscriptions/current { hasAuthHeader: true, authHeaderPrefix: 'Bearer mock-test-tok' }
[WebServer] [API] [2026-02-04T22:40:55.683Z] GET /api/shifts/messages/unread-count {
[WebServer] [API]   correlationId: '9626c374-46dd-49bc-9e99-8e7a412bde7c',
[WebServer] [API]   hasBody: true,
[WebServer] [API]   bodyKeys: [],
[WebServer] [API]   hasAuth: true,
[WebServer] [API]   authHeaderPrefix: 'Bearer mock-test-token...',
[WebServer] [API]   contentType: undefined
[WebServer] [API] }
[WebServer] [API] [WebServer] [2026-02-04T22:40:56.020Z] GET /api/integrations/xero/status {
[WebServer] [API]   correlationId: '5fc6eebc-35d6-405c-a8a6-b843629a7ac7',
[WebServer] [API]   hasBody: true,
[WebServer] [API]   bodyKeys: [],
[WebServer] [API]   hasAuth: true,
[WebServer] [API]   authHeaderPrefix: 'Bearer mock-test-token...',
[WebServer] [API]   contentType: undefined
[WebServer] [API] }
[WebServer] [API] [2026-02-04T22:40:56.023Z] GET /api/integrations/xero/sync-history {
[WebServer] [API]   correlationId: 'f57f18a1-fa50-44e7-884c-6355eea6c47e',
[WebServer] [API]   hasBody: true,
[WebServer] [API]   bodyKeys: [],
[WebServer] [API]   hasAuth: true,
[WebServer] [API]   authHeaderPrefix: 'Bearer mock-test-token...',
[WebServer] [API]   contentType: undefined
[WebServer] [API] }
  ok 283 [Mobile Safari] ΓÇ║ tests\e2e\auth-integrity.spec.ts:18:3 ΓÇ║ Authentication Integrity ΓÇ║ should persist shift drafts across sessions (7.7s)
  ok 278 [Mobile Safari] ΓÇ║ tests\dashboard.spec.ts:27:3 ΓÇ║ Venue Dashboard ΓÇ║ Venue Dashboard loads for authenticated manager (13.6s)
(node:20804) Warning: The 'NO_COLOR' env is ignored due to the 'FORCE_COLOR' env being set.
(Use `node --trace-warnings ...` to show where the warning was created)
  ok 282 [Mobile Safari] ΓÇ║ tests\e2e\auth.spec.ts:41:5 ΓÇ║ Authentication Tests ΓÇ║ Google OAuth Redirection ΓÇ║ should redirect to Google OAuth with correct Firebase redirect_uri (9.4s)
  ok 172 [Mobile Chrome] ΓÇ║ tests\e2e\onboarding-flow.spec.ts:21:3 ΓÇ║ HospoGo Onboarding Flow (full user journey) ΓÇ║ full journey: mock signup ΓåÆ Venue selection ΓåÆ no loop ΓåÆ state check ΓåÆ Stripe URL ΓåÆ dashboard access (1.1m)
(node:32624) Warning: The 'NO_COLOR' env is ignored due to the 'FORCE_COLOR' env being set.
(Use `node --trace-warnings ...` to show where the warning was created)
  ok 284 [Mobile Chrome] ΓÇ║ tests\e2e\investor-portal.spec.ts:493:5 ΓÇ║ Investor Portal E2E Tests ΓÇ║ Authenticated Persistence (Neutral Zone) ΓÇ║ Direct navigation from dashboard to investor portal works (9.2s)
[WebServer] [API] [2026-02-04T22:41:01.178Z] GET /api/notifications {
[WebServer] [API]   correlationId: 'b3eada5a-2845-4e65-9690-200151ea96cb',
[WebServer] [API]   hasBody: true,
[WebServer] [API]   bodyKeys: [],
[WebServer] [API]   hasAuth: true,
[WebServer] [API]   authHeaderPrefix: 'Bearer mock-test-token...',
[WebServer] [API]   contentType: undefined
[WebServer] [API] }
[WebServer] [API] [2026-02-04T22:41:01.182Z] GET /api/conversations/unread-count {
[WebServer] [API]   correlationId: '2e41c0c7-0532-47ef-b7fa-262835710597',
[WebServer] [API]   hasBody: true,
[WebServer] [API]   bodyKeys: [],
[WebServer] [API]   hasAuth: true,
[WebServer] [API]   authHeaderPrefix: 'Bearer mock-test-token...',
[WebServer] [API]   contentType: undefined
[WebServer] [API] }
[WebServer] [API] [AUTH DEBUG] authenticateUser GET path=/api/conversations/unread-count hasAuth=true
[WebServer] [API] [AUTH] authenticateUser called for GET /api/conversations/unread-count { hasAuthHeader: true, authHeaderPrefix: 'Bearer mock-test-tok' }
[WebServer] [API] [WebServer] [2026-02-04T22:41:01.547Z] GET /api/notifications {
[WebServer] [API]   correlationId: '4c8c465a-6fcb-401c-bafe-7217edec5b35',
[WebServer] [API]   hasBody: true,
[WebServer] [API]   bodyKeys: [],
[WebServer] [API]   hasAuth: true,
[WebServer] [API]   authHeaderPrefix: 'Bearer mock-test-token...',
[WebServer] [API]   contentType: undefined
[WebServer] [API] }
[WebServer] [API] [2026-02-04T22:41:01.551Z] GET /api/conversations/unread-count {
[WebServer] [API]   correlationId: '30c8612f-c012-425e-8abc-250da351047b',
[WebServer] [API]   hasBody: true,
[WebServer] [API]   bodyKeys: [],
[WebServer] [API]   hasAuth: true,
[WebServer] [API]   authHeaderPrefix: 'Bearer mock-test-token...',
[WebServer] [API]   contentType: undefined
[WebServer] [API] }
[WebServer] [API] [AUTH] authenticateUser called for GET /api/conversations/unread-count { hasAuthHeader: true, authHeaderPrefix: 'Bearer mock-test-tok' }
[WebServer] [API] [AUTH DEBUG] authenticateUser GET path=/api/conversations/unread-count hasAuth=true
(node:32624) Warning: The 'NO_COLOR' env is ignored due to the 'FORCE_COLOR' env being set.
(Use `node --trace-warnings ...` to show where the warning was created)
  ok 285 [Mobile Chrome] ΓÇ║ tests\e2e\reputation_system.spec.ts:667:5 ΓÇ║ Reputation System - Automated Strike System E2E Tests ΓÇ║ Strike System Verification ΓÇ║ should verify 48-hour suspension period (7.2s)
(node:29044) Warning: The 'NO_COLOR' env is ignored due to the 'FORCE_COLOR' env being set.
(Use `node --trace-warnings ...` to show where the warning was created)
[WebServer] [API] [2026-02-04T22:41:03.339Z] GET /api/integrations/xero/status {
[WebServer] [API]   correlationId: '049cb4e0-11cd-4a82-b4d8-26eb60abe641',
[WebServer] [API]   hasBody: true,
[WebServer] [API]   bodyKeys: [],
[WebServer] [API]   hasAuth: true,
[WebServer] [API]   authHeaderPrefix: 'Bearer mock-test-token...',
[WebServer] [API]   contentType: undefined
[WebServer] [API] }
[WebServer] [API] [2026-02-04T22:41:03.349Z] GET /api/shifts/shop/venue-manager-001 {
[WebServer] [API]   correlationId: 'be6a9d1c-494b-48c4-942f-efa3b8da98db',
[WebServer] [API]   hasBody: true,
[WebServer] [API]   bodyKeys: [],
[WebServer] [API]   hasAuth: true,
[WebServer] [API]   authHeaderPrefix: 'Bearer mock-test-token...',
[WebServer] [API]   contentType: undefined
[WebServer] [API] }
[WebServer] [API] [2026-02-04T22:41:03.551Z] GET /api/integrations/xero/sync-history {
[WebServer] [API]   correlationId: '28a4554a-eef4-42a9-b4fa-4162e895d983',
[WebServer] [API]   hasBody: true,
[WebServer] [API]   bodyKeys: [],
[WebServer] [API]   hasAuth: true,
[WebServer] [API]   authHeaderPrefix: 'Bearer mock-test-token...',
[WebServer] [API]   contentType: undefined
[WebServer] [API] }
[WebServer] [API] [2026-02-04T22:41:03.554Z] GET /api/venues/me {
[WebServer] [API]   correlationId: '5b576a05-cbb9-4ad6-85f4-ea6582a50384',
[WebServer] [API]   hasBody: true,
[WebServer] [API]   bodyKeys: [],
[WebServer] [API]   hasAuth: true,
[WebServer] [API]   authHeaderPrefix: 'Bearer mock-test-token...',
[WebServer] [API]   contentType: undefined
[WebServer] [API] }
[WebServer] [API] [2026-02-04T22:41:03.559Z] GET /api/stripe-connect/account/status {
[WebServer] [API]   correlationId: 'c7ce67bb-a0ed-46f2-be93-d6d58a2ef1b9',
[WebServer] [API]   hasBody: true,
[WebServer] [API]   bodyKeys: [],
[WebServer] [API]   hasAuth: true,
[WebServer] [API]   authHeaderPrefix: 'Bearer mock-test-token...',
[WebServer] [API]   contentType: undefined
[WebServer] [API] }
[WebServer] [API] [2026-02-04T22:41:03.569Z] GET /api/analytics/dashboard {
[WebServer] [API]   correlationId: '8a67aaf3-1c16-4939-99f5-f4f7aa15d24c',
[WebServer] [API]   hasBody: true,
[WebServer] [API]   bodyKeys: [],
[WebServer] [API]   hasAuth: true,
[WebServer] [API]   authHeaderPrefix: 'Bearer mock-test-token...',
[WebServer] [API]   contentType: undefined
[WebServer] [API] }
[WebServer] [API] [2026-02-04T22:41:03.667Z] POST /api/shifts/smart-fill {
[WebServer] [API]   correlationId: '77a090ed-9976-4d5c-99dd-3ebf4a9793e8',
[WebServer] [API]   hasBody: true,
[WebServer] [API]   bodyKeys: [ 'venueId', 'preferences' ],
[WebServer] [API]   hasAuth: true,
[WebServer] [API]   authHeaderPrefix: 'Bearer mock-test-token...',
[WebServer] [API]   contentType: 'application/json'
[WebServer] [API] }
[WebServer] [API] [2026-02-04T22:41:03.735Z] GET /api/subscriptions/current {
[WebServer] [API]   correlationId: '6198b6f4-3c55-4530-9aa6-861ac3770b1f',
[WebServer] [API]   hasBody: true,
[WebServer] [API]   bodyKeys: [],
[WebServer] [API]   hasAuth: true,
[WebServer] [API]   authHeaderPrefix: 'Bearer mock-test-token...',
[WebServer] [API]   contentType: undefined
[WebServer] [API] }
[WebServer] [API] [AUTH] authenticateUser called for GET /api/subscriptions/current { hasAuthHeader: true, authHeaderPrefix: 'Bearer mock-test-tok' }
[WebServer] [API] [AUTH DEBUG] authenticateUser GET path=/api/subscriptions/current hasAuth=true
[WebServer] [API] [2026-02-04T22:41:03.740Z] GET /api/shifts/messages/unread-count {
[WebServer] [API]   correlationId: 'f63cd4d7-a96d-41c0-996a-994c08f4c5db',
[WebServer] [API]   hasBody: true,
[WebServer] [API]   bodyKeys: [],
[WebServer] [API]   hasAuth: true,
[WebServer] [API]   authHeaderPrefix: 'Bearer mock-test-token...',
[WebServer] [API]   contentType: undefined
[WebServer] [API] }
[WebServer] [API] [2026-02-04T22:41:03.929Z] GET /api/integrations/xero/status {
[WebServer] [API]   correlationId: 'ed5f9604-ac7e-48c2-bc43-2327e8f66a44',
[WebServer] [API]   hasBody: true,
[WebServer] [API]   bodyKeys: [],
[WebServer] [API]   hasAuth: true,
[WebServer] [API]   authHeaderPrefix: 'Bearer mock-test-token...',
[WebServer] [API]   contentType: undefined
[WebServer] [API] }
[WebServer] [API] [2026-02-04T22:41:03.935Z] GET /api/integrations/xero/sync-history {
[WebServer] [API]   correlationId: '7908bf72-f56c-4f4b-80bf-8a0949fcdea9',
[WebServer] [API]   hasBody: true,
[WebServer] [API]   bodyKeys: [],
[WebServer] [API]   hasAuth: true,
[WebServer] [API]   authHeaderPrefix: 'Bearer mock-test-token...',
[WebServer] [API]   contentType: undefined
[WebServer] [API] }
  ok 288 [Mobile Safari] ΓÇ║ tests\e2e\booking-flow.spec.ts:31:3 ΓÇ║ Booking Flow: Venue to Professional Application to Approval ΓÇ║ Complete booking workflow from Smart Fill to Application Approval (6.3s)
(node:29044) Warning: The 'NO_COLOR' env is ignored due to the 'FORCE_COLOR' env being set.
(Use `node --trace-warnings ...` to show where the warning was created)
  ok 273 [Mobile Chrome] ΓÇ║ tests\e2e\onboarding.spec.ts:408:5 ΓÇ║ Onboarding Flow E2E Tests ΓÇ║ Role Selector Flow ΓÇ║ should select Venue role and trigger $149 Business Plan logic (25.1s)
  -  293 [Mobile Chrome] ΓÇ║ tests\e2e\onboarding.spec.ts:516:10 ΓÇ║ Onboarding Flow E2E Tests ΓÇ║ Onboarding Crash Fix ΓÇ║ should not crash when clicking Next on first onboarding screen
  ok 289 [Mobile Safari] ΓÇ║ tests\e2e\auth.spec.ts:108:5 ΓÇ║ Authentication Tests ΓÇ║ Google OAuth Redirection ΓÇ║ should display Google auth button on login page (7.1s)
[WebServer] [API] [2026-02-04T22:41:06.642Z] GET /api/notifications {
[WebServer] [API]   correlationId: '70ed5f90-db8b-447e-995a-d176cc13c4e4',
[WebServer] [API]   hasBody: true,
[WebServer] [API]   bodyKeys: [],
[WebServer] [API]   hasAuth: true,
[WebServer] [API]   authHeaderPrefix: 'Bearer mock-test-token...',
[WebServer] [API]   contentType: undefined
[WebServer] [API] }
[WebServer] [API] [2026-02-04T22:41:06.645Z] GET /api/conversations/unread-count {
[WebServer] [API]   correlationId: '4f2c5ad0-973a-4c49-8eea-12cb735e5688',
[WebServer] [API]   hasBody: true,
[WebServer] [API]   bodyKeys: [],
[WebServer] [API]   hasAuth: true,
[WebServer] [API]   authHeaderPrefix: 'Bearer mock-test-token...',
[WebServer] [API]   contentType: undefined
[WebServer] [API] }
[WebServer] [API] [AUTH DEBUG] authenticateUser GET path=/api/conversations/unread-count hasAuth=true
[WebServer] [API] [AUTH] authenticateUser called for GET /api/conversations/unread-count { hasAuthHeader: true, authHeaderPrefix: 'Bearer mock-test-tok' }
[WebServer] [API] [2026-02-04T22:41:07.981Z] GET /api/integrations/xero/status {
[WebServer] [API]   correlationId: '78822c41-4d9e-4d88-840f-26d74d4b20fe',
[WebServer] [API]   hasBody: true,
[WebServer] [API]   bodyKeys: [],
[WebServer] [API]   hasAuth: true,
[WebServer] [API]   authHeaderPrefix: 'Bearer mock-test-token...',
[WebServer] [API]   contentType: undefined
[WebServer] [API] }
[WebServer] [API] [2026-02-04T22:41:07.984Z] GET /api/integrations/xero/sync-history {
[WebServer] [API]   correlationId: 'd8e3bca7-09c3-484d-8c69-88c8db304ada',
[WebServer] [API]   hasBody: true,
[WebServer] [API]   bodyKeys: [],
[WebServer] [API]   hasAuth: true,
[WebServer] [API]   authHeaderPrefix: 'Bearer mock-test-token...',
[WebServer] [API]   contentType: undefined
[WebServer] [API] }
[WebServer] [API] [2026-02-04T22:41:07.987Z] GET /api/venues/me {
[WebServer] [API]   correlationId: 'ac519d4f-4769-4cef-9f46-8c14314cef37',
[WebServer] [API]   hasBody: true,
[WebServer] [API]   bodyKeys: [],
[WebServer] [API]   hasAuth: true,
[WebServer] [API]   authHeaderPrefix: 'Bearer mock-test-token...',
[WebServer] [API]   contentType: undefined
[WebServer] [API] }
[WebServer] [API] [2026-02-04T22:41:07.991Z] GET /api/stripe-connect/account/status {
[WebServer] [API]   correlationId: 'f9acf0d7-e05e-48f9-824d-94a8fe0e5bdf',
[WebServer] [API]   hasBody: true,
[WebServer] [API]   bodyKeys: [],
[WebServer] [API]   hasAuth: true,
[WebServer] [API]   authHeaderPrefix: 'Bearer mock-test-token...',
[WebServer] [API]   contentType: undefined
[WebServer] [API] }
[WebServer] [API] [2026-02-04T22:41:07.996Z] GET /api/shifts/shop/venue-manager-001 {
[WebServer] [API]   correlationId: '65c03c3d-183d-4146-8349-cc240d58300a',
[WebServer] [API]   hasBody: true,
[WebServer] [API]   bodyKeys: [],
[WebServer] [API]   hasAuth: true,
[WebServer] [API]   authHeaderPrefix: 'Bearer mock-test-token...',
[WebServer] [API]   contentType: undefined
[WebServer] [API] }
[WebServer] [API] [2026-02-04T22:41:07.997Z] GET /api/analytics/dashboard {
[WebServer] [API]   correlationId: '7b42f4ec-df69-4407-b450-a8540f2b45bc',
[WebServer] [API]   hasBody: true,
[WebServer] [API]   bodyKeys: [],
[WebServer] [API]   hasAuth: true,
[WebServer] [API]   authHeaderPrefix: 'Bearer mock-test-token...',
[WebServer] [API]   contentType: undefined
[WebServer] [API] }
[WebServer] [API] [2026-02-04T22:41:08.136Z] GET /api/subscriptions/current {
[WebServer] [API]   correlationId: '809b8ef7-1694-4b8a-b14b-73a409b60626',
[WebServer] [API]   hasBody: true,
[WebServer] [API]   bodyKeys: [],
[WebServer] [API]   hasAuth: true,
[WebServer] [API]   authHeaderPrefix: 'Bearer mock-test-token...',
[WebServer] [API]   contentType: undefined
[WebServer] [API] }
[WebServer] [API] [AUTH DEBUG] authenticateUser GET path=/api/subscriptions/current hasAuth=true
[WebServer] [API] [AUTH] authenticateUser called for GET /api/subscriptions/current { hasAuthHeader: true, authHeaderPrefix: 'Bearer mock-test-tok' }
[WebServer] [API] [2026-02-04T22:41:08.141Z] GET /api/shifts/messages/unread-count {
[WebServer] [API]   correlationId: '62ad3b99-2806-4d72-a68b-e730ea5335ce',
[WebServer] [API]   hasBody: true,
[WebServer] [API]   bodyKeys: [],
[WebServer] [API]   hasAuth: true,
[WebServer] [API]   authHeaderPrefix: 'Bearer mock-test-token...',
[WebServer] [API]   contentType: undefined
[WebServer] [API] }
[WebServer] [API] [2026-02-04T22:41:09.521Z] GET /api/notifications {
[WebServer] [API]   correlationId: '243a6b38-921b-46e2-b114-be45b5de0fd4',
[WebServer] [API]   hasBody: true,
[WebServer] [API]   bodyKeys: [],
[WebServer] [API]   hasAuth: true,
[WebServer] [API]   authHeaderPrefix: 'Bearer mock-test-token...',
[WebServer] [API]   contentType: undefined
[WebServer] [API] }
[WebServer] [API] [2026-02-04T22:41:09.525Z] GET /api/conversations/unread-count {
[WebServer] [API]   correlationId: '9af1047c-49e9-4242-b37d-9ddbd7c82853',
[WebServer] [API]   hasBody: true,
[WebServer] [API]   bodyKeys: [],
[WebServer] [API]   hasAuth: true,
[WebServer] [API]   authHeaderPrefix: 'Bearer mock-test-token...',
[WebServer] [API]   contentType: undefined
[WebServer] [API] }
[WebServer] [API] [AUTH DEBUG] authenticateUser GET path=/api/conversations/unread-count hasAuth=true
[WebServer] [API] [AUTH] authenticateUser called for GET /api/conversations/unread-count { hasAuthHeader: true, authHeaderPrefix: 'Bearer mock-test-tok' }
[WebServer] [API] [2026-02-04T22:41:09.784Z] GET /api/integrations/xero/status {
[WebServer] [API]   correlationId: 'd80aeed8-d3f9-4bda-9492-3e8f9578ed29',
[WebServer] [API]   hasBody: true,
[WebServer] [API]   bodyKeys: [],
[WebServer] [API]   hasAuth: true,
[WebServer] [API]   authHeaderPrefix: 'Bearer mock-test-token...',
[WebServer] [API]   contentType: undefined
[WebServer] [API] }
[WebServer] [API] [2026-02-04T22:41:09.789Z] GET /api/integrations/xero/sync-history {
[WebServer] [API]   correlationId: '9556346d-5515-4ade-bbd1-df2581d38ff5',
[WebServer] [API]   hasBody: true,
[WebServer] [API]   bodyKeys: [],
[WebServer] [API]   hasAuth: true,
[WebServer] [API]   authHeaderPrefix: 'Bearer mock-test-token...',
[WebServer] [API]   contentType: undefined
[WebServer] [API] }
[WebServer] [API] [2026-02-04T22:41:09.792Z] GET /api/venues/me {
[WebServer] [API]   correlationId: '9e07669d-af85-4aa2-8006-008eaaa65b38',
[WebServer] [API]   hasBody: true,
[WebServer] [API]   bodyKeys: [],
[WebServer] [API]   hasAuth: true,
[WebServer] [API]   authHeaderPrefix: 'Bearer mock-test-token...',
[WebServer] [API]   contentType: undefined
[WebServer] [API] }
[WebServer] [API] [2026-02-04T22:41:09.853Z] GET /api/stripe-connect/account/status {
[WebServer] [API]   correlationId: '8a256619-5557-41ce-a7a2-2a866cc4d4a3',
[WebServer] [API]   hasBody: true,
[WebServer] [API]   bodyKeys: [],
[WebServer] [API]   hasAuth: true,
[WebServer] [API]   authHeaderPrefix: 'Bearer mock-test-token...',
[WebServer] [API]   contentType: undefined
[WebServer] [API] }
[WebServer] [API] [2026-02-04T22:41:09.859Z] GET /api/analytics/dashboard {
[WebServer] [API]   correlationId: '7601717e-5dca-4f88-926d-7205c1318892',
[WebServer] [API]   hasBody: true,
[WebServer] [API]   bodyKeys: [],
[WebServer] [API]   hasAuth: true,
[WebServer] [API]   authHeaderPrefix: 'Bearer mock-test-token...',
[WebServer] [API]   contentType: undefined
[WebServer] [API] }
[WebServer] [API] [2026-02-04T22:41:10.352Z] GET /api/settlements/export {
[WebServer] [API]   correlationId: '0c65eceb-39e3-45ef-9e2f-aa950dca4e77',
[WebServer] [API]   hasBody: true,
[WebServer] [API]   bodyKeys: [],
[WebServer] [API]   hasAuth: false,
[WebServer] [API]   authHeaderPrefix: undefined,
[WebServer] [API]   contentType: undefined
[WebServer] [API] }
[WebServer] [API] [AUTH] No token provided for GET /export
[WebServer] [API] [2026-02-04T22:41:10.359Z] GET /api/notifications {
[WebServer] [API]   correlationId: '12d0fa78-c2f2-4a5e-8ac3-d62142bf6f29',
[WebServer] [API]   hasBody: true,
[WebServer] [API]   bodyKeys: [],
[WebServer] [API]   hasAuth: true,
[WebServer] [API]   authHeaderPrefix: 'Bearer mock-test-token...',
[WebServer] [API]   contentType: undefined
[WebServer] [API] }
[WebServer] [API] [2026-02-04T22:41:10.362Z] GET /api/conversations/unread-count {
[WebServer] [API]   correlationId: '37ceb0a9-5ce1-419f-aabd-c221e2eedc11',
[WebServer] [API]   hasBody: true,
[WebServer] [API]   bodyKeys: [],
[WebServer] [API]   hasAuth: true,
[WebServer] [API]   authHeaderPrefix: 'Bearer mock-test-token...',
[WebServer] [API]   contentType: undefined
[WebServer] [API] }
[WebServer] [API] [AUTH DEBUG] authenticateUser GET path=/api/conversations/unread-count hasAuth=true
[WebServer] [API] [AUTH] authenticateUser called for GET /api/conversations/unread-count { hasAuthHeader: true, authHeaderPrefix: 'Bearer mock-test-tok' }
  ok 287 [Mobile Safari] ΓÇ║ tests\dashboard.spec.ts:94:3 ΓÇ║ Venue Dashboard ΓÇ║ STL- Settlement IDs are visible and correctly formatted (13.4s)
  ok 291 [Mobile Safari] ΓÇ║ tests\e2e\enterprise.spec.ts:41:5 ΓÇ║ Enterprise Page Tests ΓÇ║ Enterprise Form Submission ΓÇ║ should successfully submit enterprise inquiry form (9.4s)
[WebServer] [API] [WebServer] [2026-02-04T22:41:12.826Z] GET /api/notifications {
[WebServer] [API]   correlationId: '6ebb8b19-9e5f-4919-8e3e-261e08a4f0b3',
[WebServer] [API]   hasBody: true,
[WebServer] [API]   bodyKeys: [],
[WebServer] [API]   hasAuth: true,
[WebServer] [API]   authHeaderPrefix: 'Bearer mock-test-token...',
[WebServer] [API]   contentType: undefined
[WebServer] [API] }
[WebServer] [API] [2026-02-04T22:41:12.850Z] GET /api/conversations/unread-count {
[WebServer] [API]   correlationId: 'd22b5e7c-f2db-4d2c-ba2c-027eb69bd41e',
[WebServer] [API]   hasBody: true,
[WebServer] [API]   bodyKeys: [],
[WebServer] [API]   hasAuth: true,
[WebServer] [API]   authHeaderPrefix: 'Bearer mock-test-token...',
[WebServer] [API]   contentType: undefined
[WebServer] [API] }
[WebServer] [API] [AUTH] authenticateUser called for GET /api/conversations/unread-count { hasAuthHeader: true, authHeaderPrefix: 'Bearer mock-test-tok' }
[WebServer] [API] [AUTH DEBUG] authenticateUser GET path=/api/conversations/unread-count hasAuth=true
[WebServer] [API] [2026-02-04T22:41:12.935Z] GET /api/users/verification-status {
[WebServer] [API]   correlationId: '47eb7a89-843f-4dd6-a032-9a5449cf58ec',
[WebServer] [API]   hasBody: true,
[WebServer] [API]   bodyKeys: [],
[WebServer] [API]   hasAuth: true,
[WebServer] [API]   authHeaderPrefix: 'Bearer mock-test-token...',
[WebServer] [API]   contentType: undefined
[WebServer] [API] }
[WebServer] [API] [2026-02-04T22:41:12.939Z] GET /api/jobs {
[WebServer] [API]   correlationId: '9bd8bc0e-2acc-4d0c-9463-52728c8ba675',
[WebServer] [API]   hasBody: true,
[WebServer] [API]   bodyKeys: [],
[WebServer] [API]   hasAuth: true,
[WebServer] [API]   authHeaderPrefix: 'Bearer mock-test-token...',
[WebServer] [API]   contentType: undefined
[WebServer] [API] }
[WebServer] [API] [WebServer] [2026-02-04T22:41:12.942Z] GET /api/analytics/dashboard {
[WebServer] [API]   correlationId: '32d3cbe7-8160-4963-9e27-77cb130d6e13',
[WebServer] [API]   hasBody: true,
[WebServer] [API]   bodyKeys: [],
[WebServer] [API]   hasAuth: true,
[WebServer] [API]   authHeaderPrefix: 'Bearer mock-test-token...',
[WebServer] [API]   contentType: undefined
[WebServer] [API] }
[WebServer] [API] [2026-02-04T22:41:12.946Z] GET /api/shifts/messages/unread-count {
[WebServer] [API]   correlationId: 'c5d0f191-7eef-463b-8edd-7dcbcaddd0e9',
[WebServer] [API]   hasBody: true,
[WebServer] [API]   bodyKeys: [],
[WebServer] [API]   hasAuth: true,
[WebServer] [API]   authHeaderPrefix: 'Bearer mock-test-token...',
[WebServer] [API]   contentType: undefined
[WebServer] [API] }
  ok 290 [Mobile Chrome] ΓÇ║ tests\e2e\reputation_system.spec.ts:726:5 ΓÇ║ Reputation System - Automated Strike System E2E Tests ΓÇ║ No-Show Button Visibility ΓÇ║ should only show No-Show button after shift start time (10.6s)
[WebServer] [API] [2026-02-04T22:41:13.144Z] GET /api/me/reputation {
[WebServer] [API]   correlationId: '2c0d21fe-5186-475b-925c-802506b0fe2f',
[WebServer] [API]   hasBody: true,
[WebServer] [API]   bodyKeys: [],
[WebServer] [API]   hasAuth: true,
[WebServer] [API]   authHeaderPrefix: 'Bearer mock-test-token...',
[WebServer] [API]   contentType: undefined
[WebServer] [API] }
[WebServer] [API] [2026-02-04T22:41:13.147Z] GET /api/worker/priority-boost {
[WebServer] [API]   correlationId: '0dcdd0af-0c60-4d9d-8b75-6c4730c4a6a8',
[WebServer] [API]   hasBody: true,
[WebServer] [API]   bodyKeys: [],
[WebServer] [API]   hasAuth: true,
[WebServer] [API]   authHeaderPrefix: 'Bearer mock-test-token...',
[WebServer] [API]   contentType: undefined
[WebServer] [API] }
[WebServer] [API] [2026-02-04T22:41:13.218Z] GET /api/integrations/xero/status {
[WebServer] [API]   correlationId: 'cf1dd136-2118-4ef3-9ec6-a482547c986b',
[WebServer] [API]   hasBody: true,
[WebServer] [API]   bodyKeys: [],
[WebServer] [API]   hasAuth: true,
[WebServer] [API]   authHeaderPrefix: 'Bearer mock-test-token...',
[WebServer] [API]   contentType: undefined
[WebServer] [API] }
[WebServer] [API] [2026-02-04T22:41:13.222Z] GET /api/integrations/xero/sync-history {
[WebServer] [API]   correlationId: 'a18c39b8-f2c2-4942-b2e6-554ee1f5f94d',
[WebServer] [API]   hasBody: true,
[WebServer] [API]   bodyKeys: [],
[WebServer] [API]   hasAuth: true,
[WebServer] [API]   authHeaderPrefix: 'Bearer mock-test-token...',
[WebServer] [API]   contentType: undefined
[WebServer] [API] }
[WebServer] [API] [2026-02-04T22:41:13.226Z] GET /api/venues/me {
[WebServer] [API]   correlationId: 'b80369d6-65f3-48b7-b8e4-77bf2b67579f',
[WebServer] [API]   hasBody: true,
[WebServer] [API]   bodyKeys: [],
[WebServer] [API]   hasAuth: true,
[WebServer] [API]   authHeaderPrefix: 'Bearer mock-test-token...',
[WebServer] [API]   contentType: undefined
[WebServer] [API] }
[WebServer] [API] [2026-02-04T22:41:13.232Z] GET /api/stripe-connect/account/status {
[WebServer] [API]   correlationId: '3a340787-d90c-47bb-95b1-fc3801e35689',
[WebServer] [API]   hasBody: true,
[WebServer] [API]   bodyKeys: [],
[WebServer] [API]   hasAuth: true,
[WebServer] [API]   authHeaderPrefix: 'Bearer mock-test-token...',
[WebServer] [API]   contentType: undefined
[WebServer] [API] }
[WebServer] [API] [2026-02-04T22:41:13.237Z] GET /api/analytics/dashboard {
[WebServer] [API]   correlationId: 'ee4b1f1c-4816-4a4e-8b08-e95004f22a74',
[WebServer] [API]   hasBody: true,
[WebServer] [API]   bodyKeys: [],
[WebServer] [API]   hasAuth: true,
[WebServer] [API]   authHeaderPrefix: 'Bearer mock-test-token...',
[WebServer] [API]   contentType: undefined
[WebServer] [API] }
[WebServer] [API] [2026-02-04T22:41:13.501Z] GET /api/shifts/pending-review {
[WebServer] [API]   correlationId: '8cd2df8f-84c6-4dcd-8283-0e8033c399ba',
[WebServer] [API]   hasBody: true,
[WebServer] [API]   bodyKeys: [],
[WebServer] [API]   hasAuth: true,
[WebServer] [API]   authHeaderPrefix: 'Bearer mock-test-token...',
[WebServer] [API]   contentType: undefined
[WebServer] [API] }
[WebServer] [API] [2026-02-04T22:41:13.511Z] GET /api/worker/recommendations {
[WebServer] [API]   correlationId: 'c29d380b-f5c9-4236-a4f8-d37643496007',
[WebServer] [API]   hasBody: true,
[WebServer] [API]   bodyKeys: [],
[WebServer] [API]   hasAuth: true,
[WebServer] [API]   authHeaderPrefix: 'Bearer mock-test-token...',
[WebServer] [API]   contentType: undefined
[WebServer] [API] }
[WebServer] [API] [GET /api/worker/recommendations] No location provided, returning empty recommendations
[WebServer] [API] [2026-02-04T22:41:13.570Z] GET /api/worker/waitlisted-shifts {
[WebServer] [API]   correlationId: 'c613075e-3ff0-4e50-b8be-77f7249ae079',
[WebServer] [API]   hasBody: true,
[WebServer] [API]   bodyKeys: [],
[WebServer] [API]   hasAuth: true,
[WebServer] [API]   authHeaderPrefix: 'Bearer mock-test-token...',
[WebServer] [API]   contentType: undefined
[WebServer] [API] }
[WebServer] [API] [2026-02-04T22:41:13.574Z] GET /api/me/availability {
[WebServer] [API]   correlationId: '52d1c1fe-d52d-4a22-8e06-466ffc55a120',
[WebServer] [API]   hasBody: true,
[WebServer] [API]   bodyKeys: [],
[WebServer] [API]   hasAuth: true,
[WebServer] [API]   authHeaderPrefix: 'Bearer mock-test-token...',
[WebServer] [API]   contentType: undefined
[WebServer] [API] }
[WebServer] [API] [2026-02-04T22:41:13.575Z] GET /api/worker/earnings {
[WebServer] [API]   correlationId: 'f6d84903-37f3-4366-b9d4-fbd4008bf237',
[WebServer] [API]   hasBody: true,
[WebServer] [API]   bodyKeys: [],
[WebServer] [API]   hasAuth: true,
[WebServer] [API]   authHeaderPrefix: 'Bearer mock-test-token...',
[WebServer] [API]   contentType: undefined
[WebServer] [API] }
  ok 296 [Mobile Safari] ΓÇ║ tests\e2e\auth.spec.ts:122:5 ΓÇ║ Authentication Tests ΓÇ║ Google OAuth Redirection ΓÇ║ should display Google auth button on signup page (9.0s)
(node:47776) Warning: The 'NO_COLOR' env is ignored due to the 'FORCE_COLOR' env being set.
(Use `node --trace-warnings ...` to show where the warning was created)
  ok 295 [Mobile Safari] ΓÇ║ tests\e2e\forgot-password.spec.ts:4:3 ΓÇ║ Forgot Password E2E ΓÇ║ should allow requesting a password reset (neutral success messaging) (9.4s)
[WebServer] [API] [2026-02-04T22:41:15.909Z] GET /api/notifications {
[WebServer] [API]   correlationId: 'be91c20c-2a66-42f5-a6e3-1efdc86570cd',
[WebServer] [API]   hasBody: true,
[WebServer] [API]   bodyKeys: [],
[WebServer] [API]   hasAuth: true,
[WebServer] [API]   authHeaderPrefix: 'Bearer mock-test-token...',
[WebServer] [API]   contentType: undefined
[WebServer] [API] }
[WebServer] [API] [2026-02-04T22:41:15.913Z] GET /api/conversations/unread-count {
[WebServer] [API]   correlationId: '9efb1c76-e7e2-49da-b114-1729a634181b',
[WebServer] [API]   hasBody: true,
[WebServer] [API]   bodyKeys: [],
[WebServer] [API]   hasAuth: true,
[WebServer] [API]   authHeaderPrefix: 'Bearer mock-test-token...',
[WebServer] [API]   contentType: undefined
[WebServer] [API] }
[WebServer] [API] [AUTH DEBUG] authenticateUser GET path=/api/conversations/unread-count hasAuth=true
[WebServer] [API] [AUTH] authenticateUser called for GET /api/conversations/unread-count { hasAuthHeader: true, authHeaderPrefix: 'Bearer mock-test-tok' }
  ok 294 [Mobile Chrome] ΓÇ║ tests\e2e\onboarding.spec.ts:653:5 ΓÇ║ Onboarding Flow E2E Tests ΓÇ║ Onboarding Skip Flow ΓÇ║ should show Complete Setup Banner after user skips Stripe step during onboarding (10.9s)
[WebServer] [API] [2026-02-04T22:41:16.433Z] POST /api/investors/rsvp {
[WebServer] [API]   correlationId: '0a80d119-d15b-4745-b880-6617c6011448',
[WebServer] [API]   hasBody: true,
[WebServer] [API]   bodyKeys: [ 'email', 'name', 'timestamp' ],
[WebServer] [API]   hasAuth: true,
[WebServer] [API]   authHeaderPrefix: 'Bearer mock-test-token...',
[WebServer] [API]   contentType: 'application/json'
[WebServer] [API] }
[WebServer] [API] [INVESTOR RSVP] {
[WebServer] [API]   email: 'anonymous',
[WebServer] [API]   name: 'Anonymous Investor',
[WebServer] [API]   timestamp: '2026-02-04T22:41:16.200Z',
[WebServer] [API]   ip: '127.0.0.1',
[WebServer] [API]   userAgent: 'Mozilla/5.0 (iPhone; CPU iPhone OS 14_4 like Mac OS X) AppleWebKit/605.1.15 (KHTML, like Gecko) Version/26.0 Mobile/15E148 Safari/604.1'
[WebServer] [API] }
[WebServer] [API] [2026-02-04T22:41:17.069Z] GET /api/notifications {
[WebServer] [API]   correlationId: 'ef5b780e-991b-432b-bed8-bc330e1b83ae',
[WebServer] [API]   hasBody: true,
[WebServer] [API]   bodyKeys: [],
[WebServer] [API]   hasAuth: true,
[WebServer] [API]   authHeaderPrefix: 'Bearer mock-test-token...',
[WebServer] [API]   contentType: undefined
[WebServer] [API] }
[WebServer] [API] [2026-02-04T22:41:17.074Z] GET /api/conversations/unread-count {
[WebServer] [API]   correlationId: 'fb541290-5a20-402e-af09-f3b336312539',
[WebServer] [API]   hasBody: true,
[WebServer] [API]   bodyKeys: [],
[WebServer] [API]   hasAuth: true,
[WebServer] [API]   authHeaderPrefix: 'Bearer mock-test-token...',
[WebServer] [API]   contentType: undefined
[WebServer] [API] }
[WebServer] [API] [AUTH] authenticateUser called for GET /api/conversations/unread-count { hasAuthHeader: true, authHeaderPrefix: 'Bearer mock-test-tok' }
[WebServer] [API] [AUTH DEBUG] authenticateUser GET path=/api/conversations/unread-count hasAuth=true
(node:47776) Warning: The 'NO_COLOR' env is ignored due to the 'FORCE_COLOR' env being set.
(Use `node --trace-warnings ...` to show where the warning was created)
ΓÜá∩╕Å  Direct Invite Flow: Could not verify confirmed status via UI
  ok 286 [Mobile Safari] ΓÇ║ tests\e2e\calendar-lifecycle.spec.ts:92:5 ΓÇ║ Calendar Lifecycle E2E Tests ΓÇ║ Test Case 1: The Direct Invite Flow ΓÇ║ Shop invites barber to draft shift, barber accepts, shift becomes confirmed (20.6s)
  ok 292 [Mobile Safari] ΓÇ║ tests\e2e\investor-portal.spec.ts:20:5 ΓÇ║ Investor Portal E2E Tests ΓÇ║ Navigation and RSVP ΓÇ║ Opens /investorportal and successfully submits RSVP (13.8s)
(node:31572) Warning: The 'NO_COLOR' env is ignored due to the 'FORCE_COLOR' env being set.
(Use `node --trace-warnings ...` to show where the warning was created)
[WebServer] [API] [2026-02-04T22:41:19.880Z] GET /api/integrations/xero/status {
[WebServer] [API]   correlationId: '8e51bd3e-042c-42e0-b025-4dee7d6bcbdc',
[WebServer] [API]   hasBody: true,
[WebServer] [API]   bodyKeys: [],
[WebServer] [API]   hasAuth: true,
[WebServer] [API]   authHeaderPrefix: 'Bearer mock-test-token...',
[WebServer] [API]   contentType: undefined
[WebServer] [API] }
[WebServer] [API] [2026-02-04T22:41:19.883Z] GET /api/integrations/xero/sync-history {
[WebServer] [API]   correlationId: 'cdeb5fef-b18d-491a-a586-c73ff6b37fe3',
[WebServer] [API]   hasBody: true,
[WebServer] [API]   bodyKeys: [],
[WebServer] [API]   hasAuth: true,
[WebServer] [API]   authHeaderPrefix: 'Bearer mock-test-token...',
[WebServer] [API]   contentType: undefined
[WebServer] [API] }
[WebServer] [API] [2026-02-04T22:41:19.894Z] GET /api/venues/me {
[WebServer] [API]   correlationId: 'b7dfb271-042f-4c24-b8bd-48fbd3cc67d0',
[WebServer] [API]   hasBody: true,
[WebServer] [API]   bodyKeys: [],
[WebServer] [API]   hasAuth: true,
[WebServer] [API]   authHeaderPrefix: 'Bearer mock-test-token...',
[WebServer] [API]   contentType: undefined
[WebServer] [API] }
[WebServer] [API] [2026-02-04T22:41:19.898Z] GET /api/stripe-connect/account/status {
[WebServer] [API]   correlationId: '223e653b-684e-4126-9507-9e919247d31e',
[WebServer] [API]   hasBody: true,
[WebServer] [API]   bodyKeys: [],
[WebServer] [API]   hasAuth: true,
[WebServer] [API]   authHeaderPrefix: 'Bearer mock-test-token...',
[WebServer] [API]   contentType: undefined
[WebServer] [API] }
[WebServer] [API] [2026-02-04T22:41:19.915Z] GET /api/shifts/shop/venue-manager-001 {
[WebServer] [API]   correlationId: '56904e84-8117-46b1-84ec-bbbf1d5fc365',
[WebServer] [API]   hasBody: true,
[WebServer] [API]   bodyKeys: [],
[WebServer] [API]   hasAuth: true,
[WebServer] [API]   authHeaderPrefix: 'Bearer mock-test-token...',
[WebServer] [API]   contentType: undefined
[WebServer] [API] }
[WebServer] [API] [2026-02-04T22:41:19.917Z] GET /api/analytics/dashboard {
[WebServer] [API]   correlationId: '55e02da5-ea95-47fc-bdba-942b4faa7b2e',
[WebServer] [API]   hasBody: true,
[WebServer] [API]   bodyKeys: [],
[WebServer] [API]   hasAuth: true,
[WebServer] [API]   authHeaderPrefix: 'Bearer mock-test-token...',
[WebServer] [API]   contentType: undefined
[WebServer] [API] }
[WebServer] [API] [2026-02-04T22:41:20.197Z] GET /api/subscriptions/current {
[WebServer] [API]   correlationId: '1d7d6afe-8892-49d3-8438-843cf5eaced0',
[WebServer] [API]   hasBody: true,
[WebServer] [API]   bodyKeys: [],
[WebServer] [API]   hasAuth: true,
[WebServer] [API]   authHeaderPrefix: 'Bearer mock-test-token...',
[WebServer] [API]   contentType: undefined
[WebServer] [API] }
[WebServer] [API] [AUTH DEBUG] authenticateUser GET path=/api/subscriptions/current hasAuth=true
[WebServer] [API] [AUTH] authenticateUser called for GET /api/subscriptions/current { hasAuthHeader: true, authHeaderPrefix: 'Bearer mock-test-tok' }
[WebServer] [API] [2026-02-04T22:41:20.203Z] GET /api/shifts/messages/unread-count {
[WebServer] [API]   correlationId: '5d95bad0-391a-4194-a54d-9d9a06b4d114',
[WebServer] [API]   hasBody: true,
[WebServer] [API]   bodyKeys: [],
[WebServer] [API]   hasAuth: true,
[WebServer] [API]   authHeaderPrefix: 'Bearer mock-test-token...',
[WebServer] [API]   contentType: undefined
[WebServer] [API] }
  ok 298 [Mobile Safari] ΓÇ║ tests\e2e\enterprise.spec.ts:103:5 ΓÇ║ Enterprise Page Tests ΓÇ║ Enterprise Form Submission ΓÇ║ should validate required fields before submission (9.2s)
  ok 299 [Mobile Safari] ΓÇ║ tests\e2e\auth.spec.ts:136:5 ΓÇ║ Authentication Tests ΓÇ║ Google OAuth Redirection ΓÇ║ should have correct Firebase auth domain configured (7.7s)
(node:31572) Warning: The 'NO_COLOR' env is ignored due to the 'FORCE_COLOR' env being set.
(Use `node --trace-warnings ...` to show where the warning was created)
  ok 297 [Mobile Safari] ΓÇ║ tests\dashboard.spec.ts:279:3 ΓÇ║ Venue Dashboard ΓÇ║ Dashboard handles 401 errors gracefully (13.7s)
[WebServer] [API] [2026-02-04T22:41:24.976Z] GET /api/notifications {
[WebServer] [API]   correlationId: '6a7fb5c6-f54e-4e3d-9d18-7e63bbc1bc39',
[WebServer] [API]   hasBody: true,
[WebServer] [API]   bodyKeys: [],
[WebServer] [API]   hasAuth: true,
[WebServer] [API]   authHeaderPrefix: 'Bearer mock-test-token...',
[WebServer] [API]   contentType: undefined
[WebServer] [API] }
[WebServer] [API] [2026-02-04T22:41:24.979Z] GET /api/conversations/unread-count {
[WebServer] [API]   correlationId: 'fc62c35e-e823-4e62-bbc9-cda93a7b5c7e',
[WebServer] [API]   hasBody: true,
[WebServer] [API]   bodyKeys: [],
[WebServer] [API]   hasAuth: true,
[WebServer] [API]   authHeaderPrefix: 'Bearer mock-test-token...',
[WebServer] [API]   contentType: undefined
[WebServer] [API] }
[WebServer] [API] [AUTH] authenticateUser called for GET /api/conversations/unread-count { hasAuthHeader: true, authHeaderPrefix: 'Bearer mock-test-tok' }
[WebServer] [API] [AUTH DEBUG] authenticateUser GET path=/api/conversations/unread-count hasAuth=true
  -  307 [Mobile Safari] ΓÇ║ tests\e2e\master-golden-path.spec.ts:86:3 ΓÇ║ Master Golden Path - Professional User Journey ΓÇ║ complete professional user journey from signup to application attempt
  ok 300 [Mobile Safari] ΓÇ║ tests\e2e\landing-layout.spec.ts:59:5 ΓÇ║ Landing Page Layout Regression Tests ΓÇ║ Badge Visibility ΓÇ║ should display all step badges (1, 2, 3, 4) in viewport (10.9s)
  ok 301 [Mobile Safari] ΓÇ║ tests\e2e\job-feed.spec.ts:31:5 ΓÇ║ Job Feed E2E Tests ΓÇ║ FilterBar Component ΓÇ║ should display FilterBar component (9.8s)
  ok 303 [Mobile Safari] ΓÇ║ tests\e2e\investor-portal.spec.ts:61:5 ΓÇ║ Investor Portal E2E Tests ΓÇ║ Navigation and RSVP ΓÇ║ Investor Portal displays correct key metrics (9.3s)
  ok 304 [Mobile Safari] ΓÇ║ tests\e2e\enterprise.spec.ts:121:5 ΓÇ║ Enterprise Page Tests ΓÇ║ Enterprise Form Submission ΓÇ║ should validate email format (9.9s)
  ok 306 [Mobile Safari] ΓÇ║ tests\e2e\landing.spec.ts:48:5 ΓÇ║ Landing Page Tests ΓÇ║ Hero Section CTAs ΓÇ║ should navigate FIND STAFF button to /signup?role=hub (10.3s)
[WebServer] [API] [2026-02-04T22:41:35.357Z] GET /api/notifications {
[WebServer] [API]   correlationId: '58df7a7d-e78d-40b2-90c7-9f4ea61e03ce',
[WebServer] [API]   hasBody: true,
[WebServer] [API]   bodyKeys: [],
[WebServer] [API]   hasAuth: true,
[WebServer] [API]   authHeaderPrefix: 'Bearer mock-test-token...',
[WebServer] [API]   contentType: undefined
[WebServer] [API] }
[WebServer] [API] [2026-02-04T22:41:35.360Z] GET /api/conversations/unread-count {
[WebServer] [API]   correlationId: '0edc051c-b928-4dc2-90c7-524fe165bfba',
[WebServer] [API]   hasBody: true,
[WebServer] [API]   bodyKeys: [],
[WebServer] [API]   hasAuth: true,
[WebServer] [API]   authHeaderPrefix: 'Bearer mock-test-token...',
[WebServer] [API]   contentType: undefined
[WebServer] [API] }
[WebServer] [API] [AUTH DEBUG] authenticateUser GET path=/api/conversations/unread-count hasAuth=true
[WebServer] [API] [AUTH] authenticateUser called for GET /api/conversations/unread-count { hasAuthHeader: true, authHeaderPrefix: 'Bearer mock-test-tok' }
  ok 305 [Mobile Safari] ΓÇ║ tests\e2e\auth.spec.ts:156:5 ΓÇ║ Authentication Tests ΓÇ║ Google OAuth Redirection ΓÇ║ should navigate from landing page Login button to login page (13.5s)
  ok 309 [Mobile Safari] ΓÇ║ tests\e2e\landing-layout.spec.ts:89:5 ΓÇ║ Landing Page Layout Regression Tests ΓÇ║ Badge Visibility ΓÇ║ should have correct z-index on step badges (12.7s)
  ok 311 [Mobile Safari] ΓÇ║ tests\e2e\investor-portal.spec.ts:79:5 ΓÇ║ Investor Portal E2E Tests ΓÇ║ Navigation and RSVP ΓÇ║ Navigation links scroll to correct sections (11.5s)
  -  316 [Mobile Safari] ΓÇ║ tests\e2e\investor-portal.spec.ts:120:10 ΓÇ║ Investor Portal E2E Tests ΓÇ║ Data Room Access ΓÇ║ Click "View Document" on Technical White Paper displays modal with content
[WebServer] [API] [2026-02-04T22:41:40.545Z] GET /api/notifications {
[WebServer] [API]   correlationId: '5edf16bf-93a5-4b93-a141-6400f6bd4a5b',
[WebServer] [API]   hasBody: true,
[WebServer] [API]   bodyKeys: [],
[WebServer] [API]   hasAuth: true,
[WebServer] [API]   authHeaderPrefix: 'Bearer mock-test-token...',
[WebServer] [API]   contentType: undefined
[WebServer] [API] }
[WebServer] [API] [2026-02-04T22:41:40.572Z] GET /api/conversations/unread-count {
[WebServer] [API]   correlationId: 'c3b1ee95-a0e1-4ca8-aa20-8db446ffe059',
[WebServer] [API]   hasBody: true,
[WebServer] [API]   bodyKeys: [],
[WebServer] [API]   hasAuth: true,
[WebServer] [API]   authHeaderPrefix: 'Bearer mock-test-token...',
[WebServer] [API]   contentType: undefined
[WebServer] [API] }
[WebServer] [API] [AUTH DEBUG] authenticateUser GET path=/api/conversations/unread-count hasAuth=true
[WebServer] [API] [AUTH] authenticateUser called for GET /api/conversations/unread-count { hasAuthHeader: true, authHeaderPrefix: 'Bearer mock-test-tok' }
  ok 310 [Mobile Safari] ΓÇ║ tests\e2e\job-feed.spec.ts:63:5 ΓÇ║ Job Feed E2E Tests ΓÇ║ Job List Rendering ΓÇ║ should render at least one JobCard (14.9s)
  ok 312 [Mobile Safari] ΓÇ║ tests\e2e\enterprise.spec.ts:153:5 ΓÇ║ Enterprise Page Tests ΓÇ║ Enterprise Form Submission ΓÇ║ should handle API error gracefully (11.3s)
[WebServer] [API] [2026-02-04T22:41:43.213Z] GET /api/marketplace/shifts {
[WebServer] [API]   correlationId: '834312f8-e2fc-4046-9d46-b7045843d0ea',
[WebServer] [API]   hasBody: true,
[WebServer] [API]   bodyKeys: [],
[WebServer] [API]   hasAuth: true,
[WebServer] [API]   authHeaderPrefix: 'Bearer mock-test-token...',
[WebServer] [API]   contentType: undefined
[WebServer] [API] }
  ok 313 [Mobile Safari] ΓÇ║ tests\e2e\landing.spec.ts:64:5 ΓÇ║ Landing Page Tests ΓÇ║ Hero Section CTAs ΓÇ║ should navigate Find Shifts button to /signup?role=professional (10.7s)
[WebServer] [API] [2026-02-04T22:41:48.029Z] GET /api/notifications {
[WebServer] [API]   correlationId: '498fc717-5e00-4ac9-ac93-81ea37fe749a',
[WebServer] [API]   hasBody: true,
[WebServer] [API]   bodyKeys: [],
[WebServer] [API]   hasAuth: true,
[WebServer] [API]   authHeaderPrefix: 'Bearer mock-test-token...',
[WebServer] [API]   contentType: undefined
[WebServer] [API] }
[WebServer] [API] [2026-02-04T22:41:48.034Z] GET /api/conversations/unread-count {
[WebServer] [API]   correlationId: '960f9cc4-9484-4357-a633-2306f1ef9ea3',
[WebServer] [API]   hasBody: true,
[WebServer] [API]   bodyKeys: [],
[WebServer] [API]   hasAuth: true,
[WebServer] [API]   authHeaderPrefix: 'Bearer mock-test-token...',
[WebServer] [API]   contentType: undefined
[WebServer] [API] }
[WebServer] [API] [AUTH] authenticateUser called for GET /api/conversations/unread-count { hasAuthHeader: true, authHeaderPrefix: 'Bearer mock-test-tok' }
[WebServer] [API] [AUTH DEBUG] authenticateUser GET path=/api/conversations/unread-count hasAuth=true
  ok 314 [Mobile Safari] ΓÇ║ tests\e2e\auth.spec.ts:190:5 ΓÇ║ Authentication Tests ΓÇ║ Google OAuth Redirection ΓÇ║ should verify Firebase redirect_uri contains correct domain when OAuth is initiated (12.4s)
  ok 315 [Mobile Safari] ΓÇ║ tests\e2e\landing-layout.spec.ts:118:5 ΓÇ║ Landing Page Layout Regression Tests ΓÇ║ Mobile Overflow Prevention ΓÇ║ should not have horizontal scroll on mobile viewport (375x667) (11.9s)
[WebServer] [FRONTEND] 8:41:50 am [vite] (client) hmr update /src/components/calendar/professional-calendar.tsx, /src/index.css
  ok 319 [Mobile Safari] ΓÇ║ tests\e2e\enterprise.spec.ts:191:5 ΓÇ║ Enterprise Page Tests ΓÇ║ Enterprise Form Submission ΓÇ║ should send correct payload to API (9.4s)
  -  323 [Mobile Safari] ΓÇ║ tests\e2e\payments.spec.ts:28:3 ΓÇ║ Payment UI: Stripe Payment Method Setup ΓÇ║ Add payment method with mocked Stripe API
  -  324 [Mobile Safari] ΓÇ║ tests\e2e\professional-calendar.spec.ts:288:5 ΓÇ║ Professional Calendar E2E Tests ΓÇ║ Visual Regression Tests ΓÇ║ should display calendar week view correctly on desktop
  -  325 [Mobile Safari] ΓÇ║ tests\e2e\professional-calendar.spec.ts:323:5 ΓÇ║ Professional Calendar E2E Tests ΓÇ║ Visual Regression Tests ΓÇ║ should display calendar week view correctly on mobile
  -  326 [Mobile Safari] ΓÇ║ tests\e2e\professional-calendar.spec.ts:379:5 ΓÇ║ Professional Calendar E2E Tests ΓÇ║ Functional Smoke Tests ΓÇ║ should display and interact with Create Availability/Shift button
  -  327 [Mobile Safari] ΓÇ║ tests\e2e\professional-calendar.spec.ts:435:5 ΓÇ║ Professional Calendar E2E Tests ΓÇ║ Functional Smoke Tests ΓÇ║ should create a new availability slot successfully
  -  328 [Mobile Safari] ΓÇ║ tests\e2e\professional-calendar.spec.ts:601:5 ΓÇ║ Professional Calendar E2E Tests ΓÇ║ Functional Smoke Tests ΓÇ║ should navigate to next week when clicking Next button
  -  329 [Mobile Safari] ΓÇ║ tests\e2e\professional-calendar.spec.ts:682:5 ΓÇ║ Professional Calendar E2E Tests ΓÇ║ Functional Smoke Tests ΓÇ║ Quick Navigation allows jumping to different views
  -  330 [Mobile Safari] ΓÇ║ tests\e2e\professional-calendar.spec.ts:714:5 ΓÇ║ Professional Calendar E2E Tests ΓÇ║ Current Time Indicator ΓÇ║ should display current time indicator when viewing current day/week
[WebServer] [API] [2026-02-04T22:41:52.903Z] POST /api/register {
[WebServer] [API]   correlationId: 'b5afd821-b539-4278-871a-4e197add4a01',
[WebServer] [API]   hasBody: true,
[WebServer] [API]   bodyKeys: [ 'email', 'name', 'password', 'role' ],
[WebServer] [API]   hasAuth: false,
[WebServer] [API]   authHeaderPrefix: undefined,
[WebServer] [API]   contentType: 'application/json'
[WebServer] [API] }
[WebServer] [API] [2026-02-04T22:41:52.991Z] POST /api/register {
[WebServer] [API]   correlationId: 'ff3232ee-fbb4-4159-9c4e-5d06aa54284d',
[WebServer] [API]   hasBody: true,
[WebServer] [API]   bodyKeys: [ 'email', 'name', 'password', 'role' ],
[WebServer] [API]   hasAuth: false,
[WebServer] [API]   authHeaderPrefix: undefined,
[WebServer] [API]   contentType: 'application/json'
[WebServer] [API] }
[WebServer] [API] [2026-02-04T22:41:53.048Z] POST /api/register {
[WebServer] [API]   correlationId: '87787b4d-1aec-4025-85b9-799dee40c150',
[WebServer] [API]   hasBody: true,
[WebServer] [API]   bodyKeys: [ 'email', 'name', 'password', 'role' ],
[WebServer] [API]   hasAuth: false,
[WebServer] [API]   authHeaderPrefix: undefined,
[WebServer] [API]   contentType: 'application/json'
[WebServer] [API] }
  ok 331 [Mobile Safari] ΓÇ║ tests\e2e\registration-roles.spec.ts:19:3 ΓÇ║ Registration roles (hub, venue, professional) ΓÇ║ hub and venue return 200/201; hub/venue stored as business in DB (311ms)
[WebServer] [API] [2026-02-04T22:41:53.458Z] GET /api/notifications {
[WebServer] [API]   correlationId: 'c305e0ae-8a7e-4d28-83a8-c26344d50ea4',
[WebServer] [API]   hasBody: true,
[WebServer] [API]   bodyKeys: [],
[WebServer] [API]   hasAuth: true,
[WebServer] [API]   authHeaderPrefix: 'Bearer mock-test-token...',
[WebServer] [API]   contentType: undefined
[WebServer] [API] }
[WebServer] [API] [2026-02-04T22:41:53.470Z] GET /api/conversations/unread-count {
[WebServer] [API]   correlationId: 'a2f04b86-9ab0-4484-95e2-013dd601d9d4',
[WebServer] [API]   hasBody: true,
[WebServer] [API]   bodyKeys: [],
[WebServer] [API]   hasAuth: true,
[WebServer] [API]   authHeaderPrefix: 'Bearer mock-test-token...',
[WebServer] [API]   contentType: undefined
[WebServer] [API] }
[WebServer] [API] [AUTH DEBUG] authenticateUser GET path=/api/conversations/unread-count hasAuth=true
[WebServer] [API] [AUTH] authenticateUser called for GET /api/conversations/unread-count { hasAuthHeader: true, authHeaderPrefix: 'Bearer mock-test-tok' }
  ok 317 [Mobile Safari] ΓÇ║ tests\e2e\investor-portal.spec.ts:178:5 ΓÇ║ Investor Portal E2E Tests ΓÇ║ Data Room Access ΓÇ║ All three document cards are accessible in the Data Room (14.7s)
  -  333 [Mobile Safari] ΓÇ║ tests\e2e\investor-portal.spec.ts:225:10 ΓÇ║ Investor Portal E2E Tests ΓÇ║ Brand Styling ΓÇ║ Electric Lime (#BAFF39) is used for accent elements
  ok 318 [Mobile Safari] ΓÇ║ tests\e2e\job-feed.spec.ts:104:5 ΓÇ║ Job Feed E2E Tests ΓÇ║ Job Type Filtering ΓÇ║ should update URL and job count when filtering by Job Type (11.8s)
  -  335 [Mobile Safari] ΓÇ║ tests\e2e\roster-costing.spec.ts:192:3 ΓÇ║ Roster Costing E2E Tests ΓÇ║ Est. Wage Cost displays $120.00 for 4h shift at $30/hr
  -  336 [Mobile Safari] ΓÇ║ tests\e2e\roster-costing.spec.ts:250:5 ΓÇ║ Financial RBAC E2E Tests ΓÇ║ Business Owner Access ΓÇ║ Business Owner sees Wage Costs pill with dollar value
  -  337 [Mobile Safari] ΓÇ║ tests\e2e\roster-costing.spec.ts:295:5 ΓÇ║ Financial RBAC E2E Tests ΓÇ║ Business Owner Access ΓÇ║ Business Owner sees individual Shift Cost in bucket expansion
  -  338 [Mobile Safari] ΓÇ║ tests\e2e\roster-costing.spec.ts:352:5 ΓÇ║ Financial RBAC E2E Tests ΓÇ║ Professional Staff Access ΓÇ║ Professional Staff cannot see Wage Costs pill
  -  339 [Mobile Safari] ΓÇ║ tests\e2e\roster-costing.spec.ts:393:5 ΓÇ║ Financial RBAC E2E Tests ΓÇ║ Professional Staff Access ΓÇ║ Professional Staff cannot see individual Shift Cost labels in expanded view
  -  340 [Mobile Safari] ΓÇ║ tests\e2e\staff_privacy.spec.ts:370:5 ΓÇ║ Staff Privacy & Contact Masking E2E Tests ΓÇ║ Test Case 1: Verify contact details are masked for unhired applications ΓÇ║ should mask email and phone for unhired applicants on Business Plan
  -  341 [Mobile Safari] ΓÇ║ tests\e2e\staff_privacy.spec.ts:430:5 ΓÇ║ Staff Privacy & Contact Masking E2E Tests ΓÇ║ Test Case 1: Verify contact details are masked for unhired applications ΓÇ║ should display "Hire to view contact details" badge for masked applicants
  -  342 [Mobile Safari] ΓÇ║ tests\e2e\staff_privacy.spec.ts:489:5 ΓÇ║ Staff Privacy & Contact Masking E2E Tests ΓÇ║ Test Case 1: Verify contact details are masked for unhired applications ΓÇ║ should verify masked email format matches backend maskEmail() output
  -  343 [Mobile Safari] ΓÇ║ tests\e2e\staff_privacy.spec.ts:579:5 ΓÇ║ Staff Privacy & Contact Masking E2E Tests ΓÇ║ Test Case 1: Verify contact details are masked for unhired applications ΓÇ║ should verify masked phone format matches backend maskPhone() output
  -  344 [Mobile Safari] ΓÇ║ tests\e2e\staff_privacy.spec.ts:637:5 ΓÇ║ Staff Privacy & Contact Masking E2E Tests ΓÇ║ Test Case 2: Verify contact details are revealed only after confirmed hire ΓÇ║ should reveal full contact details after Confirm Hire and verify contactRevealed flag
  -  345 [Mobile Safari] ΓÇ║ tests\e2e\staff_privacy.spec.ts:877:5 ΓÇ║ Staff Privacy & Contact Masking E2E Tests ΓÇ║ Test Case 2: Verify contact details are revealed only after confirmed hire ΓÇ║ should verify hired staff shows full contact details while unhired remains masked
  -  346 [Mobile Safari] ΓÇ║ tests\e2e\staff_privacy.spec.ts:968:5 ΓÇ║ Staff Privacy & Contact Masking E2E Tests ΓÇ║ Test Case 2: Verify contact details are revealed only after confirmed hire ΓÇ║ should verify contactRevealed flag changes from false to true after hire
  -  347 [Mobile Safari] ΓÇ║ tests\e2e\staff_privacy.spec.ts:1168:5 ΓÇ║ Staff Privacy & Contact Masking E2E Tests ΓÇ║ API Response Verification ΓÇ║ should receive masked contact details from API for unhired applicants
  -  348 [Mobile Safari] ΓÇ║ tests\e2e\staff_privacy.spec.ts:1252:5 ΓÇ║ Staff Privacy & Contact Masking E2E Tests ΓÇ║ API Response Verification ΓÇ║ should intercept Confirm Hire response and verify contactRevealed flag is true
  -  349 [Mobile Safari] ΓÇ║ tests\e2e\staff-applications.spec.ts:172:5 ΓÇ║ Staff Applications E2E Tests ΓÇ║ Status Tabs ΓÇ║ should display three status tabs (Pending, Confirmed, Rejected)
  -  350 [Mobile Safari] ΓÇ║ tests\e2e\staff-applications.spec.ts:204:5 ΓÇ║ Staff Applications E2E Tests ΓÇ║ Pending Tab Count ΓÇ║ should display Pending tab with count greater than 0
  -  351 [Mobile Safari] ΓÇ║ tests\e2e\staff-applications.spec.ts:247:5 ΓÇ║ Staff Applications E2E Tests ΓÇ║ Withdraw Application Button ΓÇ║ should display Withdraw Application button on Pending application cards
  ok 320 [Mobile Safari] ΓÇ║ tests\e2e\landing.spec.ts:82:5 ΓÇ║ Landing Page Tests ΓÇ║ Pricing Tiers ΓÇ║ should display all pricing tiers with correct prices (10.7s)
  -  352 [Mobile Safari] ΓÇ║ tests\e2e\subscription_flow.spec.ts:252:5 ΓÇ║ Subscription & Stripe Flow ΓÇ║ Business Plan Selection & Onboarding Persistence ΓÇ║ should display Business plan at $149/month with 14-Day Free Trial badge
  -  354 [Mobile Safari] ΓÇ║ tests\e2e\subscription_flow.spec.ts:305:5 ΓÇ║ Subscription & Stripe Flow ΓÇ║ Business Plan Selection & Onboarding Persistence ΓÇ║ should persist plan preference through signup flow
  -  355 [Mobile Safari] ΓÇ║ tests\e2e\subscription_flow.spec.ts:365:5 ΓÇ║ Subscription & Stripe Flow ΓÇ║ Business Plan Selection & Onboarding Persistence ΓÇ║ should navigate from pricing to signup with correct context
  -  356 [Mobile Safari] ΓÇ║ tests\e2e\subscription_flow.spec.ts:386:5 ΓÇ║ Subscription & Stripe Flow ΓÇ║ Stripe Payment Element & Trial Activation ΓÇ║ should display Stripe Payment Element on onboarding hub
  -  357 [Mobile Safari] ΓÇ║ tests\e2e\subscription_flow.spec.ts:493:5 ΓÇ║ Subscription & Stripe Flow ΓÇ║ Stripe Payment Element & Trial Activation ΓÇ║ should allow skipping payment during onboarding
  -  358 [Mobile Safari] ΓÇ║ tests\e2e\subscription_flow.spec.ts:572:5 ΓÇ║ Subscription & Stripe Flow ΓÇ║ Fee Waiver Validation ΓÇ║ should verify Business tier user has fee waiver on Post a Shift page
  -  359 [Mobile Safari] ΓÇ║ tests\e2e\subscription_flow.spec.ts:656:5 ΓÇ║ Subscription & Stripe Flow ΓÇ║ Fee Waiver Validation ΓÇ║ should verify Starter tier user context is set correctly
  -  360 [Mobile Safari] ΓÇ║ tests\e2e\subscription_flow.spec.ts:735:5 ΓÇ║ Subscription & Stripe Flow ΓÇ║ End-to-End Business Subscription Journey ΓÇ║ complete flow: landing pricing ΓåÆ signup ΓåÆ verify context
  -  361 [Mobile Safari] ΓÇ║ tests\e2e\subscription_flow.spec.ts:779:5 ΓÇ║ Subscription & Stripe Flow ΓÇ║ End-to-End Business Subscription Journey ΓÇ║ verify subscription API intercepted correctly
Γ£à Open Job Flow: Test completed
  ok 302 [Mobile Safari] ΓÇ║ tests\e2e\calendar-lifecycle.spec.ts:335:5 ΓÇ║ Calendar Lifecycle E2E Tests ΓÇ║ Test Case 2: The Open Job Flow ΓÇ║ Shop creates marketplace job, barber applies, shop accepts, job becomes confirmed shift (38.0s)
  ok 322 [Mobile Safari] ΓÇ║ tests\e2e\landing-layout.spec.ts:139:5 ΓÇ║ Landing Page Layout Regression Tests ΓÇ║ Mobile Overflow Prevention ΓÇ║ should not have horizontal scroll on small mobile viewport (320x568) (10.9s)
[WebServer] [API] [2026-02-04T22:42:03.034Z] GET /api/notifications {
[WebServer] [API]   correlationId: '92c7bf4d-5115-4c5f-8a8b-5f39b394626a',
[WebServer] [API]   hasBody: true,
[WebServer] [API]   bodyKeys: [],
[WebServer] [API]   hasAuth: true,
[WebServer] [API]   authHeaderPrefix: 'Bearer mock-test-token...',
[WebServer] [API]   contentType: undefined
[WebServer] [API] }
[WebServer] [API] [2026-02-04T22:42:03.038Z] GET /api/conversations/unread-count {
[WebServer] [API]   correlationId: '1b08235d-bf8e-476b-8fb4-ff510a96c29c',
[WebServer] [API]   hasBody: true,
[WebServer] [API]   bodyKeys: [],
[WebServer] [API]   hasAuth: true,
[WebServer] [API]   authHeaderPrefix: 'Bearer mock-test-token...',
[WebServer] [API]   contentType: undefined
[WebServer] [API] }
[WebServer] [API] [AUTH DEBUG] authenticateUser GET path=/api/conversations/unread-count hasAuth=true
[WebServer] [API] [AUTH] authenticateUser called for GET /api/conversations/unread-count { hasAuthHeader: true, authHeaderPrefix: 'Bearer mock-test-tok' }
  ok 334 [Mobile Safari] ΓÇ║ tests\e2e\investor-portal.spec.ts:261:5 ΓÇ║ Investor Portal E2E Tests ΓÇ║ Brand Styling ΓÇ║ Dark theme background is correctly applied (10.0s)
[WebServer] [API] [2026-02-04T22:42:04.222Z] GET /api/notifications {
[WebServer] [API]   correlationId: '8803c954-aa10-4e6f-b972-a9813966fa31',
[WebServer] [API]   hasBody: true,
[WebServer] [API]   bodyKeys: [],
[WebServer] [API]   hasAuth: true,
[WebServer] [API]   authHeaderPrefix: 'Bearer mock-test-token...',
[WebServer] [API]   contentType: undefined
[WebServer] [API] }
[WebServer] [API] [WebServer] [2026-02-04T22:42:04.226Z] GET /api/conversations/unread-count {
[WebServer] [API]   correlationId: '0f38074d-084c-4d77-9341-408a3251c39c',
[WebServer] [API]   hasBody: true,
[WebServer] [API]   bodyKeys: [],
[WebServer] [API]   hasAuth: true,
[WebServer] [API]   authHeaderPrefix: 'Bearer mock-test-token...',
[WebServer] [API]   contentType: undefined
[WebServer] [API] }
[WebServer] [API] [AUTH DEBUG] authenticateUser GET path=/api/conversations/unread-count hasAuth=true
[WebServer] [API] [AUTH] authenticateUser called for GET /api/conversations/unread-count { hasAuthHeader: true, authHeaderPrefix: 'Bearer mock-test-tok' }
[WebServer] [API] [2026-02-04T22:42:04.963Z] GET /api/notifications {
[WebServer] [API]   correlationId: '3afa8a54-6552-4213-afc5-bef24094fae5',
[WebServer] [API]   hasBody: true,
[WebServer] [API]   bodyKeys: [],
[WebServer] [API]   hasAuth: true,
[WebServer] [API]   authHeaderPrefix: 'Bearer mock-test-token...',
[WebServer] [API]   contentType: undefined
[WebServer] [API] }
[WebServer] [API] [2026-02-04T22:42:04.967Z] GET /api/conversations/unread-count {
[WebServer] [API]   correlationId: '324cca9a-bf19-41d9-af23-21719383b0b4',
[WebServer] [API]   hasBody: true,
[WebServer] [API]   bodyKeys: [],
[WebServer] [API]   hasAuth: true,
[WebServer] [API]   authHeaderPrefix: 'Bearer mock-test-token...',
[WebServer] [API]   contentType: undefined
[WebServer] [API] }
[WebServer] [API] [AUTH DEBUG] authenticateUser GET path=/api/conversations/unread-count hasAuth=true
[WebServer] [API] [AUTH] authenticateUser called for GET /api/conversations/unread-count { hasAuthHeader: true, authHeaderPrefix: 'Bearer mock-test-tok' }
[WebServer] [API] [2026-02-04T22:42:05.841Z] GET /api/notifications {
[WebServer] [API]   correlationId: 'fe65465e-144f-4f44-b3f2-6a83f596ae5c',
[WebServer] [API]   hasBody: true,
[WebServer] [API]   bodyKeys: [],
[WebServer] [API]   hasAuth: true,
[WebServer] [API]   authHeaderPrefix: 'Bearer mock-test-token...',
[WebServer] [API]   contentType: undefined
[WebServer] [API] }
[WebServer] [API] [2026-02-04T22:42:05.844Z] GET /api/conversations/unread-count {
[WebServer] [API]   correlationId: 'b245936f-ca9c-405d-ae88-8d632a7f9a32',
[WebServer] [API]   hasBody: true,
[WebServer] [API]   bodyKeys: [],
[WebServer] [API]   hasAuth: true,
[WebServer] [API]   authHeaderPrefix: 'Bearer mock-test-token...',
[WebServer] [API]   contentType: undefined
[WebServer] [API] }
[WebServer] [API] [AUTH DEBUG] authenticateUser GET path=/api/conversations/unread-count hasAuth=true
[WebServer] [API] [AUTH] authenticateUser called for GET /api/conversations/unread-count { hasAuthHeader: true, authHeaderPrefix: 'Bearer mock-test-tok' }
  ok 362 [Mobile Safari] ΓÇ║ tests\e2e\venue-schedule.spec.ts:54:3 ΓÇ║ Venue Schedule E2E Tests ΓÇ║ mobile: does not cause horizontal page overflow (11.9s)
[WebServer] [API] [2026-02-04T22:42:08.153Z] GET /api/integrations/xero/status {
[WebServer] [API]   correlationId: 'e334ef6a-b7f8-4050-b012-08abc6acee87',
[WebServer] [API]   hasBody: true,
[WebServer] [API]   bodyKeys: [],
[WebServer] [API]   hasAuth: true,
[WebServer] [API]   authHeaderPrefix: 'Bearer mock-test-token...',
[WebServer] [API]   contentType: undefined
[WebServer] [API] }
[WebServer] [API] [2026-02-04T22:42:08.158Z] GET /api/integrations/xero/sync-history {
[WebServer] [API]   correlationId: '80db5bed-232d-4fee-8180-adc962a26a37',
[WebServer] [API]   hasBody: true,
[WebServer] [API]   bodyKeys: [],
[WebServer] [API]   hasAuth: true,
[WebServer] [API]   authHeaderPrefix: 'Bearer mock-test-token...',
[WebServer] [API]   contentType: undefined
[WebServer] [API] }
[WebServer] [API] [2026-02-04T22:42:08.161Z] GET /api/venues/me {
[WebServer] [API]   correlationId: 'e972a2d1-4e46-4e01-8ce8-b0da9a27ec04',
[WebServer] [API]   hasBody: true,
[WebServer] [API]   bodyKeys: [],
[WebServer] [API]   hasAuth: true,
[WebServer] [API]   authHeaderPrefix: 'Bearer mock-test-token...',
[WebServer] [API]   contentType: undefined
[WebServer] [API] }
[WebServer] [API] [WebServer] [2026-02-04T22:42:08.163Z] GET /api/stripe-connect/account/status {
[WebServer] [API]   correlationId: 'f0d8194e-c313-464d-8bd2-b099873bc620',
[WebServer] [API]   hasBody: true,
[WebServer] [API]   bodyKeys: [],
[WebServer] [API]   hasAuth: true,
[WebServer] [API]   authHeaderPrefix: 'Bearer mock-test-token...',
[WebServer] [API]   contentType: undefined
[WebServer] [API] }
[WebServer] [API] [2026-02-04T22:42:08.167Z] GET /api/analytics/dashboard {
[WebServer] [API]   correlationId: 'c68f12f4-90e6-44c3-861e-e31e5345178e',
[WebServer] [API]   hasBody: true,
[WebServer] [API]   bodyKeys: [],
[WebServer] [API]   hasAuth: true,
[WebServer] [API]   authHeaderPrefix: 'Bearer mock-test-token...',
[WebServer] [API]   contentType: undefined
[WebServer] [API] }
[WebServer] [API] [WebServer] [2026-02-04T22:42:08.776Z] GET /api/integrations/xero/status {
[WebServer] [API]   correlationId: '4bd22b11-4338-4d7b-b7ff-7689023c3386',
[WebServer] [API]   hasBody: true,
[WebServer] [API]   bodyKeys: [],
[WebServer] [API]   hasAuth: true,
[WebServer] [API]   authHeaderPrefix: 'Bearer mock-test-token...',
[WebServer] [API]   contentType: undefined
[WebServer] [API] }
[WebServer] [API] [2026-02-04T22:42:08.778Z] GET /api/integrations/xero/sync-history {
[WebServer] [API]   correlationId: '55accf76-d537-423f-939f-64e60153ade7',
[WebServer] [API]   hasBody: true,
[WebServer] [API]   bodyKeys: [],
[WebServer] [API]   hasAuth: true,
[WebServer] [API]   authHeaderPrefix: 'Bearer mock-test-token...',
[WebServer] [API]   contentType: undefined
[WebServer] [API] }
[WebServer] [API] [2026-02-04T22:42:08.781Z] GET /api/venues/me {
[WebServer] [API]   correlationId: '6ac839d5-bf48-4fe5-b30f-5e32ea4288d1',
[WebServer] [API]   hasBody: true,
[WebServer] [API]   bodyKeys: [],
[WebServer] [API]   hasAuth: true,
[WebServer] [API]   authHeaderPrefix: 'Bearer mock-test-token...',
[WebServer] [API]   contentType: undefined
[WebServer] [API] }
[WebServer] [API] [2026-02-04T22:42:08.783Z] GET /api/stripe-connect/account/status {
[WebServer] [API]   correlationId: '14583911-8c5b-4b8a-a6b8-103197912dd5',
[WebServer] [API]   hasBody: true,
[WebServer] [API]   bodyKeys: [],
[WebServer] [API]   hasAuth: true,
[WebServer] [API]   authHeaderPrefix: 'Bearer mock-test-token...',
[WebServer] [API]   contentType: undefined
[WebServer] [API] }
[WebServer] [API] [2026-02-04T22:42:08.793Z] GET /api/analytics/dashboard {
[WebServer] [API]   correlationId: '928f0010-f72e-47c4-b018-c2ecb015a479',
[WebServer] [API]   hasBody: true,
[WebServer] [API]   bodyKeys: [],
[WebServer] [API]   hasAuth: true,
[WebServer] [API]   authHeaderPrefix: 'Bearer mock-test-token...',
[WebServer] [API]   contentType: undefined
[WebServer] [API] }
[WebServer] [API] [2026-02-04T22:42:09.346Z] GET /api/users/verification-status {
[WebServer] [API]   correlationId: 'a882c037-677c-42e4-9b36-6ffa1eb54a21',
[WebServer] [API]   hasBody: true,
[WebServer] [API]   bodyKeys: [],
[WebServer] [API]   hasAuth: true,
[WebServer] [API]   authHeaderPrefix: 'Bearer mock-test-token...',
[WebServer] [API]   contentType: undefined
[WebServer] [API] }
[WebServer] [API] [2026-02-04T22:42:09.349Z] GET /api/shifts/messages/unread-count {
[WebServer] [API]   correlationId: '988d0d26-a730-4bb3-a13f-9be09f577ed7',
[WebServer] [API]   hasBody: true,
[WebServer] [API]   bodyKeys: [],
[WebServer] [API]   hasAuth: true,
[WebServer] [API]   authHeaderPrefix: 'Bearer mock-test-token...',
[WebServer] [API]   contentType: undefined
[WebServer] [API] }
  ok 353 [Mobile Safari] ΓÇ║ tests\e2e\landing.spec.ts:101:5 ΓÇ║ Landing Page Tests ΓÇ║ Pricing Tiers ΓÇ║ should display Most Popular badge on Business tier (14.2s)
Initial shift visibility for barber: false
  ok 321 [Mobile Safari] ΓÇ║ tests\e2e\onboarding.spec.ts:186:5 ΓÇ║ Onboarding Flow E2E Tests ΓÇ║ Complete Setup Banner ΓÇ║ should display Complete Setup Banner when hub user has no active subscription (22.2s)
[WebServer] [API] [2026-02-04T22:42:10.483Z] GET /api/notifications {
[WebServer] [API]   correlationId: '3f26a3e9-f725-4901-b592-1026325a3da8',
[WebServer] [API]   hasBody: true,
[WebServer] [API]   bodyKeys: [],
[WebServer] [API]   hasAuth: true,
[WebServer] [API]   authHeaderPrefix: 'Bearer mock-test-token...',
[WebServer] [API]   contentType: undefined
[WebServer] [API] }
[WebServer] [API] [2026-02-04T22:42:10.485Z] GET /api/conversations/unread-count {
[WebServer] [API]   correlationId: '6a45f2fd-3332-4370-bad9-fa66f6d9950c',
[WebServer] [API]   hasBody: true,
[WebServer] [API]   bodyKeys: [],
[WebServer] [API]   hasAuth: true,
[WebServer] [API]   authHeaderPrefix: 'Bearer mock-test-token...',
[WebServer] [API]   contentType: undefined
[WebServer] [API] }
[WebServer] [API] [AUTH DEBUG] authenticateUser GET path=/api/conversations/unread-count hasAuth=true
[WebServer] [API] [AUTH] authenticateUser called for GET /api/conversations/unread-count { hasAuthHeader: true, authHeaderPrefix: 'Bearer mock-test-tok' }
  ok 332 [Mobile Safari] ΓÇ║ tests\e2e\reputation_system.spec.ts:258:5 ΓÇ║ Reputation System - Automated Strike System E2E Tests ΓÇ║ No-Show Reporting ΓÇ║ should apply 2 strikes and suspend account on No-Show report (18.4s)
[WebServer] [API] [2026-02-04T22:42:13.635Z] GET /api/integrations/xero/status {
[WebServer] [API]   correlationId: '7d439905-caf5-49ab-831a-61b96a711e74',
[WebServer] [API]   hasBody: true,
[WebServer] [API]   bodyKeys: [],
[WebServer] [API]   hasAuth: true,
[WebServer] [API]   authHeaderPrefix: 'Bearer mock-test-token...',
[WebServer] [API]   contentType: undefined
[WebServer] [API] }
[WebServer] [API] [WebServer] [2026-02-04T22:42:13.640Z] GET /api/integrations/xero/sync-history {
[WebServer] [API]   correlationId: 'e579f9b0-2dbd-48d6-a5b0-5ab38c00d917',
[WebServer] [API]   hasBody: true,
[WebServer] [API]   bodyKeys: [],
[WebServer] [API]   hasAuth: true,
[WebServer] [API]   authHeaderPrefix: 'Bearer mock-test-token...',
[WebServer] [API]   contentType: undefined
[WebServer] [API] }
[WebServer] [API] [2026-02-04T22:42:13.644Z] GET /api/venues/me {
[WebServer] [API]   correlationId: 'eec5d8df-994b-4858-ba5a-f616ce6278a6',
[WebServer] [API]   hasBody: true,
[WebServer] [API]   bodyKeys: [],
[WebServer] [API]   hasAuth: true,
[WebServer] [API]   authHeaderPrefix: 'Bearer mock-test-token...',
[WebServer] [API]   contentType: undefined
[WebServer] [API] }
[WebServer] [API] [2026-02-04T22:42:13.646Z] GET /api/stripe-connect/account/status {
[WebServer] [API]   correlationId: '37bac119-28bf-4100-9afc-07be944aa955',
[WebServer] [API]   hasBody: true,
[WebServer] [API]   bodyKeys: [],
[WebServer] [API]   hasAuth: true,
[WebServer] [API]   authHeaderPrefix: 'Bearer mock-test-token...',
[WebServer] [API]   contentType: undefined
[WebServer] [API] }
[WebServer] [API] [2026-02-04T22:42:13.649Z] GET /api/shifts/shop/e2e-onboarding-flow-uid {
[WebServer] [API]   correlationId: '4d373e78-52a6-4e99-8cf0-1c0579e1ef03',
[WebServer] [API]   hasBody: true,
[WebServer] [API]   bodyKeys: [],
[WebServer] [API]   hasAuth: true,
[WebServer] [API]   authHeaderPrefix: 'Bearer mock-test-token...',
[WebServer] [API]   contentType: undefined
[WebServer] [API] }
[WebServer] [API] [2026-02-04T22:42:13.649Z] GET /api/analytics/dashboard {
[WebServer] [API]   correlationId: 'e2a103c3-2c20-4699-9f85-f4f441b113c7',
[WebServer] [API]   hasBody: true,
[WebServer] [API]   bodyKeys: [],
[WebServer] [API]   hasAuth: true,
[WebServer] [API]   authHeaderPrefix: 'Bearer mock-test-token...',
[WebServer] [API]   contentType: undefined
[WebServer] [API] }
[WebServer] [API] [2026-02-04T22:42:13.897Z] GET /api/subscriptions/current {
[WebServer] [API]   correlationId: 'fea332f2-1588-45d5-b7a5-04722c400062',
[WebServer] [API]   hasBody: true,
[WebServer] [API]   bodyKeys: [],
[WebServer] [API]   hasAuth: true,
[WebServer] [API]   authHeaderPrefix: 'Bearer mock-test-token...',
[WebServer] [API]   contentType: undefined
[WebServer] [API] }
[WebServer] [API] [AUTH DEBUG] authenticateUser GET path=/api/subscriptions/current hasAuth=true
[WebServer] [API] [AUTH] authenticateUser called for GET /api/subscriptions/current { hasAuthHeader: true, authHeaderPrefix: 'Bearer mock-test-tok' }
[WebServer] [API] [2026-02-04T22:42:13.900Z] GET /api/shifts/messages/unread-count {
[WebServer] [API]   correlationId: 'fa43fefb-b414-46a2-9e81-684a4f45b724',
[WebServer] [API]   hasBody: true,
[WebServer] [API]   bodyKeys: [],
[WebServer] [API]   hasAuth: true,
[WebServer] [API]   authHeaderPrefix: 'Bearer mock-test-token...',
[WebServer] [API]   contentType: undefined
[WebServer] [API] }
[WebServer] [API] [2026-02-04T22:42:14.849Z] GET /api/notifications {
[WebServer] [API]   correlationId: 'bb103576-7c89-4891-b424-b0738fe2e65c',
[WebServer] [API]   hasBody: true,
[WebServer] [API]   bodyKeys: [],
[WebServer] [API]   hasAuth: true,
[WebServer] [API]   authHeaderPrefix: 'Bearer mock-test-token...',
[WebServer] [API]   contentType: undefined
[WebServer] [API] }
[WebServer] [API] [2026-02-04T22:42:14.854Z] GET /api/conversations/unread-count {
[WebServer] [API]   correlationId: '3ebdee9d-d818-47b8-bbdb-fe48c2c747b8',
[WebServer] [API]   hasBody: true,
[WebServer] [API]   bodyKeys: [],
[WebServer] [API]   hasAuth: true,
[WebServer] [API]   authHeaderPrefix: 'Bearer mock-test-token...',
[WebServer] [API]   contentType: undefined
[WebServer] [API] }
[WebServer] [API] [AUTH] authenticateUser called for GET /api/conversations/unread-count { hasAuthHeader: true, authHeaderPrefix: 'Bearer mock-test-tok' }
[WebServer] [API] [AUTH DEBUG] authenticateUser GET path=/api/conversations/unread-count hasAuth=true
[WebServer] [API] [2026-02-04T22:42:15.969Z] GET /api/conversations/unread-count {
[WebServer] [API]   correlationId: '4ef58e22-be02-4764-a056-c794b0683bef',
[WebServer] [API]   hasBody: true,
[WebServer] [API]   bodyKeys: [],
[WebServer] [API]   hasAuth: true,
[WebServer] [API]   authHeaderPrefix: 'Bearer mock-test-token...',
[WebServer] [API]   contentType: undefined
[WebServer] [API] }
[WebServer] [API] [AUTH DEBUG] authenticateUser GET path=/api/conversations/unread-count hasAuth=true
[WebServer] [API] [AUTH] authenticateUser called for GET /api/conversations/unread-count { hasAuthHeader: true, authHeaderPrefix: 'Bearer mock-test-tok' }
[WebServer] [API] [2026-02-04T22:42:15.972Z] GET /api/notifications {
[WebServer] [API]   correlationId: '778d9efc-744d-447b-b3fd-a1172029bdf7',
[WebServer] [API]   hasBody: true,
[WebServer] [API]   bodyKeys: [],
[WebServer] [API]   hasAuth: true,
[WebServer] [API]   authHeaderPrefix: 'Bearer mock-test-token...',
[WebServer] [API]   contentType: undefined
[WebServer] [API] }
  ok 364 [Mobile Safari] ΓÇ║ tests\e2e\landing-layout.spec.ts:160:5 ΓÇ║ Landing Page Layout Regression Tests ΓÇ║ Mobile Overflow Prevention ΓÇ║ should not have horizontal scroll when scrolling entire page on mobile (15.9s)
  ok 308 [Mobile Safari] ΓÇ║ tests\e2e\onboarding-flow.spec.ts:21:3 ΓÇ║ HospoGo Onboarding Flow (full user journey) ΓÇ║ full journey: mock signup ΓåÆ Venue selection ΓåÆ no loop ΓåÆ state check ΓåÆ Stripe URL ΓåÆ dashboard access (52.4s)
  -  371 [Mobile Safari] ΓÇ║ tests\e2e\xero-integration.spec.ts:65:5 ΓÇ║ Xero Integration E2E Tests ΓÇ║ Handshake Flow ΓÇ║ Connected state shows status and Disconnect button
  -  372 [Mobile Safari] ΓÇ║ tests\e2e\xero-integration.spec.ts:81:5 ΓÇ║ Xero Integration E2E Tests ΓÇ║ Handshake Flow ΓÇ║ Disconnect flow works when connected
  -  373 [Mobile Safari] ΓÇ║ tests\e2e\xero-integration.spec.ts:96:5 ΓÇ║ Xero Integration E2E Tests ΓÇ║ Employee Mapping ΓÇ║ Xero Employee Mapper table renders when connected
  -  374 [Mobile Safari] ΓÇ║ tests\e2e\xero-integration.spec.ts:104:5 ΓÇ║ Xero Integration E2E Tests ΓÇ║ Employee Mapping ΓÇ║ Select Xero employee, Save Mappings, verify success toast and persistence
  -  375 [Mobile Safari] ΓÇ║ tests\e2e\xero-integration.spec.ts:138:5 ΓÇ║ Xero Integration E2E Tests ΓÇ║ Timesheet Sync ΓÇ║ Select calendar, Sync Now, confirm and verify success
  -  376 [Mobile Safari] ΓÇ║ tests\e2e\xero-integration.spec.ts:171:5 ΓÇ║ Xero Integration E2E Tests ΓÇ║ Partial Success ΓÇ║ Partial sync shows both success and failure details
  -  377 [Mobile Safari] ΓÇ║ tests\e2e\xero-integration.spec.ts:195:5 ΓÇ║ Xero Integration E2E Tests ΓÇ║ Failure Scenarios ΓÇ║ Sync timesheet returns 500 - error toast shown
  -  378 [Mobile Safari] ΓÇ║ tests\e2e\xero-integration.spec.ts:208:5 ΓÇ║ Xero Integration E2E Tests ΓÇ║ Failure Scenarios ΓÇ║ Sync timesheet returns locked period - error handled
  -  379 [Mobile Safari] ΓÇ║ tests\e2e\xero-integration.spec.ts:221:5 ΓÇ║ Xero Integration E2E Tests ΓÇ║ Failure Scenarios ΓÇ║ Employees API returns 500 - error toast in mapper
  -  380 [Mobile Safari] ΓÇ║ tests\e2e\xero-integration.spec.ts:232:5 ΓÇ║ Xero Integration E2E Tests ΓÇ║ Token Refresh Mutex ΓÇ║ Only one Refresh token call is sent for concurrent API calls
  -  381 [Mobile Safari] ΓÇ║ tests\e2e\xero-integration.spec.ts:312:5 ΓÇ║ Xero Integration E2E Tests ΓÇ║ Token Refresh Mutex ΓÇ║ Refresh token is reused when multiple sync operations run rapidly
ΓÜá∩╕Å  Could not find confirmed shift on shop calendar
[INTEGRATION TEST] Firebase Admin credentials not available. Skipping real token tests.
  -  382 [Mobile Safari] ΓÇ║ tests\integration.spec.ts:63:3 ΓÇ║ Backend Integration - Real Token Handshake ΓÇ║ Real Firebase token handshake with /api/me
[INTEGRATION TEST] Testing malformed token...
  ok 365 [Mobile Safari] ΓÇ║ tests\e2e\investor-portal.spec.ts:282:5 ΓÇ║ Investor Portal E2E Tests ΓÇ║ Investment Section ΓÇ║ The Ask section displays correct seed round details (15.0s)
[WebServer] [API] [2026-02-04T22:42:19.110Z] GET /api/me {
[WebServer] [API]   correlationId: '32c95985-fcc5-4bd0-8c62-9043b9c4102d',
[WebServer] [API]   hasBody: true,
[WebServer] [API]   bodyKeys: [],
[WebServer] [API]   hasAuth: true,
[WebServer] [API]   authHeaderPrefix: 'Bearer invalid.token.format...',
[WebServer] [API]   contentType: 'application/json'
[WebServer] [API] }
[WebServer] [API] [AUTH DEBUG] authenticateUser GET path=/api/me hasAuth=true
[WebServer] [API] [AUTH] authenticateUser called for GET /api/me { hasAuthHeader: true, authHeaderPrefix: 'Bearer invalid.token' }
[WebServer] [API] [AUTH DEBUG] Firebase Admin initialized successfully { projectId: 'snipshift-75b04', hasAuthInstance: true }
[WebServer] [API] [AUTH DEBUG] Backend Project ID: snipshift-75b04
[WebServer] [API] [AUTH] Received Token Start: invalid.to
[WebServer] [API] [AUTH] Verifying token for /api/me {
[WebServer] [API]   hasToken: true,
[WebServer] [API]   tokenLength: 20,
[WebServer] [API]   tokenPrefix: 'invalid.token.format...',
[WebServer] [API]   tokenStart: 'invalid.to',
[WebServer] [API]   projectId: 'snipshift-75b04',
[WebServer] [API]   firebaseAuthInitialized: true
[WebServer] [API] }
[WebServer] [API] [AUTH ERROR] Token is malformed - cannot decode header/payload: {
[WebServer] [API]   "error": "Unexpected token '∩┐╜', \"∩┐╜{┌û'\" is not valid JSON"
[WebServer] [API] }
[WebServer] [API] [AUTH ERROR] Token is malformed - cannot decode header/payload: { error: `Unexpected token '∩┐╜', "∩┐╜{┌û'" is not valid JSON` }
[WebServer] [API] [AUTH ERROR] ============================================
[WebServer] [API] [AUTH ERROR] ============================================
[WebServer] [API] [AUTH ERROR] Token Verification Failed - Detailed Analysis
[WebServer] [API] [AUTH ERROR] Token Verification Failed - Detailed Analysis
[WebServer] [API] [AUTH ERROR] ============================================
[WebServer] [API] [AUTH ERROR] ============================================
[WebServer] [API] [AUTH ERROR] Error Code: auth/argument-error
[WebServer] [API] [AUTH ERROR] Error Code: auth/argument-error
[WebServer] [API] [AUTH ERROR] Error Name: Error
[WebServer] [API] [AUTH ERROR] Error Name: Error
[WebServer] [API] [AUTH ERROR] Error Message: Decoding Firebase ID token failed. Make sure you passed the entire string JWT which represents an ID token. See https://firebase.google.com/docs/auth/admin/verify-id-tokens for details on how to retrieve an ID token.
[WebServer] [API] [AUTH ERROR] Error Message: Decoding Firebase ID token failed. Make sure you passed the entire string JWT which represents an ID token. See https://firebase.google.com/docs/auth/admin/verify-id-tokens for details on how to retrieve an ID token.
[WebServer] [API] [AUTH ERROR] Path: /me
[WebServer] [API] [AUTH ERROR] Path: /me
[WebServer] [API] [AUTH ERROR] Method: GET
[WebServer] [API] [AUTH ERROR] Method: GET
[WebServer] [API] [AUTH ERROR] ============================================
[WebServer] [API] [AUTH ERROR] ============================================
[WebServer] [API] [AUTH ERROR] Token Details:
[WebServer] [API] [AUTH ERROR] Token Details:
[WebServer] [API] [AUTH ERROR]   - Length: 20
[WebServer] [API] [AUTH ERROR]   - Length: 20
[WebServer] [API] [AUTH ERROR]   - Prefix: invalid.token.format...
[WebServer] [API] [AUTH ERROR]   - Prefix: invalid.token.format...
[WebServer] [API] [AUTH ERROR]   - Suffix: ...invalid.token.format
[WebServer] [API] [AUTH ERROR]   - Suffix: ...invalid.token.format
[WebServer] [API] [WebServer] [AUTH ERROR]   - Token Project ID (from payload): N/A (could not decode)
[WebServer] [API] [AUTH ERROR]   - Token Project ID (from payload): N/A (could not decode)
[WebServer] [API] [AUTH ERROR]   - Token Expiry: N/A
[WebServer] [API] [AUTH ERROR]   - Token Expiry: N/A
[WebServer] [API] [AUTH ERROR]   - Is Expired: null
[WebServer] [API] [AUTH ERROR]   - Is Expired: null
[WebServer] [API] [AUTH ERROR] ============================================
[WebServer] [API] [AUTH ERROR] ============================================
[WebServer] [API] [AUTH ERROR] Environment Configuration:
[WebServer] [API] [AUTH ERROR] Environment Configuration:
[WebServer] [API] [AUTH ERROR]   - FIREBASE_PROJECT_ID: snipshift-75b04
[WebServer] [API] [AUTH ERROR]   - FIREBASE_PROJECT_ID: snipshift-75b04
[WebServer] [API] [AUTH ERROR]   - Firebase Auth Initialized: true
[WebServer] [API] [AUTH ERROR]   - Firebase Auth Initialized: true
[WebServer] [API] [AUTH ERROR]   - Project ID Match: NO
[WebServer] [API] [AUTH ERROR]   - Project ID Match: NO
[WebServer] [API] [AUTH ERROR] ============================================
[WebServer] [API] [AUTH ERROR] ============================================
[WebServer] [API] [AUTH ERROR] Failure Reason Analysis:
[WebServer] [API] [AUTH ERROR] Failure Reason Analysis:
[WebServer] [API] [AUTH ERROR]   - Is Expired: null
[WebServer] [API] [AUTH ERROR]   - Is Expired: null
[WebServer] [API] [AUTH ERROR]   - Is Invalid Format: true
[WebServer] [API] [AUTH ERROR]   - Is Invalid Format: true
[WebServer] [API] [AUTH ERROR]   - Is Project Mismatch: null
[WebServer] [API] [AUTH ERROR]   - Is Project Mismatch: null
[WebServer] [API] [AUTH ERROR]   - Is Revoked: false
[WebServer] [API] [AUTH ERROR]   - Is Revoked: false
[WebServer] [API] [AUTH ERROR]   - Is Malformed Header: true
[WebServer] [API] [AUTH ERROR]   - Is Malformed Header: true
[WebServer] [API] [AUTH ERROR]   - Is Invalid Signature: false
[WebServer] [API] [AUTH ERROR]   - Is Invalid Signature: false
[WebServer] [API] [WebServer] [AUTH ERROR] ============================================
[WebServer] [API] [AUTH ERROR] ============================================
[WebServer] [API] [AUTH ERROR] Diagnostic: Token header is malformed or invalid JWT format
[WebServer] [API] [AUTH ERROR] Diagnostic: Token header is malformed or invalid JWT format
[WebServer] [API] [AUTH ERROR] ============================================
[WebServer] [API] [AUTH ERROR] ============================================
[INTEGRATION TEST] 401 response for malformed token: {
  message: [32m'Unauthorized: Malformed token header.'[39m,
  error: [32m'Decoding Firebase ID token failed. Make sure you passed the entire string JWT which represents an ID token. See https://firebase.google.com/docs/auth/admin/verify-id-tokens for details on how to retrieve an ID token.'[39m,
  code: [32m'auth/argument-error'[39m,
  diagnostic: [32m'Token header is malformed or invalid JWT format'[39m,
  tokenProjectId: [1mnull[22m,
  expectedProjectId: [32m'snipshift-75b04'[39m,
  failureReasons: {
    isExpired: [1mnull[22m,
    isInvalidFormat: [33mtrue[39m,
    isProjectMismatch: [1mnull[22m,
    isRevoked: [33mfalse[39m,
    isMalformedHeader: [33mtrue[39m,
    isInvalidSignature: [33mfalse[39m
  }
}
  ok 383 [Mobile Safari] ΓÇ║ tests\integration.spec.ts:197:3 ΓÇ║ Backend Integration - Real Token Handshake ΓÇ║ Invalid token format - should return 401 with detailed error (502ms)
[INTEGRATION TEST] Testing expired/invalid token...
[WebServer] [API] [2026-02-04T22:42:19.154Z] GET /api/me {
[WebServer] [API]   correlationId: 'a40b7d13-58bb-424a-8034-decfc469bffa',
[WebServer] [API]   hasBody: true,
[WebServer] [API]   bodyKeys: [],
[WebServer] [API]   hasAuth: true,
[WebServer] [API]   authHeaderPrefix: 'Bearer eyJhbGciOiJSUzI1NiIsInR...',
[WebServer] [API]   contentType: 'application/json'
[WebServer] [API] }
[WebServer] [API] [AUTH DEBUG] authenticateUser GET path=/api/me hasAuth=true
[WebServer] [API] [AUTH] authenticateUser called for GET /api/me { hasAuthHeader: true, authHeaderPrefix: 'Bearer eyJhbGciOiJSU' }
[WebServer] [API] [AUTH DEBUG] Firebase Admin initialized successfully { projectId: 'snipshift-75b04', hasAuthInstance: true }
[WebServer] [API] [AUTH DEBUG] Backend Project ID: snipshift-75b04
[WebServer] [API] [AUTH] Received Token Start: eyJhbGciOi
[WebServer] [API] [AUTH] Verifying token for /api/me {
[WebServer] [API]   hasToken: true,
[WebServer] [API]   tokenLength: 229,
[WebServer] [API]   tokenPrefix: 'eyJhbGciOiJSUzI1NiIsInR5cCI6Ik...',
[WebServer] [API]   tokenStart: 'eyJhbGciOi',
[WebServer] [API]   projectId: 'snipshift-75b04',
[WebServer] [API]   firebaseAuthInitialized: true
[WebServer] [API] }
[WebServer] [API] [AUTH ERROR] ============================================
[WebServer] [API] [AUTH ERROR] ============================================
[WebServer] [API] [AUTH ERROR] Token Verification Failed - Detailed Analysis
[WebServer] [API] [AUTH ERROR] Token Verification Failed - Detailed Analysis
[WebServer] [API] [AUTH ERROR] ============================================
[WebServer] [API] [AUTH ERROR] ============================================
[WebServer] [API] [AUTH ERROR] Error Code: auth/argument-error
[WebServer] [API] [AUTH ERROR] Error Code: auth/argument-error
[WebServer] [API] [AUTH ERROR] Error Name: Error
[WebServer] [API] [AUTH ERROR] Error Name: Error
[WebServer] [API] [AUTH ERROR] Error Message: Firebase ID token has no "sub" (subject) claim. See https://firebase.google.com/docs/auth/admin/verify-id-tokens for details on how to retrieve an ID token.
[WebServer] [API] [AUTH ERROR] Error Message: Firebase ID token has no "sub" (subject) claim. See https://firebase.google.com/docs/auth/admin/verify-id-tokens for details on how to retrieve an ID token.
[WebServer] [API] [AUTH ERROR] Path: /me
[WebServer] [API] [AUTH ERROR] Path: /me
[WebServer] [API] [AUTH ERROR] Method: GET
[WebServer] [API] [AUTH ERROR] Method: GET
[WebServer] [API] [AUTH ERROR] ============================================
[WebServer] [API] [AUTH ERROR] ============================================
[WebServer] [API] [AUTH ERROR] Token Details:
[WebServer] [API] [AUTH ERROR] Token Details:
[WebServer] [API] [AUTH ERROR]   - Length: 229
[WebServer] [API] [AUTH ERROR]   - Length: 229
[WebServer] [API] [AUTH ERROR]   - Prefix: eyJhbGciOiJSUzI1NiIs...
[WebServer] [API] [AUTH ERROR]   - Prefix: eyJhbGciOiJSUzI1NiIs...
[WebServer] [API] [AUTH ERROR]   - Suffix: ...fQ.expired-signature
[WebServer] [API] [AUTH ERROR]   - Suffix: ...fQ.expired-signature
[WebServer] [API] [AUTH ERROR]   - Token Project ID (from payload): snipshift-75b04
[WebServer] [API] [AUTH ERROR]   - Token Project ID (from payload): snipshift-75b04
[WebServer] [API] [AUTH ERROR]   - Token Expiry: 2020-09-13T12:26:40.000Z
[WebServer] [API] [AUTH ERROR]   - Token Expiry: 2020-09-13T12:26:40.000Z
[WebServer] [API] [AUTH ERROR]   - Is Expired: true
[WebServer] [API] [AUTH ERROR]   - Is Expired: true
[WebServer] [API] [AUTH ERROR] ============================================
[WebServer] [API] [AUTH ERROR] ============================================
[WebServer] [API] [AUTH ERROR] Environment Configuration:
[WebServer] [API] [AUTH ERROR] Environment Configuration:
[WebServer] [API] [AUTH ERROR]   - FIREBASE_PROJECT_ID: snipshift-75b04
[WebServer] [API] [AUTH ERROR]   - FIREBASE_PROJECT_ID: snipshift-75b04
[WebServer] [API] [AUTH ERROR]   - Firebase Auth Initialized: true
[WebServer] [API] [AUTH ERROR]   - Firebase Auth Initialized: true
[WebServer] [API] [AUTH ERROR]   - Project ID Match: YES
[WebServer] [API] [AUTH ERROR]   - Project ID Match: YES
[WebServer] [API] [AUTH ERROR] ============================================
[WebServer] [API] [AUTH ERROR] ============================================
[WebServer] [API] [AUTH ERROR] Failure Reason Analysis:
[WebServer] [API] [AUTH ERROR] Failure Reason Analysis:
[WebServer] [API] [AUTH ERROR]   - Is Expired: true
[WebServer] [API] [AUTH ERROR]   - Is Expired: true
[WebServer] [API] [AUTH ERROR]   - Is Invalid Format: true
[WebServer] [API] [AUTH ERROR]   - Is Invalid Format: true
[WebServer] [API] [AUTH ERROR]   - Is Project Mismatch: false
[WebServer] [API] [AUTH ERROR]   - Is Project Mismatch: false
[WebServer] [API] [AUTH ERROR]   - Is Revoked: false
[WebServer] [API] [AUTH ERROR]   - Is Revoked: false
[WebServer] [API] [AUTH ERROR]   - Is Malformed Header: false
[WebServer] [API] [AUTH ERROR]   - Is Malformed Header: false
[WebServer] [API] [AUTH ERROR]   - Is Invalid Signature: false
[WebServer] [API] [AUTH ERROR]   - Is Invalid Signature: false
[WebServer] [API] [AUTH ERROR] ============================================
[WebServer] [API] [AUTH ERROR] ============================================
[WebServer] [API] [AUTH ERROR] Diagnostic: Token expired at 2020-09-13T12:26:40.000Z
[WebServer] [API] [AUTH ERROR] Diagnostic: Token expired at 2020-09-13T12:26:40.000Z
[WebServer] [API] [AUTH ERROR] ============================================
[WebServer] [API] [AUTH ERROR] ============================================
[INTEGRATION TEST] 401 response for expired token: {
  message: [32m'Unauthorized: Token expired. Please sign in again.'[39m,
  error: [32m'Firebase ID token has no "sub" (subject) claim. See https://firebase.google.com/docs/auth/admin/verify-id-tokens for details on how to retrieve an ID token.'[39m,
  code: [32m'auth/argument-error'[39m,
  diagnostic: [32m'Token expired at 2020-09-13T12:26:40.000Z'[39m,
  tokenProjectId: [32m'snipshift-75b04'[39m,
  expectedProjectId: [32m'snipshift-75b04'[39m,
  failureReasons: {
    isExpired: [33mtrue[39m,
    isInvalidFormat: [33mtrue[39m,
    isProjectMismatch: [33mfalse[39m,
    isRevoked: [33mfalse[39m,
    isMalformedHeader: [33mfalse[39m,
    isInvalidSignature: [33mfalse[39m
  }
}
  ok 385 [Mobile Safari] ΓÇ║ tests\integration.spec.ts:221:3 ΓÇ║ Backend Integration - Real Token Handshake ΓÇ║ Expired token - should return 401 with expiry error (21ms)
[INTEGRATION TEST] Firebase Admin credentials not available. Skipping real token tests.
  -  386 [Mobile Safari] ΓÇ║ tests\integration.spec.ts:245:3 ΓÇ║ Backend Integration - Real Token Handshake ΓÇ║ Project ID mismatch - should log detailed error
  -  387 [Mobile Safari] ΓÇ║ tests\pro-marketplace.spec.ts:8:6 ΓÇ║ Hospo Staff Onboarding: Complete profile, apply for shifts, clock in with geofence, and complete shift cycle
  -  388 [Mobile Safari] ΓÇ║ tests\visual\dashboard.spec.ts:63:5 ΓÇ║ Visual Regression Tests - Dashboard ΓÇ║ User Dashboard ΓÇ║ should match baseline screenshot for user dashboard
  -  389 [Mobile Safari] ΓÇ║ tests\visual\dashboard.spec.ts:81:5 ΓÇ║ Visual Regression Tests - Dashboard ΓÇ║ User Dashboard ΓÇ║ should match baseline screenshot for user dashboard on mobile
  -  390 [Mobile Safari] ΓÇ║ tests\visual\dashboard.spec.ts:104:5 ΓÇ║ Visual Regression Tests - Dashboard ΓÇ║ Venue Dashboard ΓÇ║ should match baseline screenshot for venue dashboard
  -  391 [Mobile Safari] ΓÇ║ tests\visual\dashboard.spec.ts:134:5 ΓÇ║ Visual Regression Tests - Dashboard ΓÇ║ Venue Dashboard ΓÇ║ should match baseline screenshot for venue dashboard on mobile
  -  392 [Mobile Safari] ΓÇ║ tests\visual\dashboard.spec.ts:164:5 ΓÇ║ Visual Regression Tests - Dashboard ΓÇ║ Onboarding Hub ΓÇ║ should match baseline screenshot for onboarding hub step 1
  -  393 [Mobile Safari] ΓÇ║ tests\visual\dashboard.spec.ts:193:5 ΓÇ║ Visual Regression Tests - Dashboard ΓÇ║ Onboarding Hub ΓÇ║ should match baseline screenshot for onboarding hub on mobile
  -  394 [Mobile Safari] ΓÇ║ tests\visual\dashboard.spec.ts:223:5 ΓÇ║ Visual Regression Tests - Dashboard ΓÇ║ Dark Theme Verification ΓÇ║ should verify dark theme is applied globally
[WebServer] [API] [2026-02-04T22:42:22.166Z] GET /api/notifications {
[WebServer] [API]   correlationId: 'a157d06f-92db-4df8-984a-a18eaad22d7f',
[WebServer] [API]   hasBody: true,
[WebServer] [API]   bodyKeys: [],
[WebServer] [API]   hasAuth: true,
[WebServer] [API]   authHeaderPrefix: 'Bearer mock-test-token...',
[WebServer] [API]   contentType: undefined
[WebServer] [API] }
[WebServer] [API] [2026-02-04T22:42:22.171Z] GET /api/conversations/unread-count {
[WebServer] [API]   correlationId: '294f294b-7182-4275-a1ca-39f1283d7b86',
[WebServer] [API]   hasBody: true,
[WebServer] [API]   bodyKeys: [],
[WebServer] [API]   hasAuth: true,
[WebServer] [API]   authHeaderPrefix: 'Bearer mock-test-token...',
[WebServer] [API]   contentType: undefined
[WebServer] [API] }
[WebServer] [API] [AUTH DEBUG] authenticateUser GET path=/api/conversations/unread-count hasAuth=true
[WebServer] [API] [AUTH] authenticateUser called for GET /api/conversations/unread-count { hasAuthHeader: true, authHeaderPrefix: 'Bearer mock-test-tok' }
[WebServer] [API] [2026-02-04T22:42:23.045Z] GET /api/notifications {
[WebServer] [API]   correlationId: 'aa8dc6eb-63cb-43d2-942e-06c35d034dc4',
[WebServer] [API]   hasBody: true,
[WebServer] [API]   bodyKeys: [],
[WebServer] [API]   hasAuth: true,
[WebServer] [API]   authHeaderPrefix: 'Bearer mock-test-token...',
[WebServer] [API]   contentType: undefined
[WebServer] [API] }
[WebServer] [API] [2026-02-04T22:42:23.047Z] GET /api/conversations/unread-count {
[WebServer] [API]   correlationId: 'f6b5ba55-8889-4eed-81be-9a94019b14fa',
[WebServer] [API]   hasBody: true,
[WebServer] [API]   bodyKeys: [],
[WebServer] [API]   hasAuth: true,
[WebServer] [API]   authHeaderPrefix: 'Bearer mock-test-token...',
[WebServer] [API]   contentType: undefined
[WebServer] [API] }
[WebServer] [API] [AUTH DEBUG] authenticateUser GET path=/api/conversations/unread-count hasAuth=true
[WebServer] [API] [AUTH] authenticateUser called for GET /api/conversations/unread-count { hasAuthHeader: true, authHeaderPrefix: 'Bearer mock-test-tok' }
[WebServer] [API] [2026-02-04T22:42:24.223Z] GET /api/users/verification-status {
[WebServer] [API]   correlationId: 'e83614df-f5a2-4d27-8964-6822b346829d',
[WebServer] [API]   hasBody: true,
[WebServer] [API]   bodyKeys: [],
[WebServer] [API]   hasAuth: true,
[WebServer] [API]   authHeaderPrefix: 'Bearer mock-test-token...',
[WebServer] [API]   contentType: undefined
[WebServer] [API] }
[WebServer] [API] [2026-02-04T22:42:24.237Z] GET /api/shifts/messages/unread-count {
[WebServer] [API]   correlationId: 'f681094c-0a37-43f1-bcc7-20370a6244ba',
[WebServer] [API]   hasBody: true,
[WebServer] [API]   bodyKeys: [],
[WebServer] [API]   hasAuth: true,
[WebServer] [API]   authHeaderPrefix: 'Bearer mock-test-token...',
[WebServer] [API]   contentType: undefined
[WebServer] [API] }
[WebServer] [API] [2026-02-04T22:42:24.244Z] GET /api/notifications {
[WebServer] [API]   correlationId: 'cfee7080-4fbf-4993-a770-53dbf095b9e6',
[WebServer] [API]   hasBody: true,
[WebServer] [API]   bodyKeys: [],
[WebServer] [API]   hasAuth: true,
[WebServer] [API]   authHeaderPrefix: 'Bearer mock-test-token...',
[WebServer] [API]   contentType: undefined
[WebServer] [API] }
[WebServer] [API] [2026-02-04T22:42:24.248Z] GET /api/conversations/unread-count {
[WebServer] [API]   correlationId: '48b5fd22-82f5-43d3-856d-453a2f6ec1ee',
[WebServer] [API]   hasBody: true,
[WebServer] [API]   bodyKeys: [],
[WebServer] [API]   hasAuth: true,
[WebServer] [API]   authHeaderPrefix: 'Bearer mock-test-token...',
[WebServer] [API]   contentType: undefined
[WebServer] [API] }
[WebServer] [API] [AUTH DEBUG] authenticateUser GET path=/api/conversations/unread-count hasAuth=true
[WebServer] [API] [AUTH] authenticateUser called for GET /api/conversations/unread-count { hasAuthHeader: true, authHeaderPrefix: 'Bearer mock-test-tok' }
  ok 367 [Mobile Safari] ΓÇ║ tests\e2e\landing.spec.ts:119:5 ΓÇ║ Landing Page Tests ΓÇ║ Pricing Tiers ΓÇ║ should navigate to /signup?plan=business&trial=true when clicking Start 14-Day Free Trial (15.5s)
Γ£à Cancellation Sync: Shift successfully removed from barber view
  ok 363 [Mobile Safari] ΓÇ║ tests\e2e\calendar-lifecycle.spec.ts:544:5 ΓÇ║ Calendar Lifecycle E2E Tests ΓÇ║ Test Case 3: The Cancellation Sync ΓÇ║ Shop cancels confirmed shift, barber sees it disappear from upcoming shifts (29.4s)
[WebServer] [API] [2026-02-04T22:42:26.306Z] GET /api/integrations/xero/status {
[WebServer] [API]   correlationId: '6e43c559-73ec-4d31-82a6-e8c06ef1aaec',
[WebServer] [API]   hasBody: true,
[WebServer] [API]   bodyKeys: [],
[WebServer] [API]   hasAuth: true,
[WebServer] [API]   authHeaderPrefix: 'Bearer mock-test-token...',
[WebServer] [API]   contentType: undefined
[WebServer] [API] }
[WebServer] [API] [2026-02-04T22:42:26.309Z] GET /api/integrations/xero/sync-history {
[WebServer] [API]   correlationId: '2d8ca14c-b017-4f76-93df-507b751c3a23',
[WebServer] [API]   hasBody: true,
[WebServer] [API]   bodyKeys: [],
[WebServer] [API]   hasAuth: true,
[WebServer] [API]   authHeaderPrefix: 'Bearer mock-test-token...',
[WebServer] [API]   contentType: undefined
[WebServer] [API] }
[WebServer] [API] [2026-02-04T22:42:26.312Z] GET /api/venues/me {
[WebServer] [API]   correlationId: 'e8dda75d-c10d-4903-ad1a-7c39ac70ff1f',
[WebServer] [API]   hasBody: true,
[WebServer] [API]   bodyKeys: [],
[WebServer] [API]   hasAuth: true,
[WebServer] [API]   authHeaderPrefix: 'Bearer mock-test-token...',
[WebServer] [API]   contentType: undefined
[WebServer] [API] }
[WebServer] [API] [2026-02-04T22:42:26.314Z] GET /api/stripe-connect/account/status {
[WebServer] [API]   correlationId: 'aab0988b-6b14-4b6f-a914-84cee5df58d1',
[WebServer] [API]   hasBody: true,
[WebServer] [API]   bodyKeys: [],
[WebServer] [API]   hasAuth: true,
[WebServer] [API]   authHeaderPrefix: 'Bearer mock-test-token...',
[WebServer] [API]   contentType: undefined
[WebServer] [API] }
[WebServer] [API] [2026-02-04T22:42:26.323Z] GET /api/analytics/dashboard {
[WebServer] [API]   correlationId: 'f40ef287-fa3b-42a1-bac7-7e4f6b4a5b19',
[WebServer] [API]   hasBody: true,
[WebServer] [API]   bodyKeys: [],
[WebServer] [API]   hasAuth: true,
[WebServer] [API]   authHeaderPrefix: 'Bearer mock-test-token...',
[WebServer] [API]   contentType: undefined
[WebServer] [API] }
[WebServer] [API] [2026-02-04T22:42:27.738Z] GET /api/integrations/xero/status {
[WebServer] [API]   correlationId: 'ac4ff2e8-9308-4f3e-be6f-3f972b8df971',
[WebServer] [API]   hasBody: true,
[WebServer] [API]   bodyKeys: [],
[WebServer] [API]   hasAuth: true,
[WebServer] [API]   authHeaderPrefix: 'Bearer mock-test-token...',
[WebServer] [API]   contentType: undefined
[WebServer] [API] }
[WebServer] [API] [2026-02-04T22:42:27.744Z] GET /api/integrations/xero/sync-history {
[WebServer] [API]   correlationId: '6dedfd59-be08-4152-a16e-bbb7e9b41540',
[WebServer] [API]   hasBody: true,
[WebServer] [API]   bodyKeys: [],
[WebServer] [API]   hasAuth: true,
[WebServer] [API]   authHeaderPrefix: 'Bearer mock-test-token...',
[WebServer] [API]   contentType: undefined
[WebServer] [API] }
[WebServer] [API] [2026-02-04T22:42:27.750Z] GET /api/venues/me {
[WebServer] [API]   correlationId: '4f6acb2e-c57c-4008-94db-72ee7e670d05',
[WebServer] [API]   hasBody: true,
[WebServer] [API]   bodyKeys: [],
[WebServer] [API]   hasAuth: true,
[WebServer] [API]   authHeaderPrefix: 'Bearer mock-test-token...',
[WebServer] [API]   contentType: undefined
[WebServer] [API] }
[WebServer] [API] [2026-02-04T22:42:27.756Z] GET /api/stripe-connect/account/status {
[WebServer] [API]   correlationId: 'e109820a-95d5-4f54-a9cd-d37dea5241ec',
[WebServer] [API]   hasBody: true,
[WebServer] [API]   bodyKeys: [],
[WebServer] [API]   hasAuth: true,
[WebServer] [API]   authHeaderPrefix: 'Bearer mock-test-token...',
[WebServer] [API]   contentType: undefined
[WebServer] [API] }
[WebServer] [API] [2026-02-04T22:42:27.764Z] GET /api/analytics/dashboard {
[WebServer] [API]   correlationId: '08f501d8-68d7-45c1-89e2-7afb0a18896e',
[WebServer] [API]   hasBody: true,
[WebServer] [API]   bodyKeys: [],
[WebServer] [API]   hasAuth: true,
[WebServer] [API]   authHeaderPrefix: 'Bearer mock-test-token...',
[WebServer] [API]   contentType: undefined
[WebServer] [API] }
  ok 366 [Mobile Safari] ΓÇ║ tests\e2e\venue-schedule.spec.ts:107:3 ΓÇ║ Venue Schedule E2E Tests ΓÇ║ quick create + bulk actions + confirmed shift safety (21.8s)
  ok 368 [Mobile Safari] ΓÇ║ tests\e2e\onboarding.spec.ts:229:5 ΓÇ║ Onboarding Flow E2E Tests ΓÇ║ Complete Setup Banner ΓÇ║ should NOT display Complete Setup Banner when hub user has active subscription (18.9s)
  -  398 [Mobile Safari] ΓÇ║ tests\e2e\onboarding.spec.ts:259:10 ΓÇ║ Onboarding Flow E2E Tests ΓÇ║ Complete Setup Banner ΓÇ║ should dismiss Complete Setup Banner when "Remind me later" is clicked
  ok 369 [Mobile Safari] ΓÇ║ tests\e2e\reputation_system.spec.ts:381:5 ΓÇ║ Reputation System - Automated Strike System E2E Tests ΓÇ║ No-Show Reporting ΓÇ║ should show suspended status after No-Show is reported (19.3s)
  ok 395 [Mobile Safari] ΓÇ║ tests\waitlist-ui.spec.ts:4:3 ΓÇ║ Waitlist UI Smoke Test ΓÇ║ Waitlist page renders and toggle works correctly (11.5s)
  -  370 [Mobile Safari] ΓÇ║ tests\e2e\landing-layout.spec.ts:182:5 ΓÇ║ Landing Page Layout Regression Tests ΓÇ║ Feedback Widget Non-Obstruction ΓÇ║ should not cover Next button on onboarding page on mobile
  ok 384 [Mobile Safari] ΓÇ║ tests\e2e\investor-portal.spec.ts:361:5 ΓÇ║ Investor Portal E2E Tests ΓÇ║ Authenticated Persistence (Neutral Zone) ΓÇ║ Authenticated Business user stays on /investorportal (no redirect to dashboard) (13.3s)
[WebServer] [API] [2026-02-04T22:42:34.397Z] GET /api/notifications {
[WebServer] [API]   correlationId: 'e85723c4-9706-44d8-839c-17ffc9644322',
[WebServer] [API]   hasBody: true,
[WebServer] [API]   bodyKeys: [],
[WebServer] [API]   hasAuth: true,
[WebServer] [API]   authHeaderPrefix: 'Bearer mock-test-token...',
[WebServer] [API]   contentType: undefined
[WebServer] [API] }
[WebServer] [API] [2026-02-04T22:42:34.402Z] GET /api/conversations/unread-count {
[WebServer] [API]   correlationId: '10b8f079-248f-4410-a42d-08a8a1e7a40b',
[WebServer] [API]   hasBody: true,
[WebServer] [API]   bodyKeys: [],
[WebServer] [API]   hasAuth: true,
[WebServer] [API]   authHeaderPrefix: 'Bearer mock-test-token...',
[WebServer] [API]   contentType: undefined
[WebServer] [API] }
[WebServer] [API] [AUTH DEBUG] authenticateUser GET path=/api/conversations/unread-count hasAuth=true
[WebServer] [API] [AUTH] authenticateUser called for GET /api/conversations/unread-count { hasAuthHeader: true, authHeaderPrefix: 'Bearer mock-test-tok' }
  ok 396 [Mobile Safari] ΓÇ║ tests\e2e\landing.spec.ts:144:5 ΓÇ║ Landing Page Tests ΓÇ║ FAQ Interaction ΓÇ║ should expand FAQ item and display answer when clicked (11.5s)
  ok 401 [Mobile Safari] ΓÇ║ tests\waitlist-ui.spec.ts:64:3 ΓÇ║ Waitlist UI Smoke Test ΓÇ║ Waitlist Venue form submission works (9.2s)
[WebServer] [API] [2026-02-04T22:42:43.448Z] GET /api/notifications {
[WebServer] [API]   correlationId: '3512369b-df86-46fc-9e6f-ca55a5583999',
[WebServer] [API]   hasBody: true,
[WebServer] [API]   bodyKeys: [],
[WebServer] [API]   hasAuth: true,
[WebServer] [API]   authHeaderPrefix: 'Bearer mock-test-token...',
[WebServer] [API]   contentType: undefined
[WebServer] [API] }
[WebServer] [API] [2026-02-04T22:42:43.456Z] GET /api/conversations/unread-count {
[WebServer] [API]   correlationId: '46dcb2d2-b51a-455d-8ccf-62593fc130e0',
[WebServer] [API]   hasBody: true,
[WebServer] [API]   bodyKeys: [],
[WebServer] [API]   hasAuth: true,
[WebServer] [API]   authHeaderPrefix: 'Bearer mock-test-token...',
[WebServer] [API]   contentType: undefined
[WebServer] [API] }
[WebServer] [API] [AUTH DEBUG] authenticateUser GET path=/api/conversations/unread-count hasAuth=true
[WebServer] [API] [AUTH] authenticateUser called for GET /api/conversations/unread-count { hasAuthHeader: true, authHeaderPrefix: 'Bearer mock-test-tok' }
[WebServer] [API] [2026-02-04T22:42:43.957Z] GET /api/notifications {
[WebServer] [API]   correlationId: '7f684900-4e22-497b-bee3-7dbef94f5e05',
[WebServer] [API]   hasBody: true,
[WebServer] [API]   bodyKeys: [],
[WebServer] [API]   hasAuth: true,
[WebServer] [API]   authHeaderPrefix: 'Bearer mock-test-token...',
[WebServer] [API]   contentType: undefined
[WebServer] [API] }
[WebServer] [API] [2026-02-04T22:42:43.961Z] GET /api/conversations/unread-count {
[WebServer] [API]   correlationId: '88e0d29a-d890-4424-8783-da96bf0cf81a',
[WebServer] [API]   hasBody: true,
[WebServer] [API]   bodyKeys: [],
[WebServer] [API]   hasAuth: true,
[WebServer] [API]   authHeaderPrefix: 'Bearer mock-test-token...',
[WebServer] [API]   contentType: undefined
[WebServer] [API] }
[WebServer] [API] [AUTH] authenticateUser called for GET /api/conversations/unread-count { hasAuthHeader: true, authHeaderPrefix: 'Bearer mock-test-tok' }
[WebServer] [API] [AUTH DEBUG] authenticateUser GET path=/api/conversations/unread-count hasAuth=true
[WebServer] [API] [2026-02-04T22:42:44.622Z] GET /api/notifications {
[WebServer] [API]   correlationId: '423ff676-2c4e-4933-aebd-3a370a710600',
[WebServer] [API]   hasBody: true,
[WebServer] [API]   bodyKeys: [],
[WebServer] [API]   hasAuth: true,
[WebServer] [API]   authHeaderPrefix: 'Bearer mock-test-token...',
[WebServer] [API]   contentType: undefined
[WebServer] [API] }
[WebServer] [API] [2026-02-04T22:42:44.627Z] GET /api/conversations/unread-count {
[WebServer] [API]   correlationId: '9c05c5da-ae5b-475e-8e7c-7d2b4b73fb83',
[WebServer] [API]   hasBody: true,
[WebServer] [API]   bodyKeys: [],
[WebServer] [API]   hasAuth: true,
[WebServer] [API]   authHeaderPrefix: 'Bearer mock-test-token...',
[WebServer] [API]   contentType: undefined
[WebServer] [API] }
[WebServer] [API] [AUTH DEBUG] authenticateUser GET path=/api/conversations/unread-count hasAuth=true
[WebServer] [API] [AUTH] authenticateUser called for GET /api/conversations/unread-count { hasAuthHeader: true, authHeaderPrefix: 'Bearer mock-test-tok' }
[WebServer] [API] [2026-02-04T22:42:46.944Z] GET /api/users/verification-status {
[WebServer] [API]   correlationId: '780831a0-7da7-4ca4-98e5-c01837213be2',
[WebServer] [API]   hasBody: true,
[WebServer] [API]   bodyKeys: [],
[WebServer] [API]   hasAuth: true,
[WebServer] [API]   authHeaderPrefix: 'Bearer mock-test-token...',
[WebServer] [API]   contentType: undefined
[WebServer] [API] }
[WebServer] [API] [2026-02-04T22:42:46.950Z] GET /api/jobs {
[WebServer] [API]   correlationId: 'dcf18508-3338-4392-b860-c83e5ee567a3',
[WebServer] [API]   hasBody: true,
[WebServer] [API]   bodyKeys: [],
[WebServer] [API]   hasAuth: true,
[WebServer] [API]   authHeaderPrefix: 'Bearer mock-test-token...',
[WebServer] [API]   contentType: undefined
[WebServer] [API] }
[WebServer] [API] [2026-02-04T22:42:46.990Z] GET /api/analytics/dashboard {
[WebServer] [API]   correlationId: '463f2b66-2be0-4966-b1f1-26d89f6fd5e6',
[WebServer] [API]   hasBody: true,
[WebServer] [API]   bodyKeys: [],
[WebServer] [API]   hasAuth: true,
[WebServer] [API]   authHeaderPrefix: 'Bearer mock-test-token...',
[WebServer] [API]   contentType: undefined
[WebServer] [API] }
[WebServer] [API] [2026-02-04T22:42:47.209Z] GET /api/shifts/messages/unread-count {
[WebServer] [API]   correlationId: 'd8c692c2-df4a-4a8d-afff-3a4a082e9026',
[WebServer] [API]   hasBody: true,
[WebServer] [API]   bodyKeys: [],
[WebServer] [API]   hasAuth: true,
[WebServer] [API]   authHeaderPrefix: 'Bearer mock-test-token...',
[WebServer] [API]   contentType: undefined
[WebServer] [API] }
[WebServer] [API] [2026-02-04T22:42:47.473Z] GET /api/me/reputation {
[WebServer] [API]   correlationId: '33e29d12-3c6f-483e-a47a-f1cf6cf8a3f8',
[WebServer] [API]   hasBody: true,
[WebServer] [API]   bodyKeys: [],
[WebServer] [API]   hasAuth: true,
[WebServer] [API]   authHeaderPrefix: 'Bearer mock-test-token...',
[WebServer] [API]   contentType: undefined
[WebServer] [API] }
[WebServer] [API] [2026-02-04T22:42:47.475Z] GET /api/worker/priority-boost {
[WebServer] [API]   correlationId: '7d753f93-e8d2-4f8d-ba7d-6e5caa3788ed',
[WebServer] [API]   hasBody: true,
[WebServer] [API]   bodyKeys: [],
[WebServer] [API]   hasAuth: true,
[WebServer] [API]   authHeaderPrefix: 'Bearer mock-test-token...',
[WebServer] [API]   contentType: undefined
[WebServer] [API] }
[WebServer] [API] [2026-02-04T22:42:47.701Z] GET /api/venues/me {
[WebServer] [API]   correlationId: 'd1264810-5b31-48b4-bd99-5166bf57bd42',
[WebServer] [API]   hasBody: true,
[WebServer] [API]   bodyKeys: [],
[WebServer] [API]   hasAuth: true,
[WebServer] [API]   authHeaderPrefix: 'Bearer mock-test-token...',
[WebServer] [API]   contentType: undefined
[WebServer] [API] }
[WebServer] [API] [2026-02-04T22:42:47.704Z] GET /api/integrations/xero/status {
[WebServer] [API]   correlationId: 'a2f4f519-4577-4a3a-b4e6-9cfa7cf22f6a',
[WebServer] [API]   hasBody: true,
[WebServer] [API]   bodyKeys: [],
[WebServer] [API]   hasAuth: true,
[WebServer] [API]   authHeaderPrefix: 'Bearer mock-test-token...',
[WebServer] [API]   contentType: undefined
[WebServer] [API] }
[WebServer] [API] [2026-02-04T22:42:47.706Z] GET /api/integrations/xero/sync-history {
[WebServer] [API]   correlationId: '0cb2cf32-03f2-45ed-b121-790a1da34b31',
[WebServer] [API]   hasBody: true,
[WebServer] [API]   bodyKeys: [],
[WebServer] [API]   hasAuth: true,
[WebServer] [API]   authHeaderPrefix: 'Bearer mock-test-token...',
[WebServer] [API]   contentType: undefined
[WebServer] [API] }
[WebServer] [API] [2026-02-04T22:42:47.714Z] GET /api/stripe-connect/account/status {
[WebServer] [API]   correlationId: '2ef7c9a6-bc01-4856-aa24-3a7f8ad52972',
[WebServer] [API]   hasBody: true,
[WebServer] [API]   bodyKeys: [],
[WebServer] [API]   hasAuth: true,
[WebServer] [API]   authHeaderPrefix: 'Bearer mock-test-token...',
[WebServer] [API]   contentType: undefined
[WebServer] [API] }
[WebServer] [API] [2026-02-04T22:42:47.723Z] GET /api/analytics/dashboard {
[WebServer] [API]   correlationId: '1f6882b9-39ad-4019-b6b9-2e2cdda3d705',
[WebServer] [API]   hasBody: true,
[WebServer] [API]   bodyKeys: [],
[WebServer] [API]   hasAuth: true,
[WebServer] [API]   authHeaderPrefix: 'Bearer mock-test-token...',
[WebServer] [API]   contentType: undefined
[WebServer] [API] }
[WebServer] [API] [2026-02-04T22:42:48.407Z] GET /api/integrations/xero/status {
[WebServer] [API]   correlationId: 'a80ae65a-15e6-4484-9429-45fb940129ef',
[WebServer] [API]   hasBody: true,
[WebServer] [API]   bodyKeys: [],
[WebServer] [API]   hasAuth: true,
[WebServer] [API]   authHeaderPrefix: 'Bearer mock-test-token...',
[WebServer] [API]   contentType: undefined
[WebServer] [API] }
[WebServer] [API] [2026-02-04T22:42:48.411Z] GET /api/integrations/xero/sync-history {
[WebServer] [API]   correlationId: '0c91929a-d051-47f8-b64f-f36d0583ca99',
[WebServer] [API]   hasBody: true,
[WebServer] [API]   bodyKeys: [],
[WebServer] [API]   hasAuth: true,
[WebServer] [API]   authHeaderPrefix: 'Bearer mock-test-token...',
[WebServer] [API]   contentType: undefined
[WebServer] [API] }
[WebServer] [API] [2026-02-04T22:42:48.418Z] GET /api/venues/me {
[WebServer] [API]   correlationId: '4ca8d1a5-c341-4159-84d8-2af5e50f8c48',
[WebServer] [API]   hasBody: true,
[WebServer] [API]   bodyKeys: [],
[WebServer] [API]   hasAuth: true,
[WebServer] [API]   authHeaderPrefix: 'Bearer mock-test-token...',
[WebServer] [API]   contentType: undefined
[WebServer] [API] }
[WebServer] [API] [2026-02-04T22:42:48.423Z] GET /api/stripe-connect/account/status {
[WebServer] [API]   correlationId: 'c0764db5-61bf-4716-83c2-241dc0f66af3',
[WebServer] [API]   hasBody: true,
[WebServer] [API]   bodyKeys: [],
[WebServer] [API]   hasAuth: true,
[WebServer] [API]   authHeaderPrefix: 'Bearer mock-test-token...',
[WebServer] [API]   contentType: undefined
[WebServer] [API] }
[WebServer] [API] [2026-02-04T22:42:48.427Z] GET /api/analytics/dashboard {
[WebServer] [API]   correlationId: 'c000873a-3873-4873-91a7-8639ad26a5f3',
[WebServer] [API]   hasBody: true,
[WebServer] [API]   bodyKeys: [],
[WebServer] [API]   hasAuth: true,
[WebServer] [API]   authHeaderPrefix: 'Bearer mock-test-token...',
[WebServer] [API]   contentType: undefined
[WebServer] [API] }
[WebServer] [API] [2026-02-04T22:42:48.752Z] GET /api/shifts/pending-review {
[WebServer] [API]   correlationId: '6ae35c0d-0bfd-4f9f-a729-2b3c0c9d1bce',
[WebServer] [API]   hasBody: true,
[WebServer] [API]   bodyKeys: [],
[WebServer] [API]   hasAuth: true,
[WebServer] [API]   authHeaderPrefix: 'Bearer mock-test-token...',
[WebServer] [API]   contentType: undefined
[WebServer] [API] }
  ok 402 [Mobile Safari] ΓÇ║ tests\e2e\landing-layout.spec.ts:240:5 ΓÇ║ Landing Page Layout Regression Tests ΓÇ║ Feedback Widget Non-Obstruction ΓÇ║ should not cover Submit button on post-job page on mobile (17.1s)
[WebServer] [API] [2026-02-04T22:42:48.756Z] GET /api/worker/recommendations {
[WebServer] [API]   correlationId: '1c0667c8-7d20-461b-aa33-8672cd4bbdc7',
[WebServer] [API]   hasBody: true,
[WebServer] [API]   bodyKeys: [],
[WebServer] [API]   hasAuth: true,
[WebServer] [API]   authHeaderPrefix: 'Bearer mock-test-token...',
[WebServer] [API]   contentType: undefined
[WebServer] [API] }
[WebServer] [API] [GET /api/worker/recommendations] No location provided, returning empty recommendations
[WebServer] [API] [2026-02-04T22:42:48.763Z] GET /api/worker/waitlisted-shifts {
[WebServer] [API]   correlationId: '961c6827-bdd5-4c5a-a527-09b77465eb8a',
[WebServer] [API]   hasBody: true,
[WebServer] [API]   bodyKeys: [],
[WebServer] [API]   hasAuth: true,
[WebServer] [API]   authHeaderPrefix: 'Bearer mock-test-token...',
[WebServer] [API]   contentType: undefined
[WebServer] [API] }
[WebServer] [API] [2026-02-04T22:42:48.960Z] GET /api/worker/earnings {
[WebServer] [API]   correlationId: '60bdf2f6-18b8-43e4-9b4f-229b9b92381b',
[WebServer] [API]   hasBody: true,
[WebServer] [API]   bodyKeys: [],
[WebServer] [API]   hasAuth: true,
[WebServer] [API]   authHeaderPrefix: 'Bearer mock-test-token...',
[WebServer] [API]   contentType: undefined
[WebServer] [API] }
[WebServer] [API] [2026-02-04T22:42:48.966Z] GET /api/me/availability {
[WebServer] [API]   correlationId: 'dbcce922-723f-4de7-b506-d02d1d089f2f',
[WebServer] [API]   hasBody: true,
[WebServer] [API]   bodyKeys: [],
[WebServer] [API]   hasAuth: true,
[WebServer] [API]   authHeaderPrefix: 'Bearer mock-test-token...',
[WebServer] [API]   contentType: undefined
[WebServer] [API] }
  ok 403 [Mobile Safari] ΓÇ║ tests\e2e\investor-portal.spec.ts:392:5 ΓÇ║ Investor Portal E2E Tests ΓÇ║ Authenticated Persistence (Neutral Zone) ΓÇ║ Authenticated user can access Data Room documents without redirect (16.9s)
  ok 404 [Mobile Safari] ΓÇ║ tests\e2e\landing.spec.ts:167:5 ΓÇ║ Landing Page Tests ΓÇ║ FAQ Interaction ΓÇ║ should display first FAQ answer by default (13.8s)
  ok 400 [Mobile Safari] ΓÇ║ tests\e2e\reputation_system.spec.ts:418:5 ΓÇ║ Reputation System - Automated Strike System E2E Tests ΓÇ║ No-Show Reporting ΓÇ║ should prevent duplicate No-Show reports (19.7s)
  ok 399 [Mobile Safari] ΓÇ║ tests\e2e\onboarding.spec.ts:337:5 ΓÇ║ Onboarding Flow E2E Tests ΓÇ║ Complete Setup Banner ΓÇ║ should show banner again after 24 hours when dismissed (22.3s)
[WebServer] [API] [2026-02-04T22:42:53.399Z] GET /api/notifications {
[WebServer] [API]   correlationId: '999fb614-d851-4ead-9114-20902dffe6c3',
[WebServer] [API]   hasBody: true,
[WebServer] [API]   bodyKeys: [],
[WebServer] [API]   hasAuth: true,
[WebServer] [API]   authHeaderPrefix: 'Bearer mock-test-token...',
[WebServer] [API]   contentType: undefined
[WebServer] [API] }
[WebServer] [API] [2026-02-04T22:42:53.404Z] GET /api/conversations/unread-count {
[WebServer] [API]   correlationId: 'e6253518-39a8-4702-8a03-bee7d09a33ab',
[WebServer] [API]   hasBody: true,
[WebServer] [API]   bodyKeys: [],
[WebServer] [API]   hasAuth: true,
[WebServer] [API]   authHeaderPrefix: 'Bearer mock-test-token...',
[WebServer] [API]   contentType: undefined
[WebServer] [API] }
[WebServer] [API] [AUTH] authenticateUser called for GET /api/conversations/unread-count { hasAuthHeader: true, authHeaderPrefix: 'Bearer mock-test-tok' }
[WebServer] [API] [AUTH DEBUG] authenticateUser GET path=/api/conversations/unread-count hasAuth=true
[WebServer] [API] [2026-02-04T22:42:56.608Z] GET /api/users/verification-status {
[WebServer] [API]   correlationId: '12420b8e-99b0-4f1f-8032-9a981f11b43d',
[WebServer] [API]   hasBody: true,
[WebServer] [API]   bodyKeys: [],
[WebServer] [API]   hasAuth: true,
[WebServer] [API]   authHeaderPrefix: 'Bearer mock-test-token...',
[WebServer] [API]   contentType: undefined
[WebServer] [API] }
[WebServer] [API] [2026-02-04T22:42:56.614Z] GET /api/jobs {
[WebServer] [API]   correlationId: 'd159c8ff-78e5-4569-8520-db7043832fde',
[WebServer] [API]   hasBody: true,
[WebServer] [API]   bodyKeys: [],
[WebServer] [API]   hasAuth: true,
[WebServer] [API]   authHeaderPrefix: 'Bearer mock-test-token...',
[WebServer] [API]   contentType: undefined
[WebServer] [API] }
[WebServer] [API] [2026-02-04T22:42:56.618Z] GET /api/analytics/dashboard {
[WebServer] [API]   correlationId: '57b253a8-1cea-4ecc-8949-fa37545592d7',
[WebServer] [API]   hasBody: true,
[WebServer] [API]   bodyKeys: [],
[WebServer] [API]   hasAuth: true,
[WebServer] [API]   authHeaderPrefix: 'Bearer mock-test-token...',
[WebServer] [API]   contentType: undefined
[WebServer] [API] }
[WebServer] [API] [2026-02-04T22:42:56.621Z] GET /api/shifts/messages/unread-count {
[WebServer] [API]   correlationId: 'c53243f8-da53-4f22-9412-e71c2abea8b4',
[WebServer] [API]   hasBody: true,
[WebServer] [API]   bodyKeys: [],
[WebServer] [API]   hasAuth: true,
[WebServer] [API]   authHeaderPrefix: 'Bearer mock-test-token...',
[WebServer] [API]   contentType: undefined
[WebServer] [API] }
[WebServer] [API] [2026-02-04T22:42:56.885Z] GET /api/me/reputation {
[WebServer] [API]   correlationId: '9f090bef-4617-4636-9f49-8c31fa226427',
[WebServer] [API]   hasBody: true,
[WebServer] [API]   bodyKeys: [],
[WebServer] [API]   hasAuth: true,
[WebServer] [API]   authHeaderPrefix: 'Bearer mock-test-token...',
[WebServer] [API]   contentType: undefined
[WebServer] [API] }
[WebServer] [API] [2026-02-04T22:42:56.888Z] GET /api/worker/priority-boost {
[WebServer] [API]   correlationId: '0a50821c-6fdb-4555-af3d-578d80f7e85c',
[WebServer] [API]   hasBody: true,
[WebServer] [API]   bodyKeys: [],
[WebServer] [API]   hasAuth: true,
[WebServer] [API]   authHeaderPrefix: 'Bearer mock-test-token...',
[WebServer] [API]   contentType: undefined
[WebServer] [API] }
[WebServer] [API] [2026-02-04T22:42:56.895Z] GET /api/worker/recommendations {
[WebServer] [API]   correlationId: 'da63c306-52ab-43f7-98b2-42f5e141b06d',
[WebServer] [API]   hasBody: true,
[WebServer] [API]   bodyKeys: [],
[WebServer] [API]   hasAuth: true,
[WebServer] [API]   authHeaderPrefix: 'Bearer mock-test-token...',
[WebServer] [API]   contentType: undefined
[WebServer] [API] }
[WebServer] [API] [GET /api/worker/recommendations] No location provided, returning empty recommendations
[WebServer] [API] [2026-02-04T22:42:56.908Z] GET /api/me/availability {
[WebServer] [API]   correlationId: '4776e6f4-02a2-4c37-8932-3f7bb43379db',
[WebServer] [API]   hasBody: true,
[WebServer] [API]   bodyKeys: [],
[WebServer] [API]   hasAuth: true,
[WebServer] [API]   authHeaderPrefix: 'Bearer mock-test-token...',
[WebServer] [API]   contentType: undefined
[WebServer] [API] }
[WebServer] [API] [2026-02-04T22:42:57.115Z] GET /api/worker/waitlisted-shifts {
[WebServer] [API]   correlationId: '60fb39c6-c425-43e0-bd54-64f2b26df5e2',
[WebServer] [API]   hasBody: true,
[WebServer] [API]   bodyKeys: [],
[WebServer] [API]   hasAuth: true,
[WebServer] [API]   authHeaderPrefix: 'Bearer mock-test-token...',
[WebServer] [API]   contentType: undefined
[WebServer] [API] }
[WebServer] [API] [WebServer] [2026-02-04T22:42:57.122Z] GET /api/worker/earnings {
[WebServer] [API]   correlationId: '8e700d58-3142-4239-8f4c-5d56ed9a3101',
[WebServer] [API]   hasBody: true,
[WebServer] [API]   bodyKeys: [],
[WebServer] [API]   hasAuth: true,
[WebServer] [API]   authHeaderPrefix: 'Bearer mock-test-token...',
[WebServer] [API]   contentType: undefined
[WebServer] [API] }
Γ£à Multi-Invite Flow: Test completed
  ok 397 [Mobile Safari] ΓÇ║ tests\e2e\calendar-lifecycle.spec.ts:653:5 ΓÇ║ Calendar Lifecycle E2E Tests ΓÇ║ Bonus: Multi-Invite First-to-Accept Flow ΓÇ║ Shop invites multiple barbers, first to accept gets the shift (32.5s)
[WebServer] [API] [2026-02-04T22:43:04.431Z] POST /api/investors/rsvp {
[WebServer] [API]   correlationId: '603e8417-2abb-42de-a136-17974dd888b5',
[WebServer] [API]   hasBody: true,
[WebServer] [API]   bodyKeys: [ 'email', 'name', 'timestamp' ],
[WebServer] [API]   hasAuth: true,
[WebServer] [API]   authHeaderPrefix: 'Bearer mock-test-token...',
[WebServer] [API]   contentType: 'application/json'
[WebServer] [API] }
[WebServer] [API] [INVESTOR RSVP] {
[WebServer] [API]   email: 'test-owner@example.com',
[WebServer] [API]   name: 'Anonymous Investor',
[WebServer] [API]   timestamp: '2026-02-04T22:43:04.114Z',
[WebServer] [API]   ip: '127.0.0.1',
[WebServer] [API]   userAgent: 'Mozilla/5.0 (iPhone; CPU iPhone OS 14_4 like Mac OS X) AppleWebKit/605.1.15 (KHTML, like Gecko) Version/26.0 Mobile/15E148 Safari/604.1'
[WebServer] [API] }
  ok 407 [Mobile Safari] ΓÇ║ tests\e2e\landing.spec.ts:183:5 ΓÇ║ Landing Page Tests ΓÇ║ FAQ Interaction ΓÇ║ should collapse FAQ item when clicking on another (14.6s)
  -  405 [Mobile Safari] ΓÇ║ tests\e2e\landing-layout.spec.ts:294:5 ΓÇ║ Landing Page Layout Regression Tests ΓÇ║ Feedback Widget Non-Obstruction ΓÇ║ should have proper spacing between feedback widget and form buttons on mobile
[WebServer] [API] [2026-02-04T22:43:05.283Z] GET /api/notifications {
[WebServer] [API]   correlationId: 'cc63394e-3a28-46b7-9906-f1763f9bca83',
[WebServer] [API]   hasBody: true,
[WebServer] [API]   bodyKeys: [],
[WebServer] [API]   hasAuth: true,
[WebServer] [API]   authHeaderPrefix: 'Bearer mock-test-token...',
[WebServer] [API]   contentType: undefined
[WebServer] [API] }
[WebServer] [API] [2026-02-04T22:43:05.290Z] GET /api/conversations/unread-count {
[WebServer] [API]   correlationId: '0b16ce46-ace6-4a16-acba-3ee40755e951',
[WebServer] [API]   hasBody: true,
[WebServer] [API]   bodyKeys: [],
[WebServer] [API]   hasAuth: true,
[WebServer] [API]   authHeaderPrefix: 'Bearer mock-test-token...',
[WebServer] [API]   contentType: undefined
[WebServer] [API] }
[WebServer] [API] [AUTH] authenticateUser called for GET /api/conversations/unread-count { hasAuthHeader: true, authHeaderPrefix: 'Bearer mock-test-tok' }
[WebServer] [API] [AUTH DEBUG] authenticateUser GET path=/api/conversations/unread-count hasAuth=true
  ok 406 [Mobile Safari] ΓÇ║ tests\e2e\investor-portal.spec.ts:431:5 ΓÇ║ Investor Portal E2E Tests ΓÇ║ Authenticated Persistence (Neutral Zone) ΓÇ║ Authenticated user can submit RSVP without redirect (17.0s)
[WebServer] [API] [2026-02-04T22:43:08.005Z] GET /api/users/verification-status {
[WebServer] [API]   correlationId: '9919f5b7-8abe-4920-9abf-69e74f5db489',
[WebServer] [API]   hasBody: true,
[WebServer] [API]   bodyKeys: [],
[WebServer] [API]   hasAuth: true,
[WebServer] [API]   authHeaderPrefix: 'Bearer mock-test-token...',
[WebServer] [API]   contentType: undefined
[WebServer] [API] }
[WebServer] [API] [2026-02-04T22:43:08.010Z] GET /api/jobs {
[WebServer] [API]   correlationId: '74f28e45-4972-4748-aed6-414b6ea0d032',
[WebServer] [API]   hasBody: true,
[WebServer] [API]   bodyKeys: [],
[WebServer] [API]   hasAuth: true,
[WebServer] [API]   authHeaderPrefix: 'Bearer mock-test-token...',
[WebServer] [API]   contentType: undefined
[WebServer] [API] }
[WebServer] [API] [2026-02-04T22:43:08.014Z] GET /api/applications {
[WebServer] [API]   correlationId: '86d3a1b5-5af0-477f-a699-e74eacd12b30',
[WebServer] [API]   hasBody: true,
[WebServer] [API]   bodyKeys: [],
[WebServer] [API]   hasAuth: true,
[WebServer] [API]   authHeaderPrefix: 'Bearer mock-test-token...',
[WebServer] [API]   contentType: undefined
[WebServer] [API] }
[WebServer] [API] [2026-02-04T22:43:08.021Z] GET /api/analytics/dashboard {
[WebServer] [API]   correlationId: '913f3534-c1b0-4699-8ac5-dc4f92de9357',
[WebServer] [API]   hasBody: true,
[WebServer] [API]   bodyKeys: [],
[WebServer] [API]   hasAuth: true,
[WebServer] [API]   authHeaderPrefix: 'Bearer mock-test-token...',
[WebServer] [API]   contentType: undefined
[WebServer] [API] }
[WebServer] [API] [2026-02-04T22:43:08.040Z] GET /api/worker/priority-boost {
[WebServer] [API]   correlationId: 'cb53bf40-c3ef-4c23-9c26-6b54101557ca',
[WebServer] [API]   hasBody: true,
[WebServer] [API]   bodyKeys: [],
[WebServer] [API]   hasAuth: true,
[WebServer] [API]   authHeaderPrefix: 'Bearer mock-test-token...',
[WebServer] [API]   contentType: undefined
[WebServer] [API] }
[WebServer] [API] [2026-02-04T22:43:08.269Z] GET /api/worker/recommendations {
[WebServer] [API]   correlationId: 'e1fb0df3-f9f0-44c4-8272-02522b70c62e',
[WebServer] [API]   hasBody: true,
[WebServer] [API]   bodyKeys: [],
[WebServer] [API]   hasAuth: true,
[WebServer] [API]   authHeaderPrefix: 'Bearer mock-test-token...',
[WebServer] [API]   contentType: undefined
[WebServer] [API] }
[WebServer] [API] [GET /api/worker/recommendations] No location provided, returning empty recommendations
[WebServer] [API] [2026-02-04T22:43:08.290Z] GET /api/worker/waitlisted-shifts {
[WebServer] [API]   correlationId: '5f44098d-de4f-4bad-aed9-9cea7dd0aec6',
[WebServer] [API]   hasBody: true,
[WebServer] [API]   bodyKeys: [],
[WebServer] [API]   hasAuth: true,
[WebServer] [API]   authHeaderPrefix: 'Bearer mock-test-token...',
[WebServer] [API]   contentType: undefined
[WebServer] [API] }
[WebServer] [API] [2026-02-04T22:43:08.295Z] GET /api/me/availability {
[WebServer] [API]   correlationId: 'f663bc27-1198-40b1-8dce-ebdc5aaca432',
[WebServer] [API]   hasBody: true,
[WebServer] [API]   bodyKeys: [],
[WebServer] [API]   hasAuth: true,
[WebServer] [API]   authHeaderPrefix: 'Bearer mock-test-token...',
[WebServer] [API]   contentType: undefined
[WebServer] [API] }
[WebServer] [API] [2026-02-04T22:43:08.296Z] GET /api/worker/earnings {
[WebServer] [API]   correlationId: 'b82760e2-efbd-4282-8460-d9000be82917',
[WebServer] [API]   hasBody: true,
[WebServer] [API]   bodyKeys: [],
[WebServer] [API]   hasAuth: true,
[WebServer] [API]   authHeaderPrefix: 'Bearer mock-test-token...',
[WebServer] [API]   contentType: undefined
[WebServer] [API] }
[WebServer] [API] [2026-02-04T22:43:08.652Z] GET /api/notifications {
[WebServer] [API]   correlationId: 'db06f170-ad91-44b8-9cd9-17fcdc594e92',
[WebServer] [API]   hasBody: true,
[WebServer] [API]   bodyKeys: [],
[WebServer] [API]   hasAuth: true,
[WebServer] [API]   authHeaderPrefix: 'Bearer mock-test-token...',
[WebServer] [API]   contentType: undefined
[WebServer] [API] }
[WebServer] [API] [2026-02-04T22:43:08.658Z] GET /api/conversations/unread-count {
[WebServer] [API]   correlationId: '2f0f6bdd-866d-4bbc-b66e-9268ab677aa2',
[WebServer] [API]   hasBody: true,
[WebServer] [API]   bodyKeys: [],
[WebServer] [API]   hasAuth: true,
[WebServer] [API]   authHeaderPrefix: 'Bearer mock-test-token...',
[WebServer] [API]   contentType: undefined
[WebServer] [API] }
[WebServer] [API] [AUTH DEBUG] authenticateUser GET path=/api/conversations/unread-count hasAuth=true
[WebServer] [API] [AUTH] authenticateUser called for GET /api/conversations/unread-count { hasAuthHeader: true, authHeaderPrefix: 'Bearer mock-test-tok' }
[WebServer] [API] [2026-02-04T22:43:11.462Z] GET /api/integrations/xero/status {
[WebServer] [API]   correlationId: 'f3ef2a8f-f860-4766-b61a-312665256197',
[WebServer] [API]   hasBody: true,
[WebServer] [API]   bodyKeys: [],
[WebServer] [API]   hasAuth: true,
[WebServer] [API]   authHeaderPrefix: 'Bearer mock-test-token...',
[WebServer] [API]   contentType: undefined
[WebServer] [API] }
[WebServer] [API] [2026-02-04T22:43:11.466Z] GET /api/integrations/xero/sync-history {
[WebServer] [API]   correlationId: '6eafd192-7f14-44bf-b81e-8eb71e866618',
[WebServer] [API]   hasBody: true,
[WebServer] [API]   bodyKeys: [],
[WebServer] [API]   hasAuth: true,
[WebServer] [API]   authHeaderPrefix: 'Bearer mock-test-token...',
[WebServer] [API]   contentType: undefined
[WebServer] [API] }
[WebServer] [API] [2026-02-04T22:43:11.468Z] GET /api/venues/me {
[WebServer] [API]   correlationId: '6374ce9f-1d8a-4002-85d1-57394fc73c41',
[WebServer] [API]   hasBody: true,
[WebServer] [API]   bodyKeys: [],
[WebServer] [API]   hasAuth: true,
[WebServer] [API]   authHeaderPrefix: 'Bearer mock-test-token...',
[WebServer] [API]   contentType: undefined
[WebServer] [API] }
[WebServer] [API] [2026-02-04T22:43:11.471Z] GET /api/stripe-connect/account/status {
[WebServer] [API]   correlationId: '15c4da1c-4854-4c23-a98c-2b4193de9c5f',
[WebServer] [API]   hasBody: true,
[WebServer] [API]   bodyKeys: [],
[WebServer] [API]   hasAuth: true,
[WebServer] [API]   authHeaderPrefix: 'Bearer mock-test-token...',
[WebServer] [API]   contentType: undefined
[WebServer] [API] }
[WebServer] [API] [2026-02-04T22:43:11.476Z] GET /api/analytics/dashboard {
[WebServer] [API]   correlationId: 'd489bfe3-28e7-4c35-a222-c8d386eb706e',
[WebServer] [API]   hasBody: true,
[WebServer] [API]   bodyKeys: [],
[WebServer] [API]   hasAuth: true,
[WebServer] [API]   authHeaderPrefix: 'Bearer mock-test-token...',
[WebServer] [API]   contentType: undefined
[WebServer] [API] }
Γ£à Setup Verification: Both contexts loaded successfully
  ok 410 [Mobile Safari] ΓÇ║ tests\e2e\calendar-lifecycle.spec.ts:792:3 ΓÇ║ Calendar Lifecycle - Setup Verification ΓÇ║ Both contexts can load their respective dashboards (14.3s)
Suspension UI not visible, but user data confirms suspended status
  ok 409 [Mobile Safari] ΓÇ║ tests\e2e\onboarding.spec.ts:371:5 ΓÇ║ Onboarding Flow E2E Tests ΓÇ║ Complete Setup Banner ΓÇ║ should navigate to wallet when "Complete Setup" is clicked (21.7s)
  ok 408 [Mobile Safari] ΓÇ║ tests\e2e\reputation_system.spec.ts:479:5 ΓÇ║ Reputation System - Automated Strike System E2E Tests ΓÇ║ Pro Side Account Suspension ΓÇ║ should show Account Suspended status and 2 strikes on Pro side after Venue reports No-Show (22.7s)
  ok 411 [Mobile Safari] ΓÇ║ tests\e2e\landing-layout.spec.ts:341:5 ΓÇ║ Landing Page Layout Regression Tests ΓÇ║ Theme (Dark Mode Lock) ΓÇ║ should force dark mode on landing page (11.7s)
  ok 412 [Mobile Safari] ΓÇ║ tests\e2e\investor-portal.spec.ts:457:5 ΓÇ║ Investor Portal E2E Tests ΓÇ║ Authenticated Persistence (Neutral Zone) ΓÇ║ Authenticated user can navigate all portal sections without redirect (15.6s)
  ok 414 [Mobile Safari] ΓÇ║ tests\e2e\reputation_system.spec.ts:605:5 ΓÇ║ Reputation System - Automated Strike System E2E Tests ΓÇ║ Strike System Verification ΓÇ║ should verify No-Show adds exactly 2 strikes (9.1s)
[WebServer] [API] [2026-02-04T22:43:24.112Z] GET /api/notifications {
[WebServer] [API]   correlationId: 'd99f311d-b32f-4654-94bf-f049722351d3',
[WebServer] [API]   hasBody: true,
[WebServer] [API]   bodyKeys: [],
[WebServer] [API]   hasAuth: true,
[WebServer] [API]   authHeaderPrefix: 'Bearer mock-test-token...',
[WebServer] [API]   contentType: undefined
[WebServer] [API] }
[WebServer] [API] [2026-02-04T22:43:24.115Z] GET /api/conversations/unread-count {
[WebServer] [API]   correlationId: '77e47278-154e-481e-ad97-c77fabc381b9',
[WebServer] [API]   hasBody: true,
[WebServer] [API]   bodyKeys: [],
[WebServer] [API]   hasAuth: true,
[WebServer] [API]   authHeaderPrefix: 'Bearer mock-test-token...',
[WebServer] [API]   contentType: undefined
[WebServer] [API] }
[WebServer] [API] [AUTH] authenticateUser called for GET /api/conversations/unread-count { hasAuthHeader: true, authHeaderPrefix: 'Bearer mock-test-tok' }
[WebServer] [API] [AUTH DEBUG] authenticateUser GET path=/api/conversations/unread-count hasAuth=true
[WebServer] [API] [2026-02-04T22:43:25.191Z] GET /api/integrations/xero/status {
[WebServer] [API]   correlationId: 'a6e9e021-a62e-497e-a3a0-b9ad67c56760',
[WebServer] [API]   hasBody: true,
[WebServer] [API]   bodyKeys: [],
[WebServer] [API]   hasAuth: true,
[WebServer] [API]   authHeaderPrefix: 'Bearer mock-test-token...',
[WebServer] [API]   contentType: undefined
[WebServer] [API] }
[WebServer] [API] [2026-02-04T22:43:25.197Z] GET /api/integrations/xero/sync-history {
[WebServer] [API]   correlationId: '9bd6d595-fdab-4f4f-8bf8-e9b5cee602d7',
[WebServer] [API]   hasBody: true,
[WebServer] [API]   bodyKeys: [],
[WebServer] [API]   hasAuth: true,
[WebServer] [API]   authHeaderPrefix: 'Bearer mock-test-token...',
[WebServer] [API]   contentType: undefined
[WebServer] [API] }
[WebServer] [API] [2026-02-04T22:43:25.200Z] GET /api/venues/me {
[WebServer] [API]   correlationId: 'da533410-f5d4-4af4-8da5-1004f4d66e49',
[WebServer] [API]   hasBody: true,
[WebServer] [API]   bodyKeys: [],
[WebServer] [API]   hasAuth: true,
[WebServer] [API]   authHeaderPrefix: 'Bearer mock-test-token...',
[WebServer] [API]   contentType: undefined
[WebServer] [API] }
[WebServer] [API] [2026-02-04T22:43:25.203Z] GET /api/stripe-connect/account/status {
[WebServer] [API]   correlationId: 'f92fc4b1-8c26-42ce-9376-1f4de397fcdd',
[WebServer] [API]   hasBody: true,
[WebServer] [API]   bodyKeys: [],
[WebServer] [API]   hasAuth: true,
[WebServer] [API]   authHeaderPrefix: 'Bearer mock-test-token...',
[WebServer] [API]   contentType: undefined
[WebServer] [API] }
[WebServer] [API] [2026-02-04T22:43:25.207Z] GET /api/shifts/shop/8eaee523-79a2-4077-8f5b-4b7fd4058ede {
[WebServer] [API]   correlationId: '784c8630-3e7e-4977-9fd0-cc82f7952c11',
[WebServer] [API]   hasBody: true,
[WebServer] [API]   bodyKeys: [],
[WebServer] [API]   hasAuth: true,
[WebServer] [API]   authHeaderPrefix: 'Bearer mock-test-token...',
[WebServer] [API]   contentType: undefined
[WebServer] [API] }
[WebServer] [API] [2026-02-04T22:43:25.215Z] GET /api/analytics/dashboard {
[WebServer] [API]   correlationId: 'e4b86b23-c7bc-440e-b27c-17a655c0b41b',
[WebServer] [API]   hasBody: true,
[WebServer] [API]   bodyKeys: [],
[WebServer] [API]   hasAuth: true,
[WebServer] [API]   authHeaderPrefix: 'Bearer mock-test-token...',
[WebServer] [API]   contentType: undefined
[WebServer] [API] }
[WebServer] [API] [GET /shop/:userId] Batch fetched application counts for 0 shifts and 0 jobs {
[WebServer] [API]   correlationId: '784c8630-3e7e-4977-9fd0-cc82f7952c11',
[WebServer] [API]   userId: '8eaee523-79a2-4077-8f5b-4b7fd4058ede',
[WebServer] [API]   totalCounts: 0
[WebServer] [API] }
[WebServer] [API] [2026-02-04T22:43:25.335Z] GET /api/subscriptions/current {
[WebServer] [API]   correlationId: '4f0b47f2-0ac5-4b64-bb14-8cd08b01b958',
[WebServer] [API]   hasBody: true,
[WebServer] [API]   bodyKeys: [],
[WebServer] [API]   hasAuth: true,
[WebServer] [API]   authHeaderPrefix: 'Bearer mock-test-token...',
[WebServer] [API]   contentType: undefined
[WebServer] [API] }
[WebServer] [API] [AUTH DEBUG] authenticateUser GET path=/api/subscriptions/current hasAuth=true
[WebServer] [API] [AUTH] authenticateUser called for GET /api/subscriptions/current { hasAuthHeader: true, authHeaderPrefix: 'Bearer mock-test-tok' }
[WebServer] [API] [2026-02-04T22:43:25.338Z] GET /api/shifts/messages/unread-count {
[WebServer] [API]   correlationId: 'd61bea33-0f51-47bd-958b-3ba823632d23',
[WebServer] [API]   hasBody: true,
[WebServer] [API]   bodyKeys: [],
[WebServer] [API]   hasAuth: true,
[WebServer] [API]   authHeaderPrefix: 'Bearer mock-test-token...',
[WebServer] [API]   contentType: undefined
[WebServer] [API] }
  ok 416 [Mobile Safari] ΓÇ║ tests\e2e\reputation_system.spec.ts:667:5 ΓÇ║ Reputation System - Automated Strike System E2E Tests ΓÇ║ Strike System Verification ΓÇ║ should verify 48-hour suspension period (7.5s)
  ok 415 [Mobile Safari] ΓÇ║ tests\e2e\investor-portal.spec.ts:493:5 ΓÇ║ Investor Portal E2E Tests ΓÇ║ Authenticated Persistence (Neutral Zone) ΓÇ║ Direct navigation from dashboard to investor portal works (10.4s)
[WebServer] [API] [2026-02-04T22:43:36.060Z] GET /api/notifications {
[WebServer] [API]   correlationId: 'bc584040-dbe7-4428-885c-19fbd67dc0d2',
[WebServer] [API]   hasBody: true,
[WebServer] [API]   bodyKeys: [],
[WebServer] [API]   hasAuth: true,
[WebServer] [API]   authHeaderPrefix: 'Bearer mock-test-token...',
[WebServer] [API]   contentType: undefined
[WebServer] [API] }
[WebServer] [API] [2026-02-04T22:43:36.062Z] GET /api/conversations/unread-count {
[WebServer] [API]   correlationId: 'd07167ec-f14c-4b5d-aa93-3dd5298f6ed7',
[WebServer] [API]   hasBody: true,
[WebServer] [API]   bodyKeys: [],
[WebServer] [API]   hasAuth: true,
[WebServer] [API]   authHeaderPrefix: 'Bearer mock-test-token...',
[WebServer] [API]   contentType: undefined
[WebServer] [API] }
[WebServer] [API] [AUTH DEBUG] authenticateUser GET path=/api/conversations/unread-count hasAuth=true
[WebServer] [API] [AUTH] authenticateUser called for GET /api/conversations/unread-count { hasAuthHeader: true, authHeaderPrefix: 'Bearer mock-test-tok' }
[WebServer] [API] [2026-02-04T22:43:36.466Z] GET /api/integrations/xero/status {
[WebServer] [API]   correlationId: 'baf3e78a-3376-468a-8b42-3bb915dde53e',
[WebServer] [API]   hasBody: true,
[WebServer] [API]   bodyKeys: [],
[WebServer] [API]   hasAuth: true,
[WebServer] [API]   authHeaderPrefix: 'Bearer mock-test-token...',
[WebServer] [API]   contentType: undefined
[WebServer] [API] }
[WebServer] [API] [2026-02-04T22:43:36.672Z] GET /api/stripe-connect/account/status {
[WebServer] [API]   correlationId: '42160bcc-091b-4851-b97d-f117fdef18d9',
[WebServer] [API]   hasBody: true,
[WebServer] [API]   bodyKeys: [],
[WebServer] [API]   hasAuth: true,
[WebServer] [API]   authHeaderPrefix: 'Bearer mock-test-token...',
[WebServer] [API]   contentType: undefined
[WebServer] [API] }
[WebServer] [API] [2026-02-04T22:43:36.674Z] GET /api/integrations/xero/sync-history {
[WebServer] [API]   correlationId: '6c1c5922-0a96-4dcc-82f2-b78d75c48e0e',
[WebServer] [API]   hasBody: true,
[WebServer] [API]   bodyKeys: [],
[WebServer] [API]   hasAuth: true,
[WebServer] [API]   authHeaderPrefix: 'Bearer mock-test-token...',
[WebServer] [API]   contentType: undefined
[WebServer] [API] }
[WebServer] [API] [2026-02-04T22:43:36.675Z] GET /api/venues/me {
[WebServer] [API]   correlationId: 'a4dd5cdd-2789-4e6e-9dc5-7bd184d900ef',
[WebServer] [API]   hasBody: true,
[WebServer] [API]   bodyKeys: [],
[WebServer] [API]   hasAuth: true,
[WebServer] [API]   authHeaderPrefix: 'Bearer mock-test-token...',
[WebServer] [API]   contentType: undefined
[WebServer] [API] }
[WebServer] [API] [2026-02-04T22:43:36.676Z] GET /api/analytics/dashboard {
[WebServer] [API]   correlationId: 'f6e2d4ba-2769-4954-aaf8-bf9b7c82f6aa',
[WebServer] [API]   hasBody: true,
[WebServer] [API]   bodyKeys: [],
[WebServer] [API]   hasAuth: true,
[WebServer] [API]   authHeaderPrefix: 'Bearer mock-test-token...',
[WebServer] [API]   contentType: undefined
[WebServer] [API] }
  ok 417 [Mobile Safari] ΓÇ║ tests\e2e\reputation_system.spec.ts:726:5 ΓÇ║ Reputation System - Automated Strike System E2E Tests ΓÇ║ No-Show Button Visibility ΓÇ║ should only show No-Show button after shift start time (9.2s)
  ok 413 [Mobile Safari] ΓÇ║ tests\e2e\onboarding.spec.ts:408:5 ΓÇ║ Onboarding Flow E2E Tests ΓÇ║ Role Selector Flow ΓÇ║ should select Venue role and trigger $149 Business Plan logic (27.7s)
  -  418 [Mobile Safari] ΓÇ║ tests\e2e\onboarding.spec.ts:516:10 ΓÇ║ Onboarding Flow E2E Tests ΓÇ║ Onboarding Crash Fix ΓÇ║ should not crash when clicking Next on first onboarding screen
[WebServer] [API] [2026-02-04T22:43:46.259Z] GET /api/notifications {
[WebServer] [API]   correlationId: '92e21df3-061e-41d3-af41-b3b337117dde',
[WebServer] [API]   hasBody: true,
[WebServer] [API]   bodyKeys: [],
[WebServer] [API]   hasAuth: true,
[WebServer] [API]   authHeaderPrefix: 'Bearer mock-test-token...',
[WebServer] [API]   contentType: undefined
[WebServer] [API] }
[WebServer] [API] [2026-02-04T22:43:46.263Z] GET /api/conversations/unread-count {
[WebServer] [API]   correlationId: '5d260905-7b88-4548-abe8-c56ffc95ffd0',
[WebServer] [API]   hasBody: true,
[WebServer] [API]   bodyKeys: [],
[WebServer] [API]   hasAuth: true,
[WebServer] [API]   authHeaderPrefix: 'Bearer mock-test-token...',
[WebServer] [API]   contentType: undefined
[WebServer] [API] }
[WebServer] [API] [AUTH DEBUG] authenticateUser GET path=/api/conversations/unread-count hasAuth=true
[WebServer] [API] [AUTH] authenticateUser called for GET /api/conversations/unread-count { hasAuthHeader: true, authHeaderPrefix: 'Bearer mock-test-tok' }
[WebServer] [API] [2026-02-04T22:43:46.858Z] GET /api/integrations/xero/status {
[WebServer] [API]   correlationId: '8da57f0d-35ae-4672-91a8-8ae137372810',
[WebServer] [API]   hasBody: true,
[WebServer] [API]   bodyKeys: [],
[WebServer] [API]   hasAuth: true,
[WebServer] [API]   authHeaderPrefix: 'Bearer mock-test-token...',
[WebServer] [API]   contentType: undefined
[WebServer] [API] }
[WebServer] [API] [WebServer] [2026-02-04T22:43:46.861Z] GET /api/integrations/xero/sync-history {
[WebServer] [API]   correlationId: '74d8b466-95ee-4b41-baa0-9a6313d5457f',
[WebServer] [API]   hasBody: true,
[WebServer] [API]   bodyKeys: [],
[WebServer] [API]   hasAuth: true,
[WebServer] [API]   authHeaderPrefix: 'Bearer mock-test-token...',
[WebServer] [API]   contentType: undefined
[WebServer] [API] }
[WebServer] [API] [2026-02-04T22:43:46.863Z] GET /api/venues/me {
[WebServer] [API]   correlationId: '37f38c6c-3273-48ee-813f-2ea5e6c5a8b9',
[WebServer] [API]   hasBody: true,
[WebServer] [API]   bodyKeys: [],
[WebServer] [API]   hasAuth: true,
[WebServer] [API]   authHeaderPrefix: 'Bearer mock-test-token...',
[WebServer] [API]   contentType: undefined
[WebServer] [API] }
[WebServer] [API] [2026-02-04T22:43:46.865Z] GET /api/stripe-connect/account/status {
[WebServer] [API]   correlationId: '00edbe01-5188-400a-8139-5e12a480f470',
[WebServer] [API]   hasBody: true,
[WebServer] [API]   bodyKeys: [],
[WebServer] [API]   hasAuth: true,
[WebServer] [API]   authHeaderPrefix: 'Bearer mock-test-token...',
[WebServer] [API]   contentType: undefined
[WebServer] [API] }
[WebServer] [API] [2026-02-04T22:43:46.868Z] GET /api/analytics/dashboard {
[WebServer] [API]   correlationId: 'eb4b6944-d44d-43bc-9e92-50cc9d41aa9a',
[WebServer] [API]   hasBody: true,
[WebServer] [API]   bodyKeys: [],
[WebServer] [API]   hasAuth: true,
[WebServer] [API]   authHeaderPrefix: 'Bearer mock-test-token...',
[WebServer] [API]   contentType: undefined
[WebServer] [API] }
  ok 419 [Mobile Safari] ΓÇ║ tests\e2e\onboarding.spec.ts:653:5 ΓÇ║ Onboarding Flow E2E Tests ΓÇ║ Onboarding Skip Flow ΓÇ║ should show Complete Setup Banner after user skips Stripe step during onboarding (8.1s)
  -  420 [business-e2e] ΓÇ║ tests\e2e\calendar-capacity.spec.ts:170:5 ΓÇ║ Calendar Capacity E2E Tests ΓÇ║ Template Creation ΓÇ║ Add Morning Shift template for Monday with required count 3, save and verify persistence
  -  421 [business-e2e] ΓÇ║ tests\e2e\calendar-capacity.spec.ts:235:5 ΓÇ║ Calendar Capacity E2E Tests ΓÇ║ Calendar Visualization ΓÇ║ Bucket pill exists for Monday showing 0/3, color Red (Vacant)
  -  422 [business-e2e] ΓÇ║ tests\e2e\calendar-capacity.spec.ts:277:5 ΓÇ║ Calendar Capacity E2E Tests ΓÇ║ Bucket Interaction ΓÇ║ Click pill to expand, verify 3 Empty Slot indicators (Add Staff buttons)
  -  423 [business-e2e] ΓÇ║ tests\e2e\calendar-capacity.spec.ts:320:5 ΓÇ║ Calendar Capacity E2E Tests ΓÇ║ Bucket Interaction ΓÇ║ Assign mock staff to one slot, verify pill updates to 1/3 and Orange (Partial)
  -  424 [business-e2e] ΓÇ║ tests\e2e\calendar-capacity.spec.ts:403:5 ΓÇ║ Calendar Capacity E2E Tests ΓÇ║ Validation ΓÇ║ Required count cannot be less than 1
  -  425 [business-e2e] ΓÇ║ tests\e2e\calendar-capacity.spec.ts:419:5 ΓÇ║ Calendar Capacity E2E Tests ΓÇ║ Validation ΓÇ║ Deleting template removes corresponding bucket from calendar
  -  426 [business-e2e] ΓÇ║ tests\e2e\calendar-comprehensive.spec.ts:238:3 ΓÇ║ Business Owner: Capacity & Automation Workflow ΓÇ║ Should configure capacity and verify calendar buckets
  -  427 [business-e2e] ΓÇ║ tests\e2e\calendar-comprehensive.spec.ts:289:3 ΓÇ║ Business Owner: Capacity & Automation Workflow ΓÇ║ Should execute Auto-Fill and Smart-Fill (A-Team) loop
  -  428 [business-e2e] ΓÇ║ tests\e2e\calendar-comprehensive.spec.ts:379:3 ΓÇ║ Business Owner: Capacity & Automation Workflow ΓÇ║ Should enforce Financial RBAC (Costs visible to Business)
  -  429 [business-e2e] ΓÇ║ tests\e2e\calendar-comprehensive.spec.ts:430:3 ΓÇ║ Business Owner: Capacity & Automation Workflow ΓÇ║ Should meet TTI performance benchmark (<1s after auth)
  -  430 [business-e2e] ΓÇ║ tests\e2e\calendar-comprehensive.spec.ts:487:3 ΓÇ║ Professional: Staff Invitation & Acceptance ΓÇ║ Should see invitations and use "Accept All" with confetti
  -  431 [business-e2e] ΓÇ║ tests\e2e\calendar-comprehensive.spec.ts:558:3 ΓÇ║ Professional: Staff Invitation & Acceptance ΓÇ║ Should NOT see wage cost elements (Financial RBAC)
  -  432 [business-e2e] ΓÇ║ tests\e2e\calendar-comprehensive.spec.ts:660:3 ΓÇ║ Dual-Context: Full Roster Lifecycle ΓÇ║ Business invites staff, Staff accepts, shift becomes CONFIRMED
  -  433 [business-e2e] ΓÇ║ tests\e2e\financial_privacy.spec.ts:133:3 ΓÇ║ Financial Privacy: Business Owner View ΓÇ║ Business Owner SEES Est. Wage Cost pill with dollar value
  -  434 [business-e2e] ΓÇ║ tests\e2e\financial_privacy.spec.ts:186:3 ΓÇ║ Financial Privacy: Business Owner View ΓÇ║ Business Owner SEES individual shift costs in bucket expansion
  -  435 [business-e2e] ΓÇ║ tests\e2e\financial_privacy.spec.ts:247:3 ΓÇ║ Financial Privacy: Business Owner View ΓÇ║ Business Owner SEES cost breakdown in settings page
  -  436 [business-e2e] ΓÇ║ tests\e2e\financial_privacy.spec.ts:303:3 ΓÇ║ Financial Privacy: Professional Staff View ΓÇ║ Professional Staff does NOT see Est. Wage Cost pill
  -  437 [business-e2e] ΓÇ║ tests\e2e\financial_privacy.spec.ts:345:3 ΓÇ║ Financial Privacy: Professional Staff View ΓÇ║ Professional Staff does NOT see ANY cost elements in DOM
  -  438 [business-e2e] ΓÇ║ tests\e2e\financial_privacy.spec.ts:366:3 ΓÇ║ Financial Privacy: Professional Staff View ΓÇ║ Professional Staff does NOT see individual shift costs in expanded view
  -  439 [business-e2e] ΓÇ║ tests\e2e\financial_privacy.spec.ts:400:3 ΓÇ║ Financial Privacy: Professional Staff View ΓÇ║ Professional Staff API responses do NOT include estimatedCost field
  -  440 [business-e2e] ΓÇ║ tests\e2e\financial_privacy.spec.ts:500:3 ΓÇ║ Financial Privacy: Dual Context Comparison ΓÇ║ Same shift data shows costs for Business, hides for Professional
(node:11848) Warning: The 'NO_COLOR' env is ignored due to the 'FORCE_COLOR' env being set.
(Use `node --trace-warnings ...` to show where the warning was created)
(node:42824) Warning: The 'NO_COLOR' env is ignored due to the 'FORCE_COLOR' env being set.
(Use `node --trace-warnings ...` to show where the warning was created)
(node:30980) Warning: The 'NO_COLOR' env is ignored due to the 'FORCE_COLOR' env being set.
(Use `node --trace-warnings ...` to show where the warning was created)
(node:44808) Warning: The 'NO_COLOR' env is ignored due to the 'FORCE_COLOR' env being set.
(Use `node --trace-warnings ...` to show where the warning was created)
(node:10856) Warning: The 'NO_COLOR' env is ignored due to the 'FORCE_COLOR' env being set.
(Use `node --trace-warnings ...` to show where the warning was created)
(node:42824) Warning: The 'NO_COLOR' env is ignored due to the 'FORCE_COLOR' env being set.
(Use `node --trace-warnings ...` to show where the warning was created)
(node:10856) Warning: The 'NO_COLOR' env is ignored due to the 'FORCE_COLOR' env being set.
(Use `node --trace-warnings ...` to show where the warning was created)
(node:11848) Warning: The 'NO_COLOR' env is ignored due to the 'FORCE_COLOR' env being set.
(Use `node --trace-warnings ...` to show where the warning was created)
(node:30980) Warning: The 'NO_COLOR' env is ignored due to the 'FORCE_COLOR' env being set.
(Use `node --trace-warnings ...` to show where the warning was created)
(node:44808) Warning: The 'NO_COLOR' env is ignored due to the 'FORCE_COLOR' env being set.
(Use `node --trace-warnings ...` to show where the warning was created)
  -  441 [business-e2e] ΓÇ║ tests\e2e\roster-costing.spec.ts:192:3 ΓÇ║ Roster Costing E2E Tests ΓÇ║ Est. Wage Cost displays $120.00 for 4h shift at $30/hr
  -  443 [business-e2e] ΓÇ║ tests\e2e\roster-costing.spec.ts:250:5 ΓÇ║ Financial RBAC E2E Tests ΓÇ║ Business Owner Access ΓÇ║ Business Owner sees Wage Costs pill with dollar value
  -  444 [business-e2e] ΓÇ║ tests\e2e\roster-costing.spec.ts:295:5 ΓÇ║ Financial RBAC E2E Tests ΓÇ║ Business Owner Access ΓÇ║ Business Owner sees individual Shift Cost in bucket expansion
  -  445 [business-e2e] ΓÇ║ tests\e2e\roster-costing.spec.ts:352:5 ΓÇ║ Financial RBAC E2E Tests ΓÇ║ Professional Staff Access ΓÇ║ Professional Staff cannot see Wage Costs pill
  -  446 [business-e2e] ΓÇ║ tests\e2e\roster-costing.spec.ts:393:5 ΓÇ║ Financial RBAC E2E Tests ΓÇ║ Professional Staff Access ΓÇ║ Professional Staff cannot see individual Shift Cost labels in expanded view
  -  447 [professional-e2e] ΓÇ║ tests\e2e\professional-flow.spec.ts:99:3 ΓÇ║ Professional Flow: Test Case 1 - Onboarding & Vault ΓÇ║ Navigate to The Vault and verify Missing RSA status
  -  450 [professional-e2e] ΓÇ║ tests\e2e\professional-flow.spec.ts:175:3 ΓÇ║ Professional Flow: Test Case 1 - Onboarding & Vault ΓÇ║ Upload RSA and verify Pending status
  -  451 [professional-e2e] ΓÇ║ tests\e2e\professional-flow.spec.ts:272:3 ΓÇ║ Professional Flow: Test Case 2 - Availability Toggle ΓÇ║ Toggle Monday Lunch to Unavailable and verify persistence
  -  452 [professional-e2e] ΓÇ║ tests\e2e\professional-flow.spec.ts:399:3 ΓÇ║ Professional Flow: Test Case 3 - Accept All Loop ΓÇ║ Click Accept All and verify Confetti + Confirmed state
  -  453 [professional-e2e] ΓÇ║ tests\e2e\professional-flow.spec.ts:548:3 ΓÇ║ Professional Flow: Test Case 4 - RBAC Privacy ΓÇ║ Wage Cost and Business Financials NOT visible on professional pages
  -  454 [professional-e2e] ΓÇ║ tests\e2e\professional-flow.spec.ts:651:3 ΓÇ║ Professional Flow: Test Case 4 - RBAC Privacy ΓÇ║ Professional cannot access venue dashboard routes
  -  455 [professional-e2e] ΓÇ║ tests\e2e\professional-flow.spec.ts:700:3 ΓÇ║ Professional Flow: Performance ΓÇ║ Professional dashboard loads within TTI threshold
  -  448 [staff-e2e] ΓÇ║ tests\e2e\staff-invitations.spec.ts:84:3 ΓÇ║ Staff Invitations: View & Manage ΓÇ║ Should see pending invitations on dashboard
  -  456 [staff-e2e] ΓÇ║ tests\e2e\staff-invitations.spec.ts:125:3 ΓÇ║ Staff Invitations: View & Manage ΓÇ║ Should accept individual invitation
  -  457 [staff-e2e] ΓÇ║ tests\e2e\staff-invitations.spec.ts:184:3 ΓÇ║ Staff Invitations: View & Manage ΓÇ║ Should Accept All invitations with confetti
  -  458 [staff-e2e] ΓÇ║ tests\e2e\staff-invitations.spec.ts:248:3 ΓÇ║ Staff Invitations: View & Manage ΓÇ║ Should decline invitation
  -  459 [staff-e2e] ΓÇ║ tests\e2e\staff-invitations.spec.ts:323:3 ΓÇ║ Staff Invitations: Financial Privacy ΓÇ║ Staff does NOT see venue wage costs in invitations
  -  460 [staff-e2e] ΓÇ║ tests\e2e\staff-invitations.spec.ts:371:3 ΓÇ║ Staff Invitations: Financial Privacy ΓÇ║ Staff does NOT see Est. Wage Cost pill on calendar view
  -  461 [staff-e2e] ΓÇ║ tests\e2e\staff-invitations.spec.ts:410:3 ΓÇ║ Staff Invitations: Performance ΓÇ║ Professional dashboard loads within TTI threshold (<1s)
  -  462 [staff-e2e] ΓÇ║ tests\e2e\staff-invitations.spec.ts:464:3 ΓÇ║ Staff Invitations: Empty State ΓÇ║ Shows appropriate message when no invitations pending
  -  449 [business-e2e] ΓÇ║ tests\e2e\calendar-automation.spec.ts:251:5 ΓÇ║ Calendar Automation E2E Tests ΓÇ║ Generation Flow ΓÇ║ Auto-Fill generates OPEN shifts from templates and shows success toast
  -  463 [business-e2e] ΓÇ║ tests\e2e\calendar-automation.spec.ts:356:5 ΓÇ║ Calendar Automation E2E Tests ΓÇ║ Duplicate Prevention ΓÇ║ Re-running Auto-Fill shows 0 shifts to generate and creates no duplicates
  -  464 [business-e2e] ΓÇ║ tests\e2e\calendar-automation.spec.ts:444:5 ΓÇ║ Calendar Automation E2E Tests ΓÇ║ Error Handling ΓÇ║ No templates shows error message and disables Generate button
  -  465 [business-e2e] ΓÇ║ tests\e2e\calendar-automation.spec.ts:566:5 ΓÇ║ Calendar Automation E2E Tests ΓÇ║ Smart Fill Loop ΓÇ║ Manager triggers Invite A-Team and sees Pending (Amber) status
  -  466 [business-e2e] ΓÇ║ tests\e2e\calendar-automation.spec.ts:628:5 ΓÇ║ Calendar Automation E2E Tests ΓÇ║ Smart Fill Loop ΓÇ║ Staff Member accepts all invitations and triggers Confetti
[WebServer] [API] [2026-02-04T22:43:53.841Z] POST /api/investors/rsvp {
[WebServer] [API]   correlationId: '4a0b3510-9a9d-48d4-a28f-c14b4565de0a',
[WebServer] [API]   hasBody: true,
[WebServer] [API]   bodyKeys: [ 'email', 'name', 'timestamp' ],
[WebServer] [API]   hasAuth: true,
[WebServer] [API]   authHeaderPrefix: 'Bearer mock-test-token...',
[WebServer] [API]   contentType: 'application/json'
[WebServer] [API] }
[WebServer] [API] [INVESTOR RSVP] {
[WebServer] [API]   email: 'test-owner@example.com',
[WebServer] [API]   name: 'Anonymous Investor',
[WebServer] [API]   timestamp: '2026-02-04T22:43:53.210Z',
[WebServer] [API]   ip: '127.0.0.1',
[WebServer] [API]   userAgent: 'Mozilla/5.0 (Windows NT 10.0; Win64; x64) AppleWebKit/537.36 (KHTML, like Gecko) Chrome/145.0.7632.6 Safari/537.36'
[WebServer] [API] }
  ok 442 [business-e2e] ΓÇ║ tests\e2e\investor-portal.spec.ts:20:5 ΓÇ║ Investor Portal E2E Tests ΓÇ║ Navigation and RSVP ΓÇ║ Opens /investorportal and successfully submits RSVP (3.2s)
  ok 467 [business-e2e] ΓÇ║ tests\e2e\investor-portal.spec.ts:61:5 ΓÇ║ Investor Portal E2E Tests ΓÇ║ Navigation and RSVP ΓÇ║ Investor Portal displays correct key metrics (2.1s)
  ok 468 [business-e2e] ΓÇ║ tests\e2e\investor-portal.spec.ts:79:5 ΓÇ║ Investor Portal E2E Tests ΓÇ║ Navigation and RSVP ΓÇ║ Navigation links scroll to correct sections (3.4s)
  -  469 [business-e2e] ΓÇ║ tests\e2e\investor-portal.spec.ts:120:10 ΓÇ║ Investor Portal E2E Tests ΓÇ║ Data Room Access ΓÇ║ Click "View Document" on Technical White Paper displays modal with content
  ok 470 [business-e2e] ΓÇ║ tests\e2e\investor-portal.spec.ts:178:5 ΓÇ║ Investor Portal E2E Tests ΓÇ║ Data Room Access ΓÇ║ All three document cards are accessible in the Data Room (5.2s)
  -  471 [business-e2e] ΓÇ║ tests\e2e\investor-portal.spec.ts:225:10 ΓÇ║ Investor Portal E2E Tests ΓÇ║ Brand Styling ΓÇ║ Electric Lime (#BAFF39) is used for accent elements
  ok 472 [business-e2e] ΓÇ║ tests\e2e\investor-portal.spec.ts:261:5 ΓÇ║ Investor Portal E2E Tests ΓÇ║ Brand Styling ΓÇ║ Dark theme background is correctly applied (2.4s)
  ok 473 [business-e2e] ΓÇ║ tests\e2e\investor-portal.spec.ts:282:5 ΓÇ║ Investor Portal E2E Tests ΓÇ║ Investment Section ΓÇ║ The Ask section displays correct seed round details (2.4s)
  ok 474 [business-e2e] ΓÇ║ tests\e2e\investor-portal.spec.ts:361:5 ΓÇ║ Investor Portal E2E Tests ΓÇ║ Authenticated Persistence (Neutral Zone) ΓÇ║ Authenticated Business user stays on /investorportal (no redirect to dashboard) (4.2s)
  ok 475 [business-e2e] ΓÇ║ tests\e2e\investor-portal.spec.ts:392:5 ΓÇ║ Investor Portal E2E Tests ΓÇ║ Authenticated Persistence (Neutral Zone) ΓÇ║ Authenticated user can access Data Room documents without redirect (2.9s)
[WebServer] [API] [2026-02-04T22:44:19.487Z] POST /api/investors/rsvp {
[WebServer] [API]   correlationId: 'ab489e59-be0f-4f10-8cc9-2817abf59493',
[WebServer] [API]   hasBody: true,
[WebServer] [API]   bodyKeys: [ 'email', 'name', 'timestamp' ],
[WebServer] [API]   hasAuth: true,
[WebServer] [API]   authHeaderPrefix: 'Bearer mock-test-token...',
[WebServer] [API]   contentType: 'application/json'
[WebServer] [API] }
[WebServer] [API] [INVESTOR RSVP] {
[WebServer] [API]   email: 'test-owner@example.com',
[WebServer] [API]   name: 'Anonymous Investor',
[WebServer] [API]   timestamp: '2026-02-04T22:44:19.164Z',
[WebServer] [API]   ip: '127.0.0.1',
[WebServer] [API]   userAgent: 'Mozilla/5.0 (Windows NT 10.0; Win64; x64) AppleWebKit/537.36 (KHTML, like Gecko) Chrome/145.0.7632.6 Safari/537.36'
[WebServer] [API] }
  ok 476 [business-e2e] ΓÇ║ tests\e2e\investor-portal.spec.ts:431:5 ΓÇ║ Investor Portal E2E Tests ΓÇ║ Authenticated Persistence (Neutral Zone) ΓÇ║ Authenticated user can submit RSVP without redirect (4.1s)
  ok 477 [business-e2e] ΓÇ║ tests\e2e\investor-portal.spec.ts:457:5 ΓÇ║ Investor Portal E2E Tests ΓÇ║ Authenticated Persistence (Neutral Zone) ΓÇ║ Authenticated user can navigate all portal sections without redirect (3.7s)
[WebServer] [API] [2026-02-04T22:44:26.122Z] GET /api/notifications {
[WebServer] [API]   correlationId: 'c63882c5-c752-4a8c-a572-178875d7583c',
[WebServer] [API]   hasBody: true,
[WebServer] [API]   bodyKeys: [],
[WebServer] [API]   hasAuth: true,
[WebServer] [API]   authHeaderPrefix: 'Bearer mock-test-token...',
[WebServer] [API]   contentType: undefined
[WebServer] [API] }
[WebServer] [API] [2026-02-04T22:44:26.124Z] GET /api/conversations/unread-count {
[WebServer] [API]   correlationId: 'a4a537d3-bd02-413f-a771-a48645e95766',
[WebServer] [API]   hasBody: true,
[WebServer] [API]   bodyKeys: [],
[WebServer] [API]   hasAuth: true,
[WebServer] [API]   authHeaderPrefix: 'Bearer mock-test-token...',
[WebServer] [API]   contentType: undefined
[WebServer] [API] }
[WebServer] [API] [AUTH DEBUG] authenticateUser GET path=/api/conversations/unread-count hasAuth=true
[WebServer] [API] [AUTH] authenticateUser called for GET /api/conversations/unread-count { hasAuthHeader: true, authHeaderPrefix: 'Bearer mock-test-tok' }
[WebServer] [API] [2026-02-04T22:44:26.130Z] GET /api/integrations/xero/status {
[WebServer] [API]   correlationId: 'bcfb7ca0-be88-47d3-920d-cc342ed47695',
[WebServer] [API]   hasBody: true,
[WebServer] [API]   bodyKeys: [],
[WebServer] [API]   hasAuth: true,
[WebServer] [API]   authHeaderPrefix: 'Bearer mock-test-token...',
[WebServer] [API]   contentType: undefined
[WebServer] [API] }
[WebServer] [API] [2026-02-04T22:44:26.135Z] GET /api/integrations/xero/sync-history {
[WebServer] [API]   correlationId: 'ee1befe1-639c-4cb6-a52a-3bfa0215c5ba',
[WebServer] [API]   hasBody: true,
[WebServer] [API]   bodyKeys: [],
[WebServer] [API]   hasAuth: true,
[WebServer] [API]   authHeaderPrefix: 'Bearer mock-test-token...',
[WebServer] [API]   contentType: undefined
[WebServer] [API] }
[WebServer] [API] [2026-02-04T22:44:26.142Z] GET /api/venues/me {
[WebServer] [API]   correlationId: '3c2fb162-03f8-4778-b426-484726e3937f',
[WebServer] [API]   hasBody: true,
[WebServer] [API]   bodyKeys: [],
[WebServer] [API]   hasAuth: true,
[WebServer] [API]   authHeaderPrefix: 'Bearer mock-test-token...',
[WebServer] [API]   contentType: undefined
[WebServer] [API] }
[WebServer] [API] [2026-02-04T22:44:26.145Z] GET /api/stripe-connect/account/status {
[WebServer] [API]   correlationId: 'd4f1f25d-b368-47a0-b6b2-ef5ba7c25fbd',
[WebServer] [API]   hasBody: true,
[WebServer] [API]   bodyKeys: [],
[WebServer] [API]   hasAuth: true,
[WebServer] [API]   authHeaderPrefix: 'Bearer mock-test-token...',
[WebServer] [API]   contentType: undefined
[WebServer] [API] }
[WebServer] [API] [2026-02-04T22:44:26.150Z] GET /api/shifts/shop/8eaee523-79a2-4077-8f5b-4b7fd4058ede {
[WebServer] [API]   correlationId: '5febc93c-c7ab-4d70-bb25-4707a906b061',
[WebServer] [API]   hasBody: true,
[WebServer] [API]   bodyKeys: [],
[WebServer] [API]   hasAuth: true,
[WebServer] [API]   authHeaderPrefix: 'Bearer mock-test-token...',
[WebServer] [API]   contentType: undefined
[WebServer] [API] }
[WebServer] [API] [2026-02-04T22:44:26.155Z] GET /api/analytics/dashboard {
[WebServer] [API]   correlationId: 'fbeafae1-f0af-4890-9fb8-5c269ddde901',
[WebServer] [API]   hasBody: true,
[WebServer] [API]   bodyKeys: [],
[WebServer] [API]   hasAuth: true,
[WebServer] [API]   authHeaderPrefix: 'Bearer mock-test-token...',
[WebServer] [API]   contentType: undefined
[WebServer] [API] }
[WebServer] [API] [GET /shop/:userId] Batch fetched application counts for 0 shifts and 0 jobs {
[WebServer] [API]   correlationId: '5febc93c-c7ab-4d70-bb25-4707a906b061',
[WebServer] [API]   userId: '8eaee523-79a2-4077-8f5b-4b7fd4058ede',
[WebServer] [API]   totalCounts: 0
[WebServer] [API] }
[WebServer] [API] [2026-02-04T22:44:26.240Z] GET /api/subscriptions/current {
[WebServer] [API]   correlationId: '5925e3ae-9c29-4688-8ba1-9b8285fef9bc',
[WebServer] [API]   hasBody: true,
[WebServer] [API]   bodyKeys: [],
[WebServer] [API]   hasAuth: true,
[WebServer] [API]   authHeaderPrefix: 'Bearer mock-test-token...',
[WebServer] [API]   contentType: undefined
[WebServer] [API] }
[WebServer] [API] [AUTH DEBUG] authenticateUser GET path=/api/subscriptions/current hasAuth=true
[WebServer] [API] [AUTH] authenticateUser called for GET /api/subscriptions/current { hasAuthHeader: true, authHeaderPrefix: 'Bearer mock-test-tok' }
[WebServer] [API] [2026-02-04T22:44:26.242Z] GET /api/shifts/messages/unread-count {
[WebServer] [API]   correlationId: 'c8a5b398-6091-4fb4-a0d2-ec6950a3e640',
[WebServer] [API]   hasBody: true,
[WebServer] [API]   bodyKeys: [],
[WebServer] [API]   hasAuth: true,
[WebServer] [API]   authHeaderPrefix: 'Bearer mock-test-token...',
[WebServer] [API]   contentType: undefined
[WebServer] [API] }
  ok 478 [business-e2e] ΓÇ║ tests\e2e\investor-portal.spec.ts:493:5 ΓÇ║ Investor Portal E2E Tests ΓÇ║ Authenticated Persistence (Neutral Zone) ΓÇ║ Direct navigation from dashboard to investor portal works (5.2s)

  237 skipped
  241 passed (7.8m)
