
> snipshift-api@1.0.0 test
> vitest run


[1m[46m RUN [49m[22m [36mv4.0.13 [39m[90mC:/Users/USER/Snipshift/api[39m

≡ƒƒí [GLOBAL SETUP] Starting Test Database migration...
No config path provided, using default 'drizzle.config.ts'
Reading config file 'C:\Users\USER\Snipshift\api\drizzle.config.ts'
≡ƒôï Using DATABASE_URL: postgres://test:test@localhost...
Using 'pg' driver for database querying
[Γú╖] Pulling schema from database...
[2K[1G[Γú»] Pulling schema from database...
[2K[1G[Γúƒ] Pulling schema from database...
[2K[1G[Γ£ô] Pulling schema from database...
[?25l
Is data column in notifications table created or renamed from another column?
Γ¥» + data        create column
  ~ link ΓÇ║ data rename column[2K[1G
[?25h+ data column will be created
--- all columns conflicts in notifications table resolved ---

node.exe : error: column "is_read" cannot be cast 
automatically to type boolean
At line:1 char:1
+ & "C:\Program Files\nodejs/node.exe" 
"C:\Users\RescueAdmin\AppData\Ro ...
+ ~~~~~~~~~~~~~~~~~~~~~~~~~~~~~~~~~~~~~~~~~~~~~~~~~~~
~~~~~~~~~~~~~~~~~~
    + CategoryInfo          : NotSpecified: (error:  
   column "...to type boolean:String) [], RemoteExc  
  eption
    + FullyQualifiedErrorId : NativeCommandError
 
    at C:\Users\USER\Snipshift\api\node_modules\pg-po
ol\index.js:45:11
    at process.processTicksAndRejections 
(node:internal/process/task_queues:105:5)
    at async Object.query (C:\Users\USER\Snipshift\ap
i\node_modules\drizzle-kit\bin.cjs:80622:26)
    at async pgPush (C:\Users\USER\Snipshift\api\node
_modules\drizzle-kit\bin.cjs:84432:13)
    at async Object.handler (C:\Users\USER\Snipshift\
api\node_modules\drizzle-kit\bin.cjs:93871:9)
    at async run (C:\Users\USER\Snipshift\api\node_mo
dules\drizzle-kit\bin.cjs:93117:7) {
  length: 185,
  severity: 'ERROR',
  code: '42804',
  detail: undefined,
  hint: 'You might need to specify "USING 
is_read::boolean".',
  position: undefined,
  internalPosition: undefined,
  internalQuery: undefined,
  where: undefined,
  schema: undefined,
  table: undefined,
  column: undefined,
  dataType: undefined,
  constraint: undefined,
  file: 'tablecmds.c',
  line: '12535',
  routine: 'ATPrepAlterColumnType'
}
Γ£à [GLOBAL SETUP] Test Database Schema Synced
[90mstdout[2m | _src/tests/webhooks.test.ts[2m > [22m[2mWebhooks API[2m > [22m[2mPOST /api/webhooks/stripe[2m > [22m[2mshould return 400 if signature verification fails
[22m[39m[STARTUP] Validating environment...
[STARTUP] DATABASE_URL: Γ£ô configured
[STARTUP] FIREBASE: Γ£ù missing
[STARTUP] NODE_ENV: test
[STARTUP] VERCEL: not set
[STARTUP] Environment validation complete

[90mstderr[2m | _src/tests/webhooks.test.ts[2m > 
[22m[2mWebhooks API[2m > [22m[2mPOST 
/api/webhooks/stripe[2m > [22m[2mshould return 
400 if signature verification fails
[22m[39mΓÜá∩╕Å  RESEND_API_KEY not found. Email 
functionality will be disabled.
   Set RESEND_API_KEY in your environment variables 
to enable emails.

[90mstderr[2m | _src/tests/webhooks.test.ts[2m > 
[22m[2mWebhooks API[2m > [22m[2mPOST 
/api/webhooks/stripe[2m > [22m[2mshould return 
400 if signature verification fails
[22m[39mWebhook signature verification failed: 
Unable to extract timestamp and signatures from 
header

[90mstdout[2m | _src/tests/webhooks.test.ts[2m > [22m[2mWebhooks API[2m > [22m[2mPOST /api/webhooks/stripe[2m > [22m[2mshould return 400 if missing signature
[22m[39m[STARTUP] Validating environment...
[STARTUP] DATABASE_URL: Γ£ô configured
[STARTUP] FIREBASE: Γ£ù missing
[STARTUP] NODE_ENV: test
[STARTUP] VERCEL: not set
[STARTUP] Environment validation complete

[90mstderr[2m | _src/tests/webhooks.test.ts[2m > 
[22m[2mWebhooks API[2m > [22m[2mPOST 
/api/webhooks/stripe[2m > [22m[2mshould return 
400 if missing signature
[22m[39mMissing Stripe signature or webhook secret

[90mstdout[2m | _src/tests/webhooks.test.ts[2m > [22m[2mWebhooks API[2m > [22m[2mPOST /api/webhooks/stripe[2m > [22m[2mshould handle checkout.session.completed successfully
[22m[39m[STARTUP] Validating environment...
[STARTUP] DATABASE_URL: Γ£ô configured
[STARTUP] FIREBASE: Γ£ù missing
[STARTUP] NODE_ENV: test
[STARTUP] VERCEL: not set
[STARTUP] Environment validation complete

[90mstderr[2m | _src/tests/webhooks.test.ts[2m > 
[22m[2mWebhooks API[2m > [22m[2mPOST 
/api/webhooks/stripe[2m > [22m[2mshould handle 
checkout.session.completed successfully
[22m[39mWebhook signature verification failed: 
Unable to extract timestamp and signatures from 
header

[90mstdout[2m | _src/tests/webhooks.test.ts[2m > [22m[2mWebhooks API[2m > [22m[2mPOST /api/webhooks/stripe[2m > [22m[2mshould acknowledge unhandled event types
[22m[39m[STARTUP] Validating environment...
[STARTUP] DATABASE_URL: Γ£ô configured
[STARTUP] FIREBASE: Γ£ù missing
[STARTUP] NODE_ENV: test
[STARTUP] VERCEL: not set
[STARTUP] Environment validation complete

[90mstderr[2m | _src/tests/webhooks.test.ts[2m > 
[22m[2mWebhooks API[2m > [22m[2mPOST 
/api/webhooks/stripe[2m > [22m[2mshould 
acknowledge unhandled event types
[22m[39mWebhook signature verification failed: 
Unable to extract timestamp and signatures from 
header

 [31mΓ¥»[39m _src/tests/webhooks.test.ts [2m([22m[2m4 tests[22m[2m | [22m[31m3 failed[39m[2m)[22m[33m 1050[2mms[22m[39m
[31m       [31m├ù[31m should return 400 if signature verification fails[39m[33m 1027[2mms[22m[39m
       [32mΓ£ô[39m should return 400 if missing signature[32m 6[2mms[22m[39m
[31m       [31m├ù[31m should handle checkout.session.completed successfully[39m[32m 10[2mms[22m[39m
[31m       [31m├ù[31m should acknowledge unhandled event types[39m[32m 6[2mms[22m[39m
[90mstdout[2m | _src/tests/auth-flow.test.ts
[22m[39m[STARTUP] Validating environment...
[STARTUP] DATABASE_URL: Γ£ô configured
[STARTUP] FIREBASE: Γ£ù missing
[STARTUP] NODE_ENV: test
[STARTUP] VERCEL: not set
[STARTUP] Environment validation complete

[90mstderr[2m | _src/tests/auth-flow.test.ts
[22m[39mΓÜá∩╕Å  RESEND_API_KEY not found. Email 
functionality will be disabled.
   Set RESEND_API_KEY in your environment variables 
to enable emails.
ΓÜá∩╕Å  STRIPE_SECRET_KEY is not set. Stripe 
functionality will be disabled.

